 damned

 Timestamp is 51766047 (Tue Apr 23 12:19:51 2013)

 Preferred load address is 10000000

 Start         Length     Name                   Class
 0001:00000000 00017a20H .text                   CODE
 0001:00017a20 000000a0H .text$x                 CODE
 0002:00000000 00000144H .idata$5                DATA
 0002:00000144 00000004H .CRT$XCA                DATA
 0002:00000148 00000004H .CRT$XCZ                DATA
 0002:0000014c 00000004H .CRT$XIA                DATA
 0002:00000150 00000014H .CRT$XIC                DATA
 0002:00000164 00000004H .CRT$XIZ                DATA
 0002:00000168 00000004H .CRT$XPA                DATA
 0002:0000016c 00000008H .CRT$XPX                DATA
 0002:00000174 00000004H .CRT$XPXA               DATA
 0002:00000178 00000004H .CRT$XPZ                DATA
 0002:0000017c 00000004H .CRT$XTA                DATA
 0002:00000180 00000004H .CRT$XTZ                DATA
 0002:00000190 0000d1a8H .rdata                  DATA
 0002:0000d338 0000020cH .rdata$r                DATA
 0002:0000d550 00000028H .rdata$sxdata           DATA
 0002:0000d578 00000004H .rtc$IAA                DATA
 0002:0000d57c 00000004H .rtc$IZZ                DATA
 0002:0000d580 00000004H .rtc$TAA                DATA
 0002:0000d584 00000004H .rtc$TZZ                DATA
 0002:0000d588 0000069cH .xdata$x                DATA
 0002:0000dc24 0000003cH .idata$2                DATA
 0002:0000dc60 00000014H .idata$3                DATA
 0002:0000dc74 00000144H .idata$4                DATA
 0002:0000ddb8 000005acH .idata$6                DATA
 0002:0000e370 00000044H .edata                  DATA
 0003:00000000 00001490H .data                   DATA
 0003:000014a0 000022f8H .bss                    DATA

  Address         Publics by Value              Rva+Base       Lib:Object

 0000:00000000       __except_list              00000000     <absolute>
 0000:0000000a       ___safe_se_handler_count   0000000a     <absolute>
 0000:00000000       ___ImageBase               10000000     <linker-defined>
 0001:00000000       ?update@SingleCardata@@QAEXXZ 10001000 f   cardata.obj
 0001:00000110       ?getSpeed@SingleCardata@@KAMPAUCarElt@@M@Z 10001110 f   cardata.obj
 0001:00000170       ??0Cardata@@QAE@PAUSituation@@@Z 10001170 f   cardata.obj
 0001:000001d0       ??1Cardata@@QAE@XZ         100011d0 f   cardata.obj
 0001:000001e0       ?update@Cardata@@QAEXXZ    100011e0 f   cardata.obj
 0001:00000210       ?findCar@Cardata@@QAEPAVSingleCardata@@PAUCarElt@@@Z 10001210 f   cardata.obj
 0001:000003b0       _damned                    100013b0 f   damned.obj
 0001:00000410       ??0Driver@@QAE@H@Z         10001410 f   driver.obj
 0001:00000420       ??1Driver@@QAE@XZ          10001420 f   driver.obj
 0001:000004b0       ?initTrack@Driver@@QAEXPAUtTrack@@PAXPAPAXPAUSituation@@@Z 100014b0 f   driver.obj
 0001:000005f0       ?newRace@Driver@@QAEXPAUCarElt@@PAUSituation@@@Z 100015f0 f   driver.obj
 0001:000007f0       ?drive@Driver@@QAEXPAUSituation@@@Z 100017f0 f   driver.obj
 0001:00000950       ?pitCommand@Driver@@QAEHPAUSituation@@@Z 10001950 f   driver.obj
 0001:000009a0       ?endRace@Driver@@QAEXPAUSituation@@@Z 100019a0 f   driver.obj
 0001:000009b0       ?isStuck@Driver@@AAE_NXZ   100019b0 f   driver.obj
 0001:00000a30       ?update@Driver@@AAEXPAUSituation@@@Z 10001a30 f   driver.obj
 0001:00000be0       ?getAllowedSpeed@Driver@@AAEMPAUtrackSeg@@@Z 10001be0 f   driver.obj
 0001:00000cc0       ?getAccel@Driver@@AAEMXZ   10001cc0 f   driver.obj
 0001:00000d40       ?getDistToSegEnd@Driver@@AAEMXZ 10001d40 f   driver.obj
 0001:00000d90       ?getBrake@Driver@@AAEMXZ   10001d90 f   driver.obj
 0001:00000ef0       ?getGear@Driver@@AAEHXZ    10001ef0 f   driver.obj
 0001:00000f80       ?getSteer@Driver@@AAEMXZ   10001f80 f   driver.obj
 0001:00001050       ?getClutch@Driver@@AAEMXZ  10002050 f   driver.obj
 0001:00001190       ?getTargetPoint@Driver@@AAE?AV?$v2t@M@@XZ 10002190 f   driver.obj
 0001:000014f0       ?getOffset@Driver@@AAEMXZ  100024f0 f   driver.obj
 0001:00001900       ?brakedist@Driver@@AAEMMM@Z 10002900 f   driver.obj
 0001:00001980       ?filterOverlap@Driver@@AAEMM@Z 10002980 f   driver.obj
 0001:000019e0       ?filterBColl@Driver@@AAEMM@Z 100029e0 f   driver.obj
 0001:00001a70       ?filterABS@Driver@@AAEMM@Z 10002a70 f   driver.obj
 0001:00001b30       ?filterBPit@Driver@@AAEMM@Z 10002b30 f   driver.obj
 0001:00001d20       ?filterBrakeSpeed@Driver@@AAEMM@Z 10002d20 f   driver.obj
 0001:00001d80       ?filterTCL@Driver@@AAEMM@Z 10002d80 f   driver.obj
 0001:00001de0       ?filterTrk@Driver@@AAEMM@Z 10002de0 f   driver.obj
 0001:00001ec0       ?filterSColl@Driver@@AAEMM@Z 10002ec0 f   driver.obj
 0001:00002110       ?filterTCL_RWD@Driver@@AAEMXZ 10003110 f   driver.obj
 0001:00002150       ?filterTCL_FWD@Driver@@AAEMXZ 10003150 f   driver.obj
 0001:00002190       ?filterTCL_4WD@Driver@@AAEMXZ 10003190 f   driver.obj
 0001:000021e0       ?initTCLfilter@Driver@@AAEXXZ 100031e0 f   driver.obj
 0001:000022c0       ?initCa@Driver@@AAEXXZ     100032c0 f   driver.obj
 0001:00002460       ?initCw@Driver@@AAEXXZ     10003460 f   driver.obj
 0001:000024e0       ?initTireMu@Driver@@AAEXXZ 100034e0 f   driver.obj
 0001:00002590       ?computeRadius@Driver@@AAEXPAM@Z 10003590 f   driver.obj
 0001:00002660       ?isAlone@Driver@@AAEHXZ    10003660 f   driver.obj
 0001:00002690       ??_GSimpleStrategy2@@UAEPAXI@Z 10003690 f i driver.obj
 0001:00002690       ??_ESimpleStrategy2@@UAEPAXI@Z 10003690 f i driver.obj
 0001:000026c0       ??0SegLearn@@QAE@PAUtTrack@@PAUSituation@@H@Z 100036c0 f   learn.obj
 0001:000027c0       ??1SegLearn@@QAE@XZ        100037c0 f   learn.obj
 0001:000027e0       ?update@SegLearn@@QAEXPAUSituation@@PAUtTrack@@PAUCarElt@@HMMPAM@Z 100037e0 f   learn.obj
 0001:00002980       ?writeKarma@SegLearn@@AAEXXZ 10003980 f   learn.obj
 0001:00002aa0       ?getKarmaFilename@SegLearn@@AAEPAU_iobuf@@PAUtTrack@@PAUSituation@@H@Z 10003aa0 f   learn.obj
 0001:00002b90       ?tryKarmaFilename@SegLearn@@AAEPAU_iobuf@@PADHPBDH1_N@Z 10003b90 f   learn.obj
 0001:00002c10       ?readKarma@SegLearn@@AAE_NPAUtTrack@@PAUSituation@@PAMPAHH@Z 10003c10 f   learn.obj
 0001:00002d30       ??0Opponent@@QAE@XZ        10003d30 f   opponent.obj
 0001:00002d40       ?update@Opponent@@QAEXPAUSituation@@PAVDriver@@@Z 10003d40 f   opponent.obj
 0001:00003130       ?getDistToSegStart@Opponent@@AAEMXZ 10004130 f   opponent.obj
 0001:00003170       ?updateOverlapTimer@Opponent@@AAEXPAUSituation@@PAUCarElt@@@Z 10004170 f   opponent.obj
 0001:00003210       ??0Opponents@@QAE@PAUSituation@@PAVDriver@@PAVCardata@@@Z 10004210 f   opponent.obj
 0001:000032d0       ??1Opponents@@QAE@XZ       100042d0 f   opponent.obj
 0001:000032e0       ?update@Opponents@@QAEXPAUSituation@@PAVDriver@@@Z 100042e0 f   opponent.obj
 0001:00003320       ?setTeamMate@Opponents@@QAEXPBD@Z 10004320 f   opponent.obj
 0001:00003390       ??0Pit@@QAE@PAUSituation@@PAVDriver@@@Z 10004390 f   pit.obj
 0001:00003650       ??1Pit@@QAE@XZ             10004650 f   pit.obj
 0001:00003660       ?setPitstop@Pit@@QAEX_N@Z  10004660 f   pit.obj
 0001:000036b0       ?getPitOffset@Pit@@QAEMMM@Z 100046b0 f   pit.obj
 0001:00003720       ?isBetween@Pit@@QAE_NM@Z   10004720 f   pit.obj
 0001:00003760       ?isTimeout@Pit@@QAE_NM@Z   10004760 f   pit.obj
 0001:000037e0       ?toSplineCoord@Pit@@QAEMM@Z 100047e0 f   pit.obj
 0001:00003820       ?getSpeedLimitBrake@Pit@@QAEMM@Z 10004820 f   pit.obj
 0001:00003850       ?update@Pit@@QAEXXZ        10004850 f   pit.obj
 0001:000038a0       ??0Spline@@QAE@HPAVSplinePoint@@@Z 100048a0 f   spline.obj
 0001:000038c0       ?evaluate@Spline@@QAEMM@Z  100048c0 f   spline.obj
 0001:00003970       ??0SimpleStrategy@@QAE@XZ  10004970 f   strategy.obj
 0001:000039a0       ??1SimpleStrategy@@UAE@XZ  100049a0 f   strategy.obj
 0001:000039b0       ?setFuelAtRaceStart@SimpleStrategy@@UAEXPAUtTrack@@PAPAXPAUSituation@@H@Z 100049b0 f   strategy.obj
 0001:00003a60       ?update@SimpleStrategy@@UAEXPAUCarElt@@PAUSituation@@@Z 10004a60 f   strategy.obj
 0001:00003af0       ?needPitstop@SimpleStrategy@@UAE_NPAUCarElt@@PAUSituation@@@Z 10004af0 f   strategy.obj
 0001:00003b80       ?pitRefuel@SimpleStrategy@@UAEMPAUCarElt@@PAUSituation@@@Z 10004b80 f   strategy.obj
 0001:00003c10       ?pitRepair@SimpleStrategy@@UAEHPAUCarElt@@PAUSituation@@@Z 10004c10 f   strategy.obj
 0001:00003c20       ?isPitFree@SimpleStrategy@@UAE_NPAUCarElt@@@Z 10004c20 f   strategy.obj
 0001:00003c50       ??1SimpleStrategy2@@UAE@XZ 10004c50 f   strategy.obj
 0001:00003c60       ?setFuelAtRaceStart@SimpleStrategy2@@UAEXPAUtTrack@@PAPAXPAUSituation@@H@Z 10004c60 f   strategy.obj
 0001:000041f0       ?pitRefuel@SimpleStrategy2@@UAEMPAUCarElt@@PAUSituation@@@Z 100051f0 f   strategy.obj
 0001:000042c0       ?update@SimpleStrategy2@@UAEXPAUCarElt@@PAUSituation@@@Z 100052c0 f   strategy.obj
 0001:00004350       ?updateFuelStrategy@SimpleStrategy2@@MAEXPAUCarElt@@PAUSituation@@@Z 10005350 f   strategy.obj
 0001:00004790       ??_EAbstractStrategy@@UAEPAXI@Z 10005790 f i strategy.obj
 0001:00004790       ??_GAbstractStrategy@@UAEPAXI@Z 10005790 f i strategy.obj
 0001:000047c0       ??_ESimpleStrategy@@UAEPAXI@Z 100057c0 f i strategy.obj
 0001:000047c0       ??_GSimpleStrategy@@UAEPAXI@Z 100057c0 f i strategy.obj
 0001:000047e2       ?_tgf_win_strdup@@YAPADPBD@Z 100057e2 f   tgf:tgf.dll
 0001:000047e8       ?GfParmReadFile@@YAPAXPBDH@Z 100057e8 f   tgf:tgf.dll
 0001:000047ee       ?GfParmGetStr@@YAPBDPAXPBD11@Z 100057ee f   tgf:tgf.dll
 0001:000047f4       ?GfParmGetNum@@YAMPAXPBD11M@Z 100057f4 f   tgf:tgf.dll
 0001:000047fa       ?GetLocalDir@@YAPADXZ      100057fa f   tgf:tgf.dll
 0001:00004800       ?GetDataDir@@YAPADXZ       10005800 f   tgf:tgf.dll
 0001:00004806       ?GfCreateDir@@YAHPAD@Z     10005806 f   tgf:tgf.dll
 0001:0000480c       ?GfParmSetNum@@YAHPAXPBD11M@Z 1000580c f   tgf:tgf.dll
 0001:00004812       ?RtTrackSideTgAngleL@@YAMPAUtTrkLocPos@@@Z 10005812 f   robottools:robottools.dll
 0001:00004818       ?RtDistToPit@@YAHPAUCarElt@@PAUtTrack@@PAM2@Z 10005818 f   robottools:robottools.dll
 0001:0000481e       ??0bad_alloc@std@@QAE@ABV01@@Z 1000581e f i LIBCMT:new.obj
 0001:00004839       ??1bad_alloc@std@@UAE@XZ   10005839 f i LIBCMT:new.obj
 0001:00004844       ??2@YAPAXI@Z               10005844 f   LIBCMT:new.obj
 0001:00004893       ??_Ebad_alloc@std@@UAEPAXI@Z 10005893 f i LIBCMT:new.obj
 0001:00004893       ??_Gbad_alloc@std@@UAEPAXI@Z 10005893 f i LIBCMT:new.obj
 0001:000048b8       ??3@YAXPAX@Z               100058b8 f   LIBCMT:delete.obj
 0001:000048c0       __libm_sse2_cos_precise    100058c0 f   LIBCMT:cos_sse2_precise.obj
 0001:00004a80       __libm_sse2_sin_precise    10005a80 f   LIBCMT:sin_sse2_precise.obj
 0001:00004c48       __fpmath                   10005c48 f   LIBCMT:fpinit.obj
 0001:00004c5f       __cfltcvt_init             10005c5f f   LIBCMT:fpinit.obj
 0001:00004d8d       ?_CallCatchBlock2@@YAPAXPAUEHRegistrationNode@@PBU_s_FuncInfo@@PAXHK@Z 10005d8d f   LIBCMT:_trnsctrl_.obj
 0001:00004deb       ?_CallMemberFunction1@@YGXPAX00@Z 10005deb f   LIBCMT:_trnsctrl_.obj
 0001:00004deb       ?_CallMemberFunction2@@YGXPAX00H@Z 10005deb f   LIBCMT:_trnsctrl_.obj
 0001:00004deb       ?_CallMemberFunction0@@YGXPAX0@Z 10005deb f   LIBCMT:_trnsctrl_.obj
 0001:00004df2       ?_CallSETranslator@@YAHPAUEHExceptionRecord@@PAUEHRegistrationNode@@PAX2PBU_s_FuncInfo@@H1@Z 10005df2 f   LIBCMT:_trnsctrl_.obj
 0001:00004ec7       ?_GetRangeOfTrysToCheck@@YAPBU_s_TryBlockMapEntry@@PBU_s_FuncInfo@@HHPAI1@Z 10005ec7 f   LIBCMT:_trnsctrl_.obj
 0001:00004f46       ?_JumpToContinuation@@YGXPAXPAUEHRegistrationNode@@@Z 10005f46 f   LIBCMT:_trnsctrl_.obj
 0001:00004f76       ?_UnwindNestedFrames@@YGXPAUEHRegistrationNode@@PAUEHExceptionRecord@@@Z 10005f76 f   LIBCMT:_trnsctrl_.obj
 0001:00004fc9       __CreateFrameInfo          10005fc9 f   LIBCMT:_trnsctrl_.obj
 0001:00004ff3       __FindAndUnlinkFrame       10005ff3 f   LIBCMT:_trnsctrl_.obj
 0001:00005043       __IsExceptionObjectToBeDestroyed 10006043 f   LIBCMT:_trnsctrl_.obj
 0001:0000506c       ___CxxFrameHandler3        1000606c f   LIBCMT:_trnsctrl_.obj
 0001:000050b0       _memset                    100060b0 f   LIBCMT:memset.obj
 0001:00005140       __snprintf                 10006140 f   LIBCMT:snprintf.obj
 0001:000051f0       _strrchr                   100061f0 f   LIBCMT:strrchr.obj
 0001:00005330       _atan2                     10006330 f   LIBCMT:87ctriga.obj
 0001:0000533a       __CIatan2                  1000633a f   LIBCMT:87ctriga.obj
 0001:00005350       __libm_sse2_exp_precise    10006350 f   LIBCMT:exp_sse2_precise.obj
 0001:00005620       __libm_sse2_log_precise    10006620 f   LIBCMT:log_sse2_precise.obj
 0001:000058b0       __libm_sse2_sqrt_precise   100068b0 f   LIBCMT:sqrt_sse2_precise.obj
 0001:000059b0       ??1type_info@@UAE@XZ       100069b0 f   LIBCMT:typinfo.obj
 0001:000059be       ??8type_info@@QBE_NABV0@@Z 100069be f   LIBCMT:typinfo.obj
 0001:000059dc       ??_Gtype_info@@UAEPAXI@Z   100069dc f i LIBCMT:typinfo.obj
 0001:000059dc       ??_Etype_info@@UAEPAXI@Z   100069dc f i LIBCMT:typinfo.obj
 0001:000059fb       __fclose_nolock            100069fb f   LIBCMT:fclose.obj
 0001:00005a67       _fclose                    10006a67 f   LIBCMT:fclose.obj
 0001:00005ade       __fsopen                   10006ade f   LIBCMT:fopen.obj
 0001:00005ba2       _fopen                     10006ba2 f   LIBCMT:fopen.obj
 0001:00005bb7       __fread_nolock_s           10006bb7 f   LIBCMT:fread.obj
 0001:00005d7a       _fread                     10006d7a f   LIBCMT:fread.obj
 0001:00005d95       _fread_s                   10006d95 f   LIBCMT:fread.obj
 0001:00005e26       __fwrite_nolock            10006e26 f   LIBCMT:fwrite.obj
 0001:00005f7d       _fwrite                    10006f7d f   LIBCMT:fwrite.obj
 0001:00006000       _strchr                    10007000 f   LIBCMT:strchr.obj
 0001:0000606e       ___from_strstr_to_strchr   1000706e     LIBCMT:strchr.obj
 0001:00006130       _strncmp                   10007130 f   LIBCMT:strncmp.obj
 0001:000061b0       _strncpy                   100071b0 f   LIBCMT:strncpy.obj
 0001:000062d4       __purecall                 100072d4 f   LIBCMT:purevirt.obj
 0001:00006300       _ceil                      10007300 f   LIBCMT:ceil_pentium4.obj
 0001:00006340       __ceil_pentium4            10007340 f   LIBCMT:ceil_pentium4.obj
 0001:0000641d       __CRT_INIT@12              1000741d f   LIBCMT:dllcrt0.obj
 0001:0000658f       __DllMainCRTStartup@12     1000758f f   LIBCMT:dllcrt0.obj
 0001:000066c0       ___DllXcptFilter           100076c0 f   LIBCMT:dllcrt0.obj
 0001:000066f0       __CIsqrt                   100076f0 f   LIBCMT:sqrt.obj
 0001:00006704       _sqrt                      10007704     LIBCMT:sqrt.obj
 0001:000067b0       _asin                      100077b0 f   LIBCMT:asin.obj
 0001:000067f0       __CIasin                   100077f0 f   LIBCMT:asin.obj
 0001:0000682b       __CIasin_default           1000782b f   LIBCMT:asin.obj
 0001:0000683f       __asin_default             1000783f     LIBCMT:asin.obj
 0001:00006900       _acos                      10007900 f   LIBCMT:acos.obj
 0001:00006940       __CIacos                   10007940 f   LIBCMT:acos.obj
 0001:0000697b       __CIacos_default           1000797b f   LIBCMT:acos.obj
 0001:0000698f       __acos_default             1000798f     LIBCMT:acos.obj
 0001:00006a50       _sin                       10007a50 f   LIBCMT:sin.obj
 0001:00006a90       __CIsin                    10007a90 f   LIBCMT:sin.obj
 0001:00006acb       __CIsin_default            10007acb f   LIBCMT:sin.obj
 0001:00006adf       __sin_default              10007adf     LIBCMT:sin.obj
 0001:00006b80       _cos                       10007b80 f   LIBCMT:cos.obj
 0001:00006bc0       __CIcos                    10007bc0 f   LIBCMT:cos.obj
 0001:00006bfb       __CIcos_default            10007bfb f   LIBCMT:cos.obj
 0001:00006c0f       __cos_default              10007c0f     LIBCMT:cos.obj
 0001:00006cb0       _tan                       10007cb0 f   LIBCMT:tan.obj
 0001:00006cf0       __CItan                    10007cf0 f   LIBCMT:tan.obj
 0001:00006d2b       __CItan_default            10007d2b f   LIBCMT:tan.obj
 0001:00006d3f       __tan_default              10007d3f     LIBCMT:tan.obj
 0001:00006ddd       ___copy_path_to_wide_string 10007ddd f   LIBCMT:crt0dat.obj
 0001:00006e8d       ___crtCorExitProcess       10007e8d f   LIBCMT:crt0dat.obj
 0001:00006ebf       ___crtExitProcess          10007ebf f   LIBCMT:crt0dat.obj
 0001:00006ed5       ___freeCrtMemory           10007ed5 f   LIBCMT:crt0dat.obj
 0001:00006fe5       __amsg_exit                10007fe5 f   LIBCMT:crt0dat.obj
 0001:00007001       __cexit                    10008001 f   LIBCMT:crt0dat.obj
 0001:00007010       __cinit                    10008010 f   LIBCMT:crt0dat.obj
 0001:000070a1       __exit                     100080a1 f   LIBCMT:crt0dat.obj
 0001:000070b5       __init_pointers            100080b5 f   LIBCMT:crt0dat.obj
 0001:00007109       __initterm_e               10008109 f   LIBCMT:crt0dat.obj
 0001:0000712b       __lockexit                 1000812b f   LIBCMT:crt0dat.obj
 0001:00007134       __unlockexit               10008134 f   LIBCMT:crt0dat.obj
 0001:0000726c       ___initstdio               1000826c f   LIBCMT:_file.obj
 0001:000072df       ___endstdio                100082df f   LIBCMT:_file.obj
 0001:00007306       ___iob_func                10008306 f   LIBCMT:_file.obj
 0001:0000730c       __lock_file                1000830c f   LIBCMT:_file.obj
 0001:0000734b       __lock_file2               1000834b f   LIBCMT:_file.obj
 0001:0000737b       __unlock_file              1000837b f   LIBCMT:_file.obj
 0001:000073b5       __unlock_file2             100083b5 f   LIBCMT:_file.obj
 0001:000073e2       _malloc                    100083e2 f   LIBCMT:malloc.obj
 0001:00007474       ??0exception@std@@QAE@ABQBD@Z 10008474 f   LIBCMT:stdexcpt.obj
 0001:00007499       ??0exception@std@@QAE@ABQBDH@Z 10008499 f   LIBCMT:stdexcpt.obj
 0001:000074b4       ??0exception@std@@QAE@ABV01@@Z 100084b4 f   LIBCMT:stdexcpt.obj
 0001:000074d7       ??1exception@std@@UAE@XZ   100084d7 f   LIBCMT:stdexcpt.obj
 0001:000074e2       ??4exception@std@@QAEAAV01@ABV01@@Z 100084e2 f   LIBCMT:stdexcpt.obj
 0001:00007515       ??_Gexception@std@@UAEPAXI@Z 10008515 f i LIBCMT:stdexcpt.obj
 0001:00007515       ??_Eexception@std@@UAEPAXI@Z 10008515 f i LIBCMT:stdexcpt.obj
 0001:0000753a       ?_Copy_str@exception@std@@AAEXPBD@Z 1000853a f   LIBCMT:stdexcpt.obj
 0001:00007578       ?_Tidy@exception@std@@AAEXXZ 10008578 f   LIBCMT:stdexcpt.obj
 0001:00007594       ?what@exception@std@@UBEPBDXZ 10008594 f   LIBCMT:stdexcpt.obj
 0001:000075a1       __callnewh                 100085a1 f   LIBCMT:handler.obj
 0001:000075c7       __initp_heap_handler       100085c7 f   LIBCMT:handler.obj
 0001:000075d4       __CxxThrowException@8      100085d4 f   LIBCMT:throw.obj
 0001:0000762f       _free                      1000862f f   LIBCMT:free.obj
 0001:00007667       ??0_LocaleUpdate@@QAE@PAUlocaleinfo_struct@@@Z 10008667 f i LIBCMT:cvt.obj
 0001:000076ef       __cfltcvt                  100086ef f   LIBCMT:cvt.obj
 0001:00007710       __cfltcvt_l                10008710 f   LIBCMT:cvt.obj
 0001:00007796       __cftoa_l                  10008796 f   LIBCMT:cvt.obj
 0001:00007af0       __cftoe                    10008af0 f   LIBCMT:cvt.obj
 0001:00007c5d       __cftoe_l                  10008c5d f   LIBCMT:cvt.obj
 0001:00007e13       __cftof_l                  10008e13 f   LIBCMT:cvt.obj
 0001:00007ed2       __cftog_l                  10008ed2 f   LIBCMT:cvt.obj
 0001:00007fcf       __cropzeros                10008fcf f   LIBCMT:cvt.obj
 0001:00007fe0       __cropzeros_l              10008fe0 f   LIBCMT:cvt.obj
 0001:0000805e       __fassign                  1000905e f   LIBCMT:cvt.obj
 0001:00008076       __fassign_l                10009076 f   LIBCMT:cvt.obj
 0001:000080b6       __forcdecpt                100090b6 f   LIBCMT:cvt.obj
 0001:000080c7       __forcdecpt_l              100090c7 f   LIBCMT:cvt.obj
 0001:00008139       __positive                 10009139 f   LIBCMT:cvt.obj
 0001:0000817b       __setdefaultprecision      1000917b f   LIBCMT:fp8.obj
 0001:000081a2       __initp_misc_cfltcvt_tab   100091a2 f   LIBCMT:cmiscdat.obj
 0001:000081c1       __freefls@4                100091c1 f   LIBCMT:tidtable.obj
 0001:000082f8       __freeptd                  100092f8 f   LIBCMT:tidtable.obj
 0001:0000832e       __getptd                   1000932e f   LIBCMT:tidtable.obj
 0001:00008346       __getptd_noexit            10009346 f   LIBCMT:tidtable.obj
 0001:000083b5       __initptd                  100093b5 f   LIBCMT:tidtable.obj
 0001:00008468       __mtinit                   10009468 f   LIBCMT:tidtable.obj
 0001:000084de       __mtterm                   100094de f   LIBCMT:tidtable.obj
 0001:00008500       __CallSettingFrame@12      10009500 f   LIBCMT:lowhelpr.obj
 0001:00008527       __NLG_Return               10009527     LIBCMT:lowhelpr.obj
 0001:0000854c       ?_inconsistency@@YAXXZ     1000954c f   LIBCMT:hooks.obj
 0001:00008584       ?terminate@@YAXXZ          10009584 f   LIBCMT:hooks.obj
 0001:000085b8       ?unexpected@@YAXXZ         100095b8 f   LIBCMT:hooks.obj
 0001:000085cb       __initp_eh_hooks           100095cb f   LIBCMT:hooks.obj
 0001:000085dc       @__security_check_cookie@4 100095dc f   LIBCMT:secchk.obj
 0001:000085eb       ___DestructExceptionObject 100095eb f   LIBCMT:frame.obj
 0001:00008676       ??0bad_exception@std@@QAE@ABV01@@Z 10009676 f i LIBCMT:frame.obj
 0001:00008691       ??1bad_exception@std@@UAE@XZ 10009691 f i LIBCMT:frame.obj
 0001:0000869c       ??_Ebad_exception@std@@UAEPAXI@Z 1000969c f i LIBCMT:frame.obj
 0001:0000869c       ??_Gbad_exception@std@@UAEPAXI@Z 1000969c f i LIBCMT:frame.obj
 0001:00008ed2       ___AdjustPointer           10009ed2 f   LIBCMT:frame.obj
 0001:00008ef7       ___BuildCatchObject        10009ef7 f   LIBCMT:frame.obj
 0001:00008f85       ___BuildCatchObjectHelper  10009f85 f   LIBCMT:frame.obj
 0001:0000910a       ___FrameUnwindFilter       1000a10a f   LIBCMT:frame.obj
 0001:00009158       ___FrameUnwindToState      1000a158 f   LIBCMT:frame.obj
 0001:00009231       ___InternalCxxFrameHandler 1000a231 f   LIBCMT:frame.obj
 0001:00009310       ___TypeMatch               1000a310 f   LIBCMT:frame.obj
 0001:0000936d       __VEC_memset               1000a36d f   LIBCMT:p4_memset.obj
 0001:00009435       ___isa_available_init      1000a435 f   LIBCMT:cpu_disp.obj
 0001:0000956e       __call_reportfault         1000a56e f   LIBCMT:invarg.obj
 0001:00009691       __initp_misc_invarg        1000a691 f   LIBCMT:invarg.obj
 0001:0000969e       __invalid_parameter        1000a69e f   LIBCMT:invarg.obj
 0001:000096c9       __invalid_parameter_noinfo 1000a6c9 f   LIBCMT:invarg.obj
 0001:000096d9       __invoke_watson            1000a6d9 f   LIBCMT:invarg.obj
 0001:00009704       __flsbuf                   1000a704 f   LIBCMT:_flsbuf.obj
 0001:00009851       __output_l                 1000a851 f   LIBCMT:output.obj
 0001:0000a4c3       ___doserrno                1000b4c3 f   LIBCMT:dosmap.obj
 0001:0000a4d6       __dosmaperr                1000b4d6 f   LIBCMT:dosmap.obj
 0001:0000a4f7       __errno                    1000b4f7 f   LIBCMT:dosmap.obj
 0001:0000a50a       __get_errno_from_oserr     1000b50a f   LIBCMT:dosmap.obj
 0001:0000a56c       __fFATN2                   1000b56c     LIBCMT:87triga.obj
 0001:0000a5bc       __rtpiby2                  1000b5bc     LIBCMT:87triga.obj
 0001:0000a600       __cintrindisp2             1000b600 f   LIBCMT:87cdisp.obj
 0001:0000a63e       __cintrindisp1             1000b63e f   LIBCMT:87cdisp.obj
 0001:0000a67b       __ctrandisp2               1000b67b f   LIBCMT:87cdisp.obj
 0001:0000a80a       __ctrandisp1               1000b80a f   LIBCMT:87cdisp.obj
 0001:0000a83d       __fload                    1000b83d f   LIBCMT:87cdisp.obj
 0001:0000a879       ___libm_error_support      1000b879 f   LIBCMT:libm_error.obj
 0001:0000ab70       _exp                       1000bb70 f   LIBCMT:87ctran.obj
 0001:0000abac       __CIexp                    1000bbac f   LIBCMT:87ctran.obj
 0001:0000abe7       __exp_default              1000bbe7 f   LIBCMT:87ctran.obj
 0001:0000abf1       __CIexp_default            1000bbf1 f   LIBCMT:87ctran.obj
 0001:0000ac00       _log                       1000bc00 f   LIBCMT:log.obj
 0001:0000ac40       __CIlog                    1000bc40 f   LIBCMT:log.obj
 0001:0000ac7b       __CIlog_default            1000bc7b f   LIBCMT:log.obj
 0001:0000ac8f       __log_default              1000bc8f     LIBCMT:log.obj
 0001:0000ad50       _strcmp                    1000bd50 f   LIBCMT:strcmp.obj
 0001:0000addc       ?_Type_info_dtor@type_info@@CAXPAV1@@Z 1000bddc f   LIBCMT:typname.obj
 0001:0000ae4d       __fileno                   1000be4d f   LIBCMT:fileno.obj
 0001:0000ae71       __close                    1000be71 f   LIBCMT:close.obj
 0001:0000af3b       __close_nolock             1000bf3b f   LIBCMT:close.obj
 0001:0000afd5       __freebuf                  1000bfd5 f   LIBCMT:_freebuf.obj
 0001:0000b005       __fflush_nolock            1000c005 f   LIBCMT:fflush.obj
 0001:0000b04b       __flush                    1000c04b f   LIBCMT:fflush.obj
 0001:0000b0af       __flushall                 1000c0af f   LIBCMT:fflush.obj
 0001:0000b1a0       __SEH_prolog4              1000c1a0 f   LIBCMT:sehprolg4.obj
 0001:0000b1e5       __SEH_epilog4              1000c1e5 f   LIBCMT:sehprolg4.obj
 0001:0000b200       __except_handler4          1000c200 f   LIBCMT:chandler4.obj
 0001:0000b395       __getstream                1000c395 f   LIBCMT:stream.obj
 0001:0000b4ad       __openfile                 1000c4ad f   LIBCMT:_open.obj
 0001:0000b730       __local_unwind4            1000c730 f   LIBCMT:exsup4.obj
 0001:0000b806       __seh_longjmp_unwind4@4    1000c806 f   LIBCMT:exsup4.obj
 0001:0000b822       @_EH4_CallFilterFunc@8     1000c822 f   LIBCMT:exsup4.obj
 0001:0000b839       @_EH4_TransferToHandler@8  1000c839 f   LIBCMT:exsup4.obj
 0001:0000b852       @_EH4_GlobalUnwind2@8      1000c852 f   LIBCMT:exsup4.obj
 0001:0000b86b       @_EH4_LocalUnwind@16       1000c86b f   LIBCMT:exsup4.obj
 0001:0000b882       __filbuf                   1000c882 f   LIBCMT:_filbuf.obj
 0001:0000b9a3       _memcpy_s                  1000c9a3 f   LIBCMT:memcpy_s.obj
 0001:0000ba22       __read                     1000ca22 f   LIBCMT:read.obj
 0001:0000bb2a       __read_nolock              1000cb2a f   LIBCMT:read.obj
 0001:0000c2c0       _memcpy                    1000d2c0 f   LIBCMT:memcpy.obj
 0001:0000c904       __write                    1000d904 f   LIBCMT:write.obj
 0001:0000c9e6       __write_nolock             1000d9e6 f   LIBCMT:write.obj
 0001:0000d210       __FF_MSGBANNER             1000e210 f   LIBCMT:crt0msg.obj
 0001:0000d249       __GET_RTERRMSG             1000e249 f   LIBCMT:crt0msg.obj
 0001:0000d26d       __NMSG_WRITE               1000e26d f   LIBCMT:crt0msg.obj
 0001:0000d428       __set_abort_behavior       1000e428 f   LIBCMT:abort.obj
 0001:0000d447       _abort                     1000e447 f   LIBCMT:abort.obj
 0001:0000d48a       __initp_misc_purevirt      1000e48a f   LIBCMT:inithelp.obj
 0001:0000d497       __sse2_mathfcns_init       1000e497 f   LIBCMT:mathfcns.obj
 0001:0000d4a6       __ceil_default             1000e4a6 f   LIBCMT:ceil.obj
 0001:0000d579       __XcptFilter               1000e579 f   LIBCMT:winxfltr.obj
 0001:0000d6d4       ___CppXcptFilter           1000e6d4 f   LIBCMT:winxfltr.obj
 0001:0000d6f2       __heap_init                1000e6f2 f   LIBCMT:heapinit.obj
 0001:0000d707       __heap_term                1000e707 f   LIBCMT:heapinit.obj
 0001:0000d70f       __ioinit                   1000e70f f   LIBCMT:ioinit.obj
 0001:0000d9bd       __ioterm                   1000e9bd f   LIBCMT:ioinit.obj
 0001:0000da0f       __setargv                  1000ea0f f   LIBCMT:stdargv.obj
 0001:0000dc3c       __setenvp                  1000ec3c f   LIBCMT:stdenvp.obj
 0001:0000dd1d       ___security_init_cookie    1000ed1d f   LIBCMT:gs_support.obj
 0001:0000ddb7       _DllMain@12                1000edb7 f   LIBCMT:dllmain.obj
 0001:0000ddbd       ___crtGetEnvironmentStringsA 1000edbd f   LIBCMT:a_env.obj
 0001:0000de48       ___crtFlsAlloc             1000ee48 f   LIBCMT:winapisupp.obj
 0001:0000de66       ___crtFlsFree              1000ee66 f   LIBCMT:winapisupp.obj
 0001:0000de85       ___crtFlsGetValue          1000ee85 f   LIBCMT:winapisupp.obj
 0001:0000dea4       ___crtFlsSetValue          1000eea4 f   LIBCMT:winapisupp.obj
 0001:0000dec6       ___crtIsPackagedApp        1000eec6 f   LIBCMT:winapisupp.obj
 0001:0000df04       ___crtLoadWinApiPointers   1000ef04 f   LIBCMT:winapisupp.obj
 0001:0000e143       ___crtTerminateProcess     1000f143 f   LIBCMT:winapisupp.obj
 0001:0000e158       ___crtUnhandledException   1000f158 f   LIBCMT:winapisupp.obj
 0001:0000e16e       __calloc_crt               1000f16e f   LIBCMT:crtheap.obj
 0001:0000e1b8       __malloc_crt               1000f1b8 f   LIBCMT:crtheap.obj
 0001:0000e201       __realloc_crt              1000f201 f   LIBCMT:crtheap.obj
 0001:0000e24d       __RTC_Initialize           1000f24d f   LIBCMT:initsect.obj
 0001:0000e26d       __RTC_Terminate            1000f26d f   LIBCMT:initsect.obj
 0001:0000e290       __trandisp1                1000f290 f   LIBCMT:87disp.obj
 0001:0000e2f7       __trandisp2                1000f2f7 f   LIBCMT:87disp.obj
 0001:0000e383       __rttospopde               1000f383     LIBCMT:87disp.obj
 0001:0000e388       __rttospop                 1000f388     LIBCMT:87disp.obj
 0001:0000e38a       __rtnospop                 1000f38a     LIBCMT:87disp.obj
 0001:0000e38c       __rttosnpop                1000f38c     LIBCMT:87disp.obj
 0001:0000e38d       __rtnospopde               1000f38d     LIBCMT:87disp.obj
 0001:0000e394       __rtzeropop                1000f394     LIBCMT:87disp.obj
 0001:0000e396       __rtzeronpop               1000f396     LIBCMT:87disp.obj
 0001:0000e39b       __rtonepop                 1000f39b     LIBCMT:87disp.obj
 0001:0000e39d       __rtonenpop                1000f39d     LIBCMT:87disp.obj
 0001:0000e3a2       __tosnan1                  1000f3a2     LIBCMT:87disp.obj
 0001:0000e3cd       __nosnan2                  1000f3cd     LIBCMT:87disp.obj
 0001:0000e3cf       __tosnan2                  1000f3cf     LIBCMT:87disp.obj
 0001:0000e3f7       __nan2                     1000f3f7     LIBCMT:87disp.obj
 0001:0000e436       __rtindfpop                1000f436     LIBCMT:87disp.obj
 0001:0000e438       __rtindfnpop               1000f438     LIBCMT:87disp.obj
 0001:0000e449       __rttosnpopde              1000f449     LIBCMT:87disp.obj
 0001:0000e453       __rtchsifneg               1000f453     LIBCMT:87disp.obj
 0001:0000e460       __startTwoArgErrorHandling 1000f460 f   LIBCMT:genexcep.obj
 0001:0000e477       __startOneArgErrorHandling 1000f477 f   LIBCMT:genexcep.obj
 0001:0000e4c0       __twoToTOS                 1000f4c0 f   LIBCMT:common.obj
 0001:0000e4d5       __load_CW                  1000f4d5 f   LIBCMT:common.obj
 0001:0000e4ec       __convertTOStoQNaN         1000f4ec f   LIBCMT:common.obj
 0001:0000e505       __fload_withFB             1000f505 f   LIBCMT:common.obj
 0001:0000e548       __checkTOS_withFB          1000f548 f   LIBCMT:common.obj
 0001:0000e55e       __fast_exit                1000f55e f   LIBCMT:common.obj
 0001:0000e56b       __math_exit                1000f56b f   LIBCMT:common.obj
 0001:0000e595       __check_overflow_exit      1000f595 f   LIBCMT:common.obj
 0001:0000e5a9       __check_range_exit         1000f5a9 f   LIBCMT:common.obj
 0001:0000e650       __CIasin_pentium4          1000f650 f   LIBCMT:asin_pentium4.obj
 0001:0000e668       __asin_pentium4            1000f668     LIBCMT:asin_pentium4.obj
 0001:0000ebd0       __CIacos_pentium4          1000fbd0 f   LIBCMT:acos_pentium4.obj
 0001:0000ebe8       __acos_pentium4            1000fbe8     LIBCMT:acos_pentium4.obj
 0001:0000f130       __CIsin_pentium4           10010130 f   LIBCMT:sin_pentium4.obj
 0001:0000f148       __sin_pentium4             10010148     LIBCMT:sin_pentium4.obj
 0001:0000f300       __CIcos_pentium4           10010300 f   LIBCMT:cos_pentium4.obj
 0001:0000f318       __cos_pentium4             10010318     LIBCMT:cos_pentium4.obj
 0001:0000f4b0       __CItan_pentium4           100104b0 f   LIBCMT:tan_pentium4.obj
 0001:0000f4c8       __tan_pentium4             100104c8     LIBCMT:tan_pentium4.obj
 0001:0000f710       __lock                     10010710 f   LIBCMT:mlock.obj
 0001:0000f744       __mtdeletelocks            10010744 f   LIBCMT:mlock.obj
 0001:0000f798       __mtinitlocknum            10010798 f   LIBCMT:mlock.obj
 0001:0000f83f       __mtinitlocks              1001083f f   LIBCMT:mlock.obj
 0001:0000f874       __unlock                   10010874 f   LIBCMT:mlock.obj
 0001:0000f890       __FindPESection            10010890 f   LIBCMT:pesect.obj
 0001:0000f8e0       __IsNonwritableInCurrentImage 100108e0 f   LIBCMT:pesect.obj
 0001:0000f9a0       __ValidateImageBase        100109a0 f   LIBCMT:pesect.obj
 0001:0000f9d1       ___onexitinit              100109d1 f   LIBCMT:onexit.obj
 0001:0000fa00       __onexit                   10010a00 f   LIBCMT:onexit.obj
 0001:0000faf6       _atexit                    10010af6 f   LIBCMT:onexit.obj
 0001:0000fb0b       __initp_misc_rand_s        10010b0b f   LIBCMT:rand_s.obj
 0001:0000fb18       ___get_sigabrt             10010b18 f   LIBCMT:winsig.obj
 0001:0000fb25       __initp_misc_winsig        10010b25 f   LIBCMT:winsig.obj
 0001:0000fb41       _raise                     10010b41 f   LIBCMT:winsig.obj
 0001:0000fd32       ___initmbctable            10010d32 f   LIBCMT:mbctype.obj
 0001:0000ffed       ___updatetmbcinfo          10010fed f   LIBCMT:mbctype.obj
 0001:00010092       __setmbcp                  10011092 f   LIBCMT:mbctype.obj
 0001:00010240       __setmbcp_nolock           10011240 f   LIBCMT:mbctype.obj
 0001:00010435       __fcloseall                10011435 f   LIBCMT:closeall.obj
 0001:000104d2       _strcpy_s                  100114d2 f   LIBCMT:strcpy_s.obj
 0001:00010530       _strlen                    10011530 f   LIBCMT:strlen.obj
 0001:000105bb       ___addlocaleref            100115bb f   LIBCMT:localref.obj
 0001:0001064b       ___freetlocinfo            1001164b f   LIBCMT:localref.obj
 0001:000107a5       ___removelocaleref         100117a5 f   LIBCMT:localref.obj
 0001:00010840       ___updatetlocinfo          10011840 f   LIBCMT:localref.obj
 0001:000108bc       __updatetlocinfoEx_nolock  100118bc f   LIBCMT:localref.obj
 0001:00010907       __isdigit_l                10011907 f i LIBCMT:_ctype.obj
 0001:00010957       _isdigit                   10011957 f i LIBCMT:_ctype.obj
 0001:00010982       __tolower_l                10011982 f   LIBCMT:tolower.obj
 0001:00010ac3       _tolower                   10011ac3 f   LIBCMT:tolower.obj
 0001:00010af0       _memmove                   10011af0 f   LIBCMT:memmove.obj
 0001:00011134       __fptostr                  10012134 f   LIBCMT:_fptostr.obj
 0001:000111e4       __atodbl_l                 100121e4 f   LIBCMT:atodbl.obj
 0001:00011270       __atoflt_l                 10012270 f   LIBCMT:atodbl.obj
 0001:000112fc       ___dtold                   100122fc f   LIBCMT:cfout.obj
 0001:000113c2       __fltout2                  100123c2 f   LIBCMT:cfout.obj
 0001:00011450       __alldvrm                  10012450 f   LIBCMT:lldvrm.obj
 0001:00011530       __aullshr                  10012530 f   LIBCMT:ullshr.obj
 0001:0001154f       __controlfp_s              1001254f f   LIBCMT:contrlfp.obj
 0001:000115ac       __fptrap                   100125ac f   LIBCMT:crt0fp.obj
 0001:000115c0       __global_unwind2           100125c0 f   LIBCMT:exsup.obj
 0001:00011625       __local_unwind2            10012625 f   LIBCMT:exsup.obj
 0001:000116a9       __abnormal_termination     100126a9 f   LIBCMT:exsup.obj
 0001:000116cc       __NLG_Notify1              100126cc f   LIBCMT:exsup.obj
 0001:000116d5       __NLG_Notify               100126d5 f   LIBCMT:exsup.obj
 0001:000116ec       __NLG_Dispatch             100126ec     LIBCMT:exsup.obj
 0001:000116ec       __NLG_Dispatch2            100126ec     LIBCMT:exsup.obj
 0001:000116f4       __NLG_Call                 100126f4 f   LIBCMT:exsup.obj
 0001:000116f6       __NLG_Return2              100126f6     LIBCMT:exsup.obj
 0001:000116f7       ___raise_securityfailure   100126f7 f   LIBCMT:gs_report.obj
 0001:00011734       ___report_gsfailure        10012734 f   LIBCMT:gs_report.obj
 0001:0001182d       ?_ValidateRead@@YAHPBXI@Z  1001282d f   LIBCMT:validate.obj
 0001:0001182d       ?_ValidateWrite@@YAHPAXI@Z 1001282d f   LIBCMT:validate.obj
 0001:0001182d       ?_ValidateExecute@@YAHP6GHXZ@Z 1001282d f   LIBCMT:validate.obj
 0001:0001183c       __EH_prolog3_catch         1001283c f   LIBCMT:ehprolg3.obj
 0001:00011872       __crt_debugger_hook        10012872 f   LIBCMT:dbghook.obj
 0001:0001187a       __isatty                   1001287a f   LIBCMT:isatty.obj
 0001:000118ce       __lseeki64                 100128ce f   LIBCMT:lseeki64.obj
 0001:000119ca       __lseeki64_nolock          100129ca f   LIBCMT:lseeki64.obj
 0001:00011a3b       __getbuf                   10012a3b f   LIBCMT:_getbuf.obj
 0001:00011a81       __isleadbyte_l             10012a81 f i LIBCMT:_wctype.obj
 0001:00011ab7       _isleadbyte                10012ab7 f i LIBCMT:_wctype.obj
 0001:00011ac8       __get_printf_count_output  10012ac8 f   LIBCMT:printf.obj
 0001:00011add       __wctomb_s_l               10012add f   LIBCMT:wctomb.obj
 0001:00011bff       _wctomb_s                  10012bff f   LIBCMT:wctomb.obj
 0001:00011c20       __aulldvrm                 10012c20 f   LIBCMT:ulldvrm.obj
 0001:00011cb5       __87except                 10012cb5 f   LIBCMT:87except.obj
 0001:00011dbe       __matherr                  10012dbe f   LIBCMT:matherr.obj
 0001:00011dd0       __CIexp_pentium4           10012dd0 f   LIBCMT:exp_pentium4.obj
 0001:00011de8       __exp_pentium4             10012de8     LIBCMT:exp_pentium4.obj
 0001:000120a1       __fFEXP                    100130a1     LIBCMT:87tran.obj
 0001:000120f8       __rtinfpopse               100130f8     LIBCMT:87tran.obj
 0001:000120fa       __rtinfnpopse              100130fa     LIBCMT:87tran.obj
 0001:0001210a       __fFLN                     1001310a     LIBCMT:87tran.obj
 0001:000121bf       __rtinfpop                 100131bf     LIBCMT:87tran.obj
 0001:000121c1       __rtinfnpop                100131c1     LIBCMT:87tran.obj
 0001:000121de       __ffexpm1                  100131de     LIBCMT:87tran.obj
 0001:00012290       __CIlog_pentium4           10013290 f   LIBCMT:log_pentium4.obj
 0001:000122a8       __log_pentium4             100132a8     LIBCMT:log_pentium4.obj
 0001:00012500       ___lock_fhandle            10013500 f   LIBCMT:osfinfo.obj
 0001:0001258c       __alloc_osfhnd             1001358c f   LIBCMT:osfinfo.obj
 0001:00012731       __free_osfhnd              10013731 f   LIBCMT:osfinfo.obj
 0001:000127b7       __get_osfhandle            100137b7 f   LIBCMT:osfinfo.obj
 0001:0001281e       __set_osfhnd               1001381e f   LIBCMT:osfinfo.obj
 0001:000128a0       __unlock_fhandle           100138a0 f   LIBCMT:osfinfo.obj
 0001:000128c6       __commit                   100138c6 f   LIBCMT:commit.obj
 0001:000129ac       __sopen_helper             100139ac f   LIBCMT:open.obj
 0001:00012a73       __sopen_nolock             10013a73 f   LIBCMT:open.obj
 0001:00012abf       __sopen_s                  10013abf f   LIBCMT:open.obj
 0001:00012add       __mbsnbcmp                 10013add f   LIBCMT:mbsnbcmp.obj
 0001:00012af5       __mbsnbcmp_l               10013af5 f   LIBCMT:mbsnbcmp.obj
 0001:00012c0a       __mbsnbicmp                10013c0a f   LIBCMT:mbsnbicm.obj
 0001:00012c22       __mbsnbicmp_l              10013c22 f   LIBCMT:mbsnbicm.obj
 0001:00012dde       __mbtowc_l                 10013dde f   LIBCMT:mbtowc.obj
 0001:00012ed1       _mbtowc                    10013ed1 f   LIBCMT:mbtowc.obj
 0001:00012ee9       __putwch_nolock            10013ee9 f   LIBCMT:putwch.obj
 0001:00012f30       __chkstk                   10013f30 f   LIBCMT:chkstk.obj
 0001:00012f30       __alloca_probe             10013f30     LIBCMT:chkstk.obj
 0001:00012f5b       _wcscat_s                  10013f5b f   LIBCMT:wcscat_s.obj
 0001:00012fc7       _wcscpy_s                  10013fc7 f   LIBCMT:wcscpy_s.obj
 0001:00013023       _wcslen                    10014023 f   LIBCMT:wcslen.obj
 0001:0001303c       _wcsncpy_s                 1001403c f   LIBCMT:wcsncpy_s.obj
 0001:000130fa       __set_error_mode           100140fa f   LIBCMT:errmode.obj
 0001:0001313a       ___crtMessageBoxW          1001413a f   LIBCMT:crtmboxw.obj
 0001:0001331c       __freea                    1001431c f i LIBCMT:a_loc.obj
 0001:0001333a       _GetTableIndexFromLocaleName 1001433a f   LIBCMT:winapinls.obj
 0001:00013388       ___crtDownlevelLocaleNameToLCID 10014388 f   LIBCMT:winapinls.obj
 0001:000133b2       ___crtLCMapStringEx        100143b2 f   LIBCMT:winapinls.obj
 0001:000133fe       ___wcsnicmp_ascii          100143fe f   LIBCMT:winapinls.obj
 0001:0001346c       __frnd                     1001446c f   LIBCMT:frnd.obj
 0001:0001347e       __errcode                  1001447e f   LIBCMT:fpexcept.obj
 0001:000134b0       __except1                  100144b0 f   LIBCMT:fpexcept.obj
 0001:00013578       __handle_exc               10014578 f   LIBCMT:fpexcept.obj
 0001:00013754       __handle_qnan1             10014754 f   LIBCMT:fpexcept.obj
 0001:000137a4       __raise_exc                100147a4 f   LIBCMT:fpexcept.obj
 0001:000137c5       __raise_exc_ex             100147c5 f   LIBCMT:fpexcept.obj
 0001:00013aaa       __set_errno_from_matherr   10014aaa f   LIBCMT:fpexcept.obj
 0001:00013ad7       __umatherr                 10014ad7 f   LIBCMT:fpexcept.obj
 0001:00013b75       __decomp                   10014b75 f   LIBCMT:util.obj
 0001:00013c47       __set_exp                  10014c47 f   LIBCMT:util.obj
 0001:00013c72       __sptype                   10014c72 f   LIBCMT:util.obj
 0001:00013cce       ___set_fpsr_sse2           10014cce f   LIBCMT:fpctrl.obj
 0001:00013d44       __clrfp                    10014d44 f   LIBCMT:fpctrl.obj
 0001:00013d53       __ctrlfp                   10014d53 f   LIBCMT:fpctrl.obj
 0001:00013d7c       __set_statfp               10014d7c f   LIBCMT:fpctrl.obj
 0001:00013dd2       __statfp                   10014dd2 f   LIBCMT:fpctrl.obj
 0001:00013e36       __ismbblead                10014e36 f   LIBCMT:ismbbyte.obj
 0001:00013e4c       _realloc                   10014e4c f   LIBCMT:realloc.obj
 0001:00013ef7       __calloc_impl              10014ef7 f   LIBCMT:calloc_impl.obj
 0001:00013f71       __msize                    10014f71 f   LIBCMT:msize.obj
 0001:0001418b       ___crtLCMapStringA         1001518b f   LIBCMT:a_map.obj
 0001:000142bb       ___crtGetStringTypeA       100152bb f   LIBCMT:a_str.obj
 0001:000142f9       ___free_lconv_mon          100152f9 f   LIBCMT:initmon.obj
 0001:000143f5       ___free_lconv_num          100153f5 f   LIBCMT:initnum.obj
 0001:0001445c       ___free_lc_time            1001545c f   LIBCMT:inittime.obj
 0001:000147dc       __isctype_l                100157dc f   LIBCMT:isctype.obj
 0001:0001488b       __locterm                  1001588b f   LIBCMT:wsetloca.obj
 0001:000148dd       __ld12tod                  100158dd f   LIBCMT:intrncvt.obj
 0001:00014e4d       __ld12tof                  10015e4d f   LIBCMT:intrncvt.obj
 0001:000153bd       ___strgtold12_l            100163bd f   LIBCMT:strgtold.obj
 0001:00015b39       _$I10_OUTPUT               10016b39 f   LIBCMT:x10fout.obj
 0001:000165a6       __control87                100175a6 f i LIBCMT:ieee87.obj
 0001:0001693d       __d_inttype                1001793d f   LIBCMT:powhlp.obj
 0001:000169a3       __powhlp                   100179a3 f   LIBCMT:powhlp.obj
 0001:00016b6a       __wsopen_nolock            10017b6a f   LIBCMT:wopen.obj
 0001:000172bb       __strnicmp                 100182bb f   LIBCMT:strnicmp.obj
 0001:00017326       __strnicmp_l               10018326 f   LIBCMT:strnicmp.obj
 0001:000173d5       ___termconout              100183d5 f   LIBCMT:initcon.obj
 0001:000173ec       ___initconout              100183ec f   LIBCMT:initcon.obj
 0001:00017410       __alloca_probe_16          10018410 f   LIBCMT:alloca16.obj
 0001:00017426       __alloca_probe_8           10018426     LIBCMT:alloca16.obj
 0001:0001743c       ___mtold12                 1001843c f   LIBCMT:mantold.obj
 0001:0001761e       __fpclass                  1001861e f   LIBCMT:ieeemisc.obj
 0001:000176ba       __chsize_nolock            100186ba f   LIBCMT:chsize.obj
 0001:0001786e       __get_fmode                1001886e f   LIBCMT:setmode.obj
 0001:00017898       __setmode_nolock           10018898 f   LIBCMT:setmode.obj
 0001:00017970       ___ascii_strnicmp          10018970 f   LIBCMT:_strnicm.obj
 0001:000179e0       __allmul                   100189e0 f   LIBCMT:llmul.obj
 0001:00017a14       _RtlUnwind@16              10018a14 f   kernel32:KERNEL32.dll
 0001:00017a1a       _IsProcessorFeaturePresent@4 10018a1a f   kernel32:KERNEL32.dll
 0002:00000000       __imp__GetStartupInfoW@4   10019000     kernel32:KERNEL32.dll
 0002:00000004       __imp__SetEndOfFile@4      10019004     kernel32:KERNEL32.dll
 0002:00000008       __imp__CreateFileW@28      10019008     kernel32:KERNEL32.dll
 0002:0000000c       __imp__GetStringTypeW@16   1001900c     kernel32:KERNEL32.dll
 0002:00000010       __imp__HeapSize@12         10019010     kernel32:KERNEL32.dll
 0002:00000014       __imp__HeapReAlloc@16      10019014     kernel32:KERNEL32.dll
 0002:00000018       __imp__LCMapStringW@24     10019018     kernel32:KERNEL32.dll
 0002:0000001c       __imp__RtlUnwind@16        1001901c     kernel32:KERNEL32.dll
 0002:00000020       __imp__EncodePointer@4     10019020     kernel32:KERNEL32.dll
 0002:00000024       __imp__DecodePointer@4     10019024     kernel32:KERNEL32.dll
 0002:00000028       __imp__GetCommandLineA@0   10019028     kernel32:KERNEL32.dll
 0002:0000002c       __imp__GetCurrentThreadId@0 1001902c     kernel32:KERNEL32.dll
 0002:00000030       __imp__GetLastError@0      10019030     kernel32:KERNEL32.dll
 0002:00000034       __imp__InterlockedDecrement@4 10019034     kernel32:KERNEL32.dll
 0002:00000038       __imp__ExitProcess@4       10019038     kernel32:KERNEL32.dll
 0002:0000003c       __imp__GetModuleHandleExW@12 1001903c     kernel32:KERNEL32.dll
 0002:00000040       __imp__GetProcAddress@8    10019040     kernel32:KERNEL32.dll
 0002:00000044       __imp__AreFileApisANSI@0   10019044     kernel32:KERNEL32.dll
 0002:00000048       __imp__MultiByteToWideChar@24 10019048     kernel32:KERNEL32.dll
 0002:0000004c       __imp__EnterCriticalSection@4 1001904c     kernel32:KERNEL32.dll
 0002:00000050       __imp__LeaveCriticalSection@4 10019050     kernel32:KERNEL32.dll
 0002:00000054       __imp__HeapAlloc@12        10019054     kernel32:KERNEL32.dll
 0002:00000058       __imp__RaiseException@16   10019058     kernel32:KERNEL32.dll
 0002:0000005c       __imp__HeapFree@12         1001905c     kernel32:KERNEL32.dll
 0002:00000060       __imp__SetLastError@4      10019060     kernel32:KERNEL32.dll
 0002:00000064       __imp__InterlockedIncrement@4 10019064     kernel32:KERNEL32.dll
 0002:00000068       __imp__IsProcessorFeaturePresent@4 10019068     kernel32:KERNEL32.dll
 0002:0000006c       __imp__IsDebuggerPresent@0 1001906c     kernel32:KERNEL32.dll
 0002:00000070       __imp__CloseHandle@4       10019070     kernel32:KERNEL32.dll
 0002:00000074       __imp__InitializeCriticalSectionAndSpinCount@8 10019074     kernel32:KERNEL32.dll
 0002:00000078       __imp__ReadFile@20         10019078     kernel32:KERNEL32.dll
 0002:0000007c       __imp__GetConsoleMode@8    1001907c     kernel32:KERNEL32.dll
 0002:00000080       __imp__ReadConsoleW@20     10019080     kernel32:KERNEL32.dll
 0002:00000084       __imp__WriteFile@20        10019084     kernel32:KERNEL32.dll
 0002:00000088       __imp__WideCharToMultiByte@32 10019088     kernel32:KERNEL32.dll
 0002:0000008c       __imp__GetConsoleCP@0      1001908c     kernel32:KERNEL32.dll
 0002:00000090       __imp__GetStdHandle@4      10019090     kernel32:KERNEL32.dll
 0002:00000094       __imp__GetModuleFileNameW@12 10019094     kernel32:KERNEL32.dll
 0002:00000098       __imp__GetProcessHeap@0    10019098     kernel32:KERNEL32.dll
 0002:0000009c       __imp__GetFileType@4       1001909c     kernel32:KERNEL32.dll
 0002:000000a0       __imp__DeleteCriticalSection@4 100190a0     kernel32:KERNEL32.dll
 0002:000000a4       __imp__GetModuleFileNameA@12 100190a4     kernel32:KERNEL32.dll
 0002:000000a8       __imp__QueryPerformanceCounter@4 100190a8     kernel32:KERNEL32.dll
 0002:000000ac       __imp__GetCurrentProcessId@0 100190ac     kernel32:KERNEL32.dll
 0002:000000b0       __imp__GetSystemTimeAsFileTime@4 100190b0     kernel32:KERNEL32.dll
 0002:000000b4       __imp__GetEnvironmentStringsW@0 100190b4     kernel32:KERNEL32.dll
 0002:000000b8       __imp__FreeEnvironmentStringsW@4 100190b8     kernel32:KERNEL32.dll
 0002:000000bc       __imp__UnhandledExceptionFilter@4 100190bc     kernel32:KERNEL32.dll
 0002:000000c0       __imp__SetUnhandledExceptionFilter@4 100190c0     kernel32:KERNEL32.dll
 0002:000000c4       __imp__GetCurrentProcess@0 100190c4     kernel32:KERNEL32.dll
 0002:000000c8       __imp__TerminateProcess@8  100190c8     kernel32:KERNEL32.dll
 0002:000000cc       __imp__TlsAlloc@0          100190cc     kernel32:KERNEL32.dll
 0002:000000d0       __imp__TlsGetValue@4       100190d0     kernel32:KERNEL32.dll
 0002:000000d4       __imp__TlsSetValue@8       100190d4     kernel32:KERNEL32.dll
 0002:000000d8       __imp__TlsFree@4           100190d8     kernel32:KERNEL32.dll
 0002:000000dc       __imp__GetModuleHandleW@4  100190dc     kernel32:KERNEL32.dll
 0002:000000e0       __imp__Sleep@4             100190e0     kernel32:KERNEL32.dll
 0002:000000e4       __imp__LoadLibraryExW@12   100190e4     kernel32:KERNEL32.dll
 0002:000000e8       __imp__IsValidCodePage@4   100190e8     kernel32:KERNEL32.dll
 0002:000000ec       __imp__GetACP@0            100190ec     kernel32:KERNEL32.dll
 0002:000000f0       __imp__GetOEMCP@0          100190f0     kernel32:KERNEL32.dll
 0002:000000f4       __imp__GetCPInfo@8         100190f4     kernel32:KERNEL32.dll
 0002:000000f8       __imp__SetFilePointerEx@20 100190f8     kernel32:KERNEL32.dll
 0002:000000fc       __imp__SetStdHandle@8      100190fc     kernel32:KERNEL32.dll
 0002:00000100       __imp__FlushFileBuffers@4  10019100     kernel32:KERNEL32.dll
 0002:00000104       __imp__WriteConsoleW@20    10019104     kernel32:KERNEL32.dll
 0002:00000108       __imp__OutputDebugStringW@4 10019108     kernel32:KERNEL32.dll
 0002:0000010c       __imp__LoadLibraryW@4      1001910c     kernel32:KERNEL32.dll
 0002:00000110       \177KERNEL32_NULL_THUNK_DATA 10019110     kernel32:KERNEL32.dll
 0002:00000114       __imp_?RtDistToPit@@YAHPAUCarElt@@PAUtTrack@@PAM2@Z 10019114     robottools:robottools.dll
 0002:00000118       __imp_?RtTrackSideTgAngleL@@YAMPAUtTrkLocPos@@@Z 10019118     robottools:robottools.dll
 0002:0000011c       \177robottools_NULL_THUNK_DATA 1001911c     robottools:robottools.dll
 0002:00000120       __imp_?GfParmSetNum@@YAHPAXPBD11M@Z 10019120     tgf:tgf.dll
 0002:00000124       __imp_?GfCreateDir@@YAHPAD@Z 10019124     tgf:tgf.dll
 0002:00000128       __imp_?GetDataDir@@YAPADXZ 10019128     tgf:tgf.dll
 0002:0000012c       __imp_?GetLocalDir@@YAPADXZ 1001912c     tgf:tgf.dll
 0002:00000130       __imp_?GfParmGetNum@@YAMPAXPBD11M@Z 10019130     tgf:tgf.dll
 0002:00000134       __imp_?GfParmGetStr@@YAPBDPAXPBD11@Z 10019134     tgf:tgf.dll
 0002:00000138       __imp_?GfParmReadFile@@YAPAXPBDH@Z 10019138     tgf:tgf.dll
 0002:0000013c       __imp_?_tgf_win_strdup@@YAPADPBD@Z 1001913c     tgf:tgf.dll
 0002:00000140       \177tgf_NULL_THUNK_DATA    10019140     tgf:tgf.dll
 0002:00000144       ___xc_a                    10019144     LIBCMT:crt0init.obj
 0002:00000148       ___xc_z                    10019148     LIBCMT:crt0init.obj
 0002:0000014c       ___xi_a                    1001914c     LIBCMT:crt0init.obj
 0002:00000164       ___xi_z                    10019164     LIBCMT:crt0init.obj
 0002:00000168       ___xp_a                    10019168     LIBCMT:crt0init.obj
 0002:00000178       ___xp_z                    10019178     LIBCMT:crt0init.obj
 0002:0000017c       ___xt_a                    1001917c     LIBCMT:crt0init.obj
 0002:00000180       ___xt_z                    10019180     LIBCMT:crt0init.obj
 0002:000001a0       __real@400921fb54442d18    100191a0     cardata.obj
 0002:000001a8       __real@401921fb54442d18    100191a8     cardata.obj
 0002:000001b0       __real@c00921fb54442d18    100191b0     cardata.obj
 0002:000001bc       ??_C@_08MHCBABOI@damned?51?$AA@ 100191bc     damned.obj
 0002:000001c8       ??_C@_08OMAMFCCL@damned?52?$AA@ 100191c8     damned.obj
 0002:000001d4       ??_C@_08PFBHGDGK@damned?53?$AA@ 100191d4     damned.obj
 0002:000001e0       ??_C@_08LKFGPFKN@damned?54?$AA@ 100191e0     damned.obj
 0002:000001ec       ??_C@_08KDENMEOM@damned?55?$AA@ 100191ec     damned.obj
 0002:000001f8       ??_C@_08IIGAJHCP@damned?56?$AA@ 100191f8     damned.obj
 0002:00000204       ??_C@_08JBHLKGGO@damned?57?$AA@ 10019204     damned.obj
 0002:00000210       ??_C@_08BGODLKKB@damned?58?$AA@ 10019210     damned.obj
 0002:0000021c       ??_C@_08PPIILOA@damned?59?$AA@ 1001921c     damned.obj
 0002:00000228       ??_C@_09HBFAHNLI@damned?510?$AA@ 10019228     damned.obj
 0002:0000023c       ?UNSTUCK_TIME_LIMIT@Driver@@0MB 1001923c     driver.obj
 0002:00000240       ?MAX_UNSTUCK_SPEED@Driver@@0MB 10019240     driver.obj
 0002:00000244       ?MIN_UNSTUCK_DIST@Driver@@0MB 10019244     driver.obj
 0002:00000248       ?G@Driver@@0MB             10019248     driver.obj
 0002:0000024c       ?FULL_ACCEL_MARGIN@Driver@@0MB 1001924c     driver.obj
 0002:00000250       ?SHIFT@Driver@@0MB         10019250     driver.obj
 0002:00000254       ?SHIFT_MARGIN@Driver@@0MB  10019254     driver.obj
 0002:00000258       ?ABS_SLIP@Driver@@0MB      10019258     driver.obj
 0002:0000025c       ?ABS_RANGE@Driver@@0MB     1001925c     driver.obj
 0002:00000260       ?ABS_MINSPEED@Driver@@0MB  10019260     driver.obj
 0002:00000264       ?TCL_SLIP@Driver@@0MB      10019264     driver.obj
 0002:00000268       ?LOOKAHEAD_CONST@Driver@@0MB 10019268     driver.obj
 0002:0000026c       ?LOOKAHEAD_FACTOR@Driver@@0MB 1001926c     driver.obj
 0002:00000270       ?WIDTHDIV@Driver@@0MB      10019270     driver.obj
 0002:00000274       ?SIDECOLL_MARGIN@Driver@@0MB 10019274     driver.obj
 0002:00000278       ?BORDER_OVERTAKE_MARGIN@Driver@@0MB 10019278     driver.obj
 0002:0000027c       ?OVERTAKE_OFFSET_SPEED@Driver@@0MB 1001927c     driver.obj
 0002:00000280       ?PIT_LOOKAHEAD@Driver@@0MB 10019280     driver.obj
 0002:00000284       ?PIT_BRAKE_AHEAD@Driver@@0MB 10019284     driver.obj
 0002:00000288       ?PIT_MU@Driver@@0MB        10019288     driver.obj
 0002:0000028c       ?MAX_SPEED@Driver@@0MB     1001928c     driver.obj
 0002:00000290       ?TCL_RANGE@Driver@@0MB     10019290     driver.obj
 0002:00000294       ?MAX_FUEL_PER_METER@Driver@@0MB 10019294     driver.obj
 0002:00000298       ?CLUTCH_SPEED@Driver@@0MB  10019298     driver.obj
 0002:0000029c       ?CENTERDIV@Driver@@0MB     1001929c     driver.obj
 0002:000002a0       ?DISTCUTOFF@Driver@@0MB    100192a0     driver.obj
 0002:000002a4       ?MAX_INC_FACTOR@Driver@@0MB 100192a4     driver.obj
 0002:000002a8       ?CATCH_FACTOR@Driver@@0MB  100192a8     driver.obj
 0002:000002ac       ?CLUTCH_FULL_MAX_TIME@Driver@@0MB 100192ac     driver.obj
 0002:000002b0       ?USE_LEARNED_OFFSET_RANGE@Driver@@0MB 100192b0     driver.obj
 0002:000002b4       ?TEAM_REAR_DIST@Driver@@0MB 100192b4     driver.obj
 0002:000002b8       ?TEAM_DAMAGE_CHANGE_LEAD@Driver@@0HB 100192b8     driver.obj
 0002:000002cc       ??_7SimpleStrategy2@@6B@   100192cc     driver.obj
 0002:000002ec       ??_C@_0BO@CELLMAJM@drivers?1damned?1?$CFd?1practice?1?$CFs?$AA@ 100192ec     driver.obj
 0002:0000030c       ??_C@_0CA@EPFOHOCP@drivers?1damned?1?$CFd?1qualifying?1?$CFs?$AA@ 1001930c     driver.obj
 0002:0000032c       ??_C@_0BK@NFNFCIJD@drivers?1damned?1?$CFd?1race?1?$CFs?$AA@ 1001932c     driver.obj
 0002:00000348       ??_C@_0BO@CKCJGFBH@drivers?1damned?1?$CFd?1default?4xml?$AA@ 10019348     driver.obj
 0002:00000368       ??_C@_08BPOJBKEJ@mufactor?$AA@ 10019368     driver.obj
 0002:00000374       ??_C@_0P@EEFIHPEF@damned?5private?$AA@ 10019374     driver.obj
 0002:00000384       ??_C@_04IJEANHEE@mass?$AA@ 10019384     driver.obj
 0002:0000038c       ??_C@_03DAGGNFD@Car?$AA@   1001938c     driver.obj
 0002:00000390       ??_C@_08BMFDPAHG@teammate?$AA@ 10019390     driver.obj
 0002:0000039c       ??_C@_0BC@DPFNLKJM@Front?5Right?5Wheel?$AA@ 1001939c     driver.obj
 0002:000003b0       ??_C@_0BB@LHAPOPKP@Front?5Left?5Wheel?$AA@ 100193b0     driver.obj
 0002:000003c4       ??_C@_0BB@FDACEIHE@Rear?5Right?5Wheel?$AA@ 100193c4     driver.obj
 0002:000003d8       ??_C@_0BA@OOGIOKPL@Rear?5Left?5Wheel?$AA@ 100193d8     driver.obj
 0002:000003e8       ??_C@_04GOEDGNCF@area?$AA@ 100193e8     driver.obj
 0002:000003f0       ??_C@_09HDJCNBBO@Rear?5Wing?$AA@ 100193f0     driver.obj
 0002:000003fc       ??_C@_05FECBCJJD@angle?$AA@ 100193fc     driver.obj
 0002:00000404       ??_C@_0M@CCMIOJBA@front?5Clift?$AA@ 10019404     driver.obj
 0002:00000410       ??_C@_0N@GFHNLLOJ@Aerodynamics?$AA@ 10019410     driver.obj
 0002:00000420       ??_C@_0L@PLABABOE@rear?5Clift?$AA@ 10019420     driver.obj
 0002:0000042c       ??_C@_0M@IPGIOMHG@ride?5height?$AA@ 1001942c     driver.obj
 0002:00000438       ??_C@_02JFIEOGIK@Cx?$AA@   10019438     driver.obj
 0002:0000043c       ??_C@_0L@NAALCPPI@front?5area?$AA@ 1001943c     driver.obj
 0002:00000448       ??_C@_02BCPJPDCN@mu?$AA@   10019448     driver.obj
 0002:0000044c       ??_C@_03ECFJFFPO@RWD?$AA@  1001944c     driver.obj
 0002:00000450       ??_C@_04GPMDFGEJ@type?$AA@ 10019450     driver.obj
 0002:00000458       ??_C@_0L@GPGHGHOJ@Drivetrain?$AA@ 10019458     driver.obj
 0002:00000464       ??_C@_03JNCCJFDG@FWD?$AA@  10019464     driver.obj
 0002:00000468       ??_C@_03FMBEPNCB@4WD?$AA@  10019468     driver.obj
 0002:0000046c       __real@00000000            1001946c     driver.obj
 0002:00000470       __real@3ca3d70a            10019470     driver.obj
 0002:00000474       __real@3dcccccd            10019474     driver.obj
 0002:00000478       __real@3e800000            10019478     driver.obj
 0002:0000047c       __real@3ea8f5c3            1001947c     driver.obj
 0002:00000480       __real@3ecccccd            10019480     driver.obj
 0002:00000484       __real@3f000000            10019484     driver.obj
 0002:00000488       __real@3f251eb8            10019488     driver.obj
 0002:0000048c       __real@3f666666            1001948c     driver.obj
 0002:00000490       __real@3f800000            10019490     driver.obj
 0002:00000498       __real@3f947ae147ae147b    10019498     driver.obj
 0002:000004a0       __real@3f9d70a4            100194a0     driver.obj
 0002:000004a4       __real@3fc00000            100194a4     driver.obj
 0002:000004a8       __real@3fe0000000000000    100194a8     driver.obj
 0002:000004b0       __real@3ff0000000000000    100194b0     driver.obj
 0002:000004b8       __real@3ff921fb54442d18    100194b8     driver.obj
 0002:000004c0       __real@40000000            100194c0     driver.obj
 0002:000004c4       __real@40400000            100194c4     driver.obj
 0002:000004c8       __real@40800000            100194c8     driver.obj
 0002:000004cc       __real@40a00000            100194cc     driver.obj
 0002:000004d0       __real@40c00000            100194d0     driver.obj
 0002:000004d4       __real@411cf5c3            100194d4     driver.obj
 0002:000004d8       __real@41200000            100194d8     driver.obj
 0002:000004dc       __real@41880000            100194dc     driver.obj
 0002:000004e0       __real@42a80000            100194e0     driver.obj
 0002:000004e4       __real@43480000            100194e4     driver.obj
 0002:000004e8       __real@7f7fffff            100194e8     driver.obj
 0002:000004ec       __real@bf800000            100194ec     driver.obj
 0002:000004f0       __real@c0400000            100194f0     driver.obj
 0002:000004f4       __real@c0a00000            100194f4     driver.obj
 0002:000004f8       __real@c2480000            100194f8     driver.obj
 0002:000004fc       __real@c47a0000            100194fc     driver.obj
 0002:00000500       __xmm@7fffffffffffffff7fffffffffffffff 10019500     driver.obj
 0002:00000510       __xmm@80000000800000008000000080000000 10019510     driver.obj
 0002:00000524       ??_C@_02GMLFBBN@wb?$AA@    10019524     learn.obj
 0002:00000528       ??_C@_05IBMPCBAC@TORCS?$AA@ 10019528     learn.obj
 0002:00000530       ??_C@_0CC@MKNOJJJI@?$CFsdrivers?1damned?1?$CFd?1race?1?$CFs?4karm@ 10019530     learn.obj
 0002:00000554       ??_C@_0CI@DBMFPFLI@?$CFsdrivers?1damned?1?$CFd?1qualifying?1?$CF@ 10019554     learn.obj
 0002:0000057c       ??_C@_0CG@OJHMPHCF@?$CFsdrivers?1damned?1?$CFd?1practice?1?$CFs?4@ 1001957c     learn.obj
 0002:000005a4       ??_C@_02JDPG@rb?$AA@       100195a4     learn.obj
 0002:000005a8       __real@3e4ccccd            100195a8     learn.obj
 0002:000005ac       __real@447a0000            100195ac     learn.obj
 0002:000005b4       ?FRONTCOLLDIST@Opponent@@0MB 100195b4     opponent.obj
 0002:000005b8       ?BACKCOLLDIST@Opponent@@0MB 100195b8     opponent.obj
 0002:000005bc       ?LENGTH_MARGIN@Opponent@@0MB 100195bc     opponent.obj
 0002:000005c0       ?SIDE_MARGIN@Opponent@@0MB 100195c0     opponent.obj
 0002:000005c4       ?EXACT_DIST@Opponent@@0MB  100195c4     opponent.obj
 0002:000005c8       ?LAP_BACK_TIME_PENALTY@Opponent@@0MB 100195c8     opponent.obj
 0002:000005cc       ?OVERLAP_WAIT_TIME@Opponent@@0MB 100195cc     opponent.obj
 0002:000005d0       ?SPEED_PASS_MARGIN@Opponent@@0MB 100195d0     opponent.obj
 0002:000005d4       __real@41400000            100195d4     opponent.obj
 0002:000005d8       __real@bf000000            100195d8     opponent.obj
 0002:000005dc       __real@c28c0000            100195dc     opponent.obj
 0002:000005e4       ?SPEED_LIMIT_MARGIN@Pit@@0MB 100195e4     pit.obj
 0002:000005e8       __real@4049000000000000    100195e8     pit.obj
 0002:000005f0       __real@bff0000000000000    100195f0     pit.obj
 0002:000005fc       ?MAX_FUEL_PER_METER@SimpleStrategy@@1MB 100195fc     strategy.obj
 0002:00000600       ?PIT_DAMMAGE@SimpleStrategy@@1HB 10019600     strategy.obj
 0002:00000608       ??_7AbstractStrategy@@6B@  10019608     strategy.obj
 0002:00000628       ??_7SimpleStrategy@@6B@    10019628     strategy.obj
 0002:00000644       ??_C@_0L@INFAEAJM@fuelperlap?$AA@ 10019644     strategy.obj
 0002:00000650       ??_C@_09OCIBGKHD@fuel?5tank?$AA@ 10019650     strategy.obj
 0002:0000065c       ??_C@_0N@GEJBANM@initial?5fuel?$AA@ 1001965c     strategy.obj
 0002:0000066c       ??_C@_07KKOJMOPA@pittime?$AA@ 1001966c     strategy.obj
 0002:00000674       ??_C@_07EHKDENCI@bestlap?$AA@ 10019674     strategy.obj
 0002:0000067c       ??_C@_08GJDGJPGC@worstlap?$AA@ 1001967c     strategy.obj
 0002:00000688       __real@3a51b717            10019688     strategy.obj
 0002:0000068c       __real@3e000000            1001968c     strategy.obj
 0002:00000690       __real@3ff8000000000000    10019690     strategy.obj
 0002:0000069c       ??_C@_05JLFELJNP@FATAL?$AA@ 1001969c     ul_vs2008_32:ulError.obj
 0002:000006a4       ??_C@_07KCOHIFOP@WARNING?$AA@ 100196a4     ul_vs2008_32:ulError.obj
 0002:000006ac       ??_C@_05KOLFGEDA@DEBUG?$AA@ 100196ac     ul_vs2008_32:ulError.obj
 0002:000006bc       ??_7bad_alloc@std@@6B@     100196bc     LIBCMT:new.obj
 0002:000006c4       ??_C@_0P@GHFPNOJB@bad?5allocation?$AA@ 100196c4     LIBCMT:new.obj
 0002:00001830       __FPinit                   1001a830     LIBCMT:fpinit.obj
 0002:00002644       ??_7type_info@@6B@         1001b644     LIBCMT:typinfo.obj
 0002:00002698       __pDefaultRawDllMain       1001b698     LIBCMT:dllcrt0.obj
 0002:00002698       __pRawDllMain              1001b698     LIBCMT:dllcrt0.obj
 0002:0000269c       ??_C@_1BI@BGOHAHKC@?$AAm?$AAs?$AAc?$AAo?$AAr?$AAe?$AAe?$AA?4?$AAd?$AAl?$AAl?$AA?$AA@ 1001b69c     LIBCMT:crt0dat.obj
 0002:000026b4       ??_C@_0P@MIGLKIOC@CorExitProcess?$AA@ 1001b6b4     LIBCMT:crt0dat.obj
 0002:000026c8       ??_7exception@std@@6B@     1001b6c8     LIBCMT:stdexcpt.obj
 0002:000026d0       ??_C@_0BC@EOODALEL@Unknown?5exception?$AA@ 1001b6d0     LIBCMT:stdexcpt.obj
 0002:00002704       ??_C@_05KLBDPFGC@e?$CL000?$AA@ 1001b704     LIBCMT:cvt.obj
 0002:0000270c       __pDestructExceptionObject 1001b70c     LIBCMT:frame.obj
 0002:00002714       ??_7bad_exception@std@@6B@ 1001b714     LIBCMT:frame.obj
 0002:0000271c       ??_C@_0O@DPKOEFFH@bad?5exception?$AA@ 1001b71c     LIBCMT:frame.obj
 0002:0000272c       ??_C@_06OJHGLDPL@?$CInull?$CJ?$AA@ 1001b72c     LIBCMT:output.obj
 0002:00002734       ??_C@_1O@CEDCILHN@?$AA?$CI?$AAn?$AAu?$AAl?$AAl?$AA?$CJ?$AA?$AA@ 1001b734     LIBCMT:output.obj
 0002:00002748       ___lookuptable             1001b748     LIBCMT:output.obj
 0002:000027b0       __OP_ATAN2jmptab           1001b7b0     LIBCMT:87triga.obj
 0002:00002898       ??_C@_03MGHMBJCF@log?$AA@  1001b898     LIBCMT:libm_error.obj
 0002:0000289c       ??_C@_05HGHHAHAP@log10?$AA@ 1001b89c     LIBCMT:libm_error.obj
 0002:000028a4       ??_C@_03KHJOGHMM@exp?$AA@  1001b8a4     LIBCMT:libm_error.obj
 0002:000028a8       ??_C@_03JGHBODFD@pow?$AA@  1001b8a8     LIBCMT:libm_error.obj
 0002:000028ac       ??_C@_04FIHNOPOL@asin?$AA@ 1001b8ac     LIBCMT:libm_error.obj
 0002:000028b4       ??_C@_04PDIFKINK@acos?$AA@ 1001b8b4     LIBCMT:libm_error.obj
 0002:000028bc       ??_C@_05EOHGHCHD@exp10?$AA@ 1001b8bc     LIBCMT:libm_error.obj
 0002:000028c4       ??_C@_04MLLJIGOK@atan?$AA@ 1001b8c4     LIBCMT:libm_error.obj
 0002:000028cc       ??_C@_04GFPJNGEK@ceil?$AA@ 1001b8cc     LIBCMT:libm_error.obj
 0002:000028d4       ??_C@_05PBJFFIGL@floor?$AA@ 1001b8d4     LIBCMT:libm_error.obj
 0002:000028dc       ??_C@_04EHEDPDJG@modf?$AA@ 1001b8dc     LIBCMT:libm_error.obj
 0002:000028e4       ??_C@_03BLEJJJBH@sin?$AA@  1001b8e4     LIBCMT:libm_error.obj
 0002:000028e8       ??_C@_03LALBNOCG@cos?$AA@  1001b8e8     LIBCMT:libm_error.obj
 0002:000028ec       ??_C@_03IIINPABG@tan?$AA@  1001b8ec     LIBCMT:libm_error.obj
 0002:000028f0       ??_C@_04EIAKFFMI@sqrt?$AA@ 1001b8f0     LIBCMT:libm_error.obj
 0002:00002918       ??_C@_1FE@LLNEDJMD@?$AAR?$AA6?$AA0?$AA0?$AA8?$AA?$AN?$AA?6?$AA?9?$AA?5?$AAn?$AAo?$AAt?$AA?5?$AAe?$AAn?$AAo?$AAu?$AAg?$AAh?$AA?5?$AAs?$AAp?$AAa?$AAc?$AAe?$AA?5?$AAf?$AAo?$AAr?$AA?5?$AAa?$AAr@ 1001b918     LIBCMT:crt0msg.obj
 0002:00002970       ??_C@_1FI@HONFMGBI@?$AAR?$AA6?$AA0?$AA0?$AA9?$AA?$AN?$AA?6?$AA?9?$AA?5?$AAn?$AAo?$AAt?$AA?5?$AAe?$AAn?$AAo?$AAu?$AAg?$AAh?$AA?5?$AAs?$AAp?$AAa?$AAc?$AAe?$AA?5?$AAf?$AAo?$AAr?$AA?5?$AAe?$AAn@ 1001b970     LIBCMT:crt0msg.obj
 0002:000029c8       ??_C@_1EG@BEHAGFJD@?$AAR?$AA6?$AA0?$AA1?$AA0?$AA?$AN?$AA?6?$AA?9?$AA?5?$AAa?$AAb?$AAo?$AAr?$AAt?$AA?$CI?$AA?$CJ?$AA?5?$AAh?$AAa?$AAs?$AA?5?$AAb?$AAe?$AAe?$AAn?$AA?5?$AAc?$AAa?$AAl?$AAl?$AAe?$AAd@ 1001b9c8     LIBCMT:crt0msg.obj
 0002:00002a10       ??_C@_1FI@LOGNIKDM@?$AAR?$AA6?$AA0?$AA1?$AA6?$AA?$AN?$AA?6?$AA?9?$AA?5?$AAn?$AAo?$AAt?$AA?5?$AAe?$AAn?$AAo?$AAu?$AAg?$AAh?$AA?5?$AAs?$AAp?$AAa?$AAc?$AAe?$AA?5?$AAf?$AAo?$AAr?$AA?5?$AAt?$AAh@ 1001ba10     LIBCMT:crt0msg.obj
 0002:00002a68       ??_C@_1FK@BEOGODMC@?$AAR?$AA6?$AA0?$AA1?$AA7?$AA?$AN?$AA?6?$AA?9?$AA?5?$AAu?$AAn?$AAe?$AAx?$AAp?$AAe?$AAc?$AAt?$AAe?$AAd?$AA?5?$AAm?$AAu?$AAl?$AAt?$AAi?$AAt?$AAh?$AAr?$AAe?$AAa?$AAd?$AA?5@ 1001ba68     LIBCMT:crt0msg.obj
 0002:00002ac8       ??_C@_1EC@JIBHAOPH@?$AAR?$AA6?$AA0?$AA1?$AA8?$AA?$AN?$AA?6?$AA?9?$AA?5?$AAu?$AAn?$AAe?$AAx?$AAp?$AAe?$AAc?$AAt?$AAe?$AAd?$AA?5?$AAh?$AAe?$AAa?$AAp?$AA?5?$AAe?$AAr?$AAr?$AAo?$AAr?$AA?$AN?$AA?6@ 1001bac8     LIBCMT:crt0msg.obj
 0002:00002b10       ??_C@_1FC@ECHBIFBC@?$AAR?$AA6?$AA0?$AA1?$AA9?$AA?$AN?$AA?6?$AA?9?$AA?5?$AAu?$AAn?$AAa?$AAb?$AAl?$AAe?$AA?5?$AAt?$AAo?$AA?5?$AAo?$AAp?$AAe?$AAn?$AA?5?$AAc?$AAo?$AAn?$AAs?$AAo?$AAl?$AAe?$AA?5@ 1001bb10     LIBCMT:crt0msg.obj
 0002:00002b68       ??_C@_1GK@FHCKBEFA@?$AAR?$AA6?$AA0?$AA2?$AA4?$AA?$AN?$AA?6?$AA?9?$AA?5?$AAn?$AAo?$AAt?$AA?5?$AAe?$AAn?$AAo?$AAu?$AAg?$AAh?$AA?5?$AAs?$AAp?$AAa?$AAc?$AAe?$AA?5?$AAf?$AAo?$AAr?$AA?5?$AA_?$AAo@ 1001bb68     LIBCMT:crt0msg.obj
 0002:00002bd8       ??_C@_1EM@MAADIHMB@?$AAR?$AA6?$AA0?$AA2?$AA5?$AA?$AN?$AA?6?$AA?9?$AA?5?$AAp?$AAu?$AAr?$AAe?$AA?5?$AAv?$AAi?$AAr?$AAt?$AAu?$AAa?$AAl?$AA?5?$AAf?$AAu?$AAn?$AAc?$AAt?$AAi?$AAo?$AAn?$AA?5?$AAc@ 1001bbd8     LIBCMT:crt0msg.obj
 0002:00002c28       ??_C@_1GK@MCAAGJMO@?$AAR?$AA6?$AA0?$AA2?$AA6?$AA?$AN?$AA?6?$AA?9?$AA?5?$AAn?$AAo?$AAt?$AA?5?$AAe?$AAn?$AAo?$AAu?$AAg?$AAh?$AA?5?$AAs?$AAp?$AAa?$AAc?$AAe?$AA?5?$AAf?$AAo?$AAr?$AA?5?$AAs?$AAt@ 1001bc28     LIBCMT:crt0msg.obj
 0002:00002c98       ??_C@_1GK@MFGOKLAG@?$AAR?$AA6?$AA0?$AA2?$AA7?$AA?$AN?$AA?6?$AA?9?$AA?5?$AAn?$AAo?$AAt?$AA?5?$AAe?$AAn?$AAo?$AAu?$AAg?$AAh?$AA?5?$AAs?$AAp?$AAa?$AAc?$AAe?$AA?5?$AAf?$AAo?$AAr?$AA?5?$AAl?$AAo@ 1001bc98     LIBCMT:crt0msg.obj
 0002:00002d08       ??_C@_1EK@HHFLMAOL@?$AAR?$AA6?$AA0?$AA2?$AA8?$AA?$AN?$AA?6?$AA?9?$AA?5?$AAu?$AAn?$AAa?$AAb?$AAl?$AAe?$AA?5?$AAt?$AAo?$AA?5?$AAi?$AAn?$AAi?$AAt?$AAi?$AAa?$AAl?$AAi?$AAz?$AAe?$AA?5?$AAh?$AAe@ 1001bd08     LIBCMT:crt0msg.obj
 0002:00002d54       ??_C@_1DO@BMFCDCD@?$AAR?$AA6?$AA0?$AA3?$AA0?$AA?$AN?$AA?6?$AA?9?$AA?5?$AAC?$AAR?$AAT?$AA?5?$AAn?$AAo?$AAt?$AA?5?$AAi?$AAn?$AAi?$AAt?$AAi?$AAa?$AAl?$AAi?$AAz?$AAe?$AAd?$AA?$AN?$AA?6?$AA?$AA@ 1001bd54     LIBCMT:crt0msg.obj
 0002:00002d98       ??_C@_1MG@ENCOOIDF@?$AAR?$AA6?$AA0?$AA3?$AA1?$AA?$AN?$AA?6?$AA?9?$AA?5?$AAA?$AAt?$AAt?$AAe?$AAm?$AAp?$AAt?$AA?5?$AAt?$AAo?$AA?5?$AAi?$AAn?$AAi?$AAt?$AAi?$AAa?$AAl?$AAi?$AAz?$AAe?$AA?5?$AAt@ 1001bd98     LIBCMT:crt0msg.obj
 0002:00002e60       ??_C@_1GG@GOPILAJP@?$AAR?$AA6?$AA0?$AA3?$AA2?$AA?$AN?$AA?6?$AA?9?$AA?5?$AAn?$AAo?$AAt?$AA?5?$AAe?$AAn?$AAo?$AAu?$AAg?$AAh?$AA?5?$AAs?$AAp?$AAa?$AAc?$AAe?$AA?5?$AAf?$AAo?$AAr?$AA?5?$AAl?$AAo@ 1001be60     LIBCMT:crt0msg.obj
 0002:00002ec8       ??_C@_1BOO@KGEDBGAJ@?$AAR?$AA6?$AA0?$AA3?$AA3?$AA?$AN?$AA?6?$AA?9?$AA?5?$AAA?$AAt?$AAt?$AAe?$AAm?$AAp?$AAt?$AA?5?$AAt?$AAo?$AA?5?$AAu?$AAs?$AAe?$AA?5?$AAM?$AAS?$AAI?$AAL?$AA?5?$AAc?$AAo?$AAd@ 1001bec8     LIBCMT:crt0msg.obj
 0002:000030b8       ??_C@_1GG@MKFPEKFO@?$AAR?$AA6?$AA0?$AA3?$AA4?$AA?$AN?$AA?6?$AA?9?$AA?5?$AAi?$AAn?$AAc?$AAo?$AAn?$AAs?$AAi?$AAs?$AAt?$AAe?$AAn?$AAt?$AA?5?$AAo?$AAn?$AAe?$AAx?$AAi?$AAt?$AA?5?$AAb?$AAe?$AAg@ 1001c0b8     LIBCMT:crt0msg.obj
 0002:00003120       ??_C@_1BO@BFCDCGC@?$AAD?$AAO?$AAM?$AAA?$AAI?$AAN?$AA?5?$AAe?$AAr?$AAr?$AAo?$AAr?$AA?$AN?$AA?6?$AA?$AA@ 1001c120     LIBCMT:crt0msg.obj
 0002:00003140       ??_C@_1BK@KMOMNAAI@?$AAS?$AAI?$AAN?$AAG?$AA?5?$AAe?$AAr?$AAr?$AAo?$AAr?$AA?$AN?$AA?6?$AA?$AA@ 1001c140     LIBCMT:crt0msg.obj
 0002:0000315c       ??_C@_1BM@JBBEPPHI@?$AAT?$AAL?$AAO?$AAS?$AAS?$AA?5?$AAe?$AAr?$AAr?$AAo?$AAr?$AA?$AN?$AA?6?$AA?$AA@ 1001c15c     LIBCMT:crt0msg.obj
 0002:00003178       ??_C@_15JNBOKNOG@?$AA?$AN?$AA?6?$AA?$AA@ 1001c178     LIBCMT:crt0msg.obj
 0002:00003180       ??_C@_1BO@BKOMIGKJ@?$AAr?$AAu?$AAn?$AAt?$AAi?$AAm?$AAe?$AA?5?$AAe?$AAr?$AAr?$AAo?$AAr?$AA?5?$AA?$AA@ 1001c180     LIBCMT:crt0msg.obj
 0002:00003258       ??_C@_1FK@PGACCAFB@?$AAR?$AA6?$AA0?$AA0?$AA2?$AA?$AN?$AA?6?$AA?9?$AA?5?$AAf?$AAl?$AAo?$AAa?$AAt?$AAi?$AAn?$AAg?$AA?5?$AAp?$AAo?$AAi?$AAn?$AAt?$AA?5?$AAs?$AAu?$AAp?$AAp?$AAo?$AAr?$AAt?$AA?5@ 1001c258     LIBCMT:crt0msg.obj
 0002:000032b4       ??_C@_1DE@JNGNBFGO@?$AAR?$AAu?$AAn?$AAt?$AAi?$AAm?$AAe?$AA?5?$AAE?$AAr?$AAr?$AAo?$AAr?$AA?$CB?$AA?6?$AA?6?$AAP?$AAr?$AAo?$AAg?$AAr?$AAa?$AAm?$AA?3?$AA?5?$AA?$AA@ 1001c2b4     LIBCMT:crt0msg.obj
 0002:000032e8       ??_C@_1CO@EAEJAADC@?$AA?$DM?$AAp?$AAr?$AAo?$AAg?$AAr?$AAa?$AAm?$AA?5?$AAn?$AAa?$AAm?$AAe?$AA?5?$AAu?$AAn?$AAk?$AAn?$AAo?$AAw?$AAn?$AA?$DO?$AA?$AA@ 1001c2e8     LIBCMT:crt0msg.obj
 0002:00003318       ??_C@_17LGKOMLJ@?$AA?4?$AA?4?$AA?4?$AA?$AA@ 1001c318     LIBCMT:crt0msg.obj
 0002:00003320       ??_C@_15IABLJNFO@?$AA?6?$AA?6?$AA?$AA@ 1001c320     LIBCMT:crt0msg.obj
 0002:00003328       ??_C@_1EK@MBDPDCGA@?$AAM?$AAi?$AAc?$AAr?$AAo?$AAs?$AAo?$AAf?$AAt?$AA?5?$AAV?$AAi?$AAs?$AAu?$AAa?$AAl?$AA?5?$AAC?$AA?$CL?$AA?$CL?$AA?5?$AAR?$AAu?$AAn?$AAt?$AAi?$AAm?$AAe?$AA?5?$AAL?$AAi?$AAb@ 1001c328     LIBCMT:crt0msg.obj
 0002:00003378       __XcptActTab               1001c378     LIBCMT:winxfltr.obj
 0002:00003408       __XcptActTabCount          1001c408     LIBCMT:winxfltr.obj
 0002:0000340c       __XcptActTabSize           1001c40c     LIBCMT:winxfltr.obj
 0002:00003410       __First_FPE_Indx           1001c410     LIBCMT:winxfltr.obj
 0002:00003414       __Num_FPE                  1001c414     LIBCMT:winxfltr.obj
 0002:00003418       ??_C@_1BK@MGMFAEKH@?$AAk?$AAe?$AAr?$AAn?$AAe?$AAl?$AA3?$AA2?$AA?4?$AAd?$AAl?$AAl?$AA?$AA@ 1001c418     LIBCMT:winapisupp.obj
 0002:00003434       ??_C@_08KNHFBNJ@FlsAlloc?$AA@ 1001c434     LIBCMT:winapisupp.obj
 0002:00003440       ??_C@_07PEJMOBNF@FlsFree?$AA@ 1001c440     LIBCMT:winapisupp.obj
 0002:00003448       ??_C@_0M@GDNOONDI@FlsGetValue?$AA@ 1001c448     LIBCMT:winapisupp.obj
 0002:00003454       ??_C@_0M@JCPCPOEF@FlsSetValue?$AA@ 1001c454     LIBCMT:winapisupp.obj
 0002:00003460       ??_C@_0BM@HCFOFFN@InitializeCriticalSectionEx?$AA@ 1001c460     LIBCMT:winapisupp.obj
 0002:0000347c       ??_C@_0BD@KIEEOEEH@CreateSemaphoreExW?$AA@ 1001c47c     LIBCMT:winapisupp.obj
 0002:00003490       ??_C@_0BI@BKLFFAPO@SetThreadStackGuarantee?$AA@ 1001c490     LIBCMT:winapisupp.obj
 0002:000034a8       ??_C@_0BG@OGFAJCKC@CreateThreadpoolTimer?$AA@ 1001c4a8     LIBCMT:winapisupp.obj
 0002:000034c0       ??_C@_0BD@LPLEMMDI@SetThreadpoolTimer?$AA@ 1001c4c0     LIBCMT:winapisupp.obj
 0002:000034d4       ??_C@_0CA@FMNJENH@WaitForThreadpoolTimerCallbacks?$AA@ 1001c4d4     LIBCMT:winapisupp.obj
 0002:000034f4       ??_C@_0BF@DCFCCNOC@CloseThreadpoolTimer?$AA@ 1001c4f4     LIBCMT:winapisupp.obj
 0002:0000350c       ??_C@_0BF@FLABGKKM@CreateThreadpoolWait?$AA@ 1001c50c     LIBCMT:winapisupp.obj
 0002:00003524       ??_C@_0BC@MGCOHNA@SetThreadpoolWait?$AA@ 1001c524     LIBCMT:winapisupp.obj
 0002:00003538       ??_C@_0BE@OCIOMIMP@CloseThreadpoolWait?$AA@ 1001c538     LIBCMT:winapisupp.obj
 0002:0000354c       ??_C@_0BJ@LKGHFHBO@FlushProcessWriteBuffers?$AA@ 1001c54c     LIBCMT:winapisupp.obj
 0002:00003568       ??_C@_0BP@KALKKPMO@FreeLibraryWhenCallbackReturns?$AA@ 1001c568     LIBCMT:winapisupp.obj
 0002:00003588       ??_C@_0BK@DFNBACLA@GetCurrentProcessorNumber?$AA@ 1001c588     LIBCMT:winapisupp.obj
 0002:000035a4       ??_C@_0BP@KHGALBC@GetLogicalProcessorInformation?$AA@ 1001c5a4     LIBCMT:winapisupp.obj
 0002:000035c4       ??_C@_0BE@FKKLLFLM@CreateSymbolicLinkW?$AA@ 1001c5c4     LIBCMT:winapisupp.obj
 0002:000035d8       ??_C@_0BJ@OHNKDLIJ@SetDefaultDllDirectories?$AA@ 1001c5d8     LIBCMT:winapisupp.obj
 0002:000035f4       ??_C@_0BE@LJANKFHF@EnumSystemLocalesEx?$AA@ 1001c5f4     LIBCMT:winapisupp.obj
 0002:00003608       ??_C@_0BA@IHGNDAEB@CompareStringEx?$AA@ 1001c608     LIBCMT:winapisupp.obj
 0002:00003618       ??_C@_0BA@EPCJIIPD@GetDateFormatEx?$AA@ 1001c618     LIBCMT:winapisupp.obj
 0002:00003628       ??_C@_0BA@ONOKGCMP@GetLocaleInfoEx?$AA@ 1001c628     LIBCMT:winapisupp.obj
 0002:00003638       ??_C@_0BA@CIJJKCJJ@GetTimeFormatEx?$AA@ 1001c638     LIBCMT:winapisupp.obj
 0002:00003648       ??_C@_0BJ@PBCCBIPI@GetUserDefaultLocaleName?$AA@ 1001c648     LIBCMT:winapisupp.obj
 0002:00003664       ??_C@_0BC@CELBKLLA@IsValidLocaleName?$AA@ 1001c664     LIBCMT:winapisupp.obj
 0002:00003678       ??_C@_0O@KKBNKAPF@LCMapStringEx?$AA@ 1001c678     LIBCMT:winapisupp.obj
 0002:00003688       ??_C@_0BE@JOGNEJCI@GetCurrentPackageId?$AA@ 1001c688     LIBCMT:winapisupp.obj
 0002:000036a0       __indefinite               1001c6a0     LIBCMT:87disp.obj
 0002:000036aa       __piby2                    1001c6aa     LIBCMT:87disp.obj
 0002:000036d8       __DEFAULT_CW_in_mem        1001c6d8     LIBCMT:common.obj
 0002:000036da       __pi_by_2_to_61            1001c6da     LIBCMT:common.obj
 0002:00008f20       ??_C@_1M@HPNHIDJI@?$AAj?$AAa?$AA?9?$AAJ?$AAP?$AA?$AA@ 10021f20     LIBCMT:mbctype.obj
 0002:00008f2c       ??_C@_1M@BIBDDEMK@?$AAz?$AAh?$AA?9?$AAC?$AAN?$AA?$AA@ 10021f2c     LIBCMT:mbctype.obj
 0002:00008f38       ??_C@_1M@JLOOOEGK@?$AAk?$AAo?$AA?9?$AAK?$AAR?$AA?$AA@ 10021f38     LIBCMT:mbctype.obj
 0002:00008f44       ??_C@_1M@CLNBBOPM@?$AAz?$AAh?$AA?9?$AAT?$AAW?$AA?$AA@ 10021f44     LIBCMT:mbctype.obj
 0002:00008f50       ??_C@_03KOEHGMDN@Sun?$AA@  10021f50     LIBCMT:nlsdata.obj
 0002:00008f54       ??_C@_03PDAGKDH@Mon?$AA@   10021f54     LIBCMT:nlsdata.obj
 0002:00008f58       ??_C@_03NAGEINEP@Tue?$AA@  10021f58     LIBCMT:nlsdata.obj
 0002:00008f5c       ??_C@_03MHOMLAJA@Wed?$AA@  10021f5c     LIBCMT:nlsdata.obj
 0002:00008f60       ??_C@_03IOFIKPDN@Thu?$AA@  10021f60     LIBCMT:nlsdata.obj
 0002:00008f64       ??_C@_03IDIOELNC@Fri?$AA@  10021f64     LIBCMT:nlsdata.obj
 0002:00008f68       ??_C@_03FEFJNEK@Sat?$AA@   10021f68     LIBCMT:nlsdata.obj
 0002:00008f6c       ??_C@_06OOPIFAJ@Sunday?$AA@ 10021f6c     LIBCMT:nlsdata.obj
 0002:00008f74       ??_C@_06JLEDEDGH@Monday?$AA@ 10021f74     LIBCMT:nlsdata.obj
 0002:00008f7c       ??_C@_07BAAGCFCM@Tuesday?$AA@ 10021f7c     LIBCMT:nlsdata.obj
 0002:00008f84       ??_C@_09DLIGFAKA@Wednesday?$AA@ 10021f84     LIBCMT:nlsdata.obj
 0002:00008f90       ??_C@_08HACCIKIA@Thursday?$AA@ 10021f90     LIBCMT:nlsdata.obj
 0002:00008f9c       ??_C@_06JECMNKMI@Friday?$AA@ 10021f9c     LIBCMT:nlsdata.obj
 0002:00008fa4       ??_C@_08INBOOONO@Saturday?$AA@ 10021fa4     LIBCMT:nlsdata.obj
 0002:00008fb0       ??_C@_03JIHJHPIE@Jan?$AA@  10021fb0     LIBCMT:nlsdata.obj
 0002:00008fb4       ??_C@_03HJBDCHOM@Feb?$AA@  10021fb4     LIBCMT:nlsdata.obj
 0002:00008fb8       ??_C@_03ODNJBKGA@Mar?$AA@  10021fb8     LIBCMT:nlsdata.obj
 0002:00008fbc       ??_C@_03LEOLGMJP@Apr?$AA@  10021fbc     LIBCMT:nlsdata.obj
 0002:00008fc0       ??_C@_03CNMDKL@May?$AA@    10021fc0     LIBCMT:nlsdata.obj
 0002:00008fc4       ??_C@_03IDFGHECI@Jun?$AA@  10021fc4     LIBCMT:nlsdata.obj
 0002:00008fc8       ??_C@_03LBGABGKK@Jul?$AA@  10021fc8     LIBCMT:nlsdata.obj
 0002:00008fcc       ??_C@_03IFJFEIGA@Aug?$AA@  10021fcc     LIBCMT:nlsdata.obj
 0002:00008fd0       ??_C@_03GGCAPAJC@Sep?$AA@  10021fd0     LIBCMT:nlsdata.obj
 0002:00008fd4       ??_C@_03BMAOKBAD@Oct?$AA@  10021fd4     LIBCMT:nlsdata.obj
 0002:00008fd8       ??_C@_03JPJOFNIA@Nov?$AA@  10021fd8     LIBCMT:nlsdata.obj
 0002:00008fdc       ??_C@_03MKABNOCG@Dec?$AA@  10021fdc     LIBCMT:nlsdata.obj
 0002:00008fe0       ??_C@_07CGJPFGJA@January?$AA@ 10021fe0     LIBCMT:nlsdata.obj
 0002:00008fe8       ??_C@_08GNJGEPFN@February?$AA@ 10021fe8     LIBCMT:nlsdata.obj
 0002:00008ff4       ??_C@_05HPCKOFNC@March?$AA@ 10021ff4     LIBCMT:nlsdata.obj
 0002:00008ffc       ??_C@_05DMJDNLEJ@April?$AA@ 10021ffc     LIBCMT:nlsdata.obj
 0002:00009004       ??_C@_04CNLMGBGM@June?$AA@ 10022004     LIBCMT:nlsdata.obj
 0002:0000900c       ??_C@_04MIEPOIFP@July?$AA@ 1002200c     LIBCMT:nlsdata.obj
 0002:00009014       ??_C@_06LBBHFDDG@August?$AA@ 10022014     LIBCMT:nlsdata.obj
[...]
 0002:00003704       _infinity                  1001c704     LIBCMT:common.obj
 0002:0000370c       _zero                      1001c70c     LIBCMT:common.obj
 0002:00003720       Shifter                    1001c720     LIBCMT:asin_pentium4.obj
 0002:00003730       Tbl_addr                   1001c730     LIBCMT:asin_pentium4.obj
 0002:00004630       T_table                    1001d630     LIBCMT:asin_pentium4.obj
 0002:00004e30       PI_BY_2                    1001de30     LIBCMT:asin_pentium4.obj
 0002:00004e40       SIGNMASK                   1001de40     LIBCMT:asin_pentium4.obj
 0002:00004e50       HALFMASK                   1001de50     LIBCMT:asin_pentium4.obj
 0002:00004e60       HALFMASK2                  1001de60     LIBCMT:asin_pentium4.obj
 0002:00004e68       cv                         1001de68     LIBCMT:asin_pentium4.obj
 0002:00004e80       cv2                        1001de80     LIBCMT:asin_pentium4.obj
 0002:00004ec0       ABSVALMASK                 1001dec0     LIBCMT:asin_pentium4.obj
 0002:00004ec8       TMASK                      1001dec8     LIBCMT:asin_pentium4.obj
 0002:00004ed0       ONEMASK                    1001ded0     LIBCMT:asin_pentium4.obj
 0002:00004ed8       EMIN                       1001ded8     LIBCMT:asin_pentium4.obj
 0002:00004ee0       MAX_ARG                    1001dee0     LIBCMT:asin_pentium4.obj
 0002:00004ee8       MIN_ARG                    1001dee8     LIBCMT:asin_pentium4.obj
 0002:00004ef0       INF                        1001def0     LIBCMT:asin_pentium4.obj
 0002:00004ef8       ZERO                       1001def8     LIBCMT:asin_pentium4.obj
 0002:00004f00       Shifter                    1001df00     LIBCMT:acos_pentium4.obj
 0002:00004f10       Tbl_addr                   1001df10     LIBCMT:acos_pentium4.obj
 0002:00005e10       T_table                    1001ee10     LIBCMT:acos_pentium4.obj
 0002:00006610       PI_BY_2                    1001f610     LIBCMT:acos_pentium4.obj
 0002:00006620       NEG_PI                     1001f620     LIBCMT:acos_pentium4.obj
 0002:00006630       PI                         1001f630     LIBCMT:acos_pentium4.obj
 0002:00006640       SIGNMASK                   1001f640     LIBCMT:acos_pentium4.obj
 0002:00006650       HALFMASK                   1001f650     LIBCMT:acos_pentium4.obj
 0002:00006660       HALFMASK2                  1001f660     LIBCMT:acos_pentium4.obj
 0002:00006670       cv                         1001f670     LIBCMT:acos_pentium4.obj
 0002:00006690       cv2                        1001f690     LIBCMT:acos_pentium4.obj
 0002:000066d0       ABSVALMASK                 1001f6d0     LIBCMT:acos_pentium4.obj
 0002:000066d8       TMASK                      1001f6d8     LIBCMT:acos_pentium4.obj
 0002:000066e0       ONEMASK                    1001f6e0     LIBCMT:acos_pentium4.obj
 0002:000066e8       ONE_BY_2                   1001f6e8     LIBCMT:acos_pentium4.obj
 0002:000066f0       EMIN                       1001f6f0     LIBCMT:acos_pentium4.obj
 0002:000066f8       MAX_ARG                    1001f6f8     LIBCMT:acos_pentium4.obj
 0002:00006700       MIN_ARG                    1001f700     LIBCMT:acos_pentium4.obj
 0002:00006708       INF                        1001f708     LIBCMT:acos_pentium4.obj
 0002:00006710       ZERO                       1001f710     LIBCMT:acos_pentium4.obj
 0002:00006718       ALPHA                      1001f718     LIBCMT:acos_pentium4.obj
 0002:00006720       Ctable                     1001f720     LIBCMT:sin_pentium4.obj
 0002:00006f20       SC_1                       1001ff20     LIBCMT:sin_pentium4.obj
 0002:00006f30       SC_2                       1001ff30     LIBCMT:sin_pentium4.obj
 0002:00006f40       SC_3                       1001ff40     LIBCMT:sin_pentium4.obj
 0002:00006f50       SC_4                       1001ff50     LIBCMT:sin_pentium4.obj
 0002:00006f60       PI32INV                    1001ff60     LIBCMT:sin_pentium4.obj
 0002:00006f68       SHIFTER                    1001ff68     LIBCMT:sin_pentium4.obj
 0002:00006f70       P_2                        1001ff70     LIBCMT:sin_pentium4.obj
 0002:00006f80       P_1                        1001ff80     LIBCMT:sin_pentium4.obj
 0002:00006f88       P_3                        1001ff88     LIBCMT:sin_pentium4.obj
 0002:00006f90       TWO_POW_55                 1001ff90     LIBCMT:sin_pentium4.obj
 0002:00006f98       TWO_POW_M55                1001ff98     LIBCMT:sin_pentium4.obj
 0002:00006fa0       ALL_ONES                   1001ffa0     LIBCMT:sin_pentium4.obj
 0002:00006fa8       NEG_ZERO                   1001ffa8     LIBCMT:sin_pentium4.obj
 0002:00006fb0       ONE                        1001ffb0     LIBCMT:sin_pentium4.obj
 0002:00006fc0       Ctable                     1001ffc0     LIBCMT:cos_pentium4.obj
 0002:000077c0       SC_1                       100207c0     LIBCMT:cos_pentium4.obj
 0002:000077d0       SC_2                       100207d0     LIBCMT:cos_pentium4.obj
 0002:000077e0       SC_3                       100207e0     LIBCMT:cos_pentium4.obj
 0002:000077f0       SC_4                       100207f0     LIBCMT:cos_pentium4.obj
 0002:00007800       PI32INV                    10020800     LIBCMT:cos_pentium4.obj
 0002:00007808       SHIFTER                    10020808     LIBCMT:cos_pentium4.obj
 0002:00007810       P_2                        10020810     LIBCMT:cos_pentium4.obj
 0002:00007820       P_1                        10020820     LIBCMT:cos_pentium4.obj
 0002:00007828       P_3                        10020828     LIBCMT:cos_pentium4.obj
 0002:00007830       TWO_POW_55                 10020830     LIBCMT:cos_pentium4.obj
 0002:00007838       TWO_POW_M55                10020838     LIBCMT:cos_pentium4.obj
 0002:00007840       ALL_ONES                   10020840     LIBCMT:cos_pentium4.obj
 0002:00007848       NEG_ZERO                   10020848     LIBCMT:cos_pentium4.obj
 0002:00007850       ONE                        10020850     LIBCMT:cos_pentium4.obj
 0002:00007860       SIGN_MASK                  10020860     LIBCMT:cos_pentium4.obj
 0002:00007870       Ctable                     10020870     LIBCMT:tan_pentium4.obj
 0002:00008e70       PI32INV                    10021e70     LIBCMT:tan_pentium4.obj
 0002:00008e80       SHIFTER                    10021e80     LIBCMT:tan_pentium4.obj
 0002:00008e90       P_1                        10021e90     LIBCMT:tan_pentium4.obj
 0002:00008ea0       P_2                        10021ea0     LIBCMT:tan_pentium4.obj
 0002:00008eb0       P_3                        10021eb0     LIBCMT:tan_pentium4.obj
 0002:00008ec0       QQ_2                       10021ec0     LIBCMT:tan_pentium4.obj
 0002:00008ec8       ONE                        10021ec8     LIBCMT:tan_pentium4.obj
 0002:00008ed0       MASK_35                    10021ed0     LIBCMT:tan_pentium4.obj
 0002:00008ee0       sign_mask                  10021ee0     LIBCMT:tan_pentium4.obj
 0002:00008ee8       TWO_POW_55                 10021ee8     LIBCMT:tan_pentium4.obj
 0002:00008ef0       TWO_POW_M55                10021ef0     LIBCMT:tan_pentium4.obj
 0002:00008ef8       TWO_POW_M53                10021ef8     LIBCMT:tan_pentium4.obj
 0002:00008f00       INF                        10021f00     LIBCMT:tan_pentium4.obj
 0002:00008f10       __mb_locale_names          10021f10     LIBCMT:mbctype.obj
 0002:000092ac       _GS_ExceptionPointers      100222ac     LIBCMT:gs_report.obj
 0002:000092c0       smask                      100222c0     LIBCMT:exp_pentium4.obj
 0002:000092d0       emask                      100222d0     LIBCMT:exp_pentium4.obj
 0002:000092e0       mmask                      100222e0     LIBCMT:exp_pentium4.obj
 0002:000092f0       bias                       100222f0     LIBCMT:exp_pentium4.obj
 0002:00009300       Shifter                    10022300     LIBCMT:exp_pentium4.obj
 0002:00009310       twom60                     10022310     LIBCMT:exp_pentium4.obj
 0002:00009320       cv                         10022320     LIBCMT:exp_pentium4.obj
 0002:00009370       Tbl_addr                   10022370     LIBCMT:exp_pentium4.obj
 0002:00009770       ONE_val                    10022770     LIBCMT:exp_pentium4.obj
 0002:00009778       EMIN                       10022778     LIBCMT:exp_pentium4.obj
 0002:00009780       MAX_ARG                    10022780     LIBCMT:exp_pentium4.obj
 0002:00009788       MIN_ARG                    10022788     LIBCMT:exp_pentium4.obj
 0002:00009790       INF                        10022790     LIBCMT:exp_pentium4.obj
 0002:00009798       ZERO                       10022798     LIBCMT:exp_pentium4.obj
 0002:000097a0       XMAX                       100227a0     LIBCMT:exp_pentium4.obj
 0002:000097a8       XMIN                       100227a8     LIBCMT:exp_pentium4.obj
 0002:000097b0       Sm_Thres                   100227b0     LIBCMT:exp_pentium4.obj
 0002:000097b8       Del_Thres                  100227b8     LIBCMT:exp_pentium4.obj
 0002:000097de       _log2max                   100227de     LIBCMT:87tran.obj
 0002:000097e8       _smallarg                  100227e8     LIBCMT:87tran.obj
 0002:000097f2       _half                      100227f2     LIBCMT:87tran.obj
 0002:00009820       emask                      10022820     LIBCMT:log_pentium4.obj
 0002:00009830       Magic                      10022830     LIBCMT:log_pentium4.obj
 0002:00009840       hi_mask                    10022840     LIBCMT:log_pentium4.obj
 0002:00009850       LOG_2                      10022850     LIBCMT:log_pentium4.obj
 0002:00009860       place_L                    10022860     LIBCMT:log_pentium4.obj
 0002:00009880       One                        10022880     LIBCMT:log_pentium4.obj
 0002:00009890       Zero                       10022890     LIBCMT:log_pentium4.obj
 0002:000098a0       Two52                      100228a0     LIBCMT:log_pentium4.obj
 0002:000098b0       Infs                       100228b0     LIBCMT:log_pentium4.obj
 0002:000098c0       NaN                        100228c0     LIBCMT:log_pentium4.obj
 0002:000098d0       coeff                      100228d0     LIBCMT:log_pentium4.obj
 0002:00009900       B_Tbl                      10022900     LIBCMT:log_pentium4.obj
 0002:00009d10       T_Tbl                      10022d10     LIBCMT:log_pentium4.obj
 0002:0000a120       _tokenTable                10023120     LIBCMT:undname.obj
 0002:0000a154       _rttiTable                 10023154     LIBCMT:undname.obj
 0002:0000a168       _nameTable                 10023168     LIBCMT:undname.obj
 0002:0000ca20       __first_127char            10025a20     LIBCMT:wsetloca.obj
 0002:0000d588       __unwindtable$?InitFuncPt@@YAHHPAX@Z 10026588     damned.obj
 0002:0000d590       __ehfuncinfo$?InitFuncPt@@YAHHPAX@Z 10026590     damned.obj
 0002:0000d5b4       __unwindtable$?initTrack@Driver@@QAEXPAUtTrack@@PAXPAPAXPAUSituation@@@Z 100265b4     driver.obj
 0002:0000d5bc       __unwindtable$?newRace@Driver@@QAEXPAUCarElt@@PAUSituation@@@Z 100265bc     driver.obj
 0002:0000d5dc       __ehfuncinfo$?newRace@Driver@@QAEXPAUCarElt@@PAUSituation@@@Z 100265dc     driver.obj
 0002:0000d600       __ehfuncinfo$?initTrack@Driver@@QAEXPAUtTrack@@PAXPAPAXPAUSituation@@@Z 10026600     driver.obj
 0002:0000d624       __unwindtable$??0Pit@@QAE@PAUSituation@@PAVDriver@@@Z 10026624     pit.obj
 0002:0000d62c       __ehfuncinfo$??0Pit@@QAE@PAUSituation@@PAVDriver@@@Z 1002662c     pit.obj
 0002:0000d6a8       __sehtable$_fclose         100266a8     LIBCMT:fclose.obj
 0002:0000d6c8       __sehtable$__fsopen        100266c8     LIBCMT:fopen.obj
 0002:0000d6e8       __sehtable$_fread_s        100266e8     LIBCMT:fread.obj
 0002:0000d708       __sehtable$_fwrite         10026708     LIBCMT:fwrite.obj
 0002:0000d728       __sehtable$__CRT_INIT@12   10026728     LIBCMT:dllcrt0.obj
 0002:0000d748       __sehtable$___DllMainCRTStartup 10026748     LIBCMT:dllcrt0.obj
 0002:0000d768       __sehtable$_doexit         10026768     LIBCMT:crt0dat.obj
 0002:0000d788       __sehtable$__freefls@4     10026788     LIBCMT:tidtable.obj
 0002:0000d7b0       __sehtable$__initptd       100267b0     LIBCMT:tidtable.obj
 0002:0000d7d8       __sehtable$?terminate@@YAXXZ 100267d8     LIBCMT:hooks.obj
 0002:0000d7f8       __sehtable$?_inconsistency@@YAXXZ 100267f8     LIBCMT:hooks.obj
 0002:0000d818       __sehtable$___FrameUnwindToState 10026818     LIBCMT:frame.obj
 0002:0000d840       __sehtable$?CallCatchBlock@@YAPAXPAUEHExceptionRecord@@PAUEHRegistrationNode@@PAU_CONTEXT@@PBU_s_FuncInfo@@PAXHK@Z 10026840     LIBCMT:frame.obj
 0002:0000d868       __sehtable$___BuildCatchObject 10026868     LIBCMT:frame.obj
 0002:0000d888       __sehtable$___DestructExceptionObject 10026888     LIBCMT:frame.obj
 0002:0000d8a4       __catchsym$?CallUnexpected@@YAXPBU_s_ESTypeList@@@Z$2 100268a4     LIBCMT:frame.obj
 0002:0000d8b4       __unwindtable$?CallUnexpected@@YAXPBU_s_ESTypeList@@@Z 100268b4     LIBCMT:frame.obj
 0002:0000d8c4       __tryblocktable$?CallUnexpected@@YAXPBU_s_ESTypeList@@@Z 100268c4     LIBCMT:frame.obj
 0002:0000d8d8       __ehfuncinfo$?CallUnexpected@@YAXPBU_s_ESTypeList@@@Z 100268d8     LIBCMT:frame.obj
 0002:0000d900       __sehtable$___BuildCatchObjectHelper 10026900     LIBCMT:frame.obj
 0002:0000d958       __sehtable$?_Type_info_dtor@type_info@@CAXPAV1@@Z 10026958     LIBCMT:typname.obj
 0002:0000d978       __sehtable$__close         10026978     LIBCMT:close.obj
 0002:0000d998       __sehtable$_flsall         10026998     LIBCMT:fflush.obj
 0002:0000d9c0       __sehtable$__getstream     100269c0     LIBCMT:stream.obj
 0002:0000d9e0       __sehtable$__read          100269e0     LIBCMT:read.obj
 0002:0000da00       __sehtable$__write         10026a00     LIBCMT:write.obj
 0002:0000da20       __sehtable$__ioinit        10026a20     LIBCMT:ioinit.obj
 0002:0000da40       __sehtable$__mtinitlocknum 10026a40     LIBCMT:mlock.obj
 0002:0000da60       __sehtable$__IsNonwritableInCurrentImage 10026a60     LIBCMT:pesect.obj
 0002:0000da80       __sehtable$__onexit        10026a80     LIBCMT:onexit.obj
 0002:0000daa0       __sehtable$_raise          10026aa0     LIBCMT:winsig.obj
 0002:0000dac0       __sehtable$___updatetmbcinfo 10026ac0     LIBCMT:mbctype.obj
 0002:0000dae0       __sehtable$__setmbcp       10026ae0     LIBCMT:mbctype.obj
 0002:0000db00       __sehtable$__fcloseall     10026b00     LIBCMT:closeall.obj
 0002:0000db20       __sehtable$___updatetlocinfo 10026b20     LIBCMT:localref.obj
 0002:0000db40       __sehtable$__lseeki64      10026b40     LIBCMT:lseeki64.obj
 0002:0000db60       __sehtable$__alloc_osfhnd  10026b60     LIBCMT:osfinfo.obj
 0002:0000db88       __sehtable$___lock_fhandle 10026b88     LIBCMT:osfinfo.obj
 0002:0000dba8       __sehtable$__commit        10026ba8     LIBCMT:commit.obj
 0002:0000dbc8       __sehtable$__sopen_helper  10026bc8     LIBCMT:open.obj
 0002:0000dbe8       __sehtable$___set_fpsr_sse2 10026be8     LIBCMT:fpctrl.obj
 0002:0000dc08       __sehtable$__locterm       10026c08     LIBCMT:wsetloca.obj
 0002:0000de36       .idata$6                   10026e36     tgf:tgf.dll
 0002:0000de62       .idata$6                   10026e62     robottools:robottools.dll
 0002:0000e356       .idata$6                   10027356     kernel32:KERNEL32.dll
 0002:0000e370       .edata                     10027370     damned.exp
 0002:0000e398       rgpv                       10027398     damned.exp
 0002:0000e39c       rgszName                   1002739c     damned.exp
 0002:0000e3a0       rgwOrd                     100273a0     damned.exp
 0002:0000e3a2       szName                     100273a2     damned.exp
 0002:0000e3ad       $N00001                    100273ad     damned.exp
 0003:00000000       _botname                   10028000     damned.obj
 0003:00000028       _botdesc                   10028028     damned.obj
 0003:000000d0       __ulSeverityText           100280d0     ul_vs2008_32:ulError.obj
 0003:00000150       _NAME_                     10028150     LIBCMT:sqrt.obj
 0003:00000160       _NAME_                     10028160     LIBCMT:asin.obj
 0003:00000170       _NAME_                     10028170     LIBCMT:acos.obj
 0003:00000180       _NAME_                     10028180     LIBCMT:sin.obj
 0003:00000190       _NAME_                     10028190     LIBCMT:cos.obj
 0003:000001a0       _NAME_                     100281a0     LIBCMT:tan.obj
 0003:00000498       _errtable                  10028498     LIBCMT:dosmap.obj
 0003:00000600       _ErrnoNoMem                10028600     LIBCMT:dosmap.obj
 0003:00000604       _DoserrorNoMem             10028604     LIBCMT:dosmap.obj
 0003:00000610       LOG_name                   10028610     LIBCMT:log.obj
 0003:00000724       _newcw                     10028724     LIBCMT:ceil.obj
 0003:00000768       ?isPackaged@?1??__crtIsPackagedApp@@9@9 10028768     LIBCMT:winapisupp.obj
 0003:00000770       __locktable                10028770     LIBCMT:mlock.obj
 0003:00000894       ___rgctypeflag             10028894     LIBCMT:mbctype.obj
 0003:00000898       ___rgcode_page_info        10028898     LIBCMT:mbctype.obj
 0003:00001000       ?_names@?1??_get_fname@@9@9 10029000     LIBCMT:fpexcept.obj
 0003:00001110       _over                      10029110     LIBCMT:fpctrl.obj
 0003:0000111c       _under                     1002911c     LIBCMT:fpctrl.obj
 0003:00001128       ?__DAZ_ENABLED@?1??__set_fpsr_sse2@@9@9 10029128     LIBCMT:fpctrl.obj
 0003:0000118c       __ctype_loc_style          1002918c     LIBCMT:wsetloca.obj
 0003:00001190       _DoubleFormat              10029190     LIBCMT:intrncvt.obj
 0003:000011a8       _FloatFormat               100291a8     LIBCMT:intrncvt.obj
 0003:000014a0       _driver                    100294a0     damned.obj
 0003:000014e0       __ulErrorBuffer            100294e0     ul_vs2008_32:ulError.obj
 0003:000018e0       __ulErrorCB                100298e0     ul_vs2008_32:ulError.obj
 0003:000018e8       ___proc_attached           100298e8     LIBCMT:dllcrt0.obj
 0003:00001940       __pmatherr_set             10029940     LIBCMT:libm_error.obj
 0003:00001944       ___type_info_root_node     10029944     LIBCMT:typname.obj
 0003:00001958       ?outmsg@?8??_NMSG_WRITE@@9@9 10029958     LIBCMT:crt0msg.obj
 0003:00002088       ?_pgmname@?1??_setargv@@9@9 1002a088     LIBCMT:stdargv.obj
 0003:00002198       _lclcritsects              1002a198     LIBCMT:mlock.obj
 0003:000022e8       _g_pfnRtlGenRandom         1002a2e8     LIBCMT:rand_s.obj
 0003:000022ec       _ctrlc_action              1002a2ec     LIBCMT:winsig.obj
 0003:000022f0       _ctrlbreak_action          1002a2f0     LIBCMT:winsig.obj
 0003:000022f4       _abort_action              1002a2f4     LIBCMT:winsig.obj
 0003:000022f8       _term_action               1002a2f8     LIBCMT:winsig.obj
 0003:000022fc       _ConsoleCtrlHandler_Installed 1002a2fc     LIBCMT:winsig.obj
 0003:00002318       _fSystemSet                1002a318     LIBCMT:mbctype.obj
 0003:00002330       _GS_ExceptionRecord        1002a330     LIBCMT:gs_report.obj
 0003:00002380       _GS_ContextRecord          1002a380     LIBCMT:gs_report.obj
 0003:0000264c       _DebuggerWasPresent        1002a64c     LIBCMT:gs_report.obj
 0003:00002650       ___enable_percent_n        1002a650     LIBCMT:printf.obj
 0003:0000267c       _heap                      1002a67c     LIBCMT:undname.obj
 0003:00002698       ?pfnMessageBox@?1??__crtMessageBoxW@@9@9 1002a698     LIBCMT:crtmboxw.obj
 0003:0000269c       ?pfnGetActiveWindow@?1??__crtMessageBoxW@@9@9 1002a69c     LIBCMT:crtmboxw.obj
 0003:000026a0       ?pfnGetLastActivePopup@?1??__crtMessageBoxW@@9@9 1002a6a0     LIBCMT:crtmboxw.obj
 0003:000026a4       ?pfnGetProcessWindowStation@?1??__crtMessageBoxW@@9@9 1002a6a4     LIBCMT:crtmboxw.obj
 0003:000026a8       ?pfnGetUserObjectInformation@?1??__crtMessageBoxW@@9@9 1002a6a8     LIBCMT:crtmboxw.obj
 0003:000026ac       ___crtCallProc             1002a6ac     LIBCMT:winapinls.obj
