 ANN_Bot_2

 Timestamp is 51ba5133 (Fri Jun 14 01:09:39 2013)

 Preferred load address is 10000000

 Start         Length     Name                   Class
 0001:00000000 0007d2a4H .text                   CODE
 0001:0007d2b0 00000983H .text$x                 CODE
 0001:0007dc40 0000036dH .text$yc                CODE
 0001:0007dfb0 000000cfH .text$yd                CODE
 0002:00000000 000001e0H .idata$5                DATA
 0002:000001e0 00000004H .CRT$XCA                DATA
 0002:000001e4 00000004H .CRT$XCC                DATA
 0002:000001e8 00000058H .CRT$XCU                DATA
 0002:00000240 00000004H .CRT$XCZ                DATA
 0002:00000244 00000004H .CRT$XIA                DATA
 0002:00000248 00000014H .CRT$XIC                DATA
 0002:0000025c 00000004H .CRT$XIZ                DATA
 0002:00000260 00000004H .CRT$XPA                DATA
 0002:00000264 00000008H .CRT$XPX                DATA
 0002:0000026c 00000004H .CRT$XPXA               DATA
 0002:00000270 00000004H .CRT$XPZ                DATA
 0002:00000274 00000004H .CRT$XTA                DATA
 0002:00000278 00000004H .CRT$XTZ                DATA
 0002:00000280 0001e190H .rdata                  DATA
 0002:0001e410 00000088H .rdata$debug            DATA
 0002:0001e498 00000854H .rdata$r                DATA
 0002:0001ecf0 000000d8H .rdata$sxdata           DATA
 0002:0001edc8 00000004H .rtc$IAA                DATA
 0002:0001edcc 00000028H .rtc$IMZ                DATA
 0002:0001edf4 00000004H .rtc$IZZ                DATA
 0002:0001edf8 00000004H .rtc$TAA                DATA
 0002:0001edfc 00000028H .rtc$TMZ                DATA
 0002:0001ee24 00000004H .rtc$TZZ                DATA
 0002:0001ee28 000017fcH .xdata$x                DATA
 0002:00020624 00000050H .idata$2                DATA
 0002:00020674 00000014H .idata$3                DATA
 0002:00020688 000001e0H .idata$4                DATA
 0002:00020868 000008b8H .idata$6                DATA
 0002:00021120 0000004aH .edata                  DATA
 0003:00000000 00001c60H .data                   DATA
 0003:00001c60 00004498H .bss                    DATA

  Address         Publics by Value              Rva+Base       Lib:Object

 0000:00000000       __except_list              00000000     <absolute>
 0000:00000036       ___safe_se_handler_count   00000036     <absolute>
 0000:00000000       ___ImageBase               10000000     <linker-defined>
 0001:00000000       ?sigmoid@CBackProp@@AAENN@Z 10001000 f   BackProp.obj
 0001:00000070       ??1CBackProp@@QAE@XZ       10001070 f   BackProp.obj
 0001:000002c0       ??0CBackProp@@QAE@HPAHNN@Z 100012c0 f   BackProp.obj
 0001:000007d0       ?bpgt@CBackProp@@QAEXPAN0@Z 100017d0 f   BackProp.obj
 0001:00000cc0       ?ffwd@CBackProp@@QAEXPAN@Z 10001cc0 f   BackProp.obj
 0001:00000e50       ?mse@CBackProp@@QBENPAN@Z  10001e50 f   BackProp.obj
 0001:00000f20       ?Out@CBackProp@@QBENH@Z    10001f20 f   BackProp.obj
 0001:00000f50       ?WriteWeights@CBackProp@@QAEXPBD@Z 10001f50 f   BackProp.obj
 0001:00001080       ?ReadWeights@CBackProp@@QAEXPBD@Z 10002080 f   BackProp.obj
 0001:00001200       ??$_Allocate@D@std@@YAPADIPAD@Z 10002200 f i BackProp.obj
 0001:00001250       ??$_Allocate@U_Container_proxy@std@@@std@@YAPAU_Container_proxy@0@IPAU10@@Z 10002250 f i BackProp.obj
 0001:000012b0       ??$_Debug_pointer@D@std@@YAXPBDPB_WI@Z 100022b0 f i BackProp.obj
 0001:000012e0       ??$addressof@D@std@@YAPADAAD@Z 100022e0 f i BackProp.obj
 0001:000012f0       ??$construct@PADAAPAD@?$_Wrap_alloc@V?$allocator@D@std@@@std@@QAEXPAPADAAPAD@Z 100022f0 f i BackProp.obj
 0001:00001330       ??$construct@PADAAPAD@?$allocator@D@std@@QAEXPAPADAAPAD@Z 10002330 f i BackProp.obj
 0001:000013e0       ??$construct@PADAAPAD@?$allocator_traits@V?$allocator@D@std@@@std@@SAXAAV?$allocator@D@1@PAPADAAPAD@Z 100023e0 f i BackProp.obj
 0001:00001410       ??$construct@U_Container_proxy@std@@U12@@?$allocator@U_Container_proxy@std@@@std@@QAEXPAU_Container_proxy@1@$$QAU21@@Z 10002410 f i BackProp.obj
 0001:000014c0       ??$destroy@PAD@?$_Wrap_alloc@V?$allocator@D@std@@@std@@QAEXPAPAD@Z 100024c0 f i BackProp.obj
 0001:000014f0       ??$destroy@PAD@?$allocator@D@std@@QAEXPAPAD@Z 100024f0 f i BackProp.obj
 0001:00001510       ??$destroy@PAD@?$allocator_traits@V?$allocator@D@std@@@std@@SAXAAV?$allocator@D@1@PAPAD@Z 10002510 f i BackProp.obj
 0001:00001530       ??$destroy@U_Container_proxy@std@@@?$allocator@U_Container_proxy@std@@@std@@QAEXPAU_Container_proxy@1@@Z 10002530 f i BackProp.obj
 0001:00001550       ??$forward@AAPAD@std@@YAAAPADAAPAD@Z 10002550 f i BackProp.obj
 0001:00001560       ??$forward@U_Container_proxy@std@@@std@@YA$$QAU_Container_proxy@0@AAU10@@Z 10002560 f i BackProp.obj
 0001:00001570       ??0?$_String_alloc@$0A@U?$_String_base_types@DV?$allocator@D@std@@@std@@@std@@QAE@ABV?$allocator@D@1@@Z 10002570 f i BackProp.obj
 0001:000015e0       ??0?$_String_val@U?$_Simple_types@D@std@@@std@@QAE@XZ 100025e0 f i BackProp.obj
 0001:00001620       ??0?$_Wrap_alloc@V?$allocator@D@std@@@std@@QAE@XZ 10002620 f i BackProp.obj
 0001:00001650       ??0?$allocator@D@std@@QAE@XZ 10002650 f i BackProp.obj
 0001:00001670       ??0?$allocator@U_Container_proxy@std@@@std@@QAE@XZ 10002670 f i BackProp.obj
 0001:00001690       ??0?$basic_string@DU?$char_traits@D@std@@V?$allocator@D@2@@std@@QAE@PBD@Z 10002690 f i BackProp.obj
 0001:00001720       ??0_Container_base12@std@@QAE@XZ 10002720 f i BackProp.obj
 0001:00001740       ??0_Container_proxy@std@@QAE@XZ 10002740 f i BackProp.obj
 0001:00001770       ??0_Generic_error_category@std@@QAE@XZ 10002770 f i BackProp.obj
 0001:000017a0       ??0_Iostream_error_category@std@@QAE@XZ 100027a0 f i BackProp.obj
 0001:000017d0       ??0_System_error_category@std@@QAE@XZ 100027d0 f i BackProp.obj
 0001:00001800       ??0error_category@std@@QAE@XZ 10002800 f i BackProp.obj
 0001:00001820       ??0error_condition@std@@QAE@HABVerror_category@1@@Z 10002820 f i BackProp.obj
 0001:00001850       ??1?$_String_alloc@$0A@U?$_String_base_types@DV?$allocator@D@std@@@std@@@std@@QAE@XZ 10002850 f i BackProp.obj
 0001:00001880       ??1?$_String_val@U?$_Simple_types@D@std@@@std@@QAE@XZ 10002880 f i BackProp.obj
 0001:000018b0       ??1_Container_base12@std@@QAE@XZ 100028b0 f i BackProp.obj
 0001:000018e0       ??1_Generic_error_category@std@@UAE@XZ 100028e0 f i BackProp.obj
 0001:00001910       ??1_Iostream_error_category@std@@UAE@XZ 10002910 f i BackProp.obj
 0001:00001940       ??1_System_error_category@std@@UAE@XZ 10002940 f i BackProp.obj
 0001:00001970       ??1error_category@std@@UAE@XZ 10002970 f i BackProp.obj
 0001:00001990       ??2@YAPAXIPAX@Z            10002990 f i BackProp.obj
 0001:000019a0       ??3@YAXPAX0@Z              100029a0 f i BackProp.obj
 0001:000019b0       ??8error_category@std@@QBE_NABV01@@Z 100029b0 f i BackProp.obj
 0001:000019f0       ??8error_condition@std@@QBE_NABV01@@Z 100029f0 f i BackProp.obj
 0001:00001a70       ??_E_Generic_error_category@std@@UAEPAXI@Z 10002a70 f i BackProp.obj
 0001:00001a70       ??_G_Generic_error_category@std@@UAEPAXI@Z 10002a70 f i BackProp.obj
 0001:00001ab0       ??_E_Iostream_error_category@std@@UAEPAXI@Z 10002ab0 f i BackProp.obj
 0001:00001ab0       ??_G_Iostream_error_category@std@@UAEPAXI@Z 10002ab0 f i BackProp.obj
 0001:00001af0       ??_E_System_error_category@std@@UAEPAXI@Z 10002af0 f i BackProp.obj
 0001:00001af0       ??_G_System_error_category@std@@UAEPAXI@Z 10002af0 f i BackProp.obj
 0001:00001b30       ??_Eerror_category@std@@UAEPAXI@Z 10002b30 f i BackProp.obj
 0001:00001b30       ??_Gerror_category@std@@UAEPAXI@Z 10002b30 f i BackProp.obj
 0001:00001b70       ?_Alloc_proxy@?$_String_alloc@$0A@U?$_String_base_types@DV?$allocator@D@std@@@std@@@std@@QAEXXZ 10002b70 f i BackProp.obj
 0001:00001c10       ?_Copy@?$basic_string@DU?$char_traits@D@std@@V?$allocator@D@2@@std@@QAEXII@Z 10002c10 f i BackProp.obj
 0001:00001e10       ?_Eos@?$basic_string@DU?$char_traits@D@std@@V?$allocator@D@2@@std@@QAEXI@Z 10002e10 f i BackProp.obj
 0001:00001e60       ?_Free_proxy@?$_String_alloc@$0A@U?$_String_base_types@DV?$allocator@D@std@@@std@@@std@@QAEXXZ 10002e60 f i BackProp.obj
 0001:00001ef0       ?_Getal@?$_String_alloc@$0A@U?$_String_base_types@DV?$allocator@D@std@@@std@@@std@@QBE?AU?$_Wrap_alloc@V?$allocator@D@std@@@2@XZ 10002ef0 f i BackProp.obj
 0001:00001f20       ?_Grow@?$basic_string@DU?$char_traits@D@std@@V?$allocator@D@2@@std@@QAE_NI_N@Z 10002f20 f i BackProp.obj
 0001:00001ff0       ?_Inside@?$basic_string@DU?$char_traits@D@std@@V?$allocator@D@2@@std@@QAE_NPBD@Z 10002ff0 f i BackProp.obj
 0001:00002040       ?_Myptr@?$_String_val@U?$_Simple_types@D@std@@@std@@QAEPADXZ 10003040 f i BackProp.obj
 0001:00002090       ?_Myptr@?$_String_val@U?$_Simple_types@D@std@@@std@@QBEPBDXZ 10003090 f i BackProp.obj
 0001:000020e0       ?_Orphan_all@_Container_base12@std@@QAEXXZ 100030e0 f i BackProp.obj
 0001:00002190       ?_Tidy@?$basic_string@DU?$char_traits@D@std@@V?$allocator@D@2@@std@@QAEX_NI@Z 10003190 f i BackProp.obj
 0001:00002260       ?_Xlen@?$basic_string@DU?$char_traits@D@std@@V?$allocator@D@2@@std@@QBEXXZ 10003260 f i BackProp.obj
 0001:00002290       ?_Xran@?$basic_string@DU?$char_traits@D@std@@V?$allocator@D@2@@std@@QBEXXZ 10003290 f i BackProp.obj
 0001:000022c0       ?allocate@?$_Wrap_alloc@V?$allocator@D@std@@@std@@QAEPADI@Z 100032c0 f i BackProp.obj
 0001:000022f0       ?allocate@?$allocator@D@std@@QAEPADI@Z 100032f0 f i BackProp.obj
 0001:00002320       ?allocate@?$allocator@U_Container_proxy@std@@@std@@QAEPAU_Container_proxy@2@I@Z 10003320 f i BackProp.obj
 0001:00002350       ?assign@?$basic_string@DU?$char_traits@D@std@@V?$allocator@D@2@@std@@QAEAAV12@ABV12@II@Z 10003350 f i BackProp.obj
 0001:00002420       ?assign@?$basic_string@DU?$char_traits@D@std@@V?$allocator@D@2@@std@@QAEAAV12@PBD@Z 10003420 f i BackProp.obj
 0001:00002470       ?assign@?$basic_string@DU?$char_traits@D@std@@V?$allocator@D@2@@std@@QAEAAV12@PBDI@Z 10003470 f i BackProp.obj
 0001:00002520       ?assign@?$char_traits@D@std@@SAXAADABD@Z 10003520 f i BackProp.obj
 0001:00002530       ?category@error_code@std@@QBEABVerror_category@2@XZ 10003530 f i BackProp.obj
 0001:00002550       ?category@error_condition@std@@QBEABVerror_category@2@XZ 10003550 f i BackProp.obj
 0001:00002570       ?copy@?$char_traits@D@std@@SAPADPADPBDI@Z 10003570 f i BackProp.obj
 0001:000025c0       ?deallocate@?$_Wrap_alloc@V?$allocator@D@std@@@std@@QAEXPADI@Z 100035c0 f i BackProp.obj
 0001:000025f0       ?deallocate@?$allocator@D@std@@QAEXPADI@Z 100035f0 f i BackProp.obj
 0001:00002620       ?deallocate@?$allocator@U_Container_proxy@std@@@std@@QAEXPAU_Container_proxy@2@I@Z 10003620 f i BackProp.obj
 0001:00002650       ?default_error_condition@_System_error_category@std@@UBE?AVerror_condition@2@H@Z 10003650 f i BackProp.obj
 0001:000026b0       ?default_error_condition@error_category@std@@UBE?AVerror_condition@2@H@Z 100036b0 f i BackProp.obj
 0001:000026f0       ?equivalent@error_category@std@@UBE_NABVerror_code@2@H@Z 100036f0 f i BackProp.obj
 0001:00002750       ?equivalent@error_category@std@@UBE_NHABVerror_condition@2@@Z 10003750 f i BackProp.obj
 0001:000027b0       ?erase@?$basic_string@DU?$char_traits@D@std@@V?$allocator@D@2@@std@@QAEAAV12@I@Z 100037b0 f i BackProp.obj
 0001:000027f0       ?erase@?$basic_string@DU?$char_traits@D@std@@V?$allocator@D@2@@std@@QAEAAV12@II@Z 100037f0 f i BackProp.obj
 0001:000028a0       ?generic_category@std@@YAABVerror_category@1@XZ 100038a0 f i BackProp.obj
 0001:000028b0       ?length@?$char_traits@D@std@@SAIPBD@Z 100038b0 f i BackProp.obj
 0001:000028f0       ?max_size@?$_Wrap_alloc@V?$allocator@D@std@@@std@@QBEIXZ 100038f0 f i BackProp.obj
 0001:00002920       ?max_size@?$allocator@D@std@@QBEIXZ 10003920 f i BackProp.obj
 0001:00002940       ?max_size@?$allocator_traits@V?$allocator@D@std@@@std@@SAIABV?$allocator@D@2@@Z 10003940 f i BackProp.obj
 0001:00002960       ?max_size@?$basic_string@DU?$char_traits@D@std@@V?$allocator@D@2@@std@@QBEIXZ 10003960 f i BackProp.obj
 0001:000029c0       ?message@_Generic_error_category@std@@UBE?AV?$basic_string@DU?$char_traits@D@std@@V?$allocator@D@2@@2@H@Z 100039c0 f i BackProp.obj
 0001:00002a30       ?message@_Iostream_error_category@std@@UBE?AV?$basic_string@DU?$char_traits@D@std@@V?$allocator@D@2@@2@H@Z 10003a30 f i BackProp.obj
 0001:00002aa0       ?message@_System_error_category@std@@UBE?AV?$basic_string@DU?$char_traits@D@std@@V?$allocator@D@2@@2@H@Z 10003aa0 f i BackProp.obj
 0001:00002b10       ?move@?$char_traits@D@std@@SAPADPADPBDI@Z 10003b10 f i BackProp.obj
 0001:00002b60       ?name@_Generic_error_category@std@@UBEPBDXZ 10003b60 f i BackProp.obj
 0001:00002b80       ?name@_Iostream_error_category@std@@UBEPBDXZ 10003b80 f i BackProp.obj
 0001:00002ba0       ?name@_System_error_category@std@@UBEPBDXZ 10003ba0 f i BackProp.obj
 0001:00002bc0       ?size@?$basic_string@DU?$char_traits@D@std@@V?$allocator@D@2@@std@@QBEIXZ 10003bc0 f i BackProp.obj
 0001:00002be0       ?system_category@std@@YAABVerror_category@1@XZ 10003be0 f i BackProp.obj
 0001:00002bf0       ?value@error_code@std@@QBEHXZ 10003bf0 f i BackProp.obj
 0001:00002c10       ?value@error_condition@std@@QBEHXZ 10003c10 f i BackProp.obj
 0001:00002c30       ??0MyCar@@QAE@PAVTrackDesc@@PAUCarElt@@PAUSituation@@@Z 10003c30 f   mycar.obj
 0001:00003510       ??1MyCar@@QAE@XZ           10004510 f   mycar.obj
 0001:000035b0       ?info@MyCar@@QAEXXZ        100045b0 f   mycar.obj
 0001:00003760       ?update@MyCar@@QAEXPAVTrackDesc@@PAUCarElt@@PAUSituation@@@Z 10004760 f   mycar.obj
 0001:00003ac0       ?loadBehaviour@MyCar@@QAEXH@Z 10004ac0 f   mycar.obj
 0001:00003c10       ?querySlipSpeed@MyCar@@QAENPAUCarElt@@@Z 10004c10 f   mycar.obj
 0001:00003dc0       ?queryAcceleration@MyCar@@QAENPAUCarElt@@N@Z 10004dc0 f   mycar.obj
 0001:00003f20       ?updateCa@MyCar@@AAEXXZ    10004f20 f   mycar.obj
 0001:000041c0       ?updateDError@MyCar@@AAEXXZ 100051c0 f   mycar.obj
 0001:00004280       ?initCarGeometry@MyCar@@AAEXXZ 10005280 f   mycar.obj
 0001:000042d0       ?init@OtherCar@@QAEXPAVTrackDesc@@PAUCarElt@@PAUSituation@@@Z 100052d0 f   mycar.obj
 0001:00004350       ?update@OtherCar@@QAEXXZ   10005350 f   mycar.obj
 0001:00004450       ??0AbstractCar@@QAE@XZ     10005450 f i mycar.obj
 0001:00004490       ??0v3d@@QAE@NNN@Z          10005490 f i mycar.obj
 0001:000044d0       ??0v3d@@QAE@XZ             100054d0 f i mycar.obj
 0001:000044f0       ??1AbstractCar@@QAE@XZ     100054f0 f i mycar.obj
 0001:00004510       ??Dv3d@@QAENABV0@@Z        10005510 f i mycar.obj
 0001:00004580       ??Gv3d@@QAE?AV0@ABV0@@Z    10005580 f i mycar.obj
 0001:000045f0       ??_GPathfinder@@QAEPAXI@Z  100055f0 f i mycar.obj
 0001:00004630       ?cos@@YAMM@Z               10005630 f i mycar.obj
 0001:00004650       ?crossProduct@v3d@@QAEXPBV1@PAV1@@Z 10005650 f i mycar.obj
 0001:000046f0       ?distToMiddleSqr3D@TrackSegment@@QAENNNN@Z 100056f0 f i mycar.obj
 0001:000047b0       ?distToPath@Pathfinder@@QAENHPAVv3d@@@Z 100057b0 f i mycar.obj
 0001:000048f0       ?fabs@@YAMM@Z              100058f0 f i mycar.obj
 0001:00004910       ?getCarPtr@AbstractCar@@QAEPAUCarElt@@XZ 10005910 f i mycar.obj
 0001:00004930       ?getCurrentSegment@Pathfinder@@QAEHPAUCarElt@@@Z 10005930 f i mycar.obj
 0001:00004980       ?getCurrentSegment@Pathfinder@@QAEHPAUCarElt@@H@Z 10005980 f i mycar.obj
 0001:000049d0       ?getCurrentSegment@TrackDesc@@QAEHPAUCarElt@@HH@Z 100059d0 f i mycar.obj
 0001:00004af0       ?getDir@PathSeg@@QAEPAVv3d@@XZ 10005af0 f i mycar.obj
 0001:00004b10       ?getKgamma@TrackSegment@@QAEMXZ 10005b10 f i mycar.obj
 0001:00004b30       ?getLength@PathSeg@@QAEMXZ 10005b30 f i mycar.obj
 0001:00004b50       ?getLoc@PathSeg@@QAEPAVv3d@@XZ 10005b50 f i mycar.obj
 0001:00004b70       ?getPathSeg@Pathfinder@@QAEPAVPathSeg@@H@Z 10005b70 f i mycar.obj
 0001:00004ba0       ?getSegmentPtr@TrackDesc@@QAEPAVTrackSegment@@H@Z 10005ba0 f i mycar.obj
 0001:00004bd0       ?getToRight@TrackSegment@@QAEPAVv3d@@XZ 10005bd0 f i mycar.obj
 0001:00004bf0       ?getnPathSeg@Pathfinder@@QAEHXZ 10005bf0 f i mycar.obj
 0001:00004c10       ?getnTrackSegments@TrackDesc@@QAEHXZ 10005c10 f i mycar.obj
 0001:00004c30       ?initCGh@AbstractCar@@IAEXXZ 10005c30 f i mycar.obj
 0001:00004c80       ?len@v3d@@QAENXZ           10005c80 f i mycar.obj
 0001:00004cf0       ?setCarPtr@AbstractCar@@IAEXPAUCarElt@@@Z 10005cf0 f i mycar.obj
 0001:00004d10       ?sgdMakeCoordMat4@@YAXQAY03NPBUsgdCoord@@@Z 10005d10 f i mycar.obj
 0001:00004d40       ?sgdMakeCoordMat4@@YAXQAY03NQBN1@Z 10005d40 f i mycar.obj
 0001:00004df0       ?sin@@YAMM@Z               10005df0 f i mycar.obj
 0001:00004e10       ?sqr@TrackSegment@@QAENN@Z 10005e10 f i mycar.obj
 0001:00004e50       ?updateDir@AbstractCar@@IAEXXZ 10005e50 f i mycar.obj
 0001:00004ec0       ?updatePos@AbstractCar@@IAEXXZ 10005ec0 f i mycar.obj
 0001:00004f20       ?updateSpeed@AbstractCar@@IAEXXZ 10005f20 f i mycar.obj
 0001:00004f60       ?updateSpeedSqr@AbstractCar@@IAEXXZ 10005f60 f i mycar.obj
 0001:00004fe0       _cosf                      10005fe0 f i mycar.obj
 0001:00005040       _fabsf                     10006040 f i mycar.obj
 0001:000050a0       _sinf                      100060a0 f i mycar.obj
 0001:00005100       ??0NeuralLayer@@QAE@HHH@Z  10006100 f   NeuralLayer.obj
 0001:000052e0       ??1NeuralLayer@@UAE@XZ     100062e0 f   NeuralLayer.obj
 0001:00005310       ?Propagate@NeuralLayer@@QAEXABHAAV1@@Z 10006310 f   NeuralLayer.obj
 0001:000054f0       ?BackPropagate@NeuralLayer@@QAEXABHAAV1@@Z 100064f0 f   NeuralLayer.obj
 0001:00005720       ?AdjustWeights@NeuralLayer@@QAEXAAV1@ABM1@Z 10006720 f   NeuralLayer.obj
 0001:00005890       ?SetInput@NeuralLayer@@QAEXAAV?$vector@MV?$allocator@M@std@@@std@@@Z 10006890 f   NeuralLayer.obj
 0001:00005910       ?GetOutput@NeuralLayer@@QAEXAAV?$vector@MV?$allocator@M@std@@@std@@@Z 10006910 f   NeuralLayer.obj
 0001:00005990       ?CalculateError@NeuralLayer@@QAEMHAAV?$vector@MV?$allocator@M@std@@@std@@@Z 10006990 f   NeuralLayer.obj
 0001:00005b90       ?ActLogistic@NeuralLayer@@QAEMABM@Z 10006b90 f   NeuralLayer.obj
 0001:00005c10       ?ActStep@NeuralLayer@@QAEMM@Z 10006c10 f   NeuralLayer.obj
 0001:00005c60       ?ActTanh@NeuralLayer@@QAEMM@Z 10006c60 f   NeuralLayer.obj
 0001:00005ca0       ?ActBipolarSigmoid@NeuralLayer@@QAEMABM@Z 10006ca0 f   NeuralLayer.obj
 0001:00005d20       ?DerLogistic@NeuralLayer@@QAEMABM@Z 10006d20 f   NeuralLayer.obj
 0001:00005d70       ?DerTanh@NeuralLayer@@QAEMM@Z 10006d70 f   NeuralLayer.obj
 0001:00005db0       ?DerBipolarSigmoid@NeuralLayer@@QAEMABM@Z 10006db0 f   NeuralLayer.obj
 0001:00005e10       ?Clear@NeuralLayer@@QAEXXZ 10006e10 f   NeuralLayer.obj
 0001:00005ee0       ??$_Allocate@M@std@@YAPAMIPAM@Z 10006ee0 f i NeuralLayer.obj
 0001:00005f40       ??$_Allocate@PAUNeuron@@@std@@YAPAPAUNeuron@@IPAPAU1@@Z 10006f40 f i NeuralLayer.obj
 0001:00005fa0       ??$_Debug_pointer@M@std@@YAXPAMPB_WI@Z 10006fa0 f i NeuralLayer.obj
 0001:00005fd0       ??$_Debug_pointer@PAUNeuron@@@std@@YAXPAPAUNeuron@@PB_WI@Z 10006fd0 f i NeuralLayer.obj
 0001:00006000       ??$_Debug_range2@PAM@std@@YAXPAM0PB_WIUrandom_access_iterator_tag@0@@Z 10007000 f i NeuralLayer.obj
 0001:00006060       ??$_Debug_range2@PAPAUNeuron@@@std@@YAXPAPAUNeuron@@0PB_WIUrandom_access_iterator_tag@0@@Z 10007060 f i NeuralLayer.obj
 0001:000060c0       ??$_Debug_range@PAM@std@@YAXPAM0PB_WI@Z 100070c0 f i NeuralLayer.obj
 0001:00006110       ??$_Debug_range@PAPAUNeuron@@@std@@YAXPAPAUNeuron@@0PB_WI@Z 10007110 f i NeuralLayer.obj
 0001:00006160       ??$_Destroy_range@U?$_Wrap_alloc@V?$allocator@M@std@@@std@@@std@@YAXPAM0AAU?$_Wrap_alloc@V?$allocator@M@std@@@0@@Z 10007160 f i NeuralLayer.obj
 0001:000061b0       ??$_Destroy_range@U?$_Wrap_alloc@V?$allocator@M@std@@@std@@@std@@YAXPAM0AAU?$_Wrap_alloc@V?$allocator@M@std@@@0@U_Scalar_ptr_iterator_tag@0@@Z 100071b0 f i NeuralLayer.obj
 0001:000061c0       ??$_Destroy_range@U?$_Wrap_alloc@V?$allocator@PAUNeuron@@@std@@@std@@@std@@YAXPAPAUNeuron@@0AAU?$_Wrap_alloc@V?$allocator@PAUNeuron@@@std@@@0@@Z 100071c0 f i NeuralLayer.obj
 0001:00006210       ??$_Destroy_range@U?$_Wrap_alloc@V?$allocator@PAUNeuron@@@std@@@std@@@std@@YAXPAPAUNeuron@@0AAU?$_Wrap_alloc@V?$allocator@PAUNeuron@@@std@@@0@U_Scalar_ptr_iterator_tag@0@@Z 10007210 f i NeuralLayer.obj
 0001:00006220       ??$_Iter_cat@PAM@std@@YA?AUrandom_access_iterator_tag@0@ABQAM@Z 10007220 f i NeuralLayer.obj
 0001:00006280       ??$_Iter_cat@PAPAUNeuron@@@std@@YA?AUrandom_access_iterator_tag@0@ABQAPAUNeuron@@@Z 10007280 f i NeuralLayer.obj
 0001:000062e0       ??$_Ptr_cat@MM@std@@YA?AU_Scalar_ptr_iterator_tag@0@PAM0@Z 100072e0 f i NeuralLayer.obj
 0001:00006330       ??$_Ptr_cat@PAUNeuron@@PAU1@@std@@YA?AU_Scalar_ptr_iterator_tag@0@PAPAUNeuron@@0@Z 10007330 f i NeuralLayer.obj
 0001:00006380       ??$_Umove@PAM@?$vector@MV?$allocator@M@std@@@std@@IAEPAMPAM00@Z 10007380 f i NeuralLayer.obj
 0001:00006400       ??$_Umove@PAPAUNeuron@@@?$vector@PAUNeuron@@V?$allocator@PAUNeuron@@@std@@@std@@IAEPAPAUNeuron@@PAPAU2@00@Z 10007400 f i NeuralLayer.obj
 0001:00006480       ??$_Uninit_move@MMM@std@@YAPAMPAM00AAU?$_Wrap_alloc@V?$allocator@M@std@@@0@0U_Scalar_ptr_iterator_tag@0@@Z 10007480 f i NeuralLayer.obj
 0001:00006500       ??$_Uninit_move@PAUNeuron@@PAU1@PAU1@@std@@YAPAPAUNeuron@@PAPAU1@00AAU?$_Wrap_alloc@V?$allocator@PAUNeuron@@@std@@@0@0U_Scalar_ptr_iterator_tag@0@@Z 10007500 f i NeuralLayer.obj
 0001:00006580       ??$_Uninitialized_move@PAMPAMU?$_Wrap_alloc@V?$allocator@M@std@@@std@@@std@@YAPAMPAM00AAU?$_Wrap_alloc@V?$allocator@M@std@@@0@@Z 10007580 f i NeuralLayer.obj
 0001:000065e0       ??$_Uninitialized_move@PAPAUNeuron@@PAPAU1@U?$_Wrap_alloc@V?$allocator@PAUNeuron@@@std@@@std@@@std@@YAPAPAUNeuron@@PAPAU1@00AAU?$_Wrap_alloc@V?$allocator@PAUNeuron@@@std@@@0@@Z 100075e0 f i NeuralLayer.obj
 0001:00006640       ??$_Val_type@PAM@std@@YAPAMPAM@Z 10007640 f i NeuralLayer.obj
 0001:00006650       ??$_Val_type@PAPAUNeuron@@@std@@YAPAPAUNeuron@@PAPAU1@@Z 10007650 f i NeuralLayer.obj
 0001:00006660       ??$addressof@$$CBM@std@@YAPBMABM@Z 10007660 f i NeuralLayer.obj
 0001:00006670       ??$addressof@M@std@@YAPAMAAM@Z 10007670 f i NeuralLayer.obj
 0001:00006680       ??$addressof@QAUNeuron@@@std@@YAPBQAUNeuron@@ABQAU1@@Z 10007680 f i NeuralLayer.obj
 0001:00006690       ??$construct@MAAM@?$_Wrap_alloc@V?$allocator@M@std@@@std@@QAEXPAMAAM@Z 10007690 f i NeuralLayer.obj
 0001:000066d0       ??$construct@MAAM@?$allocator@M@std@@QAEXPAMAAM@Z 100076d0 f i NeuralLayer.obj
 0001:00006780       ??$construct@MAAM@?$allocator_traits@V?$allocator@M@std@@@std@@SAXAAV?$allocator@M@1@PAMAAM@Z 10007780 f i NeuralLayer.obj
 0001:000067b0       ??$construct@MABM@?$_Wrap_alloc@V?$allocator@M@std@@@std@@QAEXPAMABM@Z 100077b0 f i NeuralLayer.obj
 0001:000067f0       ??$construct@MABM@?$allocator_traits@V?$allocator@M@std@@@std@@SAXAAV?$allocator@M@1@PAMABM@Z 100077f0 f i NeuralLayer.obj
 0001:00006820       ??$construct@MM@?$_Wrap_alloc@V?$allocator@M@std@@@std@@QAEXPAM$$QAM@Z 10007820 f i NeuralLayer.obj
 0001:00006860       ??$construct@MM@?$allocator@M@std@@QAEXPAM$$QAM@Z 10007860 f i NeuralLayer.obj
 0001:00006910       ??$construct@MM@?$allocator_traits@V?$allocator@M@std@@@std@@SAXAAV?$allocator@M@1@PAM$$QAM@Z 10007910 f i NeuralLayer.obj
 0001:00006940       ??$construct@PAUNeuron@@AAPAU1@@?$_Wrap_alloc@V?$allocator@PAUNeuron@@@std@@@std@@QAEXPAPAUNeuron@@AAPAU2@@Z 10007940 f i NeuralLayer.obj
 0001:00006980       ??$construct@PAUNeuron@@AAPAU1@@?$allocator@PAUNeuron@@@std@@QAEXPAPAUNeuron@@AAPAU2@@Z 10007980 f i NeuralLayer.obj
 0001:00006a30       ??$construct@PAUNeuron@@AAPAU1@@?$allocator_traits@V?$allocator@PAUNeuron@@@std@@@std@@SAXAAV?$allocator@PAUNeuron@@@1@PAPAUNeuron@@AAPAU3@@Z 10007a30 f i NeuralLayer.obj
 0001:00006a60       ??$construct@PAUNeuron@@ABQAU1@@?$_Wrap_alloc@V?$allocator@PAUNeuron@@@std@@@std@@QAEXPAPAUNeuron@@ABQAU2@@Z 10007a60 f i NeuralLayer.obj
 0001:00006aa0       ??$construct@PAUNeuron@@ABQAU1@@?$allocator_traits@V?$allocator@PAUNeuron@@@std@@@std@@SAXAAV?$allocator@PAUNeuron@@@1@PAPAUNeuron@@ABQAU3@@Z 10007aa0 f i NeuralLayer.obj
 0001:00006ad0       ??$forward@AAM@std@@YAAAMAAM@Z 10007ad0 f i NeuralLayer.obj
 0001:00006ae0       ??$forward@AAPAUNeuron@@@std@@YAAAPAUNeuron@@AAPAU1@@Z 10007ae0 f i NeuralLayer.obj
 0001:00006af0       ??$forward@ABM@std@@YAABMABM@Z 10007af0 f i NeuralLayer.obj
 0001:00006b00       ??$forward@ABQAUNeuron@@@std@@YAABQAUNeuron@@ABQAU1@@Z 10007b00 f i NeuralLayer.obj
 0001:00006b10       ??$forward@M@std@@YA$$QAMAAM@Z 10007b10 f i NeuralLayer.obj
 0001:00006b20       ??0?$_Vector_alloc@$0A@U?$_Vec_base_types@MV?$allocator@M@std@@@std@@@std@@QAE@ABV?$allocator@M@1@@Z 10007b20 f i NeuralLayer.obj
 0001:00006b90       ??0?$_Vector_alloc@$0A@U?$_Vec_base_types@PAUNeuron@@V?$allocator@PAUNeuron@@@std@@@std@@@std@@QAE@ABV?$allocator@PAUNeuron@@@1@@Z 10007b90 f i NeuralLayer.obj
 0001:00006c00       ??0?$_Vector_val@U?$_Simple_types@M@std@@@std@@QAE@XZ 10007c00 f i NeuralLayer.obj
 0001:00006c50       ??0?$_Vector_val@U?$_Simple_types@PAUNeuron@@@std@@@std@@QAE@XZ 10007c50 f i NeuralLayer.obj
 0001:00006ca0       ??0?$_Wrap_alloc@V?$allocator@M@std@@@std@@QAE@XZ 10007ca0 f i NeuralLayer.obj
 0001:00006cd0       ??0?$_Wrap_alloc@V?$allocator@PAUNeuron@@@std@@@std@@QAE@XZ 10007cd0 f i NeuralLayer.obj
 0001:00006d00       ??0?$allocator@M@std@@QAE@XZ 10007d00 f i NeuralLayer.obj
 0001:00006d20       ??0?$allocator@PAUNeuron@@@std@@QAE@XZ 10007d20 f i NeuralLayer.obj
 0001:00006d40       ??0?$vector@MV?$allocator@M@std@@@std@@QAE@XZ 10007d40 f i NeuralLayer.obj
 0001:00006d80       ??0?$vector@PAUNeuron@@V?$allocator@PAUNeuron@@@std@@@std@@QAE@XZ 10007d80 f i NeuralLayer.obj
 0001:00006dc0       ??0Neuron@@QAE@XZ          10007dc0 f i NeuralLayer.obj
 0001:00006e40       ??1?$_Vector_alloc@$0A@U?$_Vec_base_types@MV?$allocator@M@std@@@std@@@std@@QAE@XZ 10007e40 f i NeuralLayer.obj
 0001:00006e70       ??1?$_Vector_alloc@$0A@U?$_Vec_base_types@PAUNeuron@@V?$allocator@PAUNeuron@@@std@@@std@@@std@@QAE@XZ 10007e70 f i NeuralLayer.obj
 0001:00006ea0       ??1?$_Vector_val@U?$_Simple_types@M@std@@@std@@QAE@XZ 10007ea0 f i NeuralLayer.obj
 0001:00006ed0       ??1?$_Vector_val@U?$_Simple_types@PAUNeuron@@@std@@@std@@QAE@XZ 10007ed0 f i NeuralLayer.obj
 0001:00006f00       ??1?$vector@MV?$allocator@M@std@@@std@@QAE@XZ 10007f00 f i NeuralLayer.obj
 0001:00006f30       ??1?$vector@PAUNeuron@@V?$allocator@PAUNeuron@@@std@@@std@@QAE@XZ 10007f30 f i NeuralLayer.obj
 0001:00006f60       ??1Neuron@@UAE@XZ          10007f60 f i NeuralLayer.obj
 0001:00006fa0       ??A?$vector@MV?$allocator@M@std@@@std@@QAEAAMI@Z 10007fa0 f i NeuralLayer.obj
 0001:00007040       ??A?$vector@PAUNeuron@@V?$allocator@PAUNeuron@@@std@@@std@@QAEAAPAUNeuron@@I@Z 10008040 f i NeuralLayer.obj
 0001:000070e0       ??_ENeuralLayer@@UAEPAXI@Z 100080e0 f i NeuralLayer.obj
 0001:000070e0       ??_GNeuralLayer@@UAEPAXI@Z 100080e0 f i NeuralLayer.obj
 0001:00007120       ??_GNeuron@@UAEPAXI@Z      10008120 f i NeuralLayer.obj
 0001:00007120       ??_ENeuron@@UAEPAXI@Z      10008120 f i NeuralLayer.obj
 0001:00007160       ?_Alloc_proxy@?$_Vector_alloc@$0A@U?$_Vec_base_types@MV?$allocator@M@std@@@std@@@std@@QAEXXZ 10008160 f i NeuralLayer.obj
 0001:00007200       ?_Alloc_proxy@?$_Vector_alloc@$0A@U?$_Vec_base_types@PAUNeuron@@V?$allocator@PAUNeuron@@@std@@@std@@@std@@QAEXXZ 10008200 f i NeuralLayer.obj
 0001:000072a0       ?_Clrcont@_Iterator_base12@std@@QAEXXZ 100082a0 f i NeuralLayer.obj
 0001:000072c0       ?_Destroy@?$vector@MV?$allocator@M@std@@@std@@IAEXPAM0@Z 100082c0 f i NeuralLayer.obj
 0001:00007340       ?_Destroy@?$vector@PAUNeuron@@V?$allocator@PAUNeuron@@@std@@@std@@IAEXPAPAUNeuron@@0@Z 10008340 f i NeuralLayer.obj
 0001:000073c0       ?_Free_proxy@?$_Vector_alloc@$0A@U?$_Vec_base_types@MV?$allocator@M@std@@@std@@@std@@QAEXXZ 100083c0 f i NeuralLayer.obj
 0001:00007450       ?_Free_proxy@?$_Vector_alloc@$0A@U?$_Vec_base_types@PAUNeuron@@V?$allocator@PAUNeuron@@@std@@@std@@@std@@QAEXXZ 10008450 f i NeuralLayer.obj
 0001:000074e0       ?_Getal@?$_Vector_alloc@$0A@U?$_Vec_base_types@MV?$allocator@M@std@@@std@@@std@@QBE?AU?$_Wrap_alloc@V?$allocator@M@std@@@2@XZ 100084e0 f i NeuralLayer.obj
 0001:00007510       ?_Getal@?$_Vector_alloc@$0A@U?$_Vec_base_types@PAUNeuron@@V?$allocator@PAUNeuron@@@std@@@std@@@std@@QBE?AU?$_Wrap_alloc@V?$allocator@PAUNeuron@@@std@@@2@XZ 10008510 f i NeuralLayer.obj
 0001:00007540       ?_Getpfirst@_Container_base12@std@@QBEPAPAU_Iterator_base12@2@XZ 10008540 f i NeuralLayer.obj
 0001:00007580       ?_Getpnext@_Iterator_base12@std@@QAEPAPAU12@XZ 10008580 f i NeuralLayer.obj
 0001:000075a0       ?_Grow_to@?$vector@MV?$allocator@M@std@@@std@@IBEII@Z 100085a0 f i NeuralLayer.obj
 0001:00007620       ?_Grow_to@?$vector@PAUNeuron@@V?$allocator@PAUNeuron@@@std@@@std@@IBEII@Z 10008620 f i NeuralLayer.obj
 0001:000076a0       ?_Inside@?$vector@MV?$allocator@M@std@@@std@@IBE_NPBM@Z 100086a0 f i NeuralLayer.obj
 0001:000076f0       ?_Inside@?$vector@PAUNeuron@@V?$allocator@PAUNeuron@@@std@@@std@@IBE_NPBQAUNeuron@@@Z 100086f0 f i NeuralLayer.obj
 0001:00007740       ?_Orphan_range@?$vector@MV?$allocator@M@std@@@std@@IBEXPAM0@Z 10008740 f i NeuralLayer.obj
 0001:00007850       ?_Orphan_range@?$vector@PAUNeuron@@V?$allocator@PAUNeuron@@@std@@@std@@IBEXPAPAUNeuron@@0@Z 10008850 f i NeuralLayer.obj
 0001:00007960       ?_Reallocate@?$vector@MV?$allocator@M@std@@@std@@IAEXI@Z 10008960 f i NeuralLayer.obj
 0001:00007ac0       ?_Reallocate@?$vector@PAUNeuron@@V?$allocator@PAUNeuron@@@std@@@std@@IAEXI@Z 10008ac0 f i NeuralLayer.obj
 0001:00007c20       ?_Reserve@?$vector@MV?$allocator@M@std@@@std@@IAEXI@Z 10008c20 f i NeuralLayer.obj
 0001:00007c90       ?_Reserve@?$vector@PAUNeuron@@V?$allocator@PAUNeuron@@@std@@@std@@IAEXI@Z 10008c90 f i NeuralLayer.obj
 0001:00007d00       ?_Tidy@?$vector@MV?$allocator@M@std@@@std@@IAEXXZ 10008d00 f i NeuralLayer.obj
 0001:00007da0       ?_Tidy@?$vector@PAUNeuron@@V?$allocator@PAUNeuron@@@std@@@std@@IAEXXZ 10008da0 f i NeuralLayer.obj
 0001:00007e40       ?_Unused_capacity@?$vector@MV?$allocator@M@std@@@std@@QBEIXZ 10008e40 f i NeuralLayer.obj
 0001:00007e70       ?_Unused_capacity@?$vector@PAUNeuron@@V?$allocator@PAUNeuron@@@std@@@std@@QBEIXZ 10008e70 f i NeuralLayer.obj
 0001:00007ea0       ?_Xlen@?$vector@MV?$allocator@M@std@@@std@@IBEXXZ 10008ea0 f i NeuralLayer.obj
 0001:00007ed0       ?_Xlen@?$vector@PAUNeuron@@V?$allocator@PAUNeuron@@@std@@@std@@IBEXXZ 10008ed0 f i NeuralLayer.obj
 0001:00007f00       ?allocate@?$_Wrap_alloc@V?$allocator@M@std@@@std@@QAEPAMI@Z 10008f00 f i NeuralLayer.obj
 0001:00007f30       ?allocate@?$_Wrap_alloc@V?$allocator@PAUNeuron@@@std@@@std@@QAEPAPAUNeuron@@I@Z 10008f30 f i NeuralLayer.obj
 0001:00007f60       ?allocate@?$allocator@M@std@@QAEPAMI@Z 10008f60 f i NeuralLayer.obj
 0001:00007f90       ?allocate@?$allocator@PAUNeuron@@@std@@QAEPAPAUNeuron@@I@Z 10008f90 f i NeuralLayer.obj
 0001:00007fc0       ?capacity@?$vector@MV?$allocator@M@std@@@std@@QBEIXZ 10008fc0 f i NeuralLayer.obj
 0001:00007ff0       ?capacity@?$vector@PAUNeuron@@V?$allocator@PAUNeuron@@@std@@@std@@QBEIXZ 10008ff0 f i NeuralLayer.obj
 0001:00008020       ?clear@?$vector@MV?$allocator@M@std@@@std@@QAEXXZ 10009020 f i NeuralLayer.obj
 0001:00008070       ?clear@?$vector@PAUNeuron@@V?$allocator@PAUNeuron@@@std@@@std@@QAEXXZ 10009070 f i NeuralLayer.obj
 0001:000080c0       ?construct@?$allocator@M@std@@QAEXPAMABM@Z 100090c0 f i NeuralLayer.obj
 0001:00008120       ?construct@?$allocator@PAUNeuron@@@std@@QAEXPAPAUNeuron@@ABQAU3@@Z 10009120 f i NeuralLayer.obj
 0001:00008180       ?deallocate@?$_Wrap_alloc@V?$allocator@M@std@@@std@@QAEXPAMI@Z 10009180 f i NeuralLayer.obj
 0001:000081b0       ?deallocate@?$_Wrap_alloc@V?$allocator@PAUNeuron@@@std@@@std@@QAEXPAPAUNeuron@@I@Z 100091b0 f i NeuralLayer.obj
 0001:000081e0       ?deallocate@?$allocator@M@std@@QAEXPAMI@Z 100091e0 f i NeuralLayer.obj
 0001:00008210       ?deallocate@?$allocator@PAUNeuron@@@std@@QAEXPAPAUNeuron@@I@Z 10009210 f i NeuralLayer.obj
 0001:00008240       ?exp@@YAMM@Z               10009240 f i NeuralLayer.obj
 0001:00008260       ?max_size@?$_Wrap_alloc@V?$allocator@M@std@@@std@@QBEIXZ 10009260 f i NeuralLayer.obj
 0001:00008290       ?max_size@?$_Wrap_alloc@V?$allocator@PAUNeuron@@@std@@@std@@QBEIXZ 10009290 f i NeuralLayer.obj
 0001:000082c0       ?max_size@?$allocator@M@std@@QBEIXZ 100092c0 f i NeuralLayer.obj
 0001:000082e0       ?max_size@?$allocator@PAUNeuron@@@std@@QBEIXZ 100092e0 f i NeuralLayer.obj
 0001:00008300       ?max_size@?$allocator_traits@V?$allocator@M@std@@@std@@SAIABV?$allocator@M@2@@Z 10009300 f i NeuralLayer.obj
 0001:00008320       ?max_size@?$allocator_traits@V?$allocator@PAUNeuron@@@std@@@std@@SAIABV?$allocator@PAUNeuron@@@2@@Z 10009320 f i NeuralLayer.obj
 0001:00008340       ?max_size@?$vector@MV?$allocator@M@std@@@std@@QBEIXZ 10009340 f i NeuralLayer.obj
 0001:00008380       ?max_size@?$vector@PAUNeuron@@V?$allocator@PAUNeuron@@@std@@@std@@QBEIXZ 10009380 f i NeuralLayer.obj
 0001:000083c0       ?push_back@?$vector@MV?$allocator@M@std@@@std@@QAEX$$QAM@Z 100093c0 f i NeuralLayer.obj
 0001:00008500       ?push_back@?$vector@MV?$allocator@M@std@@@std@@QAEXABM@Z 10009500 f i NeuralLayer.obj
 0001:00008630       ?push_back@?$vector@PAUNeuron@@V?$allocator@PAUNeuron@@@std@@@std@@QAEXABQAUNeuron@@@Z 10009630 f i NeuralLayer.obj
 0001:00008760       ?size@?$vector@MV?$allocator@M@std@@@std@@QBEIXZ 10009760 f i NeuralLayer.obj
 0001:00008790       ?size@?$vector@PAUNeuron@@V?$allocator@PAUNeuron@@@std@@@std@@QBEIXZ 10009790 f i NeuralLayer.obj
 0001:000087c0       ?tanh@@YAMM@Z              100097c0 f i NeuralLayer.obj
 0001:000087e0       _expf                      100097e0 f i NeuralLayer.obj
 0001:00008840       _tanhf                     10009840 f i NeuralLayer.obj
 0001:000088a0       ?AddLayer@NeuralNetwork@@AAEXHHH@Z 100098a0 f   NeuralNetwork.obj
 0001:00008960       ??0NeuralNetwork@@QAE@HHHHABV?$basic_string@DU?$char_traits@D@std@@V?$allocator@D@2@@std@@@Z 10009960 f   NeuralNetwork.obj
 0001:00008a20       ??1NeuralNetwork@@UAE@XZ   10009a20 f   NeuralNetwork.obj
 0001:00008a60       ?Init@NeuralNetwork@@QAEXXZ 10009a60 f   NeuralNetwork.obj
 0001:00008bc0       ?Train@NeuralNetwork@@QAEXAAV?$vector@MV?$allocator@M@std@@@std@@0@Z 10009bc0 f   NeuralNetwork.obj
 0001:00008c10       ?Use@NeuralNetwork@@QAEXAAV?$vector@MV?$allocator@M@std@@@std@@0@Z 10009c10 f   NeuralNetwork.obj
 0001:00008c60       ?Propagate@NeuralNetwork@@QAEXXZ 10009c60 f   NeuralNetwork.obj
 0001:00008d40       ?BackPropagate@NeuralNetwork@@QAEXXZ 10009d40 f   NeuralNetwork.obj
 0001:00008e20       ?WriteWeights@NeuralNetwork@@QAEXXZ 10009e20 f   NeuralNetwork.obj
 0001:00008fb0       ?ReadWeights@NeuralNetwork@@QAEXXZ 10009fb0 f   NeuralNetwork.obj
 0001:00009130       ?SetInputs@NeuralNetwork@@QAEXAAV?$vector@MV?$allocator@M@std@@@std@@@Z 1000a130 f   NeuralNetwork.obj
 0001:00009160       ?FindError@NeuralNetwork@@QAEXAAV?$vector@MV?$allocator@M@std@@@std@@@Z 1000a160 f   NeuralNetwork.obj
 0001:000091a0       ??$?8DD@std@@YA_NABV?$allocator@D@0@0@Z 1000a1a0 f i NeuralNetwork.obj
 0001:000091b0       ??$?8V?$allocator@D@std@@V01@@std@@YA_NABU?$_Wrap_alloc@V?$allocator@D@std@@@0@0@Z 1000a1b0 f i NeuralNetwork.obj
 0001:000091f0       ??$?9V?$allocator@D@std@@V01@@std@@YA_NABU?$_Wrap_alloc@V?$allocator@D@std@@@0@0@Z 1000a1f0 f i NeuralNetwork.obj
 0001:00009240       ??$_Allocate@VNeuralLayer@@@std@@YAPAVNeuralLayer@@IPAV1@@Z 1000a240 f i NeuralNetwork.obj
 0001:000092a0       ??$_Debug_pointer@V?$_Vector_const_iterator@V?$_Vector_val@U?$_Simple_types@PAUNeuron@@@std@@@std@@@std@@@std@@YAXAAV?$_Vector_const_iterator@V?$_Vector_val@U?$_Simple_types@PAUNeuron@@@std@@@std@@@0@PB_WI@Z 1000a2a0 f i NeuralNetwork.obj
 0001:000092b0       ??$_Debug_pointer@VNeuralLayer@@@std@@YAXPAVNeuralLayer@@PB_WI@Z 1000a2b0 f i NeuralNetwork.obj
 0001:000092e0       ??$_Debug_range2@PAVNeuralLayer@@@std@@YAXPAVNeuralLayer@@0PB_WIUrandom_access_iterator_tag@0@@Z 1000a2e0 f i NeuralNetwork.obj
 0001:00009340       ??$_Debug_range2@V?$_Vector_const_iterator@V?$_Vector_val@U?$_Simple_types@PAUNeuron@@@std@@@std@@@std@@@std@@YAXV?$_Vector_const_iterator@V?$_Vector_val@U?$_Simple_types@PAUNeuron@@@std@@@std@@@0@0PB_WIUrandom_access_iterator_tag@0@@Z 1000a340 f i NeuralNetwork.obj
 0001:00009400       ??$_Debug_range@PAVNeuralLayer@@@std@@YAXPAVNeuralLayer@@0PB_WI@Z 1000a400 f i NeuralNetwork.obj
 0001:00009450       ??$_Debug_range@V?$_Vector_const_iterator@V?$_Vector_val@U?$_Simple_types@PAUNeuron@@@std@@@std@@@std@@@std@@YAXV?$_Vector_const_iterator@V?$_Vector_val@U?$_Simple_types@PAUNeuron@@@std@@@std@@@0@0PB_WI@Z 1000a450 f i NeuralNetwork.obj
 0001:00009530       ??$_Destroy_range@U?$_Wrap_alloc@V?$allocator@VNeuralLayer@@@std@@@std@@@std@@YAXPAVNeuralLayer@@0AAU?$_Wrap_alloc@V?$allocator@VNeuralLayer@@@std@@@0@@Z 1000a530 f i NeuralNetwork.obj
 0001:00009580       ??$_Destroy_range@U?$_Wrap_alloc@V?$allocator@VNeuralLayer@@@std@@@std@@@std@@YAXPAVNeuralLayer@@0AAU?$_Wrap_alloc@V?$allocator@VNeuralLayer@@@std@@@0@U_Nonscalar_ptr_iterator_tag@0@@Z 1000a580 f i NeuralNetwork.obj
 0001:000095b0       ??$_Iter_cat@PAVNeuralLayer@@@std@@YA?AUrandom_access_iterator_tag@0@ABQAVNeuralLayer@@@Z 1000a5b0 f i NeuralNetwork.obj
 0001:00009610       ??$_Iter_cat@V?$_Vector_const_iterator@V?$_Vector_val@U?$_Simple_types@PAUNeuron@@@std@@@std@@@std@@@std@@YA?AUrandom_access_iterator_tag@0@ABV?$_Vector_const_iterator@V?$_Vector_val@U?$_Simple_types@PAUNeuron@@@std@@@std@@@0@@Z 1000a610 f i NeuralNetwork.obj
 0001:00009670       ??$_Ptr_cat@V?$_Vector_const_iterator@V?$_Vector_val@U?$_Simple_types@PAUNeuron@@@std@@@std@@@std@@PAPAUNeuron@@@std@@YA?AU_Nonscalar_ptr_iterator_tag@0@AAV?$_Vector_const_iterator@V?$_Vector_val@U?$_Simple_types@PAUNeuron@@@std@@@std@@@0@AAPAPAUNeuron@@@Z 1000a670 f i NeuralNetwork.obj
 0001:000096c0       ??$_Ptr_cat@VNeuralLayer@@V1@@std@@YA?AU_Nonscalar_ptr_iterator_tag@0@PAVNeuralLayer@@0@Z 1000a6c0 f i NeuralNetwork.obj
 0001:00009710       ??$_Ucopy@V?$_Vector_const_iterator@V?$_Vector_val@U?$_Simple_types@PAUNeuron@@@std@@@std@@@std@@@?$vector@PAUNeuron@@V?$allocator@PAUNeuron@@@std@@@std@@IAEPAPAUNeuron@@V?$_Vector_const_iterator@V?$_Vector_val@U?$_Simple_types@PAUNeuron@@@std@@@std@@@1@0PAPAU2@@Z 1000a710 f i NeuralNetwork.obj
 0001:00009820       ??$_Umove@PAVNeuralLayer@@@?$vector@VNeuralLayer@@V?$allocator@VNeuralLayer@@@std@@@std@@IAEPAVNeuralLayer@@PAV2@00@Z 1000a820 f i NeuralNetwork.obj
 0001:000098a0       ??$_Uninit_copy@V?$_Vector_const_iterator@V?$_Vector_val@U?$_Simple_types@PAUNeuron@@@std@@@std@@@std@@PAPAUNeuron@@V?$allocator@PAUNeuron@@@2@@std@@YAPAPAUNeuron@@V?$_Vector_const_iterator@V?$_Vector_val@U?$_Simple_types@PAUNeuron@@@std@@@std@@@0@0PAPAU1@AAU?$_Wrap_alloc@V?$allocator@PAUNeuron@@@std@@@0@U_Nonscalar_ptr_iterator_tag@0@@Z 1000a8a0 f i NeuralNetwork.obj
 0001:00009a30       ??$_Uninit_move@PAVNeuralLayer@@PAV1@V?$allocator@VNeuralLayer@@@std@@V1@@std@@YAPAVNeuralLayer@@PAV1@00AAU?$_Wrap_alloc@V?$allocator@VNeuralLayer@@@std@@@0@0U_Nonscalar_ptr_iterator_tag@0@@Z 1000aa30 f i NeuralNetwork.obj
 0001:00009b30       ??$_Uninitialized_copy@V?$_Vector_const_iterator@V?$_Vector_val@U?$_Simple_types@PAUNeuron@@@std@@@std@@@std@@PAPAUNeuron@@U?$_Wrap_alloc@V?$allocator@PAUNeuron@@@std@@@2@@std@@YAPAPAUNeuron@@V?$_Vector_const_iterator@V?$_Vector_val@U?$_Simple_types@PAUNeuron@@@std@@@std@@@0@0PAPAU1@AAU?$_Wrap_alloc@V?$allocator@PAUNeuron@@@std@@@0@@Z 1000ab30 f i NeuralNetwork.obj
 0001:00009c20       ??$_Uninitialized_move@PAVNeuralLayer@@PAV1@U?$_Wrap_alloc@V?$allocator@VNeuralLayer@@@std@@@std@@@std@@YAPAVNeuralLayer@@PAV1@00AAU?$_Wrap_alloc@V?$allocator@VNeuralLayer@@@std@@@0@@Z 1000ac20 f i NeuralNetwork.obj
 0001:00009c80       ??$_Val_type@PAVNeuralLayer@@@std@@YAPAVNeuralLayer@@PAV1@@Z 1000ac80 f i NeuralNetwork.obj
 0001:00009c90       ??$addressof@$$CBVNeuralLayer@@@std@@YAPBVNeuralLayer@@ABV1@@Z 1000ac90 f i NeuralNetwork.obj
 0001:00009ca0       ??$construct@VNeuralLayer@@AAV1@@?$_Wrap_alloc@V?$allocator@VNeuralLayer@@@std@@@std@@QAEXPAVNeuralLayer@@AAV2@@Z 1000aca0 f i NeuralNetwork.obj
 0001:00009ce0       ??$construct@VNeuralLayer@@AAV1@@?$allocator@VNeuralLayer@@@std@@QAEXPAVNeuralLayer@@AAV2@@Z 1000ace0 f i NeuralNetwork.obj
 0001:00009d80       ??$construct@VNeuralLayer@@AAV1@@?$allocator_traits@V?$allocator@VNeuralLayer@@@std@@@std@@SAXAAV?$allocator@VNeuralLayer@@@1@PAVNeuralLayer@@AAV3@@Z 1000ad80 f i NeuralNetwork.obj
 0001:00009db0       ??$construct@VNeuralLayer@@ABV1@@?$_Wrap_alloc@V?$allocator@VNeuralLayer@@@std@@@std@@QAEXPAVNeuralLayer@@ABV2@@Z 1000adb0 f i NeuralNetwork.obj
 0001:00009df0       ??$construct@VNeuralLayer@@ABV1@@?$allocator_traits@V?$allocator@VNeuralLayer@@@std@@@std@@SAXAAV?$allocator@VNeuralLayer@@@1@PAVNeuralLayer@@ABV3@@Z 1000adf0 f i NeuralNetwork.obj
 0001:00009e20       ??$construct@VNeuralLayer@@V1@@?$_Wrap_alloc@V?$allocator@VNeuralLayer@@@std@@@std@@QAEXPAVNeuralLayer@@$$QAV2@@Z 1000ae20 f i NeuralNetwork.obj
 0001:00009e60       ??$construct@VNeuralLayer@@V1@@?$allocator@VNeuralLayer@@@std@@QAEXPAVNeuralLayer@@$$QAV2@@Z 1000ae60 f i NeuralNetwork.obj
 0001:00009f00       ??$construct@VNeuralLayer@@V1@@?$allocator_traits@V?$allocator@VNeuralLayer@@@std@@@std@@SAXAAV?$allocator@VNeuralLayer@@@1@PAVNeuralLayer@@$$QAV3@@Z 1000af00 f i NeuralNetwork.obj
 0001:00009f30       ??$destroy@PAUNeuron@@@?$_Wrap_alloc@V?$allocator@PAUNeuron@@@std@@@std@@QAEXPAPAUNeuron@@@Z 1000af30 f i NeuralNetwork.obj
 0001:00009f60       ??$destroy@PAUNeuron@@@?$allocator@PAUNeuron@@@std@@QAEXPAPAUNeuron@@@Z 1000af60 f i NeuralNetwork.obj
 0001:00009f80       ??$destroy@PAUNeuron@@@?$allocator_traits@V?$allocator@PAUNeuron@@@std@@@std@@SAXAAV?$allocator@PAUNeuron@@@1@PAPAUNeuron@@@Z 1000af80 f i NeuralNetwork.obj
 0001:00009fa0       ??$destroy@VNeuralLayer@@@?$_Wrap_alloc@V?$allocator@VNeuralLayer@@@std@@@std@@QAEXPAVNeuralLayer@@@Z 1000afa0 f i NeuralNetwork.obj
 0001:00009fd0       ??$destroy@VNeuralLayer@@@?$allocator@VNeuralLayer@@@std@@QAEXPAVNeuralLayer@@@Z 1000afd0 f i NeuralNetwork.obj
 0001:0000a010       ??$destroy@VNeuralLayer@@@?$allocator_traits@V?$allocator@VNeuralLayer@@@std@@@std@@SAXAAV?$allocator@VNeuralLayer@@@1@PAVNeuralLayer@@@Z 1000b010 f i NeuralNetwork.obj
 0001:0000a030       ??$forward@AAVNeuralLayer@@@std@@YAAAVNeuralLayer@@AAV1@@Z 1000b030 f i NeuralNetwork.obj
 0001:0000a040       ??$forward@ABVNeuralLayer@@@std@@YAABVNeuralLayer@@ABV1@@Z 1000b040 f i NeuralNetwork.obj
 0001:0000a050       ??$forward@VNeuralLayer@@@std@@YA$$QAVNeuralLayer@@AAV1@@Z 1000b050 f i NeuralNetwork.obj
 0001:0000a060       ??0?$_Iterator012@Urandom_access_iterator_tag@std@@PAUNeuron@@HPBQAU3@ABQAU3@U_Iterator_base12@2@@std@@QAE@ABU01@@Z 1000b060 f i NeuralNetwork.obj
 0001:0000a090       ??0?$_Iterator012@Urandom_access_iterator_tag@std@@PAUNeuron@@HPBQAU3@ABQAU3@U_Iterator_base12@2@@std@@QAE@XZ 1000b090 f i NeuralNetwork.obj
 0001:0000a0c0       ??0?$_Vector_alloc@$0A@U?$_Vec_base_types@VNeuralLayer@@V?$allocator@VNeuralLayer@@@std@@@std@@@std@@QAE@ABV?$allocator@VNeuralLayer@@@1@@Z 1000b0c0 f i NeuralNetwork.obj
 0001:0000a130       ??0?$_Vector_const_iterator@V?$_Vector_val@U?$_Simple_types@PAUNeuron@@@std@@@std@@@std@@QAE@ABV01@@Z 1000b130 f i NeuralNetwork.obj
 0001:0000a170       ??0?$_Vector_const_iterator@V?$_Vector_val@U?$_Simple_types@PAUNeuron@@@std@@@std@@@std@@QAE@PAPAUNeuron@@PBU_Container_base12@1@@Z 1000b170 f i NeuralNetwork.obj
 0001:0000a1f0       ??0?$_Vector_val@U?$_Simple_types@VNeuralLayer@@@std@@@std@@QAE@XZ 1000b1f0 f i NeuralNetwork.obj
 0001:0000a240       ??0?$_Wrap_alloc@V?$allocator@PAUNeuron@@@std@@@std@@QAE@ABV?$allocator@PAUNeuron@@@1@@Z 1000b240 f i NeuralNetwork.obj
 0001:0000a270       ??0?$_Wrap_alloc@V?$allocator@VNeuralLayer@@@std@@@std@@QAE@XZ 1000b270 f i NeuralNetwork.obj
 0001:0000a2a0       ??0?$allocator@D@std@@QAE@ABV01@@Z 1000b2a0 f i NeuralNetwork.obj
 0001:0000a2c0       ??0?$allocator@PAUNeuron@@@std@@QAE@ABV01@@Z 1000b2c0 f i NeuralNetwork.obj
 0001:0000a2e0       ??0?$allocator@VNeuralLayer@@@std@@QAE@XZ 1000b2e0 f i NeuralNetwork.obj
 0001:0000a300       ??0?$basic_string@DU?$char_traits@D@std@@V?$allocator@D@2@@std@@QAE@XZ 1000b300 f i NeuralNetwork.obj
 0001:0000a380       ??0?$vector@PAUNeuron@@V?$allocator@PAUNeuron@@@std@@@std@@QAE@ABV01@@Z 1000b380 f i NeuralNetwork.obj
 0001:0000a4a0       ??0?$vector@VNeuralLayer@@V?$allocator@VNeuralLayer@@@std@@@std@@QAE@XZ 1000b4a0 f i NeuralNetwork.obj
 0001:0000a4e0       ??0NeuralLayer@@QAE@ABV0@@Z 1000b4e0 f i NeuralNetwork.obj
 0001:0000a540       ??0_Iterator_base12@std@@QAE@ABU01@@Z 1000b540 f i NeuralNetwork.obj
 0001:0000a580       ??0_Iterator_base12@std@@QAE@XZ 1000b580 f i NeuralNetwork.obj
 0001:0000a5b0       ??1?$_Iterator012@Urandom_access_iterator_tag@std@@PAUNeuron@@HPBQAU3@ABQAU3@U_Iterator_base12@2@@std@@QAE@XZ 1000b5b0 f i NeuralNetwork.obj
 0001:0000a5e0       ??1?$_Vector_alloc@$0A@U?$_Vec_base_types@VNeuralLayer@@V?$allocator@VNeuralLayer@@@std@@@std@@@std@@QAE@XZ 1000b5e0 f i NeuralNetwork.obj
 0001:0000a610       ??1?$_Vector_const_iterator@V?$_Vector_val@U?$_Simple_types@PAUNeuron@@@std@@@std@@@std@@QAE@XZ 1000b610 f i NeuralNetwork.obj
 0001:0000a640       ??1?$_Vector_val@U?$_Simple_types@VNeuralLayer@@@std@@@std@@QAE@XZ 1000b640 f i NeuralNetwork.obj
 0001:0000a670       ??1?$basic_string@DU?$char_traits@D@std@@V?$allocator@D@2@@std@@QAE@XZ 1000b670 f i NeuralNetwork.obj
 0001:0000a6a0       ??1?$vector@VNeuralLayer@@V?$allocator@VNeuralLayer@@@std@@@std@@QAE@XZ 1000b6a0 f i NeuralNetwork.obj
 0001:0000a6d0       ??1_Iterator_base12@std@@QAE@XZ 1000b6d0 f i NeuralNetwork.obj
 0001:0000a740       ??4?$basic_string@DU?$char_traits@D@std@@V?$allocator@D@2@@std@@QAEAAV01@ABV01@@Z 1000b740 f i NeuralNetwork.obj
 0001:0000a7d0       ??4_Iterator_base12@std@@QAEAAU01@ABU01@@Z 1000b7d0 f i NeuralNetwork.obj
 0001:0000a8b0       ??8?$_Vector_const_iterator@V?$_Vector_val@U?$_Simple_types@PAUNeuron@@@std@@@std@@@std@@QBE_NABV01@@Z 1000b8b0 f i NeuralNetwork.obj
 0001:0000a910       ??9?$_Vector_const_iterator@V?$_Vector_val@U?$_Simple_types@PAUNeuron@@@std@@@std@@@std@@QBE_NABV01@@Z 1000b910 f i NeuralNetwork.obj
 0001:0000a960       ??A?$vector@VNeuralLayer@@V?$allocator@VNeuralLayer@@@std@@@std@@QAEAAVNeuralLayer@@I@Z 1000b960 f i NeuralNetwork.obj
 0001:0000aa00       ??D?$_Vector_const_iterator@V?$_Vector_val@U?$_Simple_types@PAUNeuron@@@std@@@std@@@std@@QBEABQAUNeuron@@XZ 1000ba00 f i NeuralNetwork.obj
 0001:0000aac0       ??E?$_Vector_const_iterator@V?$_Vector_val@U?$_Simple_types@PAUNeuron@@@std@@@std@@@std@@QAEAAV01@XZ 1000bac0 f i NeuralNetwork.obj
 0001:0000ab80       ??M?$_Vector_const_iterator@V?$_Vector_val@U?$_Simple_types@PAUNeuron@@@std@@@std@@@std@@QBE_NABV01@@Z 1000bb80 f i NeuralNetwork.obj
 0001:0000abe0       ??_GNeuralNetwork@@UAEPAXI@Z 1000bbe0 f i NeuralNetwork.obj
 0001:0000abe0       ??_ENeuralNetwork@@UAEPAXI@Z 1000bbe0 f i NeuralNetwork.obj
 0001:0000ac20       ?_Adopt@_Iterator_base12@std@@QAEXPBU_Container_base12@2@@Z 1000bc20 f i NeuralNetwork.obj
 0001:0000ad50       ?_Alloc_proxy@?$_Vector_alloc@$0A@U?$_Vec_base_types@VNeuralLayer@@V?$allocator@VNeuralLayer@@@std@@@std@@@std@@QAEXXZ 1000bd50 f i NeuralNetwork.obj
 0001:0000adf0       ?_Buy@?$vector@PAUNeuron@@V?$allocator@PAUNeuron@@@std@@@std@@IAE_NI@Z 1000bdf0 f i NeuralNetwork.obj
 0001:0000aea0       ?_Change_alloc@?$_String_alloc@$0A@U?$_String_base_types@DV?$allocator@D@std@@@std@@@std@@QAEXABU?$_Wrap_alloc@V?$allocator@D@std@@@2@@Z 1000bea0 f i NeuralNetwork.obj
 0001:0000aec0       ?_Compat@?$_Vector_const_iterator@V?$_Vector_val@U?$_Simple_types@PAUNeuron@@@std@@@std@@@std@@QBEXABV12@@Z 1000bec0 f i NeuralNetwork.obj
 0001:0000af70       ?_Destroy@?$vector@VNeuralLayer@@V?$allocator@VNeuralLayer@@@std@@@std@@IAEXPAVNeuralLayer@@0@Z 1000bf70 f i NeuralNetwork.obj
 0001:0000aff0       ?_Free_proxy@?$_Vector_alloc@$0A@U?$_Vec_base_types@VNeuralLayer@@V?$allocator@VNeuralLayer@@@std@@@std@@@std@@QAEXXZ 1000bff0 f i NeuralNetwork.obj
 0001:0000b080       ?_Getal@?$_Vector_alloc@$0A@U?$_Vec_base_types@VNeuralLayer@@V?$allocator@VNeuralLayer@@@std@@@std@@@std@@QBE?AU?$_Wrap_alloc@V?$allocator@VNeuralLayer@@@std@@@2@XZ 1000c080 f i NeuralNetwork.obj
 0001:0000b0b0       ?_Getcont@_Iterator_base12@std@@QBEPBU_Container_base12@2@XZ 1000c0b0 f i NeuralNetwork.obj
 0001:0000b0f0       ?_Grow_to@?$vector@VNeuralLayer@@V?$allocator@VNeuralLayer@@@std@@@std@@IBEII@Z 1000c0f0 f i NeuralNetwork.obj
 0001:0000b170       ?_Inside@?$vector@VNeuralLayer@@V?$allocator@VNeuralLayer@@@std@@@std@@IBE_NPBVNeuralLayer@@@Z 1000c170 f i NeuralNetwork.obj
 0001:0000b1c0       ?_Orphan_me@_Iterator_base12@std@@QAEXXZ 1000c1c0 f i NeuralNetwork.obj
 0001:0000b250       ?_Orphan_range@?$vector@VNeuralLayer@@V?$allocator@VNeuralLayer@@@std@@@std@@IBEXPAVNeuralLayer@@0@Z 1000c250 f i NeuralNetwork.obj
 0001:0000b360       ?_Reallocate@?$vector@VNeuralLayer@@V?$allocator@VNeuralLayer@@@std@@@std@@IAEXI@Z 1000c360 f i NeuralNetwork.obj
 0001:0000b4c0       ?_Reserve@?$vector@VNeuralLayer@@V?$allocator@VNeuralLayer@@@std@@@std@@IAEXI@Z 1000c4c0 f i NeuralNetwork.obj
 0001:0000b530       ?_Tidy@?$vector@VNeuralLayer@@V?$allocator@VNeuralLayer@@@std@@@std@@IAEXXZ 1000c530 f i NeuralNetwork.obj
 0001:0000b5d0       ?_Unused_capacity@?$vector@VNeuralLayer@@V?$allocator@VNeuralLayer@@@std@@@std@@QBEIXZ 1000c5d0 f i NeuralNetwork.obj
 0001:0000b600       ?_Xlen@?$vector@VNeuralLayer@@V?$allocator@VNeuralLayer@@@std@@@std@@IBEXXZ 1000c600 f i NeuralNetwork.obj
 0001:0000b630       ?allocate@?$_Wrap_alloc@V?$allocator@VNeuralLayer@@@std@@@std@@QAEPAVNeuralLayer@@I@Z 1000c630 f i NeuralNetwork.obj
 0001:0000b660       ?allocate@?$allocator@VNeuralLayer@@@std@@QAEPAVNeuralLayer@@I@Z 1000c660 f i NeuralNetwork.obj
 0001:0000b690       ?assign@?$basic_string@DU?$char_traits@D@std@@V?$allocator@D@2@@std@@QAEAAV12@ABV12@@Z 1000c690 f i NeuralNetwork.obj
 0001:0000b6d0       ?begin@?$vector@PAUNeuron@@V?$allocator@PAUNeuron@@@std@@@std@@QBE?AV?$_Vector_const_iterator@V?$_Vector_val@U?$_Simple_types@PAUNeuron@@@std@@@std@@@2@XZ 1000c6d0 f i NeuralNetwork.obj
 0001:0000b710       ?c_str@?$basic_string@DU?$char_traits@D@std@@V?$allocator@D@2@@std@@QBEPBDXZ 1000c710 f i NeuralNetwork.obj
 0001:0000b740       ?capacity@?$vector@VNeuralLayer@@V?$allocator@VNeuralLayer@@@std@@@std@@QBEIXZ 1000c740 f i NeuralNetwork.obj
 0001:0000b770       ?clear@?$vector@VNeuralLayer@@V?$allocator@VNeuralLayer@@@std@@@std@@QAEXXZ 1000c770 f i NeuralNetwork.obj
 0001:0000b7c0       ?construct@?$allocator@VNeuralLayer@@@std@@QAEXPAVNeuralLayer@@ABV3@@Z 1000c7c0 f i NeuralNetwork.obj
 0001:0000b860       ?deallocate@?$_Wrap_alloc@V?$allocator@VNeuralLayer@@@std@@@std@@QAEXPAVNeuralLayer@@I@Z 1000c860 f i NeuralNetwork.obj
 0001:0000b890       ?deallocate@?$allocator@VNeuralLayer@@@std@@QAEXPAVNeuralLayer@@I@Z 1000c890 f i NeuralNetwork.obj
 0001:0000b8c0       ?end@?$vector@PAUNeuron@@V?$allocator@PAUNeuron@@@std@@@std@@QBE?AV?$_Vector_const_iterator@V?$_Vector_val@U?$_Simple_types@PAUNeuron@@@std@@@std@@@2@XZ 1000c8c0 f i NeuralNetwork.obj
 0001:0000b900       ?max_size@?$_Wrap_alloc@V?$allocator@VNeuralLayer@@@std@@@std@@QBEIXZ 1000c900 f i NeuralNetwork.obj
 0001:0000b930       ?max_size@?$allocator@VNeuralLayer@@@std@@QBEIXZ 1000c930 f i NeuralNetwork.obj
 0001:0000b950       ?max_size@?$allocator_traits@V?$allocator@VNeuralLayer@@@std@@@std@@SAIABV?$allocator@VNeuralLayer@@@2@@Z 1000c950 f i NeuralNetwork.obj
 0001:0000b970       ?max_size@?$vector@VNeuralLayer@@V?$allocator@VNeuralLayer@@@std@@@std@@QBEIXZ 1000c970 f i NeuralNetwork.obj
 0001:0000b9b0       ?push_back@?$vector@VNeuralLayer@@V?$allocator@VNeuralLayer@@@std@@@std@@QAEXABVNeuralLayer@@@Z 1000c9b0 f i NeuralNetwork.obj
 0001:0000bae0       ?select_on_container_copy_construction@?$_Wrap_alloc@V?$allocator@PAUNeuron@@@std@@@std@@QBE?AU12@XZ 1000cae0 f i NeuralNetwork.obj
 0001:0000bb30       ?select_on_container_copy_construction@?$allocator@PAUNeuron@@@std@@QBE?AV12@XZ 1000cb30 f i NeuralNetwork.obj
 0001:0000bb60       ?select_on_container_copy_construction@?$allocator_traits@V?$allocator@PAUNeuron@@@std@@@std@@SA?AV?$allocator@PAUNeuron@@@2@ABV32@@Z 1000cb60 f i NeuralNetwork.obj
 0001:0000bb80       ?size@?$vector@VNeuralLayer@@V?$allocator@VNeuralLayer@@@std@@@std@@QBEIXZ 1000cb80 f i NeuralNetwork.obj
 0001:0000bbb0       ??0Pathfinder@@QAE@PAVTrackDesc@@PAUCarElt@@PAUSituation@@@Z 1000cbb0 f   pathfinder.obj
 0001:0000bde0       ??1Pathfinder@@QAE@XZ      1000cde0 f   pathfinder.obj
 0001:0000be80       ?plan@Pathfinder@@QAEXHPAUCarElt@@PAUSituation@@PAVMyCar@@PAVOtherCar@@@Z 1000ce80 f   pathfinder.obj
 0001:0000c9d0       ?plan@Pathfinder@@QAEXPAVMyCar@@@Z 1000d9d0 f   pathfinder.obj
 0001:0000cef0       ?initPit@Pathfinder@@QAEXPAUCarElt@@@Z 1000def0 f   pathfinder.obj
 0001:0000d3b0       ?plotPitStopPath@Pathfinder@@QAEXPAD@Z 1000e3b0 f   pathfinder.obj
 0001:0000d480       ?plotPath@Pathfinder@@QAEXPAD@Z 1000e480 f   pathfinder.obj
 0001:0000d550       ?initPitStopPath@Pathfinder@@AAEXXZ 1000e550 f   pathfinder.obj
 0001:0000dc50       ?collision@Pathfinder@@AAEHHPAUCarElt@@PAUSituation@@PAVMyCar@@PAVOtherCar@@@Z 1000ec50 f   pathfinder.obj
 0001:0000e190       ?overtake@Pathfinder@@AAEHHPAUSituation@@PAVMyCar@@PAVOtherCar@@@Z 1000f190 f   pathfinder.obj
 0001:0000f330       ?stepInterpolate@Pathfinder@@AAEXHHH@Z 10010330 f   pathfinder.obj
 0001:0000f5a0       ?interpolate@Pathfinder@@AAEXH@Z 100105a0 f   pathfinder.obj
 0001:0000f630       ?smooth@Pathfinder@@AAEXH@Z 10010630 f   pathfinder.obj
 0001:0000f950       ?correctPath@Pathfinder@@AAEHHPAUCarElt@@PAVMyCar@@@Z 10010950 f   pathfinder.obj
 0001:000102f0       ?smooth@Pathfinder@@AAEXHHHN@Z 100112f0 f   pathfinder.obj
 0001:00010490       ?smooth@Pathfinder@@AAEXHNN@Z 10011490 f   pathfinder.obj
 0001:00010bc0       ?optimize@Pathfinder@@AAEXHHN@Z 10011bc0 f   pathfinder.obj
 0001:00010c70       ?optimize2@Pathfinder@@AAEXHHN@Z 10011c70 f   pathfinder.obj
 0001:00010d50       ?optimize3@Pathfinder@@AAEXHHN@Z 10011d50 f   pathfinder.obj
 0001:00010e30       ?letoverlap@Pathfinder@@AAEHHPAUSituation@@PAVMyCar@@PAVOtherCar@@PAUtOverlapTimer@@@Z 10011e30 f   pathfinder.obj
 0001:00011660       ??0PathSeg@@QAE@XZ         10012660 f i pathfinder.obj
 0001:000116a0       ??0v3d@@QAE@ABV0@@Z        100126a0 f i pathfinder.obj
 0001:000116f0       ??4v3d@@QAEAAV0@ABV0@@Z    100126f0 f i pathfinder.obj
 0001:00011740       ??D@YA?AVv3d@@NABV0@@Z     10012740 f i pathfinder.obj
 0001:000117a0       ??Dv3d@@QAE?AV0@N@Z        100127a0 f i pathfinder.obj
 0001:00011810       ??Hv3d@@QAE?AV0@ABV0@@Z    10012810 f i pathfinder.obj
 0001:00011880       ??_H@YGXPAXIHP6EPAX0@Z@Z   10012880 f i pathfinder.obj
 0001:000118c0       ?adjustRadius@Pathfinder@@AAEXHHHNN@Z 100128c0 f i pathfinder.obj
 0001:00011f00       ?countSegments@Pathfinder@@AAEHHH@Z 10012f00 f i pathfinder.obj
 0001:00011f40       ?curvature@Pathfinder@@AAENNNNNNN@Z 10012f40 f i pathfinder.obj
 0001:00012080       ?diffSegId@TrackDesc@@QAEHHH@Z 10013080 f i pathfinder.obj
 0001:00012100       ?dirVector2D@TrackDesc@@SAXPAVv3d@@00@Z 10013100 f i pathfinder.obj
 0001:00012150       ?dirVector@v3d@@QAEXPBV1@PAV1@@Z 10013150 f i pathfinder.obj
 0001:000121b0       ?dist@Pathfinder@@QAENPAVv3d@@0@Z 100131b0 f i pathfinder.obj
 0001:00012280       ?distGFromPoint@TrackDesc@@QAENPAVv3d@@00@Z 10013280 f i pathfinder.obj
 0001:00012350       ?distToMiddle@TrackDesc@@QAENHPAVv3d@@@Z 10013350 f i pathfinder.obj
 0001:000123c0       ?getCurrentPos@AbstractCar@@QAEPAVv3d@@XZ 100133c0 f i pathfinder.obj
 0001:000123e0       ?getCurrentSegId@AbstractCar@@QAEHXZ 100133e0 f i pathfinder.obj
 0001:00012400       ?getDeltaPitch@MyCar@@QAENXZ 10013400 f i pathfinder.obj
 0001:00012420       ?getDir@AbstractCar@@QAEPAVv3d@@XZ 10013420 f i pathfinder.obj
 0001:00012440       ?getKalpha@TrackSegment@@QAEMXZ 10013440 f i pathfinder.obj
 0001:00012460       ?getKbeta@TrackSegment@@QAEMXZ 10013460 f i pathfinder.obj
 0001:00012480       ?getKfriction@TrackSegment@@QAEMXZ 10013480 f i pathfinder.obj
 0001:000124a0       ?getLeftBorder@TrackSegment@@QAEPAVv3d@@XZ 100134a0 f i pathfinder.obj
 0001:000124c0       ?getMiddle@TrackSegment@@QAEPAVv3d@@XZ 100134c0 f i pathfinder.obj
 0001:000124e0       ?getOptLoc@PathSeg@@QAEPAVv3d@@XZ 100134e0 f i pathfinder.obj
 0001:00012500       ?getPitLoc@PathSeg@@QAEPAVv3d@@XZ 10013500 f i pathfinder.obj
 0001:00012520       ?getPitSpeedSqrLimit@Pathfinder@@QAENXZ 10013520 f i pathfinder.obj
 0001:00012540       ?getRadius@TrackSegment@@QAEMXZ 10013540 f i pathfinder.obj
 0001:00012560       ?getRightBorder@TrackSegment@@QAEPAVv3d@@XZ 10013560 f i pathfinder.obj
 0001:00012580       ?getSpeed@AbstractCar@@QAENXZ 10013580 f i pathfinder.obj
 0001:000125a0       ?getSpeedSqr@AbstractCar@@QAENXZ 100135a0 f i pathfinder.obj
 0001:000125c0       ?getSpeedsqr@PathSeg@@QAEMXZ 100135c0 f i pathfinder.obj
 0001:000125e0       ?getTorcsTrack@TrackDesc@@QAEPAUtTrack@@XZ 100135e0 f i pathfinder.obj
 0001:00012600       ?getWidth@TrackSegment@@QAEMXZ 10013600 f i pathfinder.obj
 0001:00012620       ?isBetween@TrackDesc@@QAE_NHHH@Z 10013620 f i pathfinder.obj
 0001:00012690       ?isPitAvailable@Pathfinder@@QAE_NXZ 10013690 f i pathfinder.obj
 0001:000126b0       ?normalize@v3d@@QAEXXZ     100136b0 f i pathfinder.obj
 0001:00012730       ?pathSlope@Pathfinder@@AAENH@Z 10013730 f i pathfinder.obj
 0001:00012870       ?radius@@YANNNNNNN@Z       10013870 f i pathfinder.obj
 0001:000129c0       ?segmentsToPit@Pathfinder@@QAEHH@Z 100139c0 f i pathfinder.obj
 0001:00012a20       ?set@PathSeg@@QAEXMMPAVv3d@@@Z 10013a20 f i pathfinder.obj
 0001:00012a70       ?setLoc@PathSeg@@QAEXPAVv3d@@@Z 10013a70 f i pathfinder.obj
 0001:00012aa0       ?setOptLoc@PathSeg@@QAEXPAVv3d@@@Z 10013aa0 f i pathfinder.obj
 0001:00012ad0       ?setPitLoc@PathSeg@@QAEXPAVv3d@@@Z 10013ad0 f i pathfinder.obj
 0001:00012af0       ?setRadius@PathSeg@@QAEXM@Z 10013af0 f i pathfinder.obj
 0001:00012b20       ?setSpeedsqr@PathSeg@@QAEXM@Z 10013b20 f i pathfinder.obj
 0001:00012b40       ?setWeight@PathSeg@@QAEXM@Z 10013b40 f i pathfinder.obj
 0001:00012b70       ?sign@@YANN@Z              10013b70 f i pathfinder.obj
 0001:00012bc0       ?sqr@Pathfinder@@QAENN@Z   10013bc0 f i pathfinder.obj
 0001:00012c00       ?updateOCar@Pathfinder@@AAEHHPAUSituation@@PAVMyCar@@PAVOtherCar@@PAUtOCar@@@Z 10013c00 f i pathfinder.obj
 0001:00013290       ?updateOverlapTimer@Pathfinder@@AAEXHPAUSituation@@PAVMyCar@@PAVOtherCar@@PAUtOCar@@PAUtOverlapTimer@@@Z 10014290 f i pathfinder.obj
 0001:000134e0       ?setSingleSensor@SingleSensor@@QAEXMM@Z 100144e0 f   sensors.obj
 0001:00013530       ?update@SingleSensor@@QAEXXZ 10014530 f   sensors.obj
 0001:00013760       ?sensor_calc_str@SingleSensor@@IAEMPAUtrackSeg@@MMMM@Z 10014760 f   sensors.obj
 0001:00014420       ?sensor_calc_lft_rgt@SingleSensor@@IAEMPAUtrackSeg@@MMMM@Z 10015420 f   sensors.obj
 0001:000148d0       ?check_max_circle_intersect@SingleSensor@@IAE_NMMMMMMAAM@Z 100158d0 f   sensors.obj
 0001:00014df0       ?check_min_circle_intersect@SingleSensor@@IAE_NMMMMMMAAM@Z 10015df0 f   sensors.obj
 0001:000150b0       ?check_up_border_intersect@SingleSensor@@IAE_NMMMMMAAM00@Z 100160b0 f   sensors.obj
 0001:00015320       ?check_down_border_intersect@SingleSensor@@IAE_NMMMMMAAM00@Z 10016320 f   sensors.obj
 0001:000157e0       ??0Sensors@@QAE@XZ         100167e0 f   sensors.obj
 0001:00015800       ??0Sensors@@QAE@PAUCarElt@@H@Z 10016800 f   sensors.obj
 0001:000158a0       ??1Sensors@@QAE@XZ         100168a0 f   sensors.obj
 0001:000158e0       ?setSensor@Sensors@@QAEXHMM@Z 100168e0 f   sensors.obj
 0001:00015930       ?getSensorOut@Sensors@@QAEMH@Z 10016930 f   sensors.obj
 0001:00015960       ?sensors_update@Sensors@@QAEXXZ 10016960 f   sensors.obj
 0001:000159c0       ?acos@@YAMM@Z              100169c0 f i sensors.obj
 0001:000159e0       ?getSingleSensorOut@SingleSensor@@QAEMXZ 100169e0 f i sensors.obj
 0001:00015a00       ?init@SingleSensor@@QAEXPAUCarElt@@@Z 10016a00 f i sensors.obj
 0001:00015a20       ?tan@@YAMM@Z               10016a20 f i sensors.obj
 0001:00015a40       _acosf                     10016a40 f i sensors.obj
 0001:00015aa0       _tanf                      10016aa0 f i sensors.obj
 0001:00015b00       ?tridiagonal@@YAXHPAUSplineEquationData@@PAN@Z 10016b00 f   spline.obj
 0001:00015e60       ?tridiagonal2@@YAXHPAUSplineEquationData2@@@Z 10016e60 f   spline.obj
 0001:00016390       ?slopesp@@YAXHQBN0QAN@Z    10017390 f   spline.obj
 0001:000167e0       ?slopesn@@YAXHQBN0QAN@Z    100177e0 f   spline.obj
 0001:00016aa0       ?parametricslopesp@@YAXHQBN0QAN11@Z 10017aa0 f   spline.obj
 0001:00016bd0       ?parametricslopesn@@YAXHQBN0QAN11@Z 10017bd0 f   spline.obj
 0001:00016d00       ?spline@@YANHNQBN00@Z      10017d00 f   spline.obj
 0001:00018990       ?DllEntryPoint@@YGHPAUHINSTANCE__@@KPAX@Z 10019990 f   ANN_Bot_2.obj
 0001:00018cb0       _ANN_Bot_2                 10019cb0 f   ANN_Bot_2.obj
 0001:0001c1d0       ??_GMyCar@@QAEPAXI@Z       1001d1d0 f i ANN_Bot_2.obj
 0001:0001c210       ??_GSensors@@QAEPAXI@Z     1001d210 f i ANN_Bot_2.obj
 0001:0001c250       ??_GTrackDesc@@QAEPAXI@Z   1001d250 f i ANN_Bot_2.obj
 0001:0001c290       ?atan2@@YAMMM@Z            1001d290 f i ANN_Bot_2.obj
 0001:0001c2c0       ?pow@@YAMMM@Z              1001d2c0 f i ANN_Bot_2.obj
 0001:0001c2f0       ?strchr@@YAPADPADH@Z       1001d2f0 f i ANN_Bot_2.obj
 0001:0001c310       ?strrchr@@YAPADPADH@Z      1001d310 f i ANN_Bot_2.obj
 0001:0001c330       _atan2f                    1001d330 f i ANN_Bot_2.obj
 0001:0001c390       _powf                      1001d390 f i ANN_Bot_2.obj
 0001:0001c3f0       ?HmReadPrefs@@YAXH@Z       1001d3f0 f   pref.obj
 0001:0001d120       ??0TrackSegment@@QAE@XZ    1001e120 f   trackdesc.obj
 0001:0001d170       ??1TrackSegment@@QAE@XZ    1001e170 f   trackdesc.obj
 0001:0001d190       ?init@TrackSegment@@QAEXHPBUtrackSeg@@PBVv3d@@11@Z 1001e190 f   trackdesc.obj
 0001:0001d430       ??0TrackDesc@@QAE@PBUtTrack@@@Z 1001e430 f   trackdesc.obj
 0001:0001e3a0       ??1TrackDesc@@QAE@XZ       1001f3a0 f   trackdesc.obj
 0001:0001e400       ?plot@TrackDesc@@QAEXPAD@Z 1001f400 f   trackdesc.obj
 0001:0001e540       ?getCurrentSegment@TrackDesc@@QAEHPAUCarElt@@@Z 1001f540 f   trackdesc.obj
 0001:0001e620       ?getNearestId@TrackDesc@@QAEHPAVv3d@@@Z 1001f620 f   trackdesc.obj
 0001:0001e6d0       ??Kv3d@@QAE?AV0@N@Z        1001f6d0 f i trackdesc.obj
 0001:0001e740       ??_ETrackSegment@@QAEPAXI@Z 1001f740 f i trackdesc.obj
 0001:0001e7c0       ?distToLeft3D@TrackSegment@@QAENPAVv3d@@@Z 1001f7c0 f i trackdesc.obj
 0001:0001e890       ?distToMiddle2D@TrackSegment@@QAENNN@Z 1001f890 f i trackdesc.obj
 0001:0001e930       ?distToMiddle3D@TrackSegment@@QAENNNN@Z 1001f930 f i trackdesc.obj
 0001:0001e9f0       ?distToMiddle3D@TrackSegment@@QAENPAVv3d@@@Z 1001f9f0 f i trackdesc.obj
 0001:0001eac0       ?getRaceType@TrackSegment@@QAEIXZ 1001fac0 f i trackdesc.obj
 0001:0001eae0       ?setKbeta@TrackSegment@@QAEXN@Z 1001fae0 f i trackdesc.obj
 0001:0001eb10       ?setKgamma@TrackSegment@@QAEXN@Z 1001fb10 f i trackdesc.obj
 0001:0001eb40       ?setLength@TrackSegment@@QAEXN@Z 1001fb40 f i trackdesc.obj
 0001:0001eb64       ?GfScrGetSize@@YAXPAH000@Z 1001fb64 f   client:client.dll
 0001:0001eb6a       ?GfuiKeyEventRegisterCurrent@@YAXP6AHEHH@Z@Z 1001fb6a f   client:client.dll
 0001:0001eb70       ?GfuiSKeyEventRegisterCurrent@@YAXP6AHHHH@Z@Z 1001fb70 f   client:client.dll
 0001:0001eb76       ?GfuiMouseShow@@YAXXZ      1001fb76 f   client:client.dll
 0001:0001eb7c       ?GfctrlJoyInit@@YAPAUtCtrlJoyInfo@@XZ 1001fb7c f   client:client.dll
 0001:0001eb82       ?GfctrlJoyGetCurrent@@YAHPAUtCtrlJoyInfo@@@Z 1001fb82 f   client:client.dll
 0001:0001eb88       ?GfctrlJoyRelease@@YAXPAUtCtrlJoyInfo@@@Z 1001fb88 f   client:client.dll
 0001:0001eb8e       ?GfctrlMouseInit@@YAPAUtCtrlMouseInfo@@XZ 1001fb8e f   client:client.dll
 0001:0001eb94       ?GfctrlMouseGetCurrent@@YAHPAUtCtrlMouseInfo@@@Z 1001fb94 f   client:client.dll
 0001:0001eb9a       ?GfctrlMouseRelease@@YAXPAUtCtrlMouseInfo@@@Z 1001fb9a f   client:client.dll
 0001:0001eba0       ?GfctrlMouseCenter@@YAXXZ  1001fba0 f   client:client.dll
 0001:0001eba6       ?GfctrlMouseInitCenter@@YAXXZ 1001fba6 f   client:client.dll
 0001:0001ebac       ?GfctrlGetRefByName@@YAPAUtCtrlRef@@PBD@Z 1001fbac f   client:client.dll
 0001:0001ebb2       ?GfctrlGetNameByRef@@YAPBDHH@Z 1001fbb2 f   client:client.dll
 0001:0001ebb8       ?GfParmGetStr@@YAPBDPAXPBD11@Z 1001fbb8 f   tgf:tgf.dll
 0001:0001ebbe       ?GfParmGetNum@@YAMPAXPBD11M@Z 1001fbbe f   tgf:tgf.dll
 0001:0001ebc4       ?_tgf_win_calloc@@YAPAXII@Z 1001fbc4 f   tgf:tgf.dll
 0001:0001ebca       ?_tgf_win_free@@YAXPAX@Z   1001fbca f   tgf:tgf.dll
 0001:0001ebd0       ?_tgf_win_strdup@@YAPADPBD@Z 1001fbd0 f   tgf:tgf.dll
 0001:0001ebd6       ?GfParmReadFile@@YAPAXPBDH@Z 1001fbd6 f   tgf:tgf.dll
 0001:0001ebdc       ?GfParmWriteFile@@YAHPBDPAX0@Z 1001fbdc f   tgf:tgf.dll
 0001:0001ebe2       ?GfParmSetStr@@YAHPAXPBD11@Z 1001fbe2 f   tgf:tgf.dll
 0001:0001ebe8       ?GfParmSetNum@@YAHPAXPBD11M@Z 1001fbe8 f   tgf:tgf.dll
 0001:0001ebee       ?GfParmReleaseHandle@@YAXPAX@Z 1001fbee f   tgf:tgf.dll
 0001:0001ebf4       ?GetLocalDir@@YAPADXZ      1001fbf4 f   tgf:tgf.dll
 0001:0001ebfa       ?RtTrackSideTgAngleL@@YAMPAUtTrkLocPos@@@Z 1001fbfa f   robottools:robottools.dll
 0001:0001ec00       ?RtGetDistFromStart@@YAMPAUCarElt@@@Z 1001fc00 f   robottools:robottools.dll
 0001:0001ec10       ?sgdSqrt@@YANN@Z           1001fc10 f i sg_vs2008_32:sgd.obj
 0001:0001ec20       ?sgdSquare@@YANN@Z         1001fc20 f i sg_vs2008_32:sgd.obj
 0001:0001ec30       ?sgdAbs@@YANN@Z            1001fc30 f i sg_vs2008_32:sgd.obj
 0001:0001ec50       ?sgdASin@@YANN@Z           1001fc50 f i sg_vs2008_32:sgd.obj
 0001:0001ec60       ?sgdACos@@YANN@Z           1001fc60 f i sg_vs2008_32:sgd.obj
 0001:0001ec70       ?sgdATan2@@YANNN@Z         1001fc70 f i sg_vs2008_32:sgd.obj
 0001:0001ec90       ?sgdSin@@YANN@Z            1001fc90 f i sg_vs2008_32:sgd.obj
 0001:0001eca0       ?sgdCos@@YANN@Z            1001fca0 f i sg_vs2008_32:sgd.obj
 0001:0001ecb0       ?sgdZeroVec3@@YAXQAN@Z     1001fcb0 f i sg_vs2008_32:sgd.obj
 0001:0001ecc0       ?sgdSetVec3@@YAXQANNNN@Z   1001fcc0 f i sg_vs2008_32:sgd.obj
 0001:0001ece0       ?sgdSetVec4@@YAXQANNNNN@Z  1001fce0 f i sg_vs2008_32:sgd.obj
 0001:0001ed00       ?sgdCopyVec3@@YAXQANQBN@Z  1001fd00 f i sg_vs2008_32:sgd.obj
 0001:0001ed20       ?sgdCopyVec4@@YAXQANQBN@Z  1001fd20 f i sg_vs2008_32:sgd.obj
 0001:0001ed40       ?sgdAddVec3@@YAXQANQBN1@Z  1001fd40 f i sg_vs2008_32:sgd.obj
 0001:0001ed70       ?sgdSubVec2@@YAXQANQBN1@Z  1001fd70 f i sg_vs2008_32:sgd.obj
 0001:0001ed90       ?sgdSubVec3@@YAXQANQBN1@Z  1001fd90 f i sg_vs2008_32:sgd.obj
 0001:0001edc0       ?sgdNegateVec3@@YAXQAN@Z   1001fdc0 f i sg_vs2008_32:sgd.obj
 0001:0001ede0       ?sgdScaleVec2@@YAXQANN@Z   1001fde0 f i sg_vs2008_32:sgd.obj
 0001:0001ee00       ?sgdScaleVec3@@YAXQANN@Z   1001fe00 f i sg_vs2008_32:sgd.obj
 0001:0001ee20       ?sgdScaleVec3@@YAXQANQBNN@Z 1001fe20 f i sg_vs2008_32:sgd.obj
 0001:0001ee50       ?sgdScaleVec4@@YAXQANQBNN@Z 1001fe50 f i sg_vs2008_32:sgd.obj
 0001:0001ee80       ?sgdAddScaledVec3@@YAXQANQBN1N@Z 1001fe80 f i sg_vs2008_32:sgd.obj
 0001:0001eeb0       ?sgdScalarProductVec2@@YANQBN0@Z 1001feb0 f i sg_vs2008_32:sgd.obj
 0001:0001eed0       ?sgdScalarProductVec3@@YANQBN0@Z 1001fed0 f i sg_vs2008_32:sgd.obj
 0001:0001eef0       ?sgdScalarProductVec4@@YANQBN0@Z 1001fef0 f i sg_vs2008_32:sgd.obj
 0001:0001ef20       ?sgdDistanceSquaredVec3@@YANQBN0@Z 1001ff20 f i sg_vs2008_32:sgd.obj
 0001:0001ef50       ?sgdDistanceVec3@@YANQBN0@Z 1001ff50 f i sg_vs2008_32:sgd.obj
 0001:0001ef80       ?sgdLengthVec2@@YANQBN@Z   1001ff80 f i sg_vs2008_32:sgd.obj
 0001:0001efa0       ?sgdLengthVec3@@YANQBN@Z   1001ffa0 f i sg_vs2008_32:sgd.obj
 0001:0001efd0       ?sgdNormaliseVec2@@YAXQAN@Z 1001ffd0 f i sg_vs2008_32:sgd.obj
 0001:0001f000       ?sgdNormaliseVec3@@YAXQAN@Z 10020000 f i sg_vs2008_32:sgd.obj
 0001:0001f040       ?sgdNormaliseVec3@@YAXQANQBN@Z 10020040 f i sg_vs2008_32:sgd.obj
 0001:0001f080       ?sgdCopyMat4@@YAXQAY03NQAY03$$CBN@Z 10020080 f i sg_vs2008_32:sgd.obj
 0001:0001f0f0       ?sgdScaleMat4@@YAXQAY03NQAY03$$CBNN@Z 100200f0 f i sg_vs2008_32:sgd.obj
 0001:0001f180       ?sgdMakeIdentMat4@@YAXQAY03N@Z 10020180 f i sg_vs2008_32:sgd.obj
 0001:0001f1c0       ?sgdLineSegment3ToLine3@@YAXPAUsgdLine3@@UsgdLineSegment3@@@Z 100201c0 f i sg_vs2008_32:sgd.obj
 0001:0001f230       ?sgdAngleBetweenNormalizedVec3@@YANQAN0@Z 10020230 f i sg_vs2008_32:sgd.obj
 0001:0001f2a0       ?getCenter@sgdSphere@@QBEPBNXZ 100202a0 f i sg_vs2008_32:sgd.obj
 0001:0001f2b0       ?getRadius@sgdSphere@@QBENXZ 100202b0 f i sg_vs2008_32:sgd.obj
 0001:0001f2c0       ?isEmpty@sgdSphere@@QBEHXZ 100202c0 f i sg_vs2008_32:sgd.obj
 0001:0001f2e0       ?getMin@sgdBox@@QBEPBNXZ   100202e0 f i sg_vs2008_32:sgd.obj
 0001:0001f2f0       ?getMax@sgdBox@@QBEPBNXZ   100202f0 f i sg_vs2008_32:sgd.obj
 0001:0001f300       ?isEmpty@sgdBox@@QBEHXZ    10020300 f i sg_vs2008_32:sgd.obj
 0001:0001f330       ?sgdVectorProductVec3@@YAXQANQBN1@Z 10020330 f   sg_vs2008_32:sgd.obj
 0001:0001f370       ?_sgdClampToUnity@@YANN@Z  10020370 f i sg_vs2008_32:sgd.obj
 0001:0001f3a0       ?sgdCompare3DSqdDist@@YAHQBN0N@Z 100203a0 f   sg_vs2008_32:sgd.obj
 0001:0001f400       ?sgdMakeRotMat4@@YAXQAY03NNQBN@Z 10020400 f   sg_vs2008_32:sgd.obj
 0001:0001f530       ?sgdMakePickMatrix@@YAXQAY03NNNNNQAN@Z 10020530 f   sg_vs2008_32:sgd.obj
 0001:0001f5b0       ?sgdMakeLookAtMat4@@YAXQAY03NQBN11@Z 100205b0 f   sg_vs2008_32:sgd.obj
 0001:0001f730       ?sgdAngleBetweenVec3@@YANQAN0@Z 10020730 f   sg_vs2008_32:sgd.obj
 0001:0001f7d0       ?sgdAngleBetweenNormalizedVec3@@YANQAN00@Z 100207d0 f   sg_vs2008_32:sgd.obj
 0001:0001f960       ?sgdAngleBetweenVec3@@YANQAN00@Z 10020960 f   sg_vs2008_32:sgd.obj
 0001:0001fa00       ?extend@sgdBox@@QAEXQBN@Z  10020a00 f   sg_vs2008_32:sgd.obj
 0001:0001fad0       ?extend@sgdBox@@QAEXPBV1@@Z 10020ad0 f   sg_vs2008_32:sgd.obj
 0001:0001fb60       ?extend@sgdBox@@QAEXPBVsgdSphere@@@Z 10020b60 f   sg_vs2008_32:sgd.obj
 0001:0001fbd0       ?intersects@sgdBox@@QBEHQBN@Z 10020bd0 f   sg_vs2008_32:sgd.obj
 0001:0001fd10       ?extend@sgdSphere@@QAEXQBN@Z 10020d10 f   sg_vs2008_32:sgd.obj
 0001:0001fdc0       ?extend@sgdSphere@@QAEXPBVsgdBox@@@Z 10020dc0 f   sg_vs2008_32:sgd.obj
 0001:0001ff50       ?extend@sgdSphere@@QAEXPBV1@@Z 10020f50 f   sg_vs2008_32:sgd.obj
 0001:00020020       ?intersects@sgdSphere@@QBEHPBVsgdBox@@@Z 10021020 f   sg_vs2008_32:sgd.obj
 0001:000200d0       ?update@sgdFrustum@@AAEXXZ 100210d0 f   sg_vs2008_32:sgd.obj
 0001:000204d0       ?contains@sgdFrustum@@QBEHPBVsgdSphere@@@Z 100214d0 f   sg_vs2008_32:sgd.obj
 0001:00020640       ?sgdDistSquaredToLineVec3@@YANUsgdLine3@@QBN@Z 10021640 f   sg_vs2008_32:sgd.obj
 0001:00020680       ?sgdDistSquaredToLineSegmentVec3@@YANUsgdLineSegment3@@QBN@Z 10021680 f   sg_vs2008_32:sgd.obj
 0001:00020790       ?sgdMakeCoordMat4@@YAXQAY03NNNNNNN@Z 10021790 f   sg_vs2008_32:sgd.obj
 0001:00020950       ?sgdMakeTransMat4@@YAXQAY03NQBN@Z 10021950 f   sg_vs2008_32:sgd.obj
 0001:000209a0       ?sgdMakeTransMat4@@YAXQAY03NNNN@Z 100219a0 f   sg_vs2008_32:sgd.obj
 0001:000209f0       ?sgdSetCoord@@YAXPAUsgdCoord@@QAY03$$CBN@Z 100219f0 f   sg_vs2008_32:sgd.obj
 0001:00020cf0       ?sgdMakeNormal@@YAXQANQBN1@Z 10021cf0 f   sg_vs2008_32:sgd.obj
 0001:00020d40       ?sgdMakeNormal@@YAXQANQBN11@Z 10021d40 f   sg_vs2008_32:sgd.obj
 0001:00020de0       ?sgdMultMat4@@YAXQAY03NQAY03$$CBN1@Z 10021de0 f   sg_vs2008_32:sgd.obj
 0001:00020e90       ?sgdTransposeNegateMat4@@YAXQAY03NQAY03$$CBN@Z 10021e90 f   sg_vs2008_32:sgd.obj
 0001:00020f30       ?sgdTransposeNegateMat4@@YAXQAY03N@Z 10021f30 f   sg_vs2008_32:sgd.obj
 0001:00020f60       ?sgdInvertMat4@@YAXQAY03NQAY03$$CBN@Z 10021f60 f   sg_vs2008_32:sgd.obj
 0001:00021180       ?sgdXformVec3@@YAXQANQBNQAY03$$CBN@Z 10022180 f   sg_vs2008_32:sgd.obj
 0001:000211e0       ?sgdXformPnt3@@YAXQANQBNQAY03$$CBN@Z 100221e0 f   sg_vs2008_32:sgd.obj
 0001:00021240       ?sgdXformPnt4@@YAXQANQBNQAY03$$CBN@Z 10022240 f   sg_vs2008_32:sgd.obj
 0001:000212d0       ?sgdFullXformPnt3@@YAXQANQBNQAY03$$CBN@Z 100222d0 f   sg_vs2008_32:sgd.obj
 0001:00021330       ?sgdHPRfromVec3@@YAXQAN0@Z 10022330 f   sg_vs2008_32:sgd.obj
 0001:000213d0       ?sgdQuatToAngleAxis@@YAXPANQANQBN@Z 100223d0 f   sg_vs2008_32:sgd.obj
 0001:00021450       ?sgdAngleAxisToQuat@@YAXQANNQBN@Z 10022450 f   sg_vs2008_32:sgd.obj
 0001:000214f0       ?sgdMatrixToQuat@@YAXQANQAY03$$CBN@Z 100224f0 f   sg_vs2008_32:sgd.obj
 0001:00021650       ?sgdMultQuat@@YAXQANQBN1@Z 10022650 f   sg_vs2008_32:sgd.obj
 0001:00021720       ?sgdMultQuat2@@YAXQANQBN1@Z 10022720 f   sg_vs2008_32:sgd.obj
 0001:000217f0       ?sgdEulerToQuat@@YAXQANQBN@Z 100227f0 f   sg_vs2008_32:sgd.obj
 0001:000218e0       ?sgdQuatToEuler@@YAXQANQBN@Z 100228e0 f   sg_vs2008_32:sgd.obj
 0001:00021a40       ?sgdQuatToMatrix@@YAXQAY03NQBN@Z 10022a40 f   sg_vs2008_32:sgd.obj
 0001:00021b10       ?sgdMakeRotMat42@@YAXQAY03NQAN@Z 10022b10 f   sg_vs2008_32:sgd.obj
 0001:00021be0       ?sgdSlerpQuat2@@YAXQANQBN1N@Z 10022be0 f   sg_vs2008_32:sgd.obj
 0001:00021d00       ?sgdSlerpQuat@@YAXQANQBN1N@Z 10022d00 f   sg_vs2008_32:sgd.obj
 0001:00021df0       ?sgdRotateVecQuat@@YAXQAN0@Z 10022df0 f   sg_vs2008_32:sgd.obj
 0001:00021ee0       ?sgdRotateCoordQuat@@YAXQAN0@Z 10022ee0 f   sg_vs2008_32:sgd.obj
 0001:00021fd0       ?sgdDistSquaredToLineLineSegment@@YANUsgdLineSegment3@@UsgdLine3@@@Z 10022fd0 f   sg_vs2008_32:sgd.obj
 0001:000221e0       ?sgdReflectInPlaneVec3@@YAXQANQBN1@Z 100231e0 f   sg_vs2008_32:sgd.obj
 0001:00022230       ?sgdClassifyMat4@@YAHQAY03$$CBN@Z 10023230 f   sg_vs2008_32:sgd.obj
 0001:000224f0       ?sgdTriangleSolver_SAStoArea@@YANNNN@Z 100234f0 f   sg_vs2008_32:sgd.obj
 0001:00022510       ?sgdTriangleSolver_SSStoArea@@YANNNN@Z 10023510 f   sg_vs2008_32:sgd.obj
 0001:00022560       ?sgdTriangleSolver_SSStoAAA@@YAXNNNPAN00@Z 10023560 f   sg_vs2008_32:sgd.obj
 0001:00022700       ?sgdTriangleSolver_SAStoASA@@YAXNNNPAN00@Z 10023700 f   sg_vs2008_32:sgd.obj
 0001:00022780       ?sgdTriangleSolver_ASAtoSAS@@YAXNNNPAN00@Z 10023780 f   sg_vs2008_32:sgd.obj
 0001:00022830       ?sgdTriangleSolver_ASStoSAA@@YAXNNNHPAN00@Z 10023830 f   sg_vs2008_32:sgd.obj
 0001:000228c0       ?sgdTriangleSolver_SAAtoASS@@YAXNNNPAN00@Z 100238c0 f   sg_vs2008_32:sgd.obj
 0001:00022910       ?sgdTriArea@@YANQAN00@Z    10023910 f   sg_vs2008_32:sgd.obj
 0001:000229f0       ?getOutcode@sgdFrustum@@ABEHQBN@Z 100239f0 f   sg_vs2008_32:sgd.obj
 0001:00022ad0       ?contains@sgdFrustum@@QBEHQBN@Z 10023ad0 f   sg_vs2008_32:sgd.obj
 0001:00022af0       ?contains@sgdFrustum@@QBEHPBVsgdBox@@@Z 10023af0 f   sg_vs2008_32:sgd.obj
 0001:00022c10       ?sgdPreMultMat4@@YAXQAY03NQAY03$$CBN@Z 10023c10 f   sg_vs2008_32:sgd.obj
 0001:00022c50       ?sgdPostMultMat4@@YAXQAY03NQAY03$$CBN@Z 10023c50 f   sg_vs2008_32:sgd.obj
 0001:00022c90       ?sgdQuatToAngleAxis@@YAXPAN000QBN@Z 10023c90 f   sg_vs2008_32:sgd.obj
 0001:00022cd0       ?sgdAngleAxisToQuat@@YAXQANNNNN@Z 10023cd0 f   sg_vs2008_32:sgd.obj
 0001:00022d10       ?sgdTriangleSolver_ASAtoArea@@YANNNN@Z 10023d10 f   sg_vs2008_32:sgd.obj
 0001:00022d80       ?sgdTriangleSolver_ASStoArea@@YANNNNH@Z 10023d80 f   sg_vs2008_32:sgd.obj
 0001:00022de0       ?sgdTriangleSolver_SAAtoArea@@YANNNN@Z 10023de0 f   sg_vs2008_32:sgd.obj
 0001:00022e40       ?ulSetError@@YAXW4ulSeverity@@PBDZZ 10023e40 f   ul_vs2008_32:ulError.obj
 0001:00022eb0       ?ulGetError@@YAPADXZ       10023eb0 f   ul_vs2008_32:ulError.obj
 0001:00022ec0       ?ulClearError@@YAXXZ       10023ec0 f   ul_vs2008_32:ulError.obj
 0001:00022ed0       ?ulGetErrorCallback@@YAP6AXW4ulSeverity@@PAD@ZXZ 10023ed0 f   ul_vs2008_32:ulError.obj
 0001:00022ee0       ?ulSetErrorCallback@@YAXP6AXW4ulSeverity@@PAD@Z@Z 10023ee0 f   ul_vs2008_32:ulError.obj
 0001:00022ef0       ??0_Init_locks@std@@QAE@XZ 10023ef0 f   libcpmtd:xlock.obj
 0001:00022f40       ??0_Lockit@std@@QAE@H@Z    10023f40 f   libcpmtd:xlock.obj
 0001:00022f90       ??0_Lockit@std@@QAE@XZ     10023f90 f   libcpmtd:xlock.obj
 0001:00022fe0       ??1_Init_locks@std@@QAE@XZ 10023fe0 f   libcpmtd:xlock.obj
 0001:00023030       ??1_Lockit@std@@QAE@XZ     10024030 f   libcpmtd:xlock.obj
 0001:00023070       ?_Init_locks_ctor@_Init_locks@std@@CAXPAV12@@Z 10024070 f   libcpmtd:xlock.obj
 0001:000230c0       ?_Init_locks_dtor@_Init_locks@std@@CAXPAV12@@Z 100240c0 f   libcpmtd:xlock.obj
 0001:00023110       ?_Lockit_ctor@_Lockit@std@@CAXPAV12@@Z 10024110 f   libcpmtd:xlock.obj
 0001:00023130       ?_Lockit_ctor@_Lockit@std@@CAXPAV12@H@Z 10024130 f   libcpmtd:xlock.obj
 0001:00023170       ?_Lockit_ctor@_Lockit@std@@SAXH@Z 10024170 f   libcpmtd:xlock.obj
 0001:000231a0       ?_Lockit_dtor@_Lockit@std@@CAXPAV12@@Z 100241a0 f   libcpmtd:xlock.obj
 0001:000231c0       ?_Lockit_dtor@_Lockit@std@@SAXH@Z 100241c0 f   libcpmtd:xlock.obj
 0001:000231f0       ??_U@YAPAXI@Z              100241f0 f   libcpmtd:newaop.obj
 0001:00023210       ?_Debug_message@std@@YAXPBG0I@Z 10024210 f   libcpmtd:stdthrow.obj
 0001:00023230       ?_Debug_message@std@@YAXPB_W0I@Z 10024230 f   libcpmtd:stdthrow.obj
 0001:00023260       ??0_Ignore@std@@QAE@XZ     10024260 f i libcpmtd:xthrow.obj
 0001:00023270       ??0bad_alloc@std@@QAE@ABV01@@Z 10024270 f i libcpmtd:xthrow.obj
 0001:000232a0       ??0bad_alloc@std@@QAE@XZ   100242a0 f i libcpmtd:xthrow.obj
 0001:000232d0       ??0bad_function_call@std@@QAE@ABV01@@Z 100242d0 f i libcpmtd:xthrow.obj
 0001:00023300       ??0bad_function_call@std@@QAE@PBD@Z 10024300 f i libcpmtd:xthrow.obj
 0001:00023330       ??0id@locale@std@@QAE@I@Z  10024330 f i libcpmtd:xthrow.obj
 0001:00023350       ??0invalid_argument@std@@QAE@ABV01@@Z 10024350 f i libcpmtd:xthrow.obj
 0001:00023380       ??0invalid_argument@std@@QAE@PBD@Z 10024380 f i libcpmtd:xthrow.obj
 0001:000233b0       ??0length_error@std@@QAE@ABV01@@Z 100243b0 f i libcpmtd:xthrow.obj
 0001:000233e0       ??0length_error@std@@QAE@PBD@Z 100243e0 f i libcpmtd:xthrow.obj
 0001:00023410       ??0logic_error@std@@QAE@ABV01@@Z 10024410 f i libcpmtd:xthrow.obj
 0001:00023440       ??0logic_error@std@@QAE@PBD@Z 10024440 f i libcpmtd:xthrow.obj
 0001:00023470       ??0out_of_range@std@@QAE@ABV01@@Z 10024470 f i libcpmtd:xthrow.obj
 0001:000234a0       ??0out_of_range@std@@QAE@PBD@Z 100244a0 f i libcpmtd:xthrow.obj
 0001:000234d0       ??0overflow_error@std@@QAE@ABV01@@Z 100244d0 f i libcpmtd:xthrow.obj
 0001:00023500       ??0overflow_error@std@@QAE@PBD@Z 10024500 f i libcpmtd:xthrow.obj
 0001:00023530       ??0regex_error@std@@QAE@ABV01@@Z 10024530 f i libcpmtd:xthrow.obj
 0001:00023570       ??0regex_error@std@@QAE@W4error_type@regex_constants@1@@Z 10024570 f i libcpmtd:xthrow.obj
 0001:000235b0       ??0runtime_error@std@@QAE@ABV01@@Z 100245b0 f i libcpmtd:xthrow.obj
 0001:000235e0       ??0runtime_error@std@@QAE@PBD@Z 100245e0 f i libcpmtd:xthrow.obj
 0001:00023610       ??1bad_alloc@std@@UAE@XZ   10024610 f i libcpmtd:xthrow.obj
 0001:00023630       ??1bad_function_call@std@@UAE@XZ 10024630 f i libcpmtd:xthrow.obj
 0001:00023650       ??1invalid_argument@std@@UAE@XZ 10024650 f i libcpmtd:xthrow.obj
 0001:00023670       ??1length_error@std@@UAE@XZ 10024670 f i libcpmtd:xthrow.obj
 0001:00023690       ??1logic_error@std@@UAE@XZ 10024690 f i libcpmtd:xthrow.obj
 0001:000236b0       ??1out_of_range@std@@UAE@XZ 100246b0 f i libcpmtd:xthrow.obj
 0001:000236d0       ??1overflow_error@std@@UAE@XZ 100246d0 f i libcpmtd:xthrow.obj
 0001:000236f0       ??1regex_error@std@@UAE@XZ 100246f0 f i libcpmtd:xthrow.obj
[...]
 0002:0001f664       __unwindtable$??0Pathfinder@@QAE@PAVTrackDesc@@PAUCarElt@@PAUSituation@@@Z 1009f664     pathfinder.obj
 0002:0001f66c       __ehfuncinfo$??0Pathfinder@@QAE@PAVTrackDesc@@PAUCarElt@@PAUSituation@@@Z 1009f66c     pathfinder.obj
 0002:0001f690       __unwindtable$?initTrack@@YAXHPAUtTrack@@PAXPAPAXPAUSituation@@@Z 1009f690     ANN_Bot_2.obj
 0002:0001f698       __unwindtable$?drive@@YAXHPAUCarElt@@PAUSituation@@@Z 1009f698     ANN_Bot_2.obj
 0002:0001f6a8       __ehfuncinfo$?newrace@@YAXHPAUCarElt@@PAUSituation@@@Z 1009f6a8     ANN_Bot_2.obj
 0002:0001f6cc       __ehfuncinfo$?drive@@YAXHPAUCarElt@@PAUSituation@@@Z 1009f6cc     ANN_Bot_2.obj
 0002:0001f6f0       __ehfuncinfo$?initTrack@@YAXHPAUtTrack@@PAXPAPAXPAUSituation@@@Z 1009f6f0     ANN_Bot_2.obj
 0002:0001f714       __unwindtable$?newrace@@YAXHPAUCarElt@@PAUSituation@@@Z 1009f714     ANN_Bot_2.obj
 0002:0001f754       __unwindtable$??0TrackDesc@@QAE@PBUtTrack@@@Z 1009f754     trackdesc.obj
 0002:0001f75c       __ehfuncinfo$??0TrackDesc@@QAE@PBUtTrack@@@Z 1009f75c     trackdesc.obj
 0002:0001f990       __sehtable$??3@YAXPAX@Z    1009f990     LIBCMTD:dbgdel.obj
 0002:0001f9b0       __sehtable$__onexit        1009f9b0     LIBCMTD:onexit.obj
 0002:0001f9d0       __sehtable$_fclose         1009f9d0     LIBCMTD:fclose.obj
 0002:0001f9f0       __sehtable$__fsopen        1009f9f0     LIBCMTD:fopen.obj
 0002:0001fa10       __sehtable$_fprintf        1009fa10     LIBCMTD:fprintf.obj
 0002:0001fa30       __sehtable$_vfscanf        1009fa30     LIBCMTD:fscanf.obj
 0002:0001fa50       __sehtable$_printf         1009fa50     LIBCMTD:printf.obj
 0002:0001fa70       __sehtable$__CrtSetReportHookW2 1009fa70     LIBCMTD:dbgrptw.obj
 0002:0001fa90       __sehtable$??_L@YGXPAXIHP6EX0@Z1@Z 1009fa90     LIBCMTD:ehvecctr.obj
 0002:0001fab0       __sehtable$??_M@YGXPAXIHP6EX0@Z@Z 1009fab0     LIBCMTD:ehvecdtr.obj
 0002:0001fad0       __sehtable$?__ArrayUnwind@@YGXPAXIHP6EX0@Z@Z 1009fad0     LIBCMTD:ehvecdtr.obj
 0002:0001faf0       __sehtable$__CRT_INIT@12   1009faf0     LIBCMTD:dllcrt0.obj
 0002:0001fb10       __sehtable$___DllMainCRTStartup 1009fb10     LIBCMTD:dllcrt0.obj
 0002:0001fb30       __sehtable$_doexit         1009fb30     LIBCMTD:crt0dat.obj
 0002:0001fb50       __sehtable$__mtinitlocknum 1009fb50     LIBCMTD:mlock.obj
 0002:0001fb70       __sehtable$__realloc_dbg   1009fb70     LIBCMTD:dbgheap.obj
 0002:0001fb90       __sehtable$__expand_dbg    1009fb90     LIBCMTD:dbgheap.obj
 0002:0001fbb0       __sehtable$__free_dbg      1009fbb0     LIBCMTD:dbgheap.obj
 0002:0001fbd0       __sehtable$__msize_dbg     1009fbd0     LIBCMTD:dbgheap.obj
 0002:0001fbf0       __sehtable$__CrtCheckMemory 1009fbf0     LIBCMTD:dbgheap.obj
 0002:0001fc10       __sehtable$__CrtSetDbgFlag 1009fc10     LIBCMTD:dbgheap.obj
 0002:0001fc30       __sehtable$__CrtDoForAllClientObjects 1009fc30     LIBCMTD:dbgheap.obj
 0002:0001fc50       __sehtable$__CrtIsMemoryBlock 1009fc50     LIBCMTD:dbgheap.obj
 0002:0001fc70       __sehtable$__CrtMemCheckpoint 1009fc70     LIBCMTD:dbgheap.obj
 0002:0001fc90       __sehtable$__CrtSetDbgBlockType 1009fc90     LIBCMTD:dbgheap.obj
 0002:0001fcb0       __sehtable$__heap_alloc_dbg_impl 1009fcb0     LIBCMTD:dbgheap.obj
 0002:0001fcd0       __sehtable$?__crtIsBadReadPtr@@YAHPBXI@Z 1009fcd0     LIBCMTD:dbgheap.obj
 0002:0001fcf0       __sehtable$?_CrtMemDumpAllObjectsSince_stat@@YAXPBU_CrtMemState@@PAUlocaleinfo_struct@@@Z 1009fcf0     LIBCMTD:dbgheap.obj
 0002:0001fd10       __sehtable$__close         1009fd10     LIBCMTD:close.obj
 0002:0001fd30       __sehtable$_fflush         1009fd30     LIBCMTD:fflush.obj
 0002:0001fd50       __sehtable$_flsall         1009fd50     LIBCMTD:fflush.obj
 0002:0001fd78       __sehtable$__getstream     1009fd78     LIBCMTD:stream.obj
 0002:0001fd98       __sehtable$_vfprintf_helper 1009fd98     LIBCMTD:vfprintf.obj
 0002:0001fdb8       __sehtable$__ioinit        1009fdb8     LIBCMTD:ioinit.obj
 0002:0001fdd8       __sehtable$_vprintf_helper 1009fdd8     LIBCMTD:vprintf.obj
 0002:0001fdf8       __sehtable$__freefls@4     1009fdf8     LIBCMTD:tidtable.obj
 0002:0001fe20       __sehtable$__initptd       1009fe20     LIBCMTD:tidtable.obj
 0002:0001fe48       __sehtable$?DebuggerProbe@@YAHK@Z 1009fe48     LIBCMTD:error.obj
 0002:0001fe68       __sehtable$?DebuggerRuntime@@YAHKHPAXPB_W@Z 1009fe68     LIBCMTD:error.obj
 0002:0001fe88       __sehtable$?terminate@@YAXXZ 1009fe88     LIBCMTD:hooks.obj
 0002:0001fea8       __sehtable$?_inconsistency@@YAXXZ 1009fea8     LIBCMTD:hooks.obj
 0002:0001fec8       __sehtable$___FrameUnwindToState 1009fec8     LIBCMTD:frame.obj
 0002:0001fef0       __sehtable$?CallCatchBlock@@YAPAXPAUEHExceptionRecord@@PAUEHRegistrationNode@@PAU_CONTEXT@@PBU_s_FuncInfo@@PAXHK@Z 1009fef0     LIBCMTD:frame.obj
 0002:0001ff18       __sehtable$___BuildCatchObject 1009ff18     LIBCMTD:frame.obj
 0002:0001ff38       __sehtable$___DestructExceptionObject 1009ff38     LIBCMTD:frame.obj
 0002:0001ff54       __catchsym$?CallUnexpected@@YAXPBU_s_ESTypeList@@@Z$2 1009ff54     LIBCMTD:frame.obj
 0002:0001ff64       __unwindtable$?CallUnexpected@@YAXPBU_s_ESTypeList@@@Z 1009ff64     LIBCMTD:frame.obj
 0002:0001ff74       __tryblocktable$?CallUnexpected@@YAXPBU_s_ESTypeList@@@Z 1009ff74     LIBCMTD:frame.obj
 0002:0001ff88       __ehfuncinfo$?CallUnexpected@@YAXPBU_s_ESTypeList@@@Z 1009ff88     LIBCMTD:frame.obj
 0002:0001ffb0       __sehtable$___BuildCatchObjectHelper 1009ffb0     LIBCMTD:frame.obj
 0002:00020008       __sehtable$?_Name_base@type_info@@CAPBDPBV1@PAU__type_info_node@@@Z 100a0008     LIBCMTD:typname.obj
 0002:00020028       __sehtable$?_Type_info_dtor@type_info@@CAXPAV1@@Z 100a0028     LIBCMTD:typname.obj
 0002:00020048       __sehtable$?_Name_base_internal@type_info@@CAPBDPBV1@PAU__type_info_node@@@Z 100a0048     LIBCMTD:typname.obj
 0002:00020068       __sehtable$?_Type_info_dtor_internal@type_info@@CAXPAV1@@Z 100a0068     LIBCMTD:typname.obj
 0002:00020088       __sehtable$___clean_type_info_names_internal 100a0088     LIBCMTD:typname.obj
 0002:000200a8       __sehtable$___set_fpsr_sse2 100a00a8     LIBCMTD:fpctrl.obj
 0002:000200c8       __sehtable$_signal         100a00c8     LIBCMTD:winsig.obj
 0002:000200e8       __sehtable$_raise          100a00e8     LIBCMTD:winsig.obj
 0002:00020108       __sehtable$_ctrlevent_capture@4 100a0108     LIBCMTD:winsig.obj
 0002:00020128       __sehtable$__VCrtDbgReportA 100a0128     LIBCMTD:dbgrptt.obj
 0002:00020150       __sehtable$__VCrtDbgReportW 100a0150     LIBCMTD:dbgrptt.obj
 0002:00020178       __sehtable$__IsNonwritableInCurrentImage 100a0178     LIBCMTD:pesect.obj
 0002:00020198       __sehtable$___updatetmbcinfo 100a0198     LIBCMTD:mbctype.obj
 0002:000201b8       __sehtable$__setmbcp       100a01b8     LIBCMTD:mbctype.obj
 0002:000201d4       __unwindtable$?getSystemCP@@YAHH@Z 100a01d4     LIBCMTD:mbctype.obj
 0002:000201dc       __ehfuncinfo$?getSystemCP@@YAHH@Z 100a01dc     LIBCMTD:mbctype.obj
 0002:00020200       __sehtable$__fcloseall     100a0200     LIBCMTD:closeall.obj
 0002:00020220       __sehtable$___updatetlocinfo 100a0220     LIBCMTD:localref.obj
 0002:00020240       __sehtable$__CrtSetReportHook2 100a0240     LIBCMTD:dbgrpt.obj
 0002:00020260       __sehtable$__alloc_osfhnd  100a0260     LIBCMTD:osfinfo.obj
 0002:00020288       __sehtable$___lock_fhandle 100a0288     LIBCMTD:osfinfo.obj
 0002:000202a8       __sehtable$__open_osfhandle 100a02a8     LIBCMTD:osfinfo.obj
 0002:000202c8       __sehtable$__commit        100a02c8     LIBCMTD:commit.obj
 0002:000202e8       __sehtable$__write         100a02e8     LIBCMTD:write.obj
 0002:00020308       __sehtable$__sopen_helper  100a0308     LIBCMTD:open.obj
 0002:00020328       __sehtable$__open          100a0328     LIBCMTD:open.obj
 0002:00020348       __sehtable$_ungetc         100a0348     LIBCMTD:ungetc.obj
 0002:00020368       __sehtable$___unDName      100a0368     LIBCMTD:undname.obj
 0002:00020388       __sehtable$___unDNameEx    100a0388     LIBCMTD:undname.obj
 0002:000203a4       __unwindtable$?make@DNameStatusNode@@SAPAV1@W4DNameStatus@@@Z 100a03a4     LIBCMTD:undname.obj
 0002:000203ac       __ehfuncinfo$?make@DNameStatusNode@@SAPAV1@W4DNameStatus@@@Z 100a03ac     LIBCMTD:undname.obj
 0002:000203d0       __sehtable$__lseeki64      100a03d0     LIBCMTD:lseeki64.obj
 0002:000203ec       __unwindtable$?x_ismbbtype_l@@YAHPAUlocaleinfo_struct@@IHH@Z 100a03ec     LIBCMTD:ismbbyte.obj
 0002:000203f4       __ehfuncinfo$?x_ismbbtype_l@@YAHPAUlocaleinfo_struct@@IHH@Z 100a03f4     LIBCMTD:ismbbyte.obj
 0002:00020418       __unwindtable$?strtoxl@@YAKPAUlocaleinfo_struct@@PBDPAPBDHH@Z 100a0418     LIBCMTD:strtol.obj
 0002:00020420       __ehfuncinfo$?strtoxl@@YAKPAUlocaleinfo_struct@@PBDPAPBDHH@Z 100a0420     LIBCMTD:strtol.obj
 0002:00020448       __sehtable$__get_current_locale 100a0448     LIBCMTD:wsetloca.obj
 0002:00020470       __sehtable$__free_locale   100a0470     LIBCMTD:wsetloca.obj
 0002:00020498       __sehtable$__wsetlocale    100a0498     LIBCMTD:wsetloca.obj
 0002:000204d0       __sehtable$__locterm       100a04d0     LIBCMTD:wsetloca.obj
 0002:000204f0       __sehtable$__putwch        100a04f0     LIBCMTD:putwch.obj
 0002:00020510       __sehtable$__wsopen_helper 100a0510     LIBCMTD:wopen.obj
 0002:00020530       __sehtable$__wopen         100a0530     LIBCMTD:wopen.obj
 0002:00020550       __sehtable$__read          100a0550     LIBCMTD:read.obj
 0002:00020570       __sehtable$_fputwc         100a0570     LIBCMTD:fputwc.obj
 0002:00020590       __sehtable$__chsize_s      100a0590     LIBCMTD:chsize.obj
 0002:000205b0       __sehtable$__setmode       100a05b0     LIBCMTD:setmode.obj
 0002:000205cc       __unwindtable$?strtoxq@@YA_KPAUlocaleinfo_struct@@PBDPAPBDHH@Z 100a05cc     LIBCMTD:strtoq.obj
 0002:000205d4       __ehfuncinfo$?strtoxq@@YA_KPAUlocaleinfo_struct@@PBDPAPBDHH@Z 100a05d4     LIBCMTD:strtoq.obj
 0002:000205f8       __unwindtable$?wcstoxq@@YA_KPAUlocaleinfo_struct@@PB_WPAPB_WHH@Z 100a05f8     LIBCMTD:wcstoq.obj
 0002:00020600       __ehfuncinfo$?wcstoxq@@YA_KPAUlocaleinfo_struct@@PB_WPAPB_WHH@Z 100a0600     LIBCMTD:wcstoq.obj
 0002:00020998       .idata$6                   100a0998     client:client.dll
 0002:00020a60       .idata$6                   100a0a60     tgf:tgf.dll
 0002:00020a94       .idata$6                   100a0a94     robottools:robottools.dll
 0002:00021112       .idata$6                   100a1112     kernel32:KERNEL32.dll
 0002:00021120       .edata                     100a1120     ANN_Bot_2.exp
 0002:00021148       rgpv                       100a1148     ANN_Bot_2.exp
 0002:0002114c       rgszName                   100a114c     ANN_Bot_2.exp
 0002:00021150       rgwOrd                     100a1150     ANN_Bot_2.exp
 0002:00021152       szName                     100a1152     ANN_Bot_2.exp
 0002:00021160       $N00001                    100a1160     ANN_Bot_2.exp
 0003:000000f8       _color                     100a20f8     ANN_Bot_2.obj
 0003:00000108       _masterPlayer              100a2108     ANN_Bot_2.obj
 0003:0000010c       _lastKeyUpdate             100a210c     ANN_Bot_2.obj
 0003:00000110       ?firstTime@?1??common_drive@@YAXHPAUCarElt@@PAUSituation@@@Z@4HA 100a2110     ANN_Bot_2.obj
 0003:00000118       _controlList               100a2118     pref.obj
 0003:00000610       __ulSeverityText           100a2610     ul_vs2008_32:ulError.obj
 0003:0000061c       _init                      100a261c     libcpmtd:xlock.obj
 0003:000007a0       _NAME_                     100a27a0     LIBCMTD:cos.obj
 0003:000007b0       _NAME_                     100a27b0     LIBCMTD:sin.obj
 0003:000007c0       _NAME_                     100a27c0     LIBCMTD:sqrt.obj
 0003:000007d0       _dotdotdot                 100a27d0     LIBCMTD:dbgrptw.obj
 0003:000007e0       _NAME_                     100a27e0     LIBCMTD:acos.obj
 0003:000007f0       _NAME_                     100a27f0     LIBCMTD:tan.obj
 0003:00000808       POW_name                   100a2808     LIBCMTD:pow.obj
 0003:00000810       _NAME_                     100a2810     LIBCMTD:asin.obj
 0003:00000820       _NAME_                     100a2820     LIBCMTD:atan.obj
 0003:00000ab0       __locktable                100a2ab0     LIBCMTD:mlock.obj
 0003:00000c30       ?isPackaged@?1??__crtIsPackagedApp@@9@9 100a2c30     LIBCMTD:winapisupp.obj
 0003:00000c38       __lRequestCurr             100a2c38     LIBCMTD:dbgheap.obj
 0003:00000c3c       __bNoMansLandFill          100a2c3c     LIBCMTD:dbgheap.obj
 0003:00000c3d       __bAlignLandFill           100a2c3d     LIBCMTD:dbgheap.obj
 0003:00000c3e       __bDeadLandFill            100a2c3e     LIBCMTD:dbgheap.obj
 0003:00000c3f       __bCleanLandFill           100a2c3f     LIBCMTD:dbgheap.obj
 0003:00000c50       _errtable                  100a2c50     LIBCMTD:dosmap.obj
 0003:00000db8       _ErrnoNoMem                100a2db8     LIBCMTD:dosmap.obj
 0003:00000dbc       _DoserrorNoMem             100a2dbc     LIBCMTD:dosmap.obj
 0003:00000e80       ?_names@?1??_get_fname@@9@9 100a2e80     LIBCMTD:fpexcept.obj
 0003:00000f90       _over                      100a2f90     LIBCMTD:fpctrl.obj
 0003:00000f9c       _under                     100a2f9c     LIBCMTD:fpctrl.obj
 0003:00000fa8       ?__DAZ_ENABLED@?1??__set_fpsr_sse2@@9@9 100a2fa8     LIBCMTD:fpctrl.obj
 0003:00000fb0       _newcw                     100a2fb0     LIBCMTD:ceil.obj
 0003:00000fe0       _newcw                     100a2fe0     LIBCMTD:floor.obj
 0003:00000fe8       ___rgctypeflag             100a2fe8     LIBCMTD:mbctype.obj
 0003:00000ff0       ___rgcode_page_info        100a2ff0     LIBCMTD:mbctype.obj
 0003:00001508       _dotdotdot                 100a3508     LIBCMTD:dbgrpt.obj
 0003:00001854       __ctype_loc_style          100a3854     LIBCMTD:wsetloca.obj
 0003:00001960       _DoubleFormat              100a3960     LIBCMTD:intrncvt.obj
 0003:00001978       _FloatFormat               100a3978     LIBCMTD:intrncvt.obj
 0003:00001c60       _allocator_arg             100a3c60     BackProp.obj
 0003:00001c61       _piecewise_construct       100a3c61     BackProp.obj
 0003:00001c70       _allocator_arg             100a3c70     NeuralLayer.obj
 0003:00001c71       _piecewise_construct       100a3c71     NeuralLayer.obj
 0003:00001c72       _allocator_arg             100a3c72     NeuralNetwork.obj
 0003:00001c73       _piecewise_construct       100a3c73     NeuralNetwork.obj
 0003:00001c80       _joyInfo                   100a3c80     ANN_Bot_2.obj
 0003:00001c84       _mouseInfo                 100a3c84     ANN_Bot_2.obj
 0003:00001c88       _speedLimiter              100a3c88     ANN_Bot_2.obj
 0003:00001c8c       _firstTime                 100a3c8c     ANN_Bot_2.obj
 0003:00001c90       _steeringNetwork           100a3c90     ANN_Bot_2.obj
 0003:00001c94       _accelNetwork              100a3c94     ANN_Bot_2.obj
 0003:00001c98       _sensors                   100a3c98     ANN_Bot_2.obj
 0003:00001c9c       _myCar                     100a3c9c     ANN_Bot_2.obj
 0003:00001ca0       _trackDesc                 100a3ca0     ANN_Bot_2.obj
 0003:00001cd0       _allocator_arg             100a3cd0     ANN_Bot_2.obj
 0003:00001cd1       _piecewise_construct       100a3cd1     ANN_Bot_2.obj
 0003:00001cd4       _curTrack                  100a3cd4     ANN_Bot_2.obj
 0003:00001cd8       _Vtarget                   100a3cd8     ANN_Bot_2.obj
 0003:00001ce0       _keyInfo                   100a3ce0     ANN_Bot_2.obj
 0003:000028e0       _skeyInfo                  100a48e0     ANN_Bot_2.obj
 0003:000034e0       _currentKey                100a54e0     ANN_Bot_2.obj
 0003:000038e0       _currentSKey               100a58e0     ANN_Bot_2.obj
 0003:00003ce8       __ulErrorBuffer            100a5ce8     ul_vs2008_32:ulError.obj
 0003:000040e8       __ulErrorCB                100a60e8     ul_vs2008_32:ulError.obj
 0003:000040f0       _initlocks                 100a60f0     libcpmtd:xlock.obj
 0003:000040f8       _mtx                       100a60f8     libcpmtd:xlock.obj
 0003:00004158       __Tuple_alloc              100a6158     libcpmtd:xthrow.obj
 0003:00004159       _ignore                    100a6159     libcpmtd:xthrow.obj
 0003:0000415a       _allocator_arg             100a615a     libcpmtd:xthrow.obj
 0003:0000415b       _piecewise_construct       100a615b     libcpmtd:xthrow.obj
 0003:0000416c       _allocator_arg             100a616c     libcpmtd:syserror.obj
 0003:0000416d       _piecewise_construct       100a616d     libcpmtd:syserror.obj
 0003:00004170       ___enable_percent_n        100a6170     LIBCMTD:printf.obj
 0003:00004174       ?init@?1??_RTC_InitBase@@9@4_NA 100a6174     LIBCMTD:init.obj
 0003:00004180       _GS_ExceptionRecord        100a6180     LIBCMTD:gs_report.obj
 0003:000041d0       _GS_ContextRecord          100a61d0     LIBCMTD:gs_report.obj
 0003:0000449c       _DebuggerWasPresent        100a649c     LIBCMTD:gs_report.obj
 0003:000044a8       ___proc_attached           100a64a8     LIBCMTD:dllcrt0.obj
 0003:000044c4       ?fExit@?1??doexit@@9@9     100a64c4     LIBCMTD:crt0dat.obj
 0003:000044e8       _lclcritsects              100a64e8     LIBCMTD:mlock.obj
 0003:00004658       ?outmsg@?L@??_NMSG_WRITE@@9@9 100a6658     LIBCMTD:crt0msg.obj
 0003:00004c8c       _check_frequency           100a6c8c     LIBCMTD:dbgheap.obj
 0003:00004c94       _check_counter             100a6c94     LIBCMTD:dbgheap.obj
 0003:00004c98       __lTotalAlloc              100a6c98     LIBCMTD:dbgheap.obj
 0003:00004c9c       __lCurAlloc                100a6c9c     LIBCMTD:dbgheap.obj
 0003:00004ca0       __lMaxAlloc                100a6ca0     LIBCMTD:dbgheap.obj
 0003:00004ca4       __pFirstBlock              100a6ca4     LIBCMTD:dbgheap.obj
 0003:00004ca8       __pLastBlock               100a6ca8     LIBCMTD:dbgheap.obj
 0003:00004dc4       __RTC_ErrorReportFunc      100a6dc4     LIBCMTD:userapi.obj
 0003:00004dc8       __RTC_ErrorReportFuncW     100a6dc8     LIBCMTD:userapi.obj
 0003:00004dd0       ___type_info_root_node     100a6dd0     LIBCMTD:typname.obj
 0003:00004dd8       __pmatherr_set             100a6dd8     LIBCMTD:libm_error.obj
 0003:00004ddc       _ctrlc_action              100a6ddc     LIBCMTD:winsig.obj
 0003:00004de0       _ctrlbreak_action          100a6de0     LIBCMTD:winsig.obj
 0003:00004de4       _abort_action              100a6de4     LIBCMTD:winsig.obj
 0003:00004de8       _term_action               100a6de8     LIBCMTD:winsig.obj
 0003:00004dec       _ConsoleCtrlHandler_Installed 100a6dec     LIBCMTD:winsig.obj
 0003:00004df0       ?pfnMessageBox@?1??__crtMessageBoxW@@9@9 100a6df0     LIBCMTD:crtmboxw.obj
 0003:00004df4       ?pfnGetActiveWindow@?1??__crtMessageBoxW@@9@9 100a6df4     LIBCMTD:crtmboxw.obj
 0003:00004df8       ?pfnGetLastActivePopup@?1??__crtMessageBoxW@@9@9 100a6df8     LIBCMTD:crtmboxw.obj
 0003:00004dfc       ?pfnGetProcessWindowStation@?1??__crtMessageBoxW@@9@9 100a6dfc     LIBCMTD:crtmboxw.obj
 0003:00004e00       ?pfnGetUserObjectInformation@?1??__crtMessageBoxW@@9@9 100a6e00     LIBCMTD:crtmboxw.obj
 0003:00004e10       ?_pgmname@?1??_setargv@@9@9 100a6e10     LIBCMTD:stdargv.obj
 0003:00004f18       _g_pfnRtlGenRandom         100a6f18     LIBCMTD:rand_s.obj
 0003:00004f34       _fSystemSet                100a6f34     LIBCMTD:mbctype.obj
 0003:00004f3c       ___crtCallProc             100a6f3c     LIBCMTD:winapinls.obj
 0003:00004f44       _mspdb                     100a6f44     LIBCMTD:pdblkup.obj
 0003:00004f48       ?alreadyTried@?1??GetPdbDll@@YAPAUHINSTANCE__@@XZ@4_NA 100a6f48     LIBCMTD:pdblkup.obj
 0003:00004f49       ?PDBOK@?BM@??_RTC_GetSrcLine@@YAHPAEPA_WKPAH1K@Z@4_NA 100a6f49     LIBCMTD:pdblkup.obj
 0003:00004f74       _heap                      100a6f74     LIBCMTD:undname.obj
 0003:00004f88       ?buf@?1??dbGetString@DName@@QBEPADXZ@4PADA 100a6f88     LIBCMTD:undname.obj
