 ANN_Bot_2

 Timestamp is 51a53390 (Wed May 29 00:45:36 2013)

 Preferred load address is 10000000

 Start         Length     Name                   Class
 0001:00000000 00029bc0H .text                   CODE
 0001:00029bc0 000001d3H .text$x                 CODE
 0001:00029da0 0000002cH .text$yc                CODE
 0001:00029dd0 0000002bH .text$yd                CODE
 0002:00000000 0000018cH .idata$5                DATA
 0002:0000018c 00000004H .CRT$XCA                DATA
 0002:00000190 0000000cH .CRT$XCU                DATA
 0002:0000019c 00000004H .CRT$XCZ                DATA
 0002:000001a0 00000004H .CRT$XIA                DATA
 0002:000001a4 00000014H .CRT$XIC                DATA
 0002:000001b8 00000004H .CRT$XIZ                DATA
 0002:000001bc 00000004H .CRT$XPA                DATA
 0002:000001c0 00000008H .CRT$XPX                DATA
 0002:000001c8 00000004H .CRT$XPXA               DATA
 0002:000001cc 00000004H .CRT$XPZ                DATA
 0002:000001d0 00000004H .CRT$XTA                DATA
 0002:000001d4 00000004H .CRT$XTZ                DATA
 0002:000001e0 0001aae8H .rdata                  DATA
 0002:0001acc8 00000420H .rdata$r                DATA
 0002:0001b0f0 0000004cH .rdata$sxdata           DATA
 0002:0001b13c 00000004H .rtc$IAA                DATA
 0002:0001b140 00000004H .rtc$IZZ                DATA
 0002:0001b144 00000004H .rtc$TAA                DATA
 0002:0001b148 00000004H .rtc$TZZ                DATA
 0002:0001b150 00000a9cH .xdata$x                DATA
 0002:0001bbec 00000050H .idata$2                DATA
 0002:0001bc3c 00000014H .idata$3                DATA
 0002:0001bc50 0000018cH .idata$4                DATA
 0002:0001bddc 0000072eH .idata$6                DATA
 0002:0001c510 0000004aH .edata                  DATA
 0003:00000000 00001a3cH .data                   DATA
 0003:00001a40 00004338H .bss                    DATA

  Address         Publics by Value              Rva+Base       Lib:Object

 0000:00000000       __except_list              00000000     <absolute>
 0000:00000013       ___safe_se_handler_count   00000013     <absolute>
 0000:00000000       ___ImageBase               10000000     <linker-defined>
 0001:00000000       ?sigmoid@CBackProp@@AAENN@Z 10001000 f   BackProp.obj
 0001:00000040       ??1CBackProp@@QAE@XZ       10001040 f   BackProp.obj
 0001:00000170       ??0CBackProp@@QAE@HPAHNN@Z 10001170 f   BackProp.obj
 0001:000004a0       ?bpgt@CBackProp@@QAEXPAN0@Z 100014a0 f   BackProp.obj
 0001:00000730       ?ffwd@CBackProp@@QAEXPAN@Z 10001730 f   BackProp.obj
 0001:00000810       ?mse@CBackProp@@QBENPAN@Z  10001810 f   BackProp.obj
 0001:00000870       ?Out@CBackProp@@QBENH@Z    10001870 f   BackProp.obj
 0001:00000890       ?WriteWeights@CBackProp@@QAEXPBD@Z 10001890 f   BackProp.obj
 0001:00000940       ?ReadWeights@CBackProp@@QAEXPBD@Z 10001940 f   BackProp.obj
 0001:00000a20       ??1?$basic_string@DU?$char_traits@D@std@@V?$allocator@D@2@@std@@QAE@XZ 10001a20 f i BackProp.obj
 0001:00000a50       ??3@YAXPAX0@Z              10001a50 f i BackProp.obj
 0001:00000a60       ??_G_Iostream_error_category@std@@UAEPAXI@Z 10001a60 f i BackProp.obj
 0001:00000a60       ??_G_System_error_category@std@@UAEPAXI@Z 10001a60 f i BackProp.obj
 0001:00000a60       ??_E_System_error_category@std@@UAEPAXI@Z 10001a60 f i BackProp.obj
 0001:00000a60       ??_G_Generic_error_category@std@@UAEPAXI@Z 10001a60 f i BackProp.obj
 0001:00000a60       ??_E_Iostream_error_category@std@@UAEPAXI@Z 10001a60 f i BackProp.obj
 0001:00000a60       ??_Gerror_category@std@@UAEPAXI@Z 10001a60 f i BackProp.obj
 0001:00000a60       ??_Eerror_category@std@@UAEPAXI@Z 10001a60 f i BackProp.obj
 0001:00000a60       ??_E_Generic_error_category@std@@UAEPAXI@Z 10001a60 f i BackProp.obj
 0001:00000a90       ?_Copy@?$basic_string@DU?$char_traits@D@std@@V?$allocator@D@2@@std@@QAEXII@Z 10001a90 f i BackProp.obj
 0001:00000be0       ?allocate@?$_Wrap_alloc@V?$allocator@D@std@@@std@@QAEPADI@Z 10001be0 f i BackProp.obj
 0001:00000c10       ?assign@?$basic_string@DU?$char_traits@D@std@@V?$allocator@D@2@@std@@QAEAAV12@ABV12@II@Z 10001c10 f i BackProp.obj
 0001:00000d40       ?assign@?$basic_string@DU?$char_traits@D@std@@V?$allocator@D@2@@std@@QAEAAV12@PBDI@Z 10001d40 f i BackProp.obj
 0001:00000e40       ?default_error_condition@_System_error_category@std@@UBE?AVerror_condition@2@H@Z 10001e40 f i BackProp.obj
 0001:00000e80       ?default_error_condition@error_category@std@@UBE?AVerror_condition@2@H@Z 10001e80 f i BackProp.obj
 0001:00000ea0       ?equivalent@error_category@std@@UBE_NABVerror_code@2@H@Z 10001ea0 f i BackProp.obj
 0001:00000ec0       ?equivalent@error_category@std@@UBE_NHABVerror_condition@2@@Z 10001ec0 f i BackProp.obj
 0001:00000f00       ?erase@?$basic_string@DU?$char_traits@D@std@@V?$allocator@D@2@@std@@QAEAAV12@II@Z 10001f00 f i BackProp.obj
 0001:00000fa0       ?message@_Generic_error_category@std@@UBE?AV?$basic_string@DU?$char_traits@D@std@@V?$allocator@D@2@@2@H@Z 10001fa0 f i BackProp.obj
 0001:00001010       ?message@_Iostream_error_category@std@@UBE?AV?$basic_string@DU?$char_traits@D@std@@V?$allocator@D@2@@2@H@Z 10002010 f i BackProp.obj
 0001:00001060       ?message@_System_error_category@std@@UBE?AV?$basic_string@DU?$char_traits@D@std@@V?$allocator@D@2@@2@H@Z 10002060 f i BackProp.obj
 0001:000010d0       ?name@_Generic_error_category@std@@UBEPBDXZ 100020d0 f i BackProp.obj
 0001:000010e0       ?name@_Iostream_error_category@std@@UBEPBDXZ 100020e0 f i BackProp.obj
 0001:000010f0       ?name@_System_error_category@std@@UBEPBDXZ 100020f0 f i BackProp.obj
 0001:00001100       ??0MyCar@@QAE@PAVTrackDesc@@PAUCarElt@@PAUSituation@@@Z 10002100 f   mycar.obj
 0001:00001860       ??1MyCar@@QAE@XZ           10002860 f   mycar.obj
 0001:00001880       ?info@MyCar@@QAEXXZ        10002880 f   mycar.obj
 0001:000019b0       ?update@MyCar@@QAEXPAVTrackDesc@@PAUCarElt@@PAUSituation@@@Z 100029b0 f   mycar.obj
 0001:00001ca0       ?loadBehaviour@MyCar@@QAEXH@Z 10002ca0 f   mycar.obj
 0001:00001d30       ?querySlipSpeed@MyCar@@QAENPAUCarElt@@@Z 10002d30 f   mycar.obj
 0001:00001df0       ?queryAcceleration@MyCar@@QAENPAUCarElt@@N@Z 10002df0 f   mycar.obj
 0001:00001ea0       ?updateCa@MyCar@@AAEXXZ    10002ea0 f   mycar.obj
 0001:00002030       ?updateDError@MyCar@@AAEXXZ 10003030 f   mycar.obj
 0001:000021a0       ?initCarGeometry@MyCar@@AAEXXZ 100031a0 f   mycar.obj
 0001:000021d0       ?init@OtherCar@@QAEXPAVTrackDesc@@PAUCarElt@@PAUSituation@@@Z 100031d0 f   mycar.obj
 0001:000022f0       ?update@OtherCar@@QAEXXZ   100032f0 f   mycar.obj
 0001:00002430       ?getCurrentSegment@TrackDesc@@QAEHPAUCarElt@@HH@Z 10003430 f i mycar.obj
 0001:00002500       ??0NeuralLayer@@QAE@HHH@Z  10003500 f   NeuralLayer.obj
 0001:00002930       ??1NeuralLayer@@UAE@XZ     10003930 f   NeuralLayer.obj
 0001:00002960       ?Propagate@NeuralLayer@@QAEXABHAAV1@@Z 10003960 f   NeuralLayer.obj
 0001:00002b10       ?BackPropagate@NeuralLayer@@QAEXABHAAV1@@Z 10003b10 f   NeuralLayer.obj
 0001:00002c90       ?AdjustWeights@NeuralLayer@@QAEXAAV1@ABM1@Z 10003c90 f   NeuralLayer.obj
 0001:00002d60       ?SetInput@NeuralLayer@@QAEXAAV?$vector@MV?$allocator@M@std@@@std@@@Z 10003d60 f   NeuralLayer.obj
 0001:00002e00       ?GetOutput@NeuralLayer@@QAEXAAV?$vector@MV?$allocator@M@std@@@std@@@Z 10003e00 f   NeuralLayer.obj
 0001:00002e90       ?CalculateError@NeuralLayer@@QAEMHAAV?$vector@MV?$allocator@M@std@@@std@@@Z 10003e90 f   NeuralLayer.obj
 0001:00002f80       ?ActLogistic@NeuralLayer@@QAEMABM@Z 10003f80 f   NeuralLayer.obj
 0001:00002fc0       ?ActStep@NeuralLayer@@QAEMM@Z 10003fc0 f   NeuralLayer.obj
 0001:00002ff0       ?ActTanh@NeuralLayer@@QAEMM@Z 10003ff0 f   NeuralLayer.obj
 0001:00003030       ?ActBipolarSigmoid@NeuralLayer@@QAEMABM@Z 10004030 f   NeuralLayer.obj
 0001:00003080       ?DerLogistic@NeuralLayer@@QAEMABM@Z 10004080 f   NeuralLayer.obj
 0001:000030b0       ?DerTanh@NeuralLayer@@QAEMM@Z 100040b0 f   NeuralLayer.obj
 0001:000030e0       ?DerBipolarSigmoid@NeuralLayer@@QAEMABM@Z 100040e0 f   NeuralLayer.obj
 0001:00003120       ?Clear@NeuralLayer@@QAEXXZ 10004120 f   NeuralLayer.obj
 0001:00003170       ?_Tidy@?$vector@PAUNeuron@@V?$allocator@PAUNeuron@@@std@@@std@@IAEXXZ 10004170 f i NeuralLayer.obj
 0001:00003170       ??1?$vector@MV?$allocator@M@std@@@std@@QAE@XZ 10004170 f i NeuralLayer.obj
 0001:00003170       ??1?$vector@PAUNeuron@@V?$allocator@PAUNeuron@@@std@@@std@@QAE@XZ 10004170 f i NeuralLayer.obj
 0001:000031a0       ??_GNeuralLayer@@UAEPAXI@Z 100041a0 f i NeuralLayer.obj
 0001:000031a0       ??_ENeuralLayer@@UAEPAXI@Z 100041a0 f i NeuralLayer.obj
 0001:000031d0       ??_ENeuron@@UAEPAXI@Z      100041d0 f i NeuralLayer.obj
 0001:000031d0       ??_GNeuron@@UAEPAXI@Z      100041d0 f i NeuralLayer.obj
 0001:00003240       ?_Reallocate@?$vector@PAUNeuron@@V?$allocator@PAUNeuron@@@std@@@std@@IAEXI@Z 10004240 f i NeuralLayer.obj
 0001:00003240       ?_Reallocate@?$vector@MV?$allocator@M@std@@@std@@IAEXI@Z 10004240 f i NeuralLayer.obj
 0001:000032c0       ?_Reserve@?$vector@MV?$allocator@M@std@@@std@@IAEXI@Z 100042c0 f i NeuralLayer.obj
 0001:00003340       ?push_back@?$vector@MV?$allocator@M@std@@@std@@QAEX$$QAM@Z 10004340 f i NeuralLayer.obj
 0001:00003340       ?push_back@?$vector@MV?$allocator@M@std@@@std@@QAEXABM@Z 10004340 f i NeuralLayer.obj
 0001:000033b0       ?AddLayer@NeuralNetwork@@AAEXHHH@Z 100043b0 f   NeuralNetwork.obj
 0001:00003420       ??0NeuralNetwork@@QAE@HHHHABV?$basic_string@DU?$char_traits@D@std@@V?$allocator@D@2@@std@@@Z 10004420 f   NeuralNetwork.obj
 0001:000034c0       ??1NeuralNetwork@@UAE@XZ   100044c0 f   NeuralNetwork.obj
 0001:00003540       ?Init@NeuralNetwork@@QAEXXZ 10004540 f   NeuralNetwork.obj
 0001:00003610       ?Train@NeuralNetwork@@QAEXAAV?$vector@MV?$allocator@M@std@@@std@@0@Z 10004610 f   NeuralNetwork.obj
 0001:00003640       ?Use@NeuralNetwork@@QAEXAAV?$vector@MV?$allocator@M@std@@@std@@0@Z 10004640 f   NeuralNetwork.obj
 0001:00003670       ?Propagate@NeuralNetwork@@QAEXXZ 10004670 f   NeuralNetwork.obj
 0001:000036c0       ?BackPropagate@NeuralNetwork@@QAEXXZ 100046c0 f   NeuralNetwork.obj
 0001:00003730       ?WriteWeights@NeuralNetwork@@QAEXXZ 10004730 f   NeuralNetwork.obj
 0001:00003820       ?ReadWeights@NeuralNetwork@@QAEXXZ 10004820 f   NeuralNetwork.obj
 0001:00003920       ?SetInputs@NeuralNetwork@@QAEXAAV?$vector@MV?$allocator@M@std@@@std@@@Z 10004920 f   NeuralNetwork.obj
 0001:00003930       ?FindError@NeuralNetwork@@QAEXAAV?$vector@MV?$allocator@M@std@@@std@@@Z 10004930 f   NeuralNetwork.obj
 0001:00003950       ??$_Uninit_copy@V?$_Vector_const_iterator@V?$_Vector_val@U?$_Simple_types@PAUNeuron@@@std@@@std@@@std@@PAPAUNeuron@@V?$allocator@PAUNeuron@@@2@@std@@YAPAPAUNeuron@@V?$_Vector_const_iterator@V?$_Vector_val@U?$_Simple_types@PAUNeuron@@@std@@@std@@@0@0PAPAU1@AAU?$_Wrap_alloc@V?$allocator@PAUNeuron@@@std@@@0@U_Nonscalar_ptr_iterator_tag@0@@Z 10004950 f i NeuralNetwork.obj
 0001:00003980       ??$_Uninit_move@PAVNeuralLayer@@PAV1@V?$allocator@VNeuralLayer@@@std@@V1@@std@@YAPAVNeuralLayer@@PAV1@00AAU?$_Wrap_alloc@V?$allocator@VNeuralLayer@@@std@@@0@0U_Nonscalar_ptr_iterator_tag@0@@Z 10004980 f i NeuralNetwork.obj
 0001:00003a30       ??0?$vector@PAUNeuron@@V?$allocator@PAUNeuron@@@std@@@std@@QAE@ABV01@@Z 10004a30 f i NeuralNetwork.obj
 0001:00003ad0       ??1?$vector@VNeuralLayer@@V?$allocator@VNeuralLayer@@@std@@@std@@QAE@XZ 10004ad0 f i NeuralNetwork.obj
 0001:00003b20       ??_ENeuralNetwork@@UAEPAXI@Z 10004b20 f i NeuralNetwork.obj
 0001:00003b20       ??_GNeuralNetwork@@UAEPAXI@Z 10004b20 f i NeuralNetwork.obj
 0001:00003b50       ?_Buy@?$vector@PAUNeuron@@V?$allocator@PAUNeuron@@@std@@@std@@IAE_NI@Z 10004b50 f i NeuralNetwork.obj
 0001:00003bc0       ?_Reallocate@?$vector@VNeuralLayer@@V?$allocator@VNeuralLayer@@@std@@@std@@IAEXI@Z 10004bc0 f i NeuralNetwork.obj
 0001:00003cd0       ?_Reserve@?$vector@VNeuralLayer@@V?$allocator@VNeuralLayer@@@std@@@std@@IAEXI@Z 10004cd0 f i NeuralNetwork.obj
 0001:00003d80       ?push_back@?$vector@VNeuralLayer@@V?$allocator@VNeuralLayer@@@std@@@std@@QAEXABVNeuralLayer@@@Z 10004d80 f i NeuralNetwork.obj
 0001:00003e70       ??0Pathfinder@@QAE@PAVTrackDesc@@PAUCarElt@@PAUSituation@@@Z 10004e70 f   pathfinder.obj
 0001:00003f80       ??1Pathfinder@@QAE@XZ      10004f80 f   pathfinder.obj
 0001:00003fd0       ?plan@Pathfinder@@QAEXHPAUCarElt@@PAUSituation@@PAVMyCar@@PAVOtherCar@@@Z 10004fd0 f   pathfinder.obj
 0001:000048d0       ?plan@Pathfinder@@QAEXPAVMyCar@@@Z 100058d0 f   pathfinder.obj
 0001:00004d90       ?initPit@Pathfinder@@QAEXPAUCarElt@@@Z 10005d90 f   pathfinder.obj
 0001:00005160       ?plotPitStopPath@Pathfinder@@QAEXPAD@Z 10006160 f   pathfinder.obj
 0001:000051e0       ?plotPath@Pathfinder@@QAEXPAD@Z 100061e0 f   pathfinder.obj
 0001:00005260       ?initPitStopPath@Pathfinder@@AAEXXZ 10006260 f   pathfinder.obj
 0001:00005830       ?collision@Pathfinder@@AAEHHPAUCarElt@@PAUSituation@@PAVMyCar@@PAVOtherCar@@@Z 10006830 f   pathfinder.obj
 0001:00005d00       ?overtake@Pathfinder@@AAEHHPAUSituation@@PAVMyCar@@PAVOtherCar@@@Z 10006d00 f   pathfinder.obj
 0001:000069f0       ?stepInterpolate@Pathfinder@@AAEXHHH@Z 100079f0 f   pathfinder.obj
 0001:00006c60       ?interpolate@Pathfinder@@AAEXH@Z 10007c60 f   pathfinder.obj
 0001:00006cc0       ?smooth@Pathfinder@@AAEXH@Z 10007cc0 f   pathfinder.obj
 0001:00007080       ?correctPath@Pathfinder@@AAEHHPAUCarElt@@PAVMyCar@@@Z 10008080 f   pathfinder.obj
 0001:000076b0       ?smooth@Pathfinder@@AAEXHHHN@Z 100086b0 f   pathfinder.obj
 0001:000077b0       ?smooth@Pathfinder@@AAEXHNN@Z 100087b0 f   pathfinder.obj
 0001:00007db0       ?optimize@Pathfinder@@AAEXHHN@Z 10008db0 f   pathfinder.obj
 0001:00007e10       ?optimize2@Pathfinder@@AAEXHHN@Z 10008e10 f   pathfinder.obj
 0001:00007eb0       ?optimize3@Pathfinder@@AAEXHHN@Z 10008eb0 f   pathfinder.obj
 0001:00007f50       ?letoverlap@Pathfinder@@AAEHHPAUSituation@@PAVMyCar@@PAVOtherCar@@PAUtOverlapTimer@@@Z 10008f50 f   pathfinder.obj
 0001:00008660       ?adjustRadius@Pathfinder@@AAEXHHHNN@Z 10009660 f i pathfinder.obj
 0001:00008aa0       ?updateOCar@Pathfinder@@AAEHHPAUSituation@@PAVMyCar@@PAVOtherCar@@PAUtOCar@@@Z 10009aa0 f i pathfinder.obj
 0001:000091c0       ?updateOverlapTimer@Pathfinder@@AAEXHPAUSituation@@PAVMyCar@@PAVOtherCar@@PAUtOCar@@PAUtOverlapTimer@@@Z 1000a1c0 f i pathfinder.obj
 0001:00009340       ?setSingleSensor@SingleSensor@@QAEXMM@Z 1000a340 f   sensors.obj
 0001:00009380       ?update@SingleSensor@@QAEXXZ 1000a380 f   sensors.obj
 0001:000094b0       ?sensor_calc_str@SingleSensor@@IAEMPAUtrackSeg@@MMMM@Z 1000a4b0 f   sensors.obj
 0001:00009af0       ?sensor_calc_lft_rgt@SingleSensor@@IAEMPAUtrackSeg@@MMMM@Z 1000aaf0 f   sensors.obj
 0001:00009dc0       ?check_max_circle_intersect@SingleSensor@@IAE_NMMMMMMAAM@Z 1000adc0 f   sensors.obj
 0001:0000a050       ?check_min_circle_intersect@SingleSensor@@IAE_NMMMMMMAAM@Z 1000b050 f   sensors.obj
 0001:0000a1c0       ?check_up_border_intersect@SingleSensor@@IAE_NMMMMMAAM00@Z 1000b1c0 f   sensors.obj
 0001:0000a370       ?check_down_border_intersect@SingleSensor@@IAE_NMMMMMAAM00@Z 1000b370 f   sensors.obj
 0001:0000a640       ??0Sensors@@QAE@XZ         1000b640 f   sensors.obj
 0001:0000a650       ??0Sensors@@QAE@PAUCarElt@@H@Z 1000b650 f   sensors.obj
 0001:0000a6a0       ??1Sensors@@QAE@XZ         1000b6a0 f   sensors.obj
 0001:0000a6b0       ?setSensor@Sensors@@QAEXHMM@Z 1000b6b0 f   sensors.obj
 0001:0000a6e0       ?getSensorOut@Sensors@@QAEMH@Z 1000b6e0 f   sensors.obj
 0001:0000a700       ?sensors_update@Sensors@@QAEXXZ 1000b700 f   sensors.obj
 0001:0000a730       ?tridiagonal@@YAXHPAUSplineEquationData@@PAN@Z 1000b730 f   spline.obj
 0001:0000a910       ?tridiagonal2@@YAXHPAUSplineEquationData2@@@Z 1000b910 f   spline.obj
 0001:0000ab70       ?slopesp@@YAXHQBN0QAN@Z    1000bb70 f   spline.obj
 0001:0000aea0       ?slopesn@@YAXHQBN0QAN@Z    1000bea0 f   spline.obj
 0001:0000afe0       ?parametricslopesp@@YAXHQBN0QAN11@Z 1000bfe0 f   spline.obj
 0001:0000b0b0       ?parametricslopesn@@YAXHQBN0QAN11@Z 1000c0b0 f   spline.obj
 0001:0000b180       ?spline@@YANHNQBN00@Z      1000c180 f   spline.obj
 0001:0000d270       ?DllEntryPoint@@YGHPAUHINSTANCE__@@KPAX@Z 1000e270 f   ANN_Bot_2.obj
 0001:0000d460       _ANN_Bot_2                 1000e460 f   ANN_Bot_2.obj
 0001:0000f060       ?HmReadPrefs@@YAXH@Z       10010060 f   pref.obj
 0001:0000f7d0       ??0TrackSegment@@QAE@XZ    100107d0 f   trackdesc.obj
 0001:0000f7e0       ??1TrackSegment@@QAE@XZ    100107e0 f   trackdesc.obj
 0001:0000f7f0       ?init@TrackSegment@@QAEXHPBUtrackSeg@@PBVv3d@@11@Z 100107f0 f   trackdesc.obj
 0001:0000fa90       ??0TrackDesc@@QAE@PBUtTrack@@@Z 10010a90 f   trackdesc.obj
 0001:00010490       ??1TrackDesc@@QAE@XZ       10011490 f   trackdesc.obj
 0001:000104c0       ?plot@TrackDesc@@QAEXPAD@Z 100114c0 f   trackdesc.obj
 0001:00010590       ?getCurrentSegment@TrackDesc@@QAEHPAUCarElt@@@Z 10011590 f   trackdesc.obj
 0001:00010650       ?getNearestId@TrackDesc@@QAEHPAVv3d@@@Z 10011650 f   trackdesc.obj
 0001:000106fc       ?GfScrGetSize@@YAXPAH000@Z 100116fc f   client:client.dll
 0001:00010702       ?GfuiKeyEventRegisterCurrent@@YAXP6AHEHH@Z@Z 10011702 f   client:client.dll
 0001:00010708       ?GfuiSKeyEventRegisterCurrent@@YAXP6AHHHH@Z@Z 10011708 f   client:client.dll
 0001:0001070e       ?GfuiMouseShow@@YAXXZ      1001170e f   client:client.dll
 0001:00010714       ?GfctrlJoyInit@@YAPAUtCtrlJoyInfo@@XZ 10011714 f   client:client.dll
 0001:0001071a       ?GfctrlJoyGetCurrent@@YAHPAUtCtrlJoyInfo@@@Z 1001171a f   client:client.dll
 0001:00010720       ?GfctrlJoyRelease@@YAXPAUtCtrlJoyInfo@@@Z 10011720 f   client:client.dll
 0001:00010726       ?GfctrlMouseInit@@YAPAUtCtrlMouseInfo@@XZ 10011726 f   client:client.dll
 0001:0001072c       ?GfctrlMouseGetCurrent@@YAHPAUtCtrlMouseInfo@@@Z 1001172c f   client:client.dll
 0001:00010732       ?GfctrlMouseRelease@@YAXPAUtCtrlMouseInfo@@@Z 10011732 f   client:client.dll
 0001:00010738       ?GfctrlMouseCenter@@YAXXZ  10011738 f   client:client.dll
 0001:0001073e       ?GfctrlMouseInitCenter@@YAXXZ 1001173e f   client:client.dll
 0001:00010744       ?GfctrlGetRefByName@@YAPAUtCtrlRef@@PBD@Z 10011744 f   client:client.dll
 0001:0001074a       ?GfctrlGetNameByRef@@YAPBDHH@Z 1001174a f   client:client.dll
 0001:00010750       ?GfParmGetStr@@YAPBDPAXPBD11@Z 10011750 f   tgf:tgf.dll
 0001:00010756       ?GfParmGetNum@@YAMPAXPBD11M@Z 10011756 f   tgf:tgf.dll
 0001:0001075c       ?_tgf_win_calloc@@YAPAXII@Z 1001175c f   tgf:tgf.dll
 0001:00010762       ?_tgf_win_free@@YAXPAX@Z   10011762 f   tgf:tgf.dll
 0001:00010768       ?_tgf_win_strdup@@YAPADPBD@Z 10011768 f   tgf:tgf.dll
 0001:0001076e       ?GfParmReadFile@@YAPAXPBDH@Z 1001176e f   tgf:tgf.dll
 0001:00010774       ?GfParmWriteFile@@YAHPBDPAX0@Z 10011774 f   tgf:tgf.dll
 0001:0001077a       ?GfParmSetStr@@YAHPAXPBD11@Z 1001177a f   tgf:tgf.dll
 0001:00010780       ?GfParmSetNum@@YAHPAXPBD11M@Z 10011780 f   tgf:tgf.dll
 0001:00010786       ?GfParmReleaseHandle@@YAXPAX@Z 10011786 f   tgf:tgf.dll
 0001:0001078c       ?GetLocalDir@@YAPADXZ      1001178c f   tgf:tgf.dll
 0001:00010792       ?RtTrackSideTgAngleL@@YAMPAUtTrkLocPos@@@Z 10011792 f   robottools:robottools.dll
 0001:00010798       ?RtGetDistFromStart@@YAMPAUCarElt@@@Z 10011798 f   robottools:robottools.dll
 0001:0001079e       ??_U@YAPAXI@Z              1001179e f   libcpmt:newaop.obj
 0001:000107a7       ??0bad_alloc@std@@QAE@ABV01@@Z 100117a7 f i libcpmt:xthrow.obj
 0001:000107c2       ??0length_error@std@@QAE@ABV01@@Z 100117c2 f i libcpmt:xthrow.obj
 0001:000107dd       ??0logic_error@std@@QAE@ABV01@@Z 100117dd f i libcpmt:xthrow.obj
 0001:000107f8       ??0out_of_range@std@@QAE@ABV01@@Z 100117f8 f i libcpmt:xthrow.obj
 0001:00010813       ??1bad_alloc@std@@UAE@XZ   10011813 f i libcpmt:xthrow.obj
 0001:0001081e       ??1out_of_range@std@@UAE@XZ 1001181e f i libcpmt:xthrow.obj
 0001:0001081e       ??1length_error@std@@UAE@XZ 1001181e f i libcpmt:xthrow.obj
 0001:00010823       ??_Ebad_alloc@std@@UAEPAXI@Z 10011823 f i libcpmt:xthrow.obj
 0001:00010823       ??_Gbad_alloc@std@@UAEPAXI@Z 10011823 f i libcpmt:xthrow.obj
 0001:00010848       ??_Gout_of_range@std@@UAEPAXI@Z 10011848 f i libcpmt:xthrow.obj
 0001:00010848       ??_Eout_of_range@std@@UAEPAXI@Z 10011848 f i libcpmt:xthrow.obj
 0001:00010848       ??_Elogic_error@std@@UAEPAXI@Z 10011848 f i libcpmt:xthrow.obj
 0001:00010848       ??_Glength_error@std@@UAEPAXI@Z 10011848 f i libcpmt:xthrow.obj
 0001:00010848       ??_Elength_error@std@@UAEPAXI@Z 10011848 f i libcpmt:xthrow.obj
 0001:00010848       ??_Glogic_error@std@@UAEPAXI@Z 10011848 f i libcpmt:xthrow.obj
 0001:00010867       ?_Xbad_alloc@std@@YAXXZ    10011867 f   libcpmt:xthrow.obj
 0001:00010898       ?_Xlength_error@std@@YAXPBD@Z 10011898 f   libcpmt:xthrow.obj
 0001:000108c6       ?_Xout_of_range@std@@YAXPBD@Z 100118c6 f   libcpmt:xthrow.obj
 0001:000108f4       ?_Syserror_map@std@@YAPBDH@Z 100118f4 f   libcpmt:syserror.obj
 0001:0001091e       ?_Winerror_map@std@@YAPBDH@Z 1001191e f   libcpmt:syserror.obj
 0001:00010948       __purecall                 10011948 f   LIBCMT:purevirt.obj
 0001:00010972       ??2@YAPAXI@Z               10011972 f   LIBCMT:new.obj
 0001:000109c1       ??3@YAXPAX@Z               100119c1 f   LIBCMT:delete.obj
 0001:000109c6       ___onexitinit              100119c6 f   LIBCMT:onexit.obj
 0001:000109f5       __onexit                   100119f5 f   LIBCMT:onexit.obj
 0001:00010aeb       _atexit                    10011aeb f   LIBCMT:onexit.obj
 0001:00010b00       __fclose_nolock            10011b00 f   LIBCMT:fclose.obj
 0001:00010b6c       _fclose                    10011b6c f   LIBCMT:fclose.obj
 0001:00010be3       __fsopen                   10011be3 f   LIBCMT:fopen.obj
 0001:00010ca7       _fopen                     10011ca7 f   LIBCMT:fopen.obj
 0001:00010cbc       _fopen_s                   10011cbc f   LIBCMT:fopen.obj
 0001:00010d01       _fprintf                   10011d01 f   LIBCMT:fprintf.obj
 0001:00010e13       _fprintf_s                 10011e13 f   LIBCMT:fprintf.obj
 0001:00010e2c       _fscanf                    10011e2c f   LIBCMT:fscanf.obj
 0001:00010e4a       _fscanf_s                  10011e4a f   LIBCMT:fscanf.obj
 0001:00010e68       _vfscanf                   10011e68 f   LIBCMT:fscanf.obj
 0001:00010f67       __get_printf_count_output  10011f67 f   LIBCMT:printf.obj
 0001:00010f7c       _printf                    10011f7c f   LIBCMT:printf.obj
 0001:00011028       _printf_s                  10012028 f   LIBCMT:printf.obj
 0001:0001103e       _rand                      1001203e f   LIBCMT:rand.obj
 0001:00011061       _srand                     10012061 f   LIBCMT:rand.obj
 0001:00011080       _memmove                   10012080 f   LIBCMT:memmove.obj
 0001:000116c4       ??_V@YAXPAX@Z              100126c4 f   LIBCMT:delete2.obj
 0001:000116c9       __time64                   100126c9 f   LIBCMT:time64.obj
 0001:00011718       __CxxThrowException@8      10012718 f   LIBCMT:throw.obj
 0001:00011841       ?_CallCatchBlock2@@YAPAXPAUEHRegistrationNode@@PBU_s_FuncInfo@@PAXHK@Z 10012841 f   LIBCMT:_trnsctrl_.obj
 0001:0001189f       ?_CallMemberFunction0@@YGXPAX0@Z 1001289f f   LIBCMT:_trnsctrl_.obj
 0001:0001189f       ?_CallMemberFunction1@@YGXPAX00@Z 1001289f f   LIBCMT:_trnsctrl_.obj
 0001:0001189f       ?_CallMemberFunction2@@YGXPAX00H@Z 1001289f f   LIBCMT:_trnsctrl_.obj
 0001:000118a6       ?_CallSETranslator@@YAHPAUEHExceptionRecord@@PAUEHRegistrationNode@@PAX2PBU_s_FuncInfo@@H1@Z 100128a6 f   LIBCMT:_trnsctrl_.obj
 0001:0001197b       ?_GetRangeOfTrysToCheck@@YAPBU_s_TryBlockMapEntry@@PBU_s_FuncInfo@@HHPAI1@Z 1001297b f   LIBCMT:_trnsctrl_.obj
 0001:000119fa       ?_JumpToContinuation@@YGXPAXPAUEHRegistrationNode@@@Z 100129fa f   LIBCMT:_trnsctrl_.obj
 0001:00011a2a       ?_UnwindNestedFrames@@YGXPAUEHRegistrationNode@@PAUEHExceptionRecord@@@Z 10012a2a f   LIBCMT:_trnsctrl_.obj
 0001:00011a7d       __CreateFrameInfo          10012a7d f   LIBCMT:_trnsctrl_.obj
 0001:00011aa7       __FindAndUnlinkFrame       10012aa7 f   LIBCMT:_trnsctrl_.obj
 0001:00011af7       __IsExceptionObjectToBeDestroyed 10012af7 f   LIBCMT:_trnsctrl_.obj
 0001:00011b20       ___CxxFrameHandler3        10012b20 f   LIBCMT:_trnsctrl_.obj
 0001:00011b60       __libm_sse2_exp_precise    10012b60 f   LIBCMT:exp_sse2_precise.obj
 0001:00011e30       _memcpy                    10012e30 f   LIBCMT:memcpy.obj
 0001:00012474       ??1type_info@@UAE@XZ       10013474 f   LIBCMT:typinfo.obj
 0001:00012482       ??8type_info@@QBE_NABV0@@Z 10013482 f   LIBCMT:typinfo.obj
 0001:000124a0       ??_Gtype_info@@UAEPAXI@Z   100134a0 f i LIBCMT:typinfo.obj
 0001:000124a0       ??_Etype_info@@UAEPAXI@Z   100134a0 f i LIBCMT:typinfo.obj
 0001:000124bf       __fpmath                   100134bf f   LIBCMT:fpinit.obj
 0001:000124d6       __cfltcvt_init             100134d6 f   LIBCMT:fpinit.obj
 0001:00012540       _ceil                      10013540 f   LIBCMT:ceil_pentium4.obj
 0001:00012580       __ceil_pentium4            10013580 f   LIBCMT:ceil_pentium4.obj
 0001:00012660       __libm_sse2_cos_precise    10013660 f   LIBCMT:cos_sse2_precise.obj
 0001:00012820       __libm_sse2_sin_precise    10013820 f   LIBCMT:sin_sse2_precise.obj
 0001:000129f0       __libm_sse2_sqrt_precise   100139f0 f   LIBCMT:sqrt_sse2_precise.obj
 0001:00012af0       _sinh                      10013af0 f   LIBCMT:87ctrigh.obj
 0001:00012afa       _cosh                      10013afa f   LIBCMT:87ctrigh.obj
 0001:00012b01       _tanh                      10013b01 f   LIBCMT:87ctrigh.obj
 0001:00012b08       __CIsinh                   10013b08 f   LIBCMT:87ctrigh.obj
 0001:00012b12       __CIcosh                   10013b12 f   LIBCMT:87ctrigh.obj
 0001:00012b19       __CItanh                   10013b19 f   LIBCMT:87ctrigh.obj
 0001:00012b20       __alloca_probe             10013b20     LIBCMT:chkstk.obj
 0001:00012b20       __chkstk                   10013b20 f   LIBCMT:chkstk.obj
 0001:00012b50       __libm_sse2_acos_precise   10013b50 f   LIBCMT:acos_sse2_precise.obj
 0001:00013070       __libm_sse2_tan_precise    10014070 f   LIBCMT:tan_sse2_precise.obj
 0001:000132e0       _free                      100142e0 f   LIBCMT:free.obj
 0001:00013318       _malloc                    10014318 f   LIBCMT:malloc.obj
 0001:000133b0       _strchr                    100143b0 f   LIBCMT:strchr.obj
 0001:0001341e       ___from_strstr_to_strchr   1001441e     LIBCMT:strchr.obj
 0001:000134e0       _strncpy                   100144e0 f   LIBCMT:strncpy.obj
 0001:00013610       _strrchr                   10014610 f   LIBCMT:strrchr.obj
 0001:00013747       __snprintf                 10014747 f   LIBCMT:snprintf.obj
 0001:000137f1       __fpclass                  100147f1 f   LIBCMT:ieeemisc.obj
 0001:0001388d       __isnan                    1001488d f   LIBCMT:ieeemisc.obj
 0001:000138d0       _atan2                     100148d0 f   LIBCMT:87ctriga.obj
 0001:000138da       __CIatan2                  100148da f   LIBCMT:87ctriga.obj
 0001:000138f0       __ftol2_sse                100148f0 f   LIBCMT:ftol2.obj
 0001:000138f9       __ftol2_pentium4           100148f9 f   LIBCMT:ftol2.obj
 0001:0001390c       __ftol2_sse_excpt          1001490c f   LIBCMT:ftol2.obj
 0001:00013926       __ftol2                    10014926 f   LIBCMT:ftol2.obj
 0001:000139a0       __libm_sse2_pow_precise    100149a0 f   LIBCMT:pow_sse2_precise.obj
 0001:00014510       _memset                    10015510 f   LIBCMT:memset.obj
 0001:000145a0       ??_L@YGXPAXIHP6EX0@Z1@Z    100155a0 f   LIBCMT:ehvecctr.obj
 0001:00014608       ??_M@YGXPAXIHP6EX0@Z@Z     10015608 f   LIBCMT:ehvecdtr.obj
 0001:00014677       ?__ArrayUnwind@@YGXPAXIHP6EX0@Z@Z 10015677 f   LIBCMT:ehvecdtr.obj
 0001:000146e0       __libm_sse2_asin_precise   100156e0 f   LIBCMT:asin_sse2_precise.obj
 0001:00014c30       __libm_sse2_atan_precise   10015c30 f   LIBCMT:atan_sse2_precise.obj
 0001:00014f40       _floor                     10015f40 f   LIBCMT:floor_pentium4.obj
 0001:00014f80       __floor_pentium4           10015f80 f   LIBCMT:floor_pentium4.obj
 0001:00015061       __CRT_INIT@12              10016061 f   LIBCMT:dllcrt0.obj
 0001:000151d3       __DllMainCRTStartup@12     100161d3 f   LIBCMT:dllcrt0.obj
 0001:00015304       ___DllXcptFilter           10016304 f   LIBCMT:dllcrt0.obj
 0001:00015330       __CIsqrt                   10016330 f   LIBCMT:sqrt.obj
 0001:00015344       _sqrt                      10016344     LIBCMT:sqrt.obj
 0001:000153f0       _asin                      100163f0 f   LIBCMT:asin.obj
 0001:00015430       __CIasin                   10016430 f   LIBCMT:asin.obj
 0001:0001546b       __CIasin_default           1001646b f   LIBCMT:asin.obj
 0001:0001547f       __asin_default             1001647f     LIBCMT:asin.obj
 0001:00015540       _acos                      10016540 f   LIBCMT:acos.obj
 0001:00015580       __CIacos                   10016580 f   LIBCMT:acos.obj
 0001:000155bb       __CIacos_default           100165bb f   LIBCMT:acos.obj
 0001:000155cf       __acos_default             100165cf     LIBCMT:acos.obj
 0001:00015690       _sin                       10016690 f   LIBCMT:sin.obj
 0001:000156d0       __CIsin                    100166d0 f   LIBCMT:sin.obj
 0001:0001570b       __CIsin_default            1001670b f   LIBCMT:sin.obj
 0001:0001571f       __sin_default              1001671f     LIBCMT:sin.obj
 0001:000157c0       _cos                       100167c0 f   LIBCMT:cos.obj
 0001:00015800       __CIcos                    10016800 f   LIBCMT:cos.obj
 0001:0001583b       __CIcos_default            1001683b f   LIBCMT:cos.obj
 0001:0001584f       __cos_default              1001684f     LIBCMT:cos.obj
 0001:000158f0       _tan                       100168f0 f   LIBCMT:tan.obj
 0001:00015930       __CItan                    10016930 f   LIBCMT:tan.obj
 0001:0001596b       __CItan_default            1001696b f   LIBCMT:tan.obj
 0001:0001597f       __tan_default              1001697f     LIBCMT:tan.obj
 0001:00015a1d       ___copy_path_to_wide_string 10016a1d f   LIBCMT:crt0dat.obj
 0001:00015acd       ___crtCorExitProcess       10016acd f   LIBCMT:crt0dat.obj
 0001:00015aff       ___crtExitProcess          10016aff f   LIBCMT:crt0dat.obj
 0001:00015b15       ___freeCrtMemory           10016b15 f   LIBCMT:crt0dat.obj
 0001:00015c25       __amsg_exit                10016c25 f   LIBCMT:crt0dat.obj
 0001:00015c41       __cexit                    10016c41 f   LIBCMT:crt0dat.obj
 0001:00015c50       __cinit                    10016c50 f   LIBCMT:crt0dat.obj
 0001:00015ce1       __exit                     10016ce1 f   LIBCMT:crt0dat.obj
 0001:00015cf5       __init_pointers            10016cf5 f   LIBCMT:crt0dat.obj
 0001:00015d49       __initterm_e               10016d49 f   LIBCMT:crt0dat.obj
 0001:00015d6b       __lockexit                 10016d6b f   LIBCMT:crt0dat.obj
 0001:00015d74       __unlockexit               10016d74 f   LIBCMT:crt0dat.obj
 0001:00015eac       ___initstdio               10016eac f   LIBCMT:_file.obj
 0001:00015f1f       ___endstdio                10016f1f f   LIBCMT:_file.obj
 0001:00015f46       ___iob_func                10016f46 f   LIBCMT:_file.obj
 0001:00015f4c       __lock_file                10016f4c f   LIBCMT:_file.obj
 0001:00015f8b       __lock_file2               10016f8b f   LIBCMT:_file.obj
 0001:00015fbb       __unlock_file              10016fbb f   LIBCMT:_file.obj
 0001:00015ff5       __unlock_file2             10016ff5 f   LIBCMT:_file.obj
 0001:00016030       _strlen                    10017030 f   LIBCMT:strlen.obj
 0001:000160bb       ??0exception@std@@QAE@ABQBD@Z 100170bb f   LIBCMT:stdexcpt.obj
 0001:000160e0       ??0exception@std@@QAE@ABQBDH@Z 100170e0 f   LIBCMT:stdexcpt.obj
 0001:000160fb       ??0exception@std@@QAE@ABV01@@Z 100170fb f   LIBCMT:stdexcpt.obj
 0001:0001611e       ??1exception@std@@UAE@XZ   1001711e f   LIBCMT:stdexcpt.obj
 0001:00016129       ??4exception@std@@QAEAAV01@ABV01@@Z 10017129 f   LIBCMT:stdexcpt.obj
 0001:0001615c       ??_Gexception@std@@UAEPAXI@Z 1001715c f i LIBCMT:stdexcpt.obj
 0001:0001615c       ??_Eexception@std@@UAEPAXI@Z 1001715c f i LIBCMT:stdexcpt.obj
 0001:00016181       ?_Copy_str@exception@std@@AAEXPBD@Z 10017181 f   LIBCMT:stdexcpt.obj
 0001:000161bf       ?_Tidy@exception@std@@AAEXXZ 100171bf f   LIBCMT:stdexcpt.obj
 0001:000161db       ?what@exception@std@@UBEPBDXZ 100171db f   LIBCMT:stdexcpt.obj
 0001:000161e8       @__security_check_cookie@4 100171e8 f   LIBCMT:secchk.obj
 0001:000161f7       __EH_prolog3_catch         100171f7 f   LIBCMT:ehprolg3.obj
 0001:0001622d       __FF_MSGBANNER             1001722d f   LIBCMT:crt0msg.obj
 0001:00016266       __GET_RTERRMSG             10017266 f   LIBCMT:crt0msg.obj
 0001:0001628a       __NMSG_WRITE               1001728a f   LIBCMT:crt0msg.obj
 0001:00016445       __set_abort_behavior       10017445 f   LIBCMT:abort.obj
 0001:00016464       _abort                     10017464 f   LIBCMT:abort.obj
 0001:000164a7       __initp_misc_purevirt      100174a7 f   LIBCMT:inithelp.obj
 0001:000164b4       __callnewh                 100174b4 f   LIBCMT:handler.obj
 0001:000164da       __initp_heap_handler       100174da f   LIBCMT:handler.obj
 0001:000164e7       __msize                    100174e7 f   LIBCMT:msize.obj
 0001:00016518       __calloc_crt               10017518 f   LIBCMT:crtheap.obj
 0001:00016562       __malloc_crt               10017562 f   LIBCMT:crtheap.obj
 0001:000165ab       __realloc_crt              100175ab f   LIBCMT:crtheap.obj
 0001:000165f7       __recalloc_crt             100175f7 f   LIBCMT:crtheap.obj
 0001:00016650       __SEH_prolog4              10017650 f   LIBCMT:sehprolg4.obj
 0001:00016695       __SEH_epilog4              10017695 f   LIBCMT:sehprolg4.obj
 0001:000166b0       __except_handler4          100176b0 f   LIBCMT:chandler4.obj
 0001:00016845       __call_reportfault         10017845 f   LIBCMT:invarg.obj
 0001:00016968       __initp_misc_invarg        10017968 f   LIBCMT:invarg.obj
 0001:00016975       __invalid_parameter        10017975 f   LIBCMT:invarg.obj
 0001:000169a0       __invalid_parameter_noinfo 100179a0 f   LIBCMT:invarg.obj
 0001:000169b0       __invoke_watson            100179b0 f   LIBCMT:invarg.obj
 0001:000169db       __fileno                   100179db f   LIBCMT:fileno.obj
 0001:000169ff       __close                    100179ff f   LIBCMT:close.obj
 0001:00016ac9       __close_nolock             10017ac9 f   LIBCMT:close.obj
 0001:00016b63       ___doserrno                10017b63 f   LIBCMT:dosmap.obj
 0001:00016b76       __dosmaperr                10017b76 f   LIBCMT:dosmap.obj
 0001:00016b97       __errno                    10017b97 f   LIBCMT:dosmap.obj
 0001:00016baa       __get_errno_from_oserr     10017baa f   LIBCMT:dosmap.obj
 0001:00016beb       __freebuf                  10017beb f   LIBCMT:_freebuf.obj
 0001:00016c1b       __fflush_nolock            10017c1b f   LIBCMT:fflush.obj
 0001:00016c61       __flush                    10017c61 f   LIBCMT:fflush.obj
 0001:00016cc5       __flushall                 10017cc5 f   LIBCMT:fflush.obj
 0001:00016db2       __getstream                10017db2 f   LIBCMT:stream.obj
 0001:00016eca       __openfile                 10017eca f   LIBCMT:_open.obj
 0001:00017150       __local_unwind4            10018150 f   LIBCMT:exsup4.obj
 0001:00017226       __seh_longjmp_unwind4@4    10018226 f   LIBCMT:exsup4.obj
 0001:00017242       @_EH4_CallFilterFunc@8     10018242 f   LIBCMT:exsup4.obj
 0001:00017259       @_EH4_TransferToHandler@8  10018259 f   LIBCMT:exsup4.obj
 0001:00017272       @_EH4_GlobalUnwind2@8      10018272 f   LIBCMT:exsup4.obj
 0001:0001728b       @_EH4_LocalUnwind@16       1001828b f   LIBCMT:exsup4.obj
 0001:000172a2       __vfprintf_s_l             100182a2 f   LIBCMT:vfprintf.obj
 0001:000172c0       _vfprintf_helper           100182c0 f   LIBCMT:vfprintf.obj
 0001:000173d1       __ftbuf                    100183d1 f   LIBCMT:_sftbuf.obj
 0001:00017402       __stbuf                    10018402 f   LIBCMT:_sftbuf.obj
 0001:000174a8       ??0_LocaleUpdate@@QAE@PAUlocaleinfo_struct@@@Z 100184a8 f i LIBCMT:output.obj
 0001:00017530       __output_l                 10018530 f   LIBCMT:output.obj
 0001:000181a2       __ioinit                   100191a2 f   LIBCMT:ioinit.obj
 0001:00018450       __ioterm                   10019450 f   LIBCMT:ioinit.obj
 0001:00018522       __input_l                  10019522 f   LIBCMT:input.obj
 0001:00019660       __input_s_l                1001a660 f   LIBCMT:inputs.obj
 0001:0001a88a       __vprintf_s_l              1001b88a f   LIBCMT:vprintf.obj
 0001:0001a8a5       _vprintf_helper            1001b8a5 f   LIBCMT:vprintf.obj
 0001:0001a92e       __freefls@4                1001b92e f   LIBCMT:tidtable.obj
 0001:0001aa65       __freeptd                  1001ba65 f   LIBCMT:tidtable.obj
 0001:0001aa9b       __getptd                   1001ba9b f   LIBCMT:tidtable.obj
 0001:0001aab3       __getptd_noexit            1001bab3 f   LIBCMT:tidtable.obj
 0001:0001ab22       __initptd                  1001bb22 f   LIBCMT:tidtable.obj
 0001:0001abd5       __mtinit                   1001bbd5 f   LIBCMT:tidtable.obj
 0001:0001ac4b       __mtterm                   1001bc4b f   LIBCMT:tidtable.obj
 0001:0001ac68       ___isa_available_init      1001bc68 f   LIBCMT:cpu_disp.obj
 0001:0001adb0       __aulldiv                  1001bdb0 f   LIBCMT:ulldiv.obj
 0001:0001ae20       __CallSettingFrame@12      1001be20 f   LIBCMT:lowhelpr.obj
 0001:0001ae47       __NLG_Return               1001be47     LIBCMT:lowhelpr.obj
 0001:0001ae6c       ?_inconsistency@@YAXXZ     1001be6c f   LIBCMT:hooks.obj
 0001:0001aea4       ?terminate@@YAXXZ          1001bea4 f   LIBCMT:hooks.obj
 0001:0001aed8       ?unexpected@@YAXXZ         1001bed8 f   LIBCMT:hooks.obj
 0001:0001aeeb       __initp_eh_hooks           1001beeb f   LIBCMT:hooks.obj
 0001:0001aefc       ___DestructExceptionObject 1001befc f   LIBCMT:frame.obj
 0001:0001af87       ??0bad_exception@std@@QAE@ABV01@@Z 1001bf87 f i LIBCMT:frame.obj
 0001:0001afa2       ??1bad_exception@std@@UAE@XZ 1001bfa2 f i LIBCMT:frame.obj
 0001:0001afad       ??_Gbad_exception@std@@UAEPAXI@Z 1001bfad f i LIBCMT:frame.obj
 0001:0001afad       ??_Ebad_exception@std@@UAEPAXI@Z 1001bfad f i LIBCMT:frame.obj
 0001:0001b7e3       ___AdjustPointer           1001c7e3 f   LIBCMT:frame.obj
 0001:0001b808       ___BuildCatchObject        1001c808 f   LIBCMT:frame.obj
 0001:0001b896       ___BuildCatchObjectHelper  1001c896 f   LIBCMT:frame.obj
 0001:0001ba1b       ___FrameUnwindFilter       1001ca1b f   LIBCMT:frame.obj
 0001:0001ba69       ___FrameUnwindToState      1001ca69 f   LIBCMT:frame.obj
 0001:0001bb42       ___InternalCxxFrameHandler 1001cb42 f   LIBCMT:frame.obj
 0001:0001bc21       ___TypeMatch               1001cc21 f   LIBCMT:frame.obj
 0001:0001bc7e       ___libm_error_support      1001cc7e f   LIBCMT:libm_error.obj
 0001:0001bf70       _exp                       1001cf70 f   LIBCMT:87ctran.obj
 0001:0001bfac       __CIexp                    1001cfac f   LIBCMT:87ctran.obj
 0001:0001bfe7       __exp_default              1001cfe7 f   LIBCMT:87ctran.obj
 0001:0001bff1       __CIexp_default            1001cff1 f   LIBCMT:87ctran.obj
 0001:0001c000       _strcmp                    1001d000 f   LIBCMT:strcmp.obj
 0001:0001c08c       ?_Type_info_dtor@type_info@@CAXPAV1@@Z 1001d08c f   LIBCMT:typname.obj
 0001:0001c0fd       __cfltcvt                  1001d0fd f   LIBCMT:cvt.obj
 0001:0001c11e       __cfltcvt_l                1001d11e f   LIBCMT:cvt.obj
 0001:0001c1a4       __cftoa_l                  1001d1a4 f   LIBCMT:cvt.obj
 0001:0001c4fe       __cftoe                    1001d4fe f   LIBCMT:cvt.obj
 0001:0001c66b       __cftoe_l                  1001d66b f   LIBCMT:cvt.obj
 0001:0001c821       __cftof_l                  1001d821 f   LIBCMT:cvt.obj
 0001:0001c8e0       __cftog_l                  1001d8e0 f   LIBCMT:cvt.obj
 0001:0001c9dd       __cropzeros                1001d9dd f   LIBCMT:cvt.obj
 0001:0001c9ee       __cropzeros_l              1001d9ee f   LIBCMT:cvt.obj
 0001:0001ca6c       __fassign                  1001da6c f   LIBCMT:cvt.obj
 0001:0001ca84       __fassign_l                1001da84 f   LIBCMT:cvt.obj
 0001:0001cac4       __forcdecpt                1001dac4 f   LIBCMT:cvt.obj
 0001:0001cad5       __forcdecpt_l              1001dad5 f   LIBCMT:cvt.obj
 0001:0001cb47       __positive                 1001db47 f   LIBCMT:cvt.obj
 0001:0001cb89       __setdefaultprecision      1001db89 f   LIBCMT:fp8.obj
 0001:0001cbb0       __initp_misc_cfltcvt_tab   1001dbb0 f   LIBCMT:cmiscdat.obj
 0001:0001cbcf       __sse2_mathfcns_init       1001dbcf f   LIBCMT:mathfcns.obj
 0001:0001cbde       __ceil_default             1001dbde f   LIBCMT:ceil.obj
 0001:0001ccc0       __fFSINH                   1001dcc0     LIBCMT:87trigh.obj
 0001:0001cd12       __fFCOSH                   1001dd12     LIBCMT:87trigh.obj
 0001:0001cdc0       __cintrindisp2             1001ddc0 f   LIBCMT:87cdisp.obj
 0001:0001cdfe       __cintrindisp1             1001ddfe f   LIBCMT:87cdisp.obj
 0001:0001ce3b       __ctrandisp2               1001de3b f   LIBCMT:87cdisp.obj
 0001:0001cfca       __ctrandisp1               1001dfca f   LIBCMT:87cdisp.obj
 0001:0001cffd       __fload                    1001dffd f   LIBCMT:87cdisp.obj
 0001:0001d039       __heap_init                1001e039 f   LIBCMT:heapinit.obj
 0001:0001d04e       __heap_term                1001e04e f   LIBCMT:heapinit.obj
 0001:0001d056       __flsbuf                   1001e056 f   LIBCMT:_flsbuf.obj
 0001:0001d1a3       __decomp                   1001e1a3 f   LIBCMT:util.obj
 0001:0001d275       __set_exp                  1001e275 f   LIBCMT:util.obj
 0001:0001d2a0       __sptype                   1001e2a0 f   LIBCMT:util.obj
 0001:0001d2fc       __errcode                  1001e2fc f   LIBCMT:fpexcept.obj
 0001:0001d32e       __except1                  1001e32e f   LIBCMT:fpexcept.obj
 0001:0001d3f6       __handle_exc               1001e3f6 f   LIBCMT:fpexcept.obj
 0001:0001d5d2       __handle_qnan1             1001e5d2 f   LIBCMT:fpexcept.obj
 0001:0001d622       __raise_exc                1001e622 f   LIBCMT:fpexcept.obj
 0001:0001d643       __raise_exc_ex             1001e643 f   LIBCMT:fpexcept.obj
 0001:0001d928       __set_errno_from_matherr   1001e928 f   LIBCMT:fpexcept.obj
 0001:0001d955       __umatherr                 1001e955 f   LIBCMT:fpexcept.obj
 0001:0001d9f3       ___set_fpsr_sse2           1001e9f3 f   LIBCMT:fpctrl.obj
 0001:0001da69       __clrfp                    1001ea69 f   LIBCMT:fpctrl.obj
 0001:0001da78       __ctrlfp                   1001ea78 f   LIBCMT:fpctrl.obj
 0001:0001daa1       __set_statfp               1001eaa1 f   LIBCMT:fpctrl.obj
 0001:0001daf7       __statfp                   1001eaf7 f   LIBCMT:fpctrl.obj
 0001:0001db2c       __fFATN2                   1001eb2c     LIBCMT:87triga.obj
 0001:0001db7c       __rtpiby2                  1001eb7c     LIBCMT:87triga.obj
 0001:0001dbc0       _pow                       1001ebc0 f   LIBCMT:pow.obj
 0001:0001dc00       __CIpow                    1001ec00 f   LIBCMT:pow.obj
 0001:0001dc3b       __CIpow_default            1001ec3b f   LIBCMT:pow.obj
 0001:0001dc54       __pow_default              1001ec54     LIBCMT:pow.obj
 0001:0001de4a       __VEC_memset               1001ee4a f   LIBCMT:p4_memset.obj
 0001:0001df20       _atan                      1001ef20 f   LIBCMT:atan.obj
 0001:0001df60       __CIatan                   1001ef60 f   LIBCMT:atan.obj
 0001:0001df9b       __CIatan_default           1001ef9b f   LIBCMT:atan.obj
 0001:0001dfaf       __atan_default             1001efaf     LIBCMT:atan.obj
 0001:0001e03a       __floor_default            1001f03a f   LIBCMT:floor.obj
 0001:0001e10d       __XcptFilter               1001f10d f   LIBCMT:winxfltr.obj
 0001:0001e268       ___CppXcptFilter           1001f268 f   LIBCMT:winxfltr.obj
 0001:0001e286       __setargv                  1001f286 f   LIBCMT:stdargv.obj
 0001:0001e4b3       __setenvp                  1001f4b3 f   LIBCMT:stdenvp.obj
 0001:0001e594       ___security_init_cookie    1001f594 f   LIBCMT:gs_support.obj
 0001:0001e62e       _DllMain@12                1001f62e f   LIBCMT:dllmain.obj
 0001:0001e634       ___crtGetEnvironmentStringsA 1001f634 f   LIBCMT:a_env.obj
 0001:0001e6bf       ___crtFlsAlloc             1001f6bf f   LIBCMT:winapisupp.obj
 0001:0001e6dd       ___crtFlsFree              1001f6dd f   LIBCMT:winapisupp.obj
 0001:0001e6fc       ___crtFlsGetValue          1001f6fc f   LIBCMT:winapisupp.obj
 0001:0001e71b       ___crtFlsSetValue          1001f71b f   LIBCMT:winapisupp.obj
 0001:0001e73d       ___crtIsPackagedApp        1001f73d f   LIBCMT:winapisupp.obj
 0001:0001e77b       ___crtLoadWinApiPointers   1001f77b f   LIBCMT:winapisupp.obj
 0001:0001e9ba       ___crtTerminateProcess     1001f9ba f   LIBCMT:winapisupp.obj
 0001:0001e9cf       ___crtUnhandledException   1001f9cf f   LIBCMT:winapisupp.obj
 0001:0001e9e5       __RTC_Initialize           1001f9e5 f   LIBCMT:initsect.obj
 0001:0001ea05       __RTC_Terminate            1001fa05 f   LIBCMT:initsect.obj
 0001:0001ea30       __trandisp1                1001fa30 f   LIBCMT:87disp.obj
 0001:0001ea97       __trandisp2                1001fa97 f   LIBCMT:87disp.obj
 0001:0001eb23       __rttospopde               1001fb23     LIBCMT:87disp.obj
 0001:0001eb28       __rttospop                 1001fb28     LIBCMT:87disp.obj
 0001:0001eb2a       __rtnospop                 1001fb2a     LIBCMT:87disp.obj
 0001:0001eb2c       __rttosnpop                1001fb2c     LIBCMT:87disp.obj
 0001:0001eb2d       __rtnospopde               1001fb2d     LIBCMT:87disp.obj
 0001:0001eb34       __rtzeropop                1001fb34     LIBCMT:87disp.obj
 0001:0001eb36       __rtzeronpop               1001fb36     LIBCMT:87disp.obj
 0001:0001eb3b       __rtonepop                 1001fb3b     LIBCMT:87disp.obj
 0001:0001eb3d       __rtonenpop                1001fb3d     LIBCMT:87disp.obj
 0001:0001eb42       __tosnan1                  1001fb42     LIBCMT:87disp.obj
 0001:0001eb6d       __nosnan2                  1001fb6d     LIBCMT:87disp.obj
 0001:0001eb6f       __tosnan2                  1001fb6f     LIBCMT:87disp.obj
 0001:0001eb97       __nan2                     1001fb97     LIBCMT:87disp.obj
 0001:0001ebd6       __rtindfpop                1001fbd6     LIBCMT:87disp.obj
 0001:0001ebd8       __rtindfnpop               1001fbd8     LIBCMT:87disp.obj
 0001:0001ebe9       __rttosnpopde              1001fbe9     LIBCMT:87disp.obj
 0001:0001ebf3       __rtchsifneg               1001fbf3     LIBCMT:87disp.obj
 0001:0001ec00       __startTwoArgErrorHandling 1001fc00 f   LIBCMT:genexcep.obj
 0001:0001ec17       __startOneArgErrorHandling 1001fc17 f   LIBCMT:genexcep.obj
 0001:0001ec60       __twoToTOS                 1001fc60 f   LIBCMT:common.obj
 0001:0001ec75       __load_CW                  1001fc75 f   LIBCMT:common.obj
 0001:0001ec8c       __convertTOStoQNaN         1001fc8c f   LIBCMT:common.obj
 0001:0001eca5       __fload_withFB             1001fca5 f   LIBCMT:common.obj
 0001:0001ece8       __checkTOS_withFB          1001fce8 f   LIBCMT:common.obj
 0001:0001ecfe       __fast_exit                1001fcfe f   LIBCMT:common.obj
 0001:0001ed0b       __math_exit                1001fd0b f   LIBCMT:common.obj
 0001:0001ed35       __check_overflow_exit      1001fd35 f   LIBCMT:common.obj
 0001:0001ed49       __check_range_exit         1001fd49 f   LIBCMT:common.obj
 0001:0001edf0       __CIasin_pentium4          1001fdf0 f   LIBCMT:asin_pentium4.obj
 0001:0001ee08       __asin_pentium4            1001fe08     LIBCMT:asin_pentium4.obj
 0001:0001f370       __CIacos_pentium4          10020370 f   LIBCMT:acos_pentium4.obj
 0001:0001f388       __acos_pentium4            10020388     LIBCMT:acos_pentium4.obj
 0001:0001f8d0       __CIsin_pentium4           100208d0 f   LIBCMT:sin_pentium4.obj
 0001:0001f8e8       __sin_pentium4             100208e8     LIBCMT:sin_pentium4.obj
 0001:0001faa0       __CIcos_pentium4           10020aa0 f   LIBCMT:cos_pentium4.obj
 0001:0001fab8       __cos_pentium4             10020ab8     LIBCMT:cos_pentium4.obj
 0001:0001fc50       __CItan_pentium4           10020c50 f   LIBCMT:tan_pentium4.obj
 0001:0001fc68       __tan_pentium4             10020c68     LIBCMT:tan_pentium4.obj
 0001:0001feb0       __lock                     10020eb0 f   LIBCMT:mlock.obj
 0001:0001fee4       __mtdeletelocks            10020ee4 f   LIBCMT:mlock.obj
 0001:0001ff38       __mtinitlocknum            10020f38 f   LIBCMT:mlock.obj
 0001:0001ffdf       __mtinitlocks              10020fdf f   LIBCMT:mlock.obj
 0001:00020014       __unlock                   10021014 f   LIBCMT:mlock.obj
 0001:00020030       __FindPESection            10021030 f   LIBCMT:pesect.obj
 0001:00020080       __IsNonwritableInCurrentImage 10021080 f   LIBCMT:pesect.obj
 0001:00020140       __ValidateImageBase        10021140 f   LIBCMT:pesect.obj
 0001:00020171       __initp_misc_rand_s        10021171 f   LIBCMT:rand_s.obj
 0001:0002017e       ___get_sigabrt             1002117e f   LIBCMT:winsig.obj
 0001:0002018b       __initp_misc_winsig        1002118b f   LIBCMT:winsig.obj
 0001:000201a7       _raise                     100211a7 f   LIBCMT:winsig.obj
 0001:00020398       ___initmbctable            10021398 f   LIBCMT:mbctype.obj
 0001:00020653       ___updatetmbcinfo          10021653 f   LIBCMT:mbctype.obj
 0001:000206f8       __setmbcp                  100216f8 f   LIBCMT:mbctype.obj
 0001:000208a6       __setmbcp_nolock           100218a6 f   LIBCMT:mbctype.obj
 0001:00020a9b       __fcloseall                10021a9b f   LIBCMT:closeall.obj
 0001:00020b38       _strcpy_s                  10021b38 f   LIBCMT:strcpy_s.obj
 0001:00020b8d       ___raise_securityfailure   10021b8d f   LIBCMT:gs_report.obj
 0001:00020bca       ___report_gsfailure        10021bca f   LIBCMT:gs_report.obj
 0001:00020cc3       _wcscat_s                  10021cc3 f   LIBCMT:wcscat_s.obj
 0001:00020d2f       _wcscpy_s                  10021d2f f   LIBCMT:wcscpy_s.obj
 0001:00020d8b       _wcslen                    10021d8b f   LIBCMT:wcslen.obj
 0001:00020da4       _wcsncpy_s                 10021da4 f   LIBCMT:wcsncpy_s.obj
 0001:00020e62       __set_error_mode           10021e62 f   LIBCMT:errmode.obj
 0001:00020ea2       ___crtMessageBoxW          10021ea2 f   LIBCMT:crtmboxw.obj
 0001:00021084       __freea                    10022084 f i LIBCMT:a_loc.obj
 0001:000210a2       _GetTableIndexFromLocaleName 100220a2 f   LIBCMT:winapinls.obj
 0001:000210f0       ___crtDownlevelLocaleNameToLCID 100220f0 f   LIBCMT:winapinls.obj
 0001:0002111a       ___crtLCMapStringEx        1002211a f   LIBCMT:winapinls.obj
 0001:00021166       ___wcsnicmp_ascii          10022166 f   LIBCMT:winapinls.obj
 0001:000211d4       _realloc                   100221d4 f   LIBCMT:realloc.obj
 0001:0002127f       __recalloc                 1002227f f   LIBCMT:recalloc.obj
 0001:000212e8       __calloc_impl              100222e8 f   LIBCMT:calloc_impl.obj
 0001:00021362       __crt_debugger_hook        10022362 f   LIBCMT:dbghook.obj
 0001:0002136a       ___lock_fhandle            1002236a f   LIBCMT:osfinfo.obj
 0001:000213f6       __alloc_osfhnd             100223f6 f   LIBCMT:osfinfo.obj
 0001:0002159b       __free_osfhnd              1002259b f   LIBCMT:osfinfo.obj
 0001:00021621       __get_osfhandle            10022621 f   LIBCMT:osfinfo.obj
 0001:00021688       __set_osfhnd               10022688 f   LIBCMT:osfinfo.obj
 0001:0002170a       __unlock_fhandle           1002270a f   LIBCMT:osfinfo.obj
 0001:00021730       __commit                   10022730 f   LIBCMT:commit.obj
 0001:00021816       __write                    10022816 f   LIBCMT:write.obj
 0001:000218f8       __write_nolock             100228f8 f   LIBCMT:write.obj
 0001:00022122       __sopen_helper             10023122 f   LIBCMT:open.obj
 0001:000221e9       __sopen_nolock             100231e9 f   LIBCMT:open.obj
 0001:00022235       __sopen_s                  10023235 f   LIBCMT:open.obj
 0001:00022253       __mbsnbcmp                 10023253 f   LIBCMT:mbsnbcmp.obj
 0001:0002226b       __mbsnbcmp_l               1002326b f   LIBCMT:mbsnbcmp.obj
 0001:00022380       __mbsnbicmp                10023380 f   LIBCMT:mbsnbicm.obj
 0001:00022398       __mbsnbicmp_l              10023398 f   LIBCMT:mbsnbicm.obj
 0001:00022560       __global_unwind2           10023560 f   LIBCMT:exsup.obj
 0001:000225c5       __local_unwind2            100235c5 f   LIBCMT:exsup.obj
 0001:00022649       __abnormal_termination     10023649 f   LIBCMT:exsup.obj
 0001:0002266c       __NLG_Notify1              1002366c f   LIBCMT:exsup.obj
 0001:00022675       __NLG_Notify               10023675 f   LIBCMT:exsup.obj
 0001:0002268c       __NLG_Dispatch             1002368c     LIBCMT:exsup.obj
 0001:0002268c       __NLG_Dispatch2            1002368c     LIBCMT:exsup.obj
 0001:00022694       __NLG_Call                 10023694 f   LIBCMT:exsup.obj
 0001:00022696       __NLG_Return2              10023696     LIBCMT:exsup.obj
 0001:00022697       __output_s_l               10023697 f   LIBCMT:outputs.obj
 0001:000231ff       __isatty                   100241ff f   LIBCMT:isatty.obj
 0001:00023253       ___addlocaleref            10024253 f   LIBCMT:localref.obj
 0001:000232e3       ___freetlocinfo            100242e3 f   LIBCMT:localref.obj
 0001:0002343d       ___removelocaleref         1002443d f   LIBCMT:localref.obj
 0001:000234d8       ___updatetlocinfo          100244d8 f   LIBCMT:localref.obj
 0001:00023554       __updatetlocinfoEx_nolock  10024554 f   LIBCMT:localref.obj
 0001:0002359f       __isleadbyte_l             1002459f f i LIBCMT:_wctype.obj
 0001:000235d5       _isleadbyte                100245d5 f i LIBCMT:_wctype.obj
 0001:000235e6       __wctomb_s_l               100245e6 f   LIBCMT:wctomb.obj
 0001:00023708       _wctomb_s                  10024708 f   LIBCMT:wctomb.obj
 0001:00023730       __aulldvrm                 10024730 f   LIBCMT:ulldvrm.obj
 0001:000237c5       __filbuf                   100247c5 f   LIBCMT:_filbuf.obj
 0001:000238e6       __ungetc_nolock            100248e6 f   LIBCMT:ungetc.obj
 0001:000239c6       __isdigit_l                100249c6 f i LIBCMT:_ctype.obj
 0001:00023a16       __isspace_l                10024a16 f i LIBCMT:_ctype.obj
 0001:00023a66       __isxdigit_l               10024a66 f i LIBCMT:_ctype.obj
 0001:00023abc       _isdigit                   10024abc f i LIBCMT:_ctype.obj
 0001:00023ae7       _isspace                   10024ae7 f i LIBCMT:_ctype.obj
 0001:00023b12       _isxdigit                  10024b12 f i LIBCMT:_ctype.obj
 0001:00023b3f       __mbtowc_l                 10024b3f f   LIBCMT:mbtowc.obj
 0001:00023c32       _mbtowc                    10024c32 f   LIBCMT:mbtowc.obj
 0001:00023c50       __allmul                   10024c50 f   LIBCMT:llmul.obj
 0001:00023c84       ?_ValidateRead@@YAHPBXI@Z  10024c84 f   LIBCMT:validate.obj
 0001:00023c84       ?_ValidateExecute@@YAHP6GHXZ@Z 10024c84 f   LIBCMT:validate.obj
 0001:00023c84       ?_ValidateWrite@@YAHPAXI@Z 10024c84 f   LIBCMT:validate.obj
 0001:00023c93       __matherr                  10024c93 f   LIBCMT:matherr.obj
 0001:00023ca0       __CIexp_pentium4           10024ca0 f   LIBCMT:exp_pentium4.obj
 0001:00023cb8       __exp_pentium4             10024cb8     LIBCMT:exp_pentium4.obj
 0001:00023f71       __fFEXP                    10024f71     LIBCMT:87tran.obj
 0001:00023fc8       __rtinfpopse               10024fc8     LIBCMT:87tran.obj
 0001:00023fca       __rtinfnpopse              10024fca     LIBCMT:87tran.obj
 0001:00023fda       __fFLN                     10024fda     LIBCMT:87tran.obj
 0001:0002408f       __rtinfpop                 1002508f     LIBCMT:87tran.obj
 0001:00024091       __rtinfnpop                10025091     LIBCMT:87tran.obj
 0001:000240ae       __ffexpm1                  100250ae     LIBCMT:87tran.obj
 0001:00024157       __tolower_l                10025157 f   LIBCMT:tolower.obj
 0001:00024298       _tolower                   10025298 f   LIBCMT:tolower.obj
 0001:000242c4       __fptostr                  100252c4 f   LIBCMT:_fptostr.obj
 0001:00024374       __atodbl_l                 10025374 f   LIBCMT:atodbl.obj
 0001:00024400       __atoflt_l                 10025400 f   LIBCMT:atodbl.obj
 0001:0002448c       ___dtold                   1002548c f   LIBCMT:cfout.obj
 0001:00024552       __fltout2                  10025552 f   LIBCMT:cfout.obj
 0001:000245e0       __alldvrm                  100255e0 f   LIBCMT:lldvrm.obj
 0001:000246c0       __aullshr                  100256c0 f   LIBCMT:ullshr.obj
 0001:000246df       __controlfp_s              100256df f   LIBCMT:contrlfp.obj
 0001:0002473c       __fptrap                   1002573c f   LIBCMT:crt0fp.obj
 0001:00024745       __frnd                     10025745 f   LIBCMT:frnd.obj
 0001:00024757       __87except                 10025757 f   LIBCMT:87except.obj
 0001:00024860       __lseeki64                 10025860 f   LIBCMT:lseeki64.obj
 0001:0002495c       __lseeki64_nolock          1002595c f   LIBCMT:lseeki64.obj
 0001:000249cd       __getbuf                   100259cd f   LIBCMT:_getbuf.obj
 0001:00024a20       __CIpow_pentium4           10025a20 f   LIBCMT:pow_pentium4.obj
 0001:00024a39       __pow_pentium4             10025a39     LIBCMT:pow_pentium4.obj
 0001:00025580       __d_inttype                10026580 f   LIBCMT:powhlp.obj
 0001:000255e6       __powhlp                   100265e6 f   LIBCMT:powhlp.obj
 0001:00025720       __CIatan_pentium4          10026720 f   LIBCMT:atan_pentium4.obj
 0001:00025738       __atan_pentium4            10026738     LIBCMT:atan_pentium4.obj
 0001:00025a62       __ismbblead                10026a62 f   LIBCMT:ismbbyte.obj
 0001:00025c61       ___crtLCMapStringA         10026c61 f   LIBCMT:a_map.obj
 0001:00025d91       ___crtGetStringTypeA       10026d91 f   LIBCMT:a_str.obj
 0001:00025dd0       __alloca_probe_16          10026dd0 f   LIBCMT:alloca16.obj
 0001:00025de6       __alloca_probe_8           10026de6     LIBCMT:alloca16.obj
 0001:00025dfc       __putwch_nolock            10026dfc f   LIBCMT:putwch.obj
 0001:00025ece       __wsopen_nolock            10026ece f   LIBCMT:wopen.obj
 0001:00026620       _strncmp                   10027620 f   LIBCMT:strncmp.obj
 0001:00026698       __strnicmp                 10027698 f   LIBCMT:strnicmp.obj
 0001:00026703       __strnicmp_l               10027703 f   LIBCMT:strnicmp.obj
 0001:000267b2       ___free_lconv_mon          100277b2 f   LIBCMT:initmon.obj
 0001:000268ae       ___free_lconv_num          100278ae f   LIBCMT:initnum.obj
 0001:00026915       ___free_lc_time            10027915 f   LIBCMT:inittime.obj
 0001:00026c95       __read                     10027c95 f   LIBCMT:read.obj
 0001:00026d9d       __read_nolock              10027d9d f   LIBCMT:read.obj
 0001:0002752c       __isctype_l                1002852c f   LIBCMT:isctype.obj
 0001:000275db       __locterm                  100285db f   LIBCMT:wsetloca.obj
 0001:0002762d       __ld12tod                  1002862d f   LIBCMT:intrncvt.obj
 0001:00027b9d       __ld12tof                  10028b9d f   LIBCMT:intrncvt.obj
 0001:0002810d       ___strgtold12_l            1002910d f   LIBCMT:strgtold.obj
 0001:00028889       _$I10_OUTPUT               10029889 f   LIBCMT:x10fout.obj
 0001:000292f6       __control87                1002a2f6 f i LIBCMT:ieee87.obj
 0001:0002968d       ___termconout              1002a68d f   LIBCMT:initcon.obj
 0001:000296a4       ___initconout              1002a6a4 f   LIBCMT:initcon.obj
 0001:000296c3       __chsize_nolock            1002a6c3 f   LIBCMT:chsize.obj
 0001:00029877       __get_fmode                1002a877 f   LIBCMT:setmode.obj
 0001:000298a1       __setmode_nolock           1002a8a1 f   LIBCMT:setmode.obj
 0001:00029970       ___ascii_strnicmp          1002a970 f   LIBCMT:_strnicm.obj
 0001:000299d1       ___mtold12                 1002a9d1 f   LIBCMT:mantold.obj
 0001:00029bb4       _RtlUnwind@16              1002abb4 f   kernel32:KERNEL32.dll
 0001:00029bba       _IsProcessorFeaturePresent@4 1002abba f   kernel32:KERNEL32.dll
 0002:00000000       __imp__InitializeCriticalSectionAndSpinCount@8 1002b000     kernel32:KERNEL32.dll
 0002:00000004       __imp__SetEndOfFile@4      1002b004     kernel32:KERNEL32.dll
 0002:00000008       __imp__ReadConsoleW@20     1002b008     kernel32:KERNEL32.dll
 0002:0000000c       __imp__ReadFile@20         1002b00c     kernel32:KERNEL32.dll
 0002:00000010       __imp__CreateFileW@28      1002b010     kernel32:KERNEL32.dll
 0002:00000014       __imp__WriteConsoleW@20    1002b014     kernel32:KERNEL32.dll
 0002:00000018       __imp__GetStringTypeW@16   1002b018     kernel32:KERNEL32.dll
 0002:0000001c       __imp__SetFilePointerEx@20 1002b01c     kernel32:KERNEL32.dll
 0002:00000020       __imp__GetConsoleMode@8    1002b020     kernel32:KERNEL32.dll
 0002:00000024       __imp__GetConsoleCP@0      1002b024     kernel32:KERNEL32.dll
 0002:00000028       __imp__FlushFileBuffers@4  1002b028     kernel32:KERNEL32.dll
 0002:0000002c       __imp__SetStdHandle@8      1002b02c     kernel32:KERNEL32.dll
 0002:00000030       __imp__HeapReAlloc@16      1002b030     kernel32:KERNEL32.dll
 0002:00000034       __imp__LCMapStringW@24     1002b034     kernel32:KERNEL32.dll
 0002:00000038       __imp__LoadLibraryW@4      1002b038     kernel32:KERNEL32.dll
 0002:0000003c       __imp__OutputDebugStringW@4 1002b03c     kernel32:KERNEL32.dll
 0002:00000040       __imp__GetCPInfo@8         1002b040     kernel32:KERNEL32.dll
 0002:00000044       __imp__GetOEMCP@0          1002b044     kernel32:KERNEL32.dll
 0002:00000048       __imp__GetACP@0            1002b048     kernel32:KERNEL32.dll
 0002:0000004c       __imp__IsValidCodePage@4   1002b04c     kernel32:KERNEL32.dll
 0002:00000050       __imp__LoadLibraryExW@12   1002b050     kernel32:KERNEL32.dll
 0002:00000054       __imp__EncodePointer@4     1002b054     kernel32:KERNEL32.dll
 0002:00000058       __imp__DecodePointer@4     1002b058     kernel32:KERNEL32.dll
 0002:0000005c       __imp__GetSystemTimeAsFileTime@4 1002b05c     kernel32:KERNEL32.dll
 0002:00000060       __imp__RaiseException@16   1002b060     kernel32:KERNEL32.dll
 0002:00000064       __imp__RtlUnwind@16        1002b064     kernel32:KERNEL32.dll
 0002:00000068       __imp__GetLastError@0      1002b068     kernel32:KERNEL32.dll
 0002:0000006c       __imp__HeapFree@12         1002b06c     kernel32:KERNEL32.dll
 0002:00000070       __imp__HeapAlloc@12        1002b070     kernel32:KERNEL32.dll
 0002:00000074       __imp__GetCommandLineA@0   1002b074     kernel32:KERNEL32.dll
 0002:00000078       __imp__GetCurrentThreadId@0 1002b078     kernel32:KERNEL32.dll
 0002:0000007c       __imp__InterlockedDecrement@4 1002b07c     kernel32:KERNEL32.dll
 0002:00000080       __imp__ExitProcess@4       1002b080     kernel32:KERNEL32.dll
 0002:00000084       __imp__GetModuleHandleExW@12 1002b084     kernel32:KERNEL32.dll
 0002:00000088       __imp__GetProcAddress@8    1002b088     kernel32:KERNEL32.dll
 0002:0000008c       __imp__AreFileApisANSI@0   1002b08c     kernel32:KERNEL32.dll
 0002:00000090       __imp__MultiByteToWideChar@24 1002b090     kernel32:KERNEL32.dll
 0002:00000094       __imp__EnterCriticalSection@4 1002b094     kernel32:KERNEL32.dll
 0002:00000098       __imp__LeaveCriticalSection@4 1002b098     kernel32:KERNEL32.dll
 0002:0000009c       __imp__GetStdHandle@4      1002b09c     kernel32:KERNEL32.dll
 0002:000000a0       __imp__WriteFile@20        1002b0a0     kernel32:KERNEL32.dll
 0002:000000a4       __imp__GetModuleFileNameW@12 1002b0a4     kernel32:KERNEL32.dll
 0002:000000a8       __imp__IsProcessorFeaturePresent@4 1002b0a8     kernel32:KERNEL32.dll
 0002:000000ac       __imp__HeapSize@12         1002b0ac     kernel32:KERNEL32.dll
 0002:000000b0       __imp__Sleep@4             1002b0b0     kernel32:KERNEL32.dll
 0002:000000b4       __imp__IsDebuggerPresent@0 1002b0b4     kernel32:KERNEL32.dll
 0002:000000b8       __imp__CloseHandle@4       1002b0b8     kernel32:KERNEL32.dll
 0002:000000bc       __imp__GetFileType@4       1002b0bc     kernel32:KERNEL32.dll
 0002:000000c0       __imp__DeleteCriticalSection@4 1002b0c0     kernel32:KERNEL32.dll
 0002:000000c4       __imp__GetStartupInfoW@4   1002b0c4     kernel32:KERNEL32.dll
 0002:000000c8       __imp__SetLastError@4      1002b0c8     kernel32:KERNEL32.dll
 0002:000000cc       __imp__InterlockedIncrement@4 1002b0cc     kernel32:KERNEL32.dll
 0002:000000d0       __imp__GetProcessHeap@0    1002b0d0     kernel32:KERNEL32.dll
 0002:000000d4       __imp__GetModuleFileNameA@12 1002b0d4     kernel32:KERNEL32.dll
 0002:000000d8       __imp__QueryPerformanceCounter@4 1002b0d8     kernel32:KERNEL32.dll
 0002:000000dc       __imp__GetCurrentProcessId@0 1002b0dc     kernel32:KERNEL32.dll
 0002:000000e0       __imp__GetEnvironmentStringsW@0 1002b0e0     kernel32:KERNEL32.dll
 0002:000000e4       __imp__FreeEnvironmentStringsW@4 1002b0e4     kernel32:KERNEL32.dll
 0002:000000e8       __imp__WideCharToMultiByte@32 1002b0e8     kernel32:KERNEL32.dll
 0002:000000ec       __imp__UnhandledExceptionFilter@4 1002b0ec     kernel32:KERNEL32.dll
 0002:000000f0       __imp__SetUnhandledExceptionFilter@4 1002b0f0     kernel32:KERNEL32.dll
 0002:000000f4       __imp__GetCurrentProcess@0 1002b0f4     kernel32:KERNEL32.dll
 0002:000000f8       __imp__TerminateProcess@8  1002b0f8     kernel32:KERNEL32.dll
 0002:000000fc       __imp__TlsAlloc@0          1002b0fc     kernel32:KERNEL32.dll
 0002:00000100       __imp__TlsGetValue@4       1002b100     kernel32:KERNEL32.dll
 0002:00000104       __imp__TlsSetValue@8       1002b104     kernel32:KERNEL32.dll
 0002:00000108       __imp__TlsFree@4           1002b108     kernel32:KERNEL32.dll
 0002:0000010c       __imp__GetModuleHandleW@4  1002b10c     kernel32:KERNEL32.dll
 0002:00000110       \177KERNEL32_NULL_THUNK_DATA 1002b110     kernel32:KERNEL32.dll
 0002:00000114       __imp_?GfuiKeyEventRegisterCurrent@@YAXP6AHEHH@Z@Z 1002b114     client:client.dll
 0002:00000118       __imp_?GfuiSKeyEventRegisterCurrent@@YAXP6AHHHH@Z@Z 1002b118     client:client.dll
 0002:0000011c       __imp_?GfuiMouseShow@@YAXXZ 1002b11c     client:client.dll
 0002:00000120       __imp_?GfctrlJoyInit@@YAPAUtCtrlJoyInfo@@XZ 1002b120     client:client.dll
 0002:00000124       __imp_?GfctrlJoyGetCurrent@@YAHPAUtCtrlJoyInfo@@@Z 1002b124     client:client.dll
 0002:00000128       __imp_?GfctrlJoyRelease@@YAXPAUtCtrlJoyInfo@@@Z 1002b128     client:client.dll
 0002:0000012c       __imp_?GfctrlMouseInit@@YAPAUtCtrlMouseInfo@@XZ 1002b12c     client:client.dll
 0002:00000130       __imp_?GfctrlMouseGetCurrent@@YAHPAUtCtrlMouseInfo@@@Z 1002b130     client:client.dll
 0002:00000134       __imp_?GfctrlMouseRelease@@YAXPAUtCtrlMouseInfo@@@Z 1002b134     client:client.dll
 0002:00000138       __imp_?GfctrlMouseCenter@@YAXXZ 1002b138     client:client.dll
 0002:0000013c       __imp_?GfctrlMouseInitCenter@@YAXXZ 1002b13c     client:client.dll
 0002:00000140       __imp_?GfctrlGetRefByName@@YAPAUtCtrlRef@@PBD@Z 1002b140     client:client.dll
 0002:00000144       __imp_?GfctrlGetNameByRef@@YAPBDHH@Z 1002b144     client:client.dll
 0002:00000148       __imp_?GfScrGetSize@@YAXPAH000@Z 1002b148     client:client.dll
 0002:0000014c       \177client_NULL_THUNK_DATA 1002b14c     client:client.dll
 0002:00000150       __imp_?RtTrackSideTgAngleL@@YAMPAUtTrkLocPos@@@Z 1002b150     robottools:robottools.dll
 0002:00000154       __imp_?RtGetDistFromStart@@YAMPAUCarElt@@@Z 1002b154     robottools:robottools.dll
 0002:00000158       \177robottools_NULL_THUNK_DATA 1002b158     robottools:robottools.dll
 0002:0000015c       __imp_?_tgf_win_free@@YAXPAX@Z 1002b15c     tgf:tgf.dll
 0002:00000160       __imp_?_tgf_win_strdup@@YAPADPBD@Z 1002b160     tgf:tgf.dll
 0002:00000164       __imp_?GfParmReadFile@@YAPAXPBDH@Z 1002b164     tgf:tgf.dll
 0002:00000168       __imp_?GfParmWriteFile@@YAHPBDPAX0@Z 1002b168     tgf:tgf.dll
 0002:0000016c       __imp_?_tgf_win_calloc@@YAPAXII@Z 1002b16c     tgf:tgf.dll
 0002:00000170       __imp_?GfParmSetNum@@YAHPAXPBD11M@Z 1002b170     tgf:tgf.dll
 0002:00000174       __imp_?GfParmReleaseHandle@@YAXPAX@Z 1002b174     tgf:tgf.dll
 0002:00000178       __imp_?GetLocalDir@@YAPADXZ 1002b178     tgf:tgf.dll
 0002:0000017c       __imp_?GfParmGetNum@@YAMPAXPBD11M@Z 1002b17c     tgf:tgf.dll
 0002:00000180       __imp_?GfParmSetStr@@YAHPAXPBD11@Z 1002b180     tgf:tgf.dll
 0002:00000184       __imp_?GfParmGetStr@@YAPBDPAXPBD11@Z 1002b184     tgf:tgf.dll
 0002:00000188       \177tgf_NULL_THUNK_DATA    1002b188     tgf:tgf.dll
 0002:0000018c       ___xc_a                    1002b18c     LIBCMT:crt0init.obj
 0002:0000019c       ___xc_z                    1002b19c     LIBCMT:crt0init.obj
 0002:000001a0       ___xi_a                    1002b1a0     LIBCMT:crt0init.obj
 0002:000001b8       ___xi_z                    1002b1b8     LIBCMT:crt0init.obj
 0002:000001bc       ___xp_a                    1002b1bc     LIBCMT:crt0init.obj
 0002:000001cc       ___xp_z                    1002b1cc     LIBCMT:crt0init.obj
 0002:000001d0       ___xt_a                    1002b1d0     LIBCMT:crt0init.obj
 0002:000001d4       ___xt_z                    1002b1d4     LIBCMT:crt0init.obj
 0002:000001e4       ??_7error_category@std@@6B@ 1002b1e4     BackProp.obj
 0002:00000200       ??_7_Generic_error_category@std@@6B@ 1002b200     BackProp.obj
 0002:00000218       ??_C@_07DCLBNMLN@generic?$AA@ 1002b218     BackProp.obj
 0002:00000220       ??_C@_0O@BFJCFAAK@unknown?5error?$AA@ 1002b220     BackProp.obj
 0002:00000234       ??_7_Iostream_error_category@std@@6B@ 1002b234     BackProp.obj
 0002:0000024c       ??_C@_08LLGCOLLL@iostream?$AA@ 1002b24c     BackProp.obj
 0002:00000258       ??_C@_0BG@PADBLCHM@iostream?5stream?5error?$AA@ 1002b258     BackProp.obj
 0002:00000274       ??_7_System_error_category@std@@6B@ 1002b274     BackProp.obj
 0002:0000028c       ??_C@_06FHFOAHML@system?$AA@ 1002b28c     BackProp.obj
 0002:00000294       ??_C@_01NOFIACDB@w?$AA@    1002b294     BackProp.obj
 0002:00000298       ??_C@_04OMBDKOCD@?$CFf?5?6?$AA@ 1002b298     BackProp.obj
 0002:000002a0       ??_C@_01KDCPPGHE@r?$AA@    1002b2a0     BackProp.obj
 0002:000002a4       ??_C@_0BD@FFMCKEIB@Reading?5Weights?4?5?6?$AA@ 1002b2a4     BackProp.obj
 0002:000002b8       ??_C@_0BK@JLDGPMHD@Failed?5Reading?5Weights?4?5?6?$AA@ 1002b2b8     BackProp.obj
 0002:000002d4       ??_C@_03JAIJOMNP@?$CFf?5?$AA@ 1002b2d4     BackProp.obj
 0002:000002d8       ??_C@_0BI@CFPLBAOH@invalid?5string?5position?$AA@ 1002b2d8     BackProp.obj
 0002:000002f0       ??_C@_0BA@JFNIOLAK@string?5too?5long?$AA@ 1002b2f0     BackProp.obj
 0002:00000300       __real@3fe0000000000000    1002b300     BackProp.obj
 0002:00000308       __real@3ff0000000000000    1002b308     BackProp.obj
 0002:00000310       __real@40cfff8000000000    1002b310     BackProp.obj
 0002:00000320       __xmm@80000000000000008000000000000000 1002b320     BackProp.obj
 0002:00000338       ?PATHERR@MyCar@@2NB        1002b338     mycar.obj
 0002:00000340       ?CORRLEN@MyCar@@2NB        1002b340     mycar.obj
 0002:00000348       ?TURNTOL@MyCar@@2NB        1002b348     mycar.obj
 0002:00000350       ?TURNSPEED@MyCar@@2NB      1002b350     mycar.obj
 0002:00000358       ?MARGIN@MyCar@@2NB         1002b358     mycar.obj
 0002:00000360       ?STABLESPEED@MyCar@@2NB    1002b360     mycar.obj
 0002:00000368       ?TIMETOCATCH@MyCar@@2NB    1002b368     mycar.obj
 0002:00000370       ?MINOVERTAKERANGE@MyCar@@2NB 1002b370     mycar.obj
 0002:00000378       ?OVERTAKERADIUS@MyCar@@2NB 1002b378     mycar.obj
 0002:00000380       ?OVERTAKEDIST@MyCar@@2NB   1002b380     mycar.obj
 0002:00000388       ?OVERTAKEMINDIST@MyCar@@2NB 1002b388     mycar.obj
 0002:00000390       ?OVERTAKEANGLE@MyCar@@2NB  1002b390     mycar.obj
 0002:00000398       ?OVERTAKEMARGIN@MyCar@@2NB 1002b398     mycar.obj
 0002:000003a0       ?MAXALLOWEDPITCH@MyCar@@2NB 1002b3a0     mycar.obj
 0002:000003a8       ?FLYSPEED@MyCar@@2NB       1002b3a8     mycar.obj
 0002:000003b0       ?OVERLAPSTARTDIST@MyCar@@2NB 1002b3b0     mycar.obj
 0002:000003b8       ?OVERLAPPASSDIST@MyCar@@2NB 1002b3b8     mycar.obj
 0002:000003c0       ?OVERLAPWAITTIME@MyCar@@2NB 1002b3c0     mycar.obj
 0002:000003c8       ?LAPBACKTIMEPENALTY@MyCar@@2NB 1002b3c8     mycar.obj
 0002:000003d0       ?TCL_SLIP@MyCar@@2NB       1002b3d0     mycar.obj
 0002:000003d8       ?TCL_RANGE@MyCar@@2NB      1002b3d8     mycar.obj
 0002:000003e0       ?SHIFT@MyCar@@2NB          1002b3e0     mycar.obj
 0002:000003e8       ?SHIFT_MARGIN@MyCar@@2NB   1002b3e8     mycar.obj
 0002:000003f0       ?MAX_SPEED@MyCar@@2NB      1002b3f0     mycar.obj
 0002:000003f8       ?MAX_FUEL_PER_METER@MyCar@@2NB 1002b3f8     mycar.obj
 0002:00000400       ?LOOKAHEAD_MAX_ERROR@MyCar@@2NB 1002b400     mycar.obj
 0002:00000408       ?LOOKAHEAD_FACTOR@MyCar@@2NB 1002b408     mycar.obj
 0002:00000418       ??_C@_09KBFOLGED@GC?5height?$AA@ 1002b418     mycar.obj
 0002:00000424       ??_C@_03DAGGNFD@Car?$AA@   1002b424     mycar.obj
 0002:00000428       ??_C@_05NNOHLBDC@caero?$AA@ 1002b428     mycar.obj
 0002:00000430       ??_C@_0BI@IBKLMFBB@berniw_Recorder?5private?$AA@ 1002b430     mycar.obj
 0002:00000448       ??_C@_09IFGOAGEJ@cfriction?$AA@ 1002b448     mycar.obj
 0002:00000454       ??_C@_0N@GEJBANM@initial?5fuel?$AA@ 1002b454     mycar.obj
 0002:00000464       ??_C@_04IJEANHEE@mass?$AA@ 1002b464     mycar.obj
 0002:0000046c       ??_C@_03ECFJFFPO@RWD?$AA@  1002b46c     mycar.obj
 0002:00000470       ??_C@_04GPMDFGEJ@type?$AA@ 1002b470     mycar.obj
 0002:00000478       ??_C@_0L@GPGHGHOJ@Drivetrain?$AA@ 1002b478     mycar.obj
 0002:00000484       ??_C@_03JNCCJFDG@FWD?$AA@  1002b484     mycar.obj
 0002:00000488       ??_C@_03FMBEPNCB@4WD?$AA@  1002b488     mycar.obj
 0002:0000048c       ??_C@_02JFIEOGIK@Cx?$AA@   1002b48c     mycar.obj
 0002:00000490       ??_C@_0N@GFHNLLOJ@Aerodynamics?$AA@ 1002b490     mycar.obj
 0002:000004a0       ??_C@_0L@NAALCPPI@front?5area?$AA@ 1002b4a0     mycar.obj
 0002:000004ac       ??_C@_0P@NDDEHBFL@wheelbase?3?5?$CFf?6?$AA@ 1002b4ac     mycar.obj
 0002:000004bc       ??_C@_0BA@OPGFIKIN@wheeltrack?3?5?$CFf?6?$AA@ 1002b4bc     mycar.obj
 0002:000004cc       ??_C@_06EADKBJJD@?$CFd?7?$CFf?6?$AA@ 1002b4cc     mycar.obj
 0002:000004d4       ??_C@_0M@KNLKEDBP@Offset?3?5?$CFd?6?$AA@ 1002b4d4     mycar.obj
 0002:000004e0       ??_C@_0M@JLLEGKBO@?$CDgears?3?5?$CFd?6?$AA@ 1002b4e0     mycar.obj
 0002:000004ec       ??_C@_09BIPBPCPJ@gear?3?5?$CFd?6?$AA@ 1002b4ec     mycar.obj
 0002:000004f8       ??_C@_0BK@LABCNJFC@steerlock?3?5?$CFf?5rad?0?5?$CFf?o?$LP?$LN?6?$AA@ 1002b4f8     mycar.obj
 0002:00000514       ??_C@_0O@MICHCFEB@cgcorr_b?3?5?$CFf?6?$AA@ 1002b514     mycar.obj
 0002:00000524       ??_C@_0P@EMGNAMBK@car?5index?3?5?$CFd?6?$AA@ 1002b524     mycar.obj
 0002:00000534       ??_C@_0N@HKGINNIL@race?5nb?3?5?$CFd?6?$AA@ 1002b534     mycar.obj
 0002:00000544       ??_C@_0BC@DPFNLKJM@Front?5Right?5Wheel?$AA@ 1002b544     mycar.obj
 0002:00000558       ??_C@_0BB@LHAPOPKP@Front?5Left?5Wheel?$AA@ 1002b558     mycar.obj
 0002:0000056c       ??_C@_0BB@FDACEIHE@Rear?5Right?5Wheel?$AA@ 1002b56c     mycar.obj
 0002:00000580       ??_C@_0BA@OOGIOKPL@Rear?5Left?5Wheel?$AA@ 1002b580     mycar.obj
 0002:00000590       ??_C@_04GOEDGNCF@area?$AA@ 1002b590     mycar.obj
 0002:00000598       ??_C@_09HDJCNBBO@Rear?5Wing?$AA@ 1002b598     mycar.obj
 0002:000005a4       ??_C@_05FECBCJJD@angle?$AA@ 1002b5a4     mycar.obj
 0002:000005ac       ??_C@_0M@CCMIOJBA@front?5Clift?$AA@ 1002b5ac     mycar.obj
 0002:000005b8       ??_C@_0L@PLABABOE@rear?5Clift?$AA@ 1002b5b8     mycar.obj
 0002:000005c4       ??_C@_0M@IPGIOMHG@ride?5height?$AA@ 1002b5c4     mycar.obj
 0002:000005d0       __real@00000000            1002b5d0     mycar.obj
 0002:000005d8       __real@0000000000000000    1002b5d8     mycar.obj
 0002:000005e0       __real@3f847ae147ae147b    1002b5e0     mycar.obj
 0002:000005e8       __real@3f947ae147ae147b    1002b5e8     mycar.obj
 0002:000005f0       __real@3fb999999999999a    1002b5f0     mycar.obj
 0002:000005f8       __real@3fc999999999999a    1002b5f8     mycar.obj
 0002:00000600       __real@3fd0000000000000    1002b600     mycar.obj
 0002:00000608       __real@3fdd70a3d70a3d71    1002b608     mycar.obj
 0002:00000610       __real@3fe4000000000000    1002b610     mycar.obj
 0002:00000618       __real@3feccccccccccccd    1002b618     mycar.obj
 0002:00000620       __real@3fee666666666666    1002b620     mycar.obj
 0002:00000628       __real@3fef5c28f5c28f5c    1002b628     mycar.obj
 0002:00000630       __real@3ff199999999999a    1002b630     mycar.obj
 0002:00000638       __real@3ff3333333333333    1002b638     mycar.obj
 0002:00000640       __real@3ff3ae147ae147ae    1002b640     mycar.obj
 0002:00000648       __real@3ff4cccccccccccd    1002b648     mycar.obj
 0002:00000650       __real@3ff8000000000000    1002b650     mycar.obj
 0002:00000658       __real@3ff999999999999a    1002b658     mycar.obj
 0002:00000660       __real@40000000            1002b660     mycar.obj
 0002:00000668       __real@4000000000000000    1002b668     mycar.obj
 0002:00000670       __real@400921fb54442d18    1002b670     mycar.obj
 0002:00000678       __real@4010000000000000    1002b678     mycar.obj
 0002:00000680       __real@4014000000000000    1002b680     mycar.obj
 0002:00000688       __real@402e000000000000    1002b688     mycar.obj
 0002:00000690       __real@4034000000000000    1002b690     mycar.obj
 0002:00000698       __real@4039000000000000    1002b698     mycar.obj
 0002:000006a0       __real@4046800000000000    1002b6a0     mycar.obj
 0002:000006a8       __real@43340000            1002b6a8     mycar.obj
 0002:000006b0       __real@47efffffe0000000    1002b6b0     mycar.obj
 0002:000006b8       __real@bfd5555555555555    1002b6b8     mycar.obj
 0002:000006c0       __real@bff0000000000000    1002b6c0     mycar.obj
 0002:000006c8       __real@c008000000000000    1002b6c8     mycar.obj
 0002:000006d0       __xmm@7fffffffffffffff7fffffffffffffff 1002b6d0     mycar.obj
 0002:000006e0       __xmm@80000000800000008000000080000000 1002b6e0     mycar.obj
 0002:000006f4       ??_7Neuron@@6B@            1002b6f4     NeuralLayer.obj
 0002:000006fc       ??_7NeuralLayer@@6B@       1002b6fc     NeuralLayer.obj
 0002:00000700       ??_C@_0BD@OLBABOEK@vector?$DMT?$DO?5too?5long?$AA@ 1002b700     NeuralLayer.obj
 0002:00000714       __real@3f000000            1002b714     NeuralLayer.obj
 0002:00000718       __real@3f800000            1002b718     NeuralLayer.obj
 0002:0000071c       __real@46fffe00            1002b71c     NeuralLayer.obj
 0002:00000720       __real@bf800000            1002b720     NeuralLayer.obj
 0002:00000728       ??_7NeuralNetwork@@6B@     1002b728     NeuralNetwork.obj
 0002:00000738       ?COLLDIST@Pathfinder@@0NB  1002b738     pathfinder.obj
 0002:00000750       ??_C@_0FA@DCJNBECG@error?3?5pit?5struct?5ptr?5?$DN?$DN?5NULL?4?5c@ 1002b750     pathfinder.obj
 0002:000007a0       ??_C@_06NPCLIJI@?$CFf?7?$CFf?6?$AA@ 1002b7a0     pathfinder.obj
 0002:000007a8       __real@3e112e0be826d695    1002b7a8     pathfinder.obj
 0002:000007b0       __real@3f1a36e2eb1c432d    1002b7b0     pathfinder.obj
 0002:000007b8       __real@3f91df46a2529d39    1002b7b8     pathfinder.obj
 0002:000007c0       __real@3ff921fb54442d18    1002b7c0     pathfinder.obj
 0002:000007c8       __real@4008000000000000    1002b7c8     pathfinder.obj
[...]
 0002:0001a208       HALFSIG                    10045208     LIBCMT:pow_pentium4.obj
 0002:0001a210       LHN                        10045210     LIBCMT:pow_pentium4.obj
 0002:0001a218       sNaN                       10045218     LIBCMT:pow_pentium4.obj
 0002:0001a220       INF                        10045220     LIBCMT:pow_pentium4.obj
 0002:0001a228       NEG_INF                    10045228     LIBCMT:pow_pentium4.obj
 0002:0001a230       NEG_ZERO                   10045230     LIBCMT:pow_pentium4.obj
 0002:0001a238       NEG_BIG                    10045238     LIBCMT:pow_pentium4.obj
 0002:0001a240       POS_BIG                    10045240     LIBCMT:pow_pentium4.obj
 0002:0001a248       EMIN                       10045248     LIBCMT:pow_pentium4.obj
 0002:0001a250       QIND                       10045250     LIBCMT:pow_pentium4.obj
 0002:0001a260       _mexp                      10045260     LIBCMT:atan_pentium4.obj
 0002:0001a270       _mabs                      10045270     LIBCMT:atan_pentium4.obj
 0002:0001a280       _pi_2d                     10045280     LIBCMT:atan_pentium4.obj
 0002:0001a290       _d1400                     10045290     LIBCMT:atan_pentium4.obj
 0002:0001a2a0       _d1213                     100452a0     LIBCMT:atan_pentium4.obj
 0002:0001a2b0       _d1011                     100452b0     LIBCMT:atan_pentium4.obj
 0002:0001a2c0       _d89                       100452c0     LIBCMT:atan_pentium4.obj
 0002:0001a2d0       _d67                       100452d0     LIBCMT:atan_pentium4.obj
 0002:0001a2e0       _d45                       100452e0     LIBCMT:atan_pentium4.obj
 0002:0001a2f0       _d23                       100452f0     LIBCMT:atan_pentium4.obj
 0002:0001a300       _d01                       10045300     LIBCMT:atan_pentium4.obj
 0002:0001a310       _p60                       10045310     LIBCMT:atan_pentium4.obj
 0002:0001a320       _p45                       10045320     LIBCMT:atan_pentium4.obj
 0002:0001a330       _p23                       10045330     LIBCMT:atan_pentium4.obj
 0002:0001a340       _p01                       10045340     LIBCMT:atan_pentium4.obj
 0002:0001a350       _cntshf                    10045350     LIBCMT:atan_pentium4.obj
 0002:0001a358       _zero                      10045358     LIBCMT:atan_pentium4.obj
 0002:0001a360       _onen                      10045360     LIBCMT:atan_pentium4.obj
 0002:0001a368       _one                       10045368     LIBCMT:atan_pentium4.obj
 0002:0001a370       _cnst8                     10045370     LIBCMT:atan_pentium4.obj
 0002:0001a378       _in3                       10045378     LIBCMT:atan_pentium4.obj
 0002:0001a380       _in2                       10045380     LIBCMT:atan_pentium4.obj
 0002:0001a388       _in1                       10045388     LIBCMT:atan_pentium4.obj
 0002:0001a390       _in0                       10045390     LIBCMT:atan_pentium4.obj
 0002:0001a398       _in                        10045398     LIBCMT:atan_pentium4.obj
 0002:0001a3a0       _minval                    100453a0     LIBCMT:atan_pentium4.obj
 0002:0001a3a8       libm_small                 100453a8     LIBCMT:atan_pentium4.obj
 0002:0001abc8       __first_127char            10045bc8     LIBCMT:wsetloca.obj
 0002:0001b150       __catchsym$?_Copy@?$basic_string@DU?$char_traits@D@std@@V?$allocator@D@2@@std@@QAEXII@Z$5 10046150     BackProp.obj
 0002:0001b160       __catchsym$?_Copy@?$basic_string@DU?$char_traits@D@std@@V?$allocator@D@2@@std@@QAEXII@Z$4 10046160     BackProp.obj
 0002:0001b170       __unwindtable$?_Copy@?$basic_string@DU?$char_traits@D@std@@V?$allocator@D@2@@std@@QAEXII@Z 10046170     BackProp.obj
 0002:0001b190       __ehfuncinfo$?_Copy@?$basic_string@DU?$char_traits@D@std@@V?$allocator@D@2@@std@@QAEXII@Z 10046190     BackProp.obj
 0002:0001b1b4       __tryblocktable$?_Copy@?$basic_string@DU?$char_traits@D@std@@V?$allocator@D@2@@std@@QAEXII@Z 100461b4     BackProp.obj
 0002:0001b1dc       __unwindtable$??0MyCar@@QAE@PAVTrackDesc@@PAUCarElt@@PAUSituation@@@Z 100461dc     mycar.obj
 0002:0001b1e4       __ehfuncinfo$??0MyCar@@QAE@PAVTrackDesc@@PAUCarElt@@PAUSituation@@@Z 100461e4     mycar.obj
 0002:0001b208       __unwindtable$??0NeuralLayer@@QAE@HHH@Z 10046208     NeuralLayer.obj
 0002:0001b210       __ehfuncinfo$??0NeuralLayer@@QAE@HHH@Z 10046210     NeuralLayer.obj
 0002:0001b234       __catchsym$??0?$vector@PAUNeuron@@V?$allocator@PAUNeuron@@@std@@@std@@QAE@ABV01@@Z$2 10046234     NeuralNetwork.obj
 0002:0001b244       __unwindtable$??0?$vector@PAUNeuron@@V?$allocator@PAUNeuron@@@std@@@std@@QAE@ABV01@@Z 10046244     NeuralNetwork.obj
 0002:0001b254       __tryblocktable$??0?$vector@PAUNeuron@@V?$allocator@PAUNeuron@@@std@@@std@@QAE@ABV01@@Z 10046254     NeuralNetwork.obj
 0002:0001b268       __ehfuncinfo$??0?$vector@PAUNeuron@@V?$allocator@PAUNeuron@@@std@@@std@@QAE@ABV01@@Z 10046268     NeuralNetwork.obj
 0002:0001b28c       __unwindtable$?push_back@?$vector@VNeuralLayer@@V?$allocator@VNeuralLayer@@@std@@@std@@QAEXABVNeuralLayer@@@Z 1004628c     NeuralNetwork.obj
 0002:0001b29c       __ehfuncinfo$?push_back@?$vector@VNeuralLayer@@V?$allocator@VNeuralLayer@@@std@@@std@@QAEXABVNeuralLayer@@@Z 1004629c     NeuralNetwork.obj
 0002:0001b2c0       __catchsym$?_Reallocate@?$vector@VNeuralLayer@@V?$allocator@VNeuralLayer@@@std@@@std@@IAEXI@Z$2 100462c0     NeuralNetwork.obj
 0002:0001b2d0       __unwindtable$?_Reallocate@?$vector@VNeuralLayer@@V?$allocator@VNeuralLayer@@@std@@@std@@IAEXI@Z 100462d0     NeuralNetwork.obj
 0002:0001b2e0       __tryblocktable$?_Reallocate@?$vector@VNeuralLayer@@V?$allocator@VNeuralLayer@@@std@@@std@@IAEXI@Z 100462e0     NeuralNetwork.obj
 0002:0001b2f4       __ehfuncinfo$?_Reallocate@?$vector@VNeuralLayer@@V?$allocator@VNeuralLayer@@@std@@@std@@IAEXI@Z 100462f4     NeuralNetwork.obj
 0002:0001b318       __unwindtable$?AddLayer@NeuralNetwork@@AAEXHHH@Z 10046318     NeuralNetwork.obj
 0002:0001b320       __unwindtable$??0NeuralNetwork@@QAE@HHHHABV?$basic_string@DU?$char_traits@D@std@@V?$allocator@D@2@@std@@@Z 10046320     NeuralNetwork.obj
 0002:0001b330       __ehfuncinfo$??0NeuralNetwork@@QAE@HHHHABV?$basic_string@DU?$char_traits@D@std@@V?$allocator@D@2@@std@@@Z 10046330     NeuralNetwork.obj
 0002:0001b354       __ehfuncinfo$?AddLayer@NeuralNetwork@@AAEXHHH@Z 10046354     NeuralNetwork.obj
 0002:0001b378       __catchsym$??$_Uninit_move@PAVNeuralLayer@@PAV1@V?$allocator@VNeuralLayer@@@std@@V1@@std@@YAPAVNeuralLayer@@PAV1@00AAU?$_Wrap_alloc@V?$allocator@VNeuralLayer@@@std@@@0@0U_Nonscalar_ptr_iterator_tag@0@@Z$4 10046378     NeuralNetwork.obj
 0002:0001b388       __tryblocktable$??$_Uninit_move@PAVNeuralLayer@@PAV1@V?$allocator@VNeuralLayer@@@std@@V1@@std@@YAPAVNeuralLayer@@PAV1@00AAU?$_Wrap_alloc@V?$allocator@VNeuralLayer@@@std@@@0@0U_Nonscalar_ptr_iterator_tag@0@@Z 10046388     NeuralNetwork.obj
 0002:0001b39c       __unwindtable$??$_Uninit_move@PAVNeuralLayer@@PAV1@V?$allocator@VNeuralLayer@@@std@@V1@@std@@YAPAVNeuralLayer@@PAV1@00AAU?$_Wrap_alloc@V?$allocator@VNeuralLayer@@@std@@@0@0U_Nonscalar_ptr_iterator_tag@0@@Z 1004639c     NeuralNetwork.obj
 0002:0001b3b4       __ehfuncinfo$??$_Uninit_move@PAVNeuralLayer@@PAV1@V?$allocator@VNeuralLayer@@@std@@V1@@std@@YAPAVNeuralLayer@@PAV1@00AAU?$_Wrap_alloc@V?$allocator@VNeuralLayer@@@std@@@0@0U_Nonscalar_ptr_iterator_tag@0@@Z 100463b4     NeuralNetwork.obj
 0002:0001b3d8       __unwindtable$?initTrack@@YAXHPAUtTrack@@PAXPAPAXPAUSituation@@@Z 100463d8     ANN_Bot_2.obj
 0002:0001b3e0       __unwindtable$?drive@@YAXHPAUCarElt@@PAUSituation@@@Z 100463e0     ANN_Bot_2.obj
 0002:0001b3f0       __ehfuncinfo$?newrace@@YAXHPAUCarElt@@PAUSituation@@@Z 100463f0     ANN_Bot_2.obj
 0002:0001b414       __ehfuncinfo$?drive@@YAXHPAUCarElt@@PAUSituation@@@Z 10046414     ANN_Bot_2.obj
 0002:0001b438       __ehfuncinfo$?initTrack@@YAXHPAUtTrack@@PAXPAPAXPAUSituation@@@Z 10046438     ANN_Bot_2.obj
 0002:0001b45c       __unwindtable$?newrace@@YAXHPAUCarElt@@PAUSituation@@@Z 1004645c     ANN_Bot_2.obj
 0002:0001b49c       __unwindtable$??0TrackDesc@@QAE@PBUtTrack@@@Z 1004649c     trackdesc.obj
 0002:0001b4a4       __ehfuncinfo$??0TrackDesc@@QAE@PBUtTrack@@@Z 100464a4     trackdesc.obj
 0002:0001b5b0       __sehtable$__onexit        100465b0     LIBCMT:onexit.obj
 0002:0001b5d0       __sehtable$_fclose         100465d0     LIBCMT:fclose.obj
 0002:0001b5f0       __sehtable$__fsopen        100465f0     LIBCMT:fopen.obj
 0002:0001b610       __sehtable$_fprintf        10046610     LIBCMT:fprintf.obj
 0002:0001b630       __sehtable$_vfscanf        10046630     LIBCMT:fscanf.obj
 0002:0001b650       __sehtable$_printf         10046650     LIBCMT:printf.obj
 0002:0001b670       __sehtable$??_L@YGXPAXIHP6EX0@Z1@Z 10046670     LIBCMT:ehvecctr.obj
 0002:0001b690       __sehtable$??_M@YGXPAXIHP6EX0@Z@Z 10046690     LIBCMT:ehvecdtr.obj
 0002:0001b6b0       __sehtable$?__ArrayUnwind@@YGXPAXIHP6EX0@Z@Z 100466b0     LIBCMT:ehvecdtr.obj
 0002:0001b6d0       __sehtable$__CRT_INIT@12   100466d0     LIBCMT:dllcrt0.obj
 0002:0001b6f0       __sehtable$___DllMainCRTStartup 100466f0     LIBCMT:dllcrt0.obj
 0002:0001b710       __sehtable$_doexit         10046710     LIBCMT:crt0dat.obj
 0002:0001b730       __sehtable$__close         10046730     LIBCMT:close.obj
 0002:0001b750       __sehtable$_flsall         10046750     LIBCMT:fflush.obj
 0002:0001b778       __sehtable$__getstream     10046778     LIBCMT:stream.obj
 0002:0001b798       __sehtable$_vfprintf_helper 10046798     LIBCMT:vfprintf.obj
 0002:0001b7b8       __sehtable$__ioinit        100467b8     LIBCMT:ioinit.obj
 0002:0001b7d8       __sehtable$_vprintf_helper 100467d8     LIBCMT:vprintf.obj
 0002:0001b7f8       __sehtable$__freefls@4     100467f8     LIBCMT:tidtable.obj
 0002:0001b820       __sehtable$__initptd       10046820     LIBCMT:tidtable.obj
 0002:0001b848       __sehtable$?terminate@@YAXXZ 10046848     LIBCMT:hooks.obj
 0002:0001b868       __sehtable$?_inconsistency@@YAXXZ 10046868     LIBCMT:hooks.obj
 0002:0001b888       __sehtable$___FrameUnwindToState 10046888     LIBCMT:frame.obj
 0002:0001b8b0       __sehtable$?CallCatchBlock@@YAPAXPAUEHExceptionRecord@@PAUEHRegistrationNode@@PAU_CONTEXT@@PBU_s_FuncInfo@@PAXHK@Z 100468b0     LIBCMT:frame.obj
 0002:0001b8d8       __sehtable$___BuildCatchObject 100468d8     LIBCMT:frame.obj
 0002:0001b8f8       __sehtable$___DestructExceptionObject 100468f8     LIBCMT:frame.obj
 0002:0001b914       __catchsym$?CallUnexpected@@YAXPBU_s_ESTypeList@@@Z$2 10046914     LIBCMT:frame.obj
 0002:0001b924       __unwindtable$?CallUnexpected@@YAXPBU_s_ESTypeList@@@Z 10046924     LIBCMT:frame.obj
 0002:0001b934       __tryblocktable$?CallUnexpected@@YAXPBU_s_ESTypeList@@@Z 10046934     LIBCMT:frame.obj
 0002:0001b948       __ehfuncinfo$?CallUnexpected@@YAXPBU_s_ESTypeList@@@Z 10046948     LIBCMT:frame.obj
 0002:0001b970       __sehtable$___BuildCatchObjectHelper 10046970     LIBCMT:frame.obj
 0002:0001b9c8       __sehtable$?_Type_info_dtor@type_info@@CAXPAV1@@Z 100469c8     LIBCMT:typname.obj
 0002:0001b9e8       __sehtable$___set_fpsr_sse2 100469e8     LIBCMT:fpctrl.obj
 0002:0001ba08       __sehtable$__mtinitlocknum 10046a08     LIBCMT:mlock.obj
 0002:0001ba28       __sehtable$__IsNonwritableInCurrentImage 10046a28     LIBCMT:pesect.obj
 0002:0001ba48       __sehtable$_raise          10046a48     LIBCMT:winsig.obj
 0002:0001ba68       __sehtable$___updatetmbcinfo 10046a68     LIBCMT:mbctype.obj
 0002:0001ba88       __sehtable$__setmbcp       10046a88     LIBCMT:mbctype.obj
 0002:0001baa8       __sehtable$__fcloseall     10046aa8     LIBCMT:closeall.obj
 0002:0001bac8       __sehtable$__alloc_osfhnd  10046ac8     LIBCMT:osfinfo.obj
 0002:0001baf0       __sehtable$___lock_fhandle 10046af0     LIBCMT:osfinfo.obj
 0002:0001bb10       __sehtable$__commit        10046b10     LIBCMT:commit.obj
 0002:0001bb30       __sehtable$__write         10046b30     LIBCMT:write.obj
 0002:0001bb50       __sehtable$__sopen_helper  10046b50     LIBCMT:open.obj
 0002:0001bb70       __sehtable$___updatetlocinfo 10046b70     LIBCMT:localref.obj
 0002:0001bb90       __sehtable$__lseeki64      10046b90     LIBCMT:lseeki64.obj
 0002:0001bbb0       __sehtable$__read          10046bb0     LIBCMT:read.obj
 0002:0001bbd0       __sehtable$__locterm       10046bd0     LIBCMT:wsetloca.obj
 0002:0001bf0c       .idata$6                   10046f0c     client:client.dll
 0002:0001bfd4       .idata$6                   10046fd4     tgf:tgf.dll
 0002:0001c008       .idata$6                   10047008     robottools:robottools.dll
 0002:0001c4fc       .idata$6                   100474fc     kernel32:KERNEL32.dll
 0002:0001c510       .edata                     10047510     ANN_Bot_2.exp
 0002:0001c538       rgpv                       10047538     ANN_Bot_2.exp
 0002:0001c53c       rgszName                   1004753c     ANN_Bot_2.exp
 0002:0001c540       rgwOrd                     10047540     ANN_Bot_2.exp
 0002:0001c542       szName                     10047542     ANN_Bot_2.exp
 0002:0001c550       $N00001                    10047550     ANN_Bot_2.exp
 0003:00000110       _color                     10048110     ANN_Bot_2.obj
 0003:00000120       _masterPlayer              10048120     ANN_Bot_2.obj
 0003:00000124       _lastKeyUpdate             10048124     ANN_Bot_2.obj
 0003:00000128       ?firstTime@?1??common_drive@@YAXHPAUCarElt@@PAUSituation@@@Z@4HA 10048128     ANN_Bot_2.obj
 0003:000005f8       _controlList               100485f8     pref.obj
 0003:00000628       __ulSeverityText           10048628     ul_vs2008_32:ulError.obj
 0003:000006f0       _NAME_                     100486f0     LIBCMT:sqrt.obj
 0003:00000700       _NAME_                     10048700     LIBCMT:asin.obj
 0003:00000710       _NAME_                     10048710     LIBCMT:acos.obj
 0003:00000720       _NAME_                     10048720     LIBCMT:sin.obj
 0003:00000730       _NAME_                     10048730     LIBCMT:cos.obj
 0003:00000740       _NAME_                     10048740     LIBCMT:tan.obj
 0003:000009e0       _errtable                  100489e0     LIBCMT:dosmap.obj
 0003:00000b48       _ErrnoNoMem                10048b48     LIBCMT:dosmap.obj
 0003:00000b4c       _DoserrorNoMem             10048b4c     LIBCMT:dosmap.obj
 0003:00000bf8       _newcw                     10048bf8     LIBCMT:ceil.obj
 0003:00000c28       ?_names@?1??_get_fname@@9@9 10048c28     LIBCMT:fpexcept.obj
 0003:00000d10       _over                      10048d10     LIBCMT:fpctrl.obj
 0003:00000d1c       _under                     10048d1c     LIBCMT:fpctrl.obj
 0003:00000d28       ?__DAZ_ENABLED@?1??__set_fpsr_sse2@@9@9 10048d28     LIBCMT:fpctrl.obj
 0003:00000d38       POW_name                   10048d38     LIBCMT:pow.obj
 0003:00000d40       _NAME_                     10048d40     LIBCMT:atan.obj
 0003:00000d48       _newcw                     10048d48     LIBCMT:floor.obj
 0003:00000d4c       ?isPackaged@?1??__crtIsPackagedApp@@9@9 10048d4c     LIBCMT:winapisupp.obj
 0003:00000d50       __locktable                10048d50     LIBCMT:mlock.obj
 0003:00000e74       ___rgctypeflag             10048e74     LIBCMT:mbctype.obj
 0003:00000e78       ___rgcode_page_info        10048e78     LIBCMT:mbctype.obj
 0003:00001748       __ctype_loc_style          10049748     LIBCMT:wsetloca.obj
 0003:0000174c       _DoubleFormat              1004974c     LIBCMT:intrncvt.obj
 0003:00001764       _FloatFormat               10049764     LIBCMT:intrncvt.obj
 0003:00001a40       _allocator_arg             10049a40     BackProp.obj
 0003:00001a41       _piecewise_construct       10049a41     BackProp.obj
 0003:00001a42       _allocator_arg             10049a42     NeuralLayer.obj
 0003:00001a43       _piecewise_construct       10049a43     NeuralLayer.obj
 0003:00001a44       _allocator_arg             10049a44     NeuralNetwork.obj
 0003:00001a45       _piecewise_construct       10049a45     NeuralNetwork.obj
 0003:00001a48       _joyInfo                   10049a48     ANN_Bot_2.obj
 0003:00001a4c       _mouseInfo                 10049a4c     ANN_Bot_2.obj
 0003:00001a50       _speedLimiter              10049a50     ANN_Bot_2.obj
 0003:00001a54       _firstTime                 10049a54     ANN_Bot_2.obj
 0003:00001a58       _steeringNetwork           10049a58     ANN_Bot_2.obj
 0003:00001a5c       _accelNetwork              10049a5c     ANN_Bot_2.obj
 0003:00001a60       _sensors                   10049a60     ANN_Bot_2.obj
 0003:00001a64       _myCar                     10049a64     ANN_Bot_2.obj
 0003:00001a68       _trackDesc                 10049a68     ANN_Bot_2.obj
 0003:00001a98       _allocator_arg             10049a98     ANN_Bot_2.obj
 0003:00001a99       _piecewise_construct       10049a99     ANN_Bot_2.obj
 0003:00001a9c       _curTrack                  10049a9c     ANN_Bot_2.obj
 0003:00001aa0       _Vtarget                   10049aa0     ANN_Bot_2.obj
 0003:00001aa8       _keyInfo                   10049aa8     ANN_Bot_2.obj
 0003:000026a8       _skeyInfo                  1004a6a8     ANN_Bot_2.obj
 0003:000032a8       _currentKey                1004b2a8     ANN_Bot_2.obj
 0003:000036a8       _currentSKey               1004b6a8     ANN_Bot_2.obj
 0003:00003ab0       __ulErrorBuffer            1004bab0     ul_vs2008_32:ulError.obj
 0003:00003eb0       __ulErrorCB                1004beb0     ul_vs2008_32:ulError.obj
 0003:00003eb4       __Tuple_alloc              1004beb4     libcpmt:xthrow.obj
 0003:00003eb5       _ignore                    1004beb5     libcpmt:xthrow.obj
 0003:00003eb6       _allocator_arg             1004beb6     libcpmt:xthrow.obj
 0003:00003eb7       _piecewise_construct       1004beb7     libcpmt:xthrow.obj
 0003:00003ec8       _allocator_arg             1004bec8     libcpmt:syserror.obj
 0003:00003ec9       _piecewise_construct       1004bec9     libcpmt:syserror.obj
 0003:00003ecc       ___enable_percent_n        1004becc     LIBCMT:printf.obj
 0003:00003ed4       ___proc_attached           1004bed4     LIBCMT:dllcrt0.obj
 0003:00003f20       ?outmsg@?8??_NMSG_WRITE@@9@9 1004bf20     LIBCMT:crt0msg.obj
 0003:0000466c       __pmatherr_set             1004c66c     LIBCMT:libm_error.obj
 0003:00004670       ___type_info_root_node     1004c670     LIBCMT:typname.obj
 0003:00004680       ?_pgmname@?1??_setargv@@9@9 1004c680     LIBCMT:stdargv.obj
 0003:00004788       _lclcritsects              1004c788     LIBCMT:mlock.obj
 0003:000048d8       _g_pfnRtlGenRandom         1004c8d8     LIBCMT:rand_s.obj
 0003:000048dc       _ctrlc_action              1004c8dc     LIBCMT:winsig.obj
 0003:000048e0       _ctrlbreak_action          1004c8e0     LIBCMT:winsig.obj
 0003:000048e4       _abort_action              1004c8e4     LIBCMT:winsig.obj
 0003:000048e8       _term_action               1004c8e8     LIBCMT:winsig.obj
 0003:000048ec       _ConsoleCtrlHandler_Installed 1004c8ec     LIBCMT:winsig.obj
 0003:00004908       _fSystemSet                1004c908     LIBCMT:mbctype.obj
 0003:00004910       _GS_ExceptionRecord        1004c910     LIBCMT:gs_report.obj
 0003:00004960       _GS_ContextRecord          1004c960     LIBCMT:gs_report.obj
 0003:00004c2c       _DebuggerWasPresent        1004cc2c     LIBCMT:gs_report.obj
 0003:00004c34       ?pfnMessageBox@?1??__crtMessageBoxW@@9@9 1004cc34     LIBCMT:crtmboxw.obj
 0003:00004c38       ?pfnGetActiveWindow@?1??__crtMessageBoxW@@9@9 1004cc38     LIBCMT:crtmboxw.obj
 0003:00004c3c       ?pfnGetLastActivePopup@?1??__crtMessageBoxW@@9@9 1004cc3c     LIBCMT:crtmboxw.obj
 0003:00004c40       ?pfnGetProcessWindowStation@?1??__crtMessageBoxW@@9@9 1004cc40     LIBCMT:crtmboxw.obj
 0003:00004c44       ?pfnGetUserObjectInformation@?1??__crtMessageBoxW@@9@9 1004cc44     LIBCMT:crtmboxw.obj
 0003:00004c48       ___crtCallProc             1004cc48     LIBCMT:winapinls.obj
 0003:00004c78       _heap                      1004cc78     LIBCMT:undname.obj
