 stig

 Timestamp is 51a14f29 (Sun May 26 01:54:17 2013)

 Preferred load address is 10000000

 Start         Length     Name                   Class
 0001:00000000 00035300H .text                   CODE
 0001:00035300 000007a6H .text$x                 CODE
 0001:00035ab0 0000007cH .text$yc                CODE
 0001:00035b30 0000005dH .text$yd                CODE
 0002:00000000 000001a0H .idata$5                DATA
 0002:000001a0 00000004H .CRT$XCA                DATA
 0002:000001a4 0000000cH .CRT$XCC                DATA
 0002:000001b0 00000008H .CRT$XCL                DATA
 0002:000001b8 0000000cH .CRT$XCU                DATA
 0002:000001c4 00000004H .CRT$XCZ                DATA
 0002:000001c8 00000004H .CRT$XIA                DATA
 0002:000001cc 00000014H .CRT$XIC                DATA
 0002:000001e0 00000004H .CRT$XIZ                DATA
 0002:000001e4 00000004H .CRT$XPA                DATA
 0002:000001e8 00000008H .CRT$XPX                DATA
 0002:000001f0 00000004H .CRT$XPXA               DATA
 0002:000001f4 00000004H .CRT$XPZ                DATA
 0002:000001f8 00000004H .CRT$XTA                DATA
 0002:000001fc 00000004H .CRT$XTZ                DATA
 0002:00000200 0001bd98H .rdata                  DATA
 0002:0001bf98 00000a40H .rdata$r                DATA
 0002:0001c9e0 000000ecH .rdata$sxdata           DATA
 0002:0001cacc 00000004H .rtc$IAA                DATA
 0002:0001cad0 00000004H .rtc$IZZ                DATA
 0002:0001cad4 00000004H .rtc$TAA                DATA
 0002:0001cad8 00000004H .rtc$TZZ                DATA
 0002:0001cae0 000017ccH .xdata$x                DATA
 0002:0001e2ac 00000050H .idata$2                DATA
 0002:0001e2fc 00000014H .idata$3                DATA
 0002:0001e310 000001a0H .idata$4                DATA
 0002:0001e4b0 0000078eH .idata$6                DATA
 0002:0001ec40 00000040H .edata                  DATA
 0003:00000000 00002090H .data                   DATA
 0003:000020a0 000045c0H .bss                    DATA

  Address         Publics by Value              Rva+Base       Lib:Object

 0000:00000000       __except_list              00000000     <absolute>
 0000:0000003b       ___safe_se_handler_count   0000003b     <absolute>
 0000:00000000       ___ImageBase               10000000     <linker-defined>
 0001:00000000       ??0MyCar@@QAE@PAVTrackDesc@@PAUCarElt@@PAUSituation@@@Z 10001000 f   mycar.obj
 0001:000007a0       ??1MyCar@@QAE@XZ           100017a0 f   mycar.obj
 0001:000007c0       ?info@MyCar@@QAEXXZ        100017c0 f   mycar.obj
 0001:000008f0       ?update@MyCar@@QAEXPAVTrackDesc@@PAUCarElt@@PAUSituation@@@Z 100018f0 f   mycar.obj
 0001:00000be0       ?loadBehaviour@MyCar@@QAEXH@Z 10001be0 f   mycar.obj
 0001:00000c70       ?querySlipSpeed@MyCar@@QAENPAUCarElt@@@Z 10001c70 f   mycar.obj
 0001:00000d30       ?queryAcceleration@MyCar@@QAENPAUCarElt@@N@Z 10001d30 f   mycar.obj
 0001:00000de0       ?updateCa@MyCar@@AAEXXZ    10001de0 f   mycar.obj
 0001:00000f70       ?updateDError@MyCar@@AAEXXZ 10001f70 f   mycar.obj
 0001:000010e0       ?initCarGeometry@MyCar@@AAEXXZ 100020e0 f   mycar.obj
 0001:00001110       ?init@OtherCar@@QAEXPAVTrackDesc@@PAUCarElt@@PAUSituation@@@Z 10002110 f   mycar.obj
 0001:00001230       ?update@OtherCar@@QAEXXZ   10002230 f   mycar.obj
 0001:00001370       ?getCurrentSegment@TrackDesc@@QAEHPAUCarElt@@HH@Z 10002370 f i mycar.obj
 0001:00001440       ??0NeuralNetwork@@QAE@XZ   10002440 f   NeuralNetwork.obj
 0001:00001460       ??0NeuralNetwork@@QAE@HHHH@Z 10002460 f   NeuralNetwork.obj
 0001:00001570       ??0NeuralNetwork@@QAE@V?$basic_string@DU?$char_traits@D@std@@V?$allocator@D@2@@std@@@Z 10002570 f   NeuralNetwork.obj
 0001:00001600       ??1NeuralNetwork@@QAE@XZ   10002600 f   NeuralNetwork.obj
 0001:00001680       ?use@NeuralNetwork@@QAEXAAV?$vector@MV?$allocator@M@std@@@std@@0@Z 10002680 f   NeuralNetwork.obj
 0001:00001710       ?train@NeuralNetwork@@QAEXAAV?$vector@MV?$allocator@M@std@@@std@@0@Z 10002710 f   NeuralNetwork.obj
 0001:00001830       ?reset@NeuralNetwork@@QAEXXZ 10002830 f   NeuralNetwork.obj
 0001:00001880       ?getNetworkWeights@NeuralNetwork@@QBE?AV?$vector@V?$vector@V?$vector@MV?$allocator@M@std@@@std@@V?$allocator@V?$vector@MV?$allocator@M@std@@@std@@@2@@std@@V?$allocator@V?$vector@V?$vector@MV?$allocator@M@std@@@std@@V?$allocator@V?$vector@MV?$allocator@M@std@@@std@@@2@@std@@@2@@std@@XZ 10002880 f   NeuralNetwork.obj
 0001:000019b0       ?exportNetwork@NeuralNetwork@@QAEXV?$basic_string@DU?$char_traits@D@std@@V?$allocator@D@2@@std@@@Z 100029b0 f   NeuralNetwork.obj
 0001:00001d10       ?importNetwork@NeuralNetwork@@QAEXV?$basic_string@DU?$char_traits@D@std@@V?$allocator@D@2@@std@@@Z 10002d10 f   NeuralNetwork.obj
 0001:000021f0       ??$?6U?$char_traits@D@std@@@std@@YAAAV?$basic_ostream@DU?$char_traits@D@std@@@0@AAV10@PBD@Z 100031f0 f i NeuralNetwork.obj
 0001:00002510       ??$_Destroy_range@U?$_Wrap_alloc@V?$allocator@UNeuron@@@std@@@std@@@std@@YAXPAUNeuron@@0AAU?$_Wrap_alloc@V?$allocator@UNeuron@@@std@@@0@U_Nonscalar_ptr_iterator_tag@0@@Z 10003510 f i NeuralNetwork.obj
 0001:00002580       ??$_Destroy_range@U?$_Wrap_alloc@V?$allocator@V?$vector@MV?$allocator@M@std@@@std@@@std@@@std@@@std@@YAXPAV?$vector@MV?$allocator@M@std@@@0@0AAU?$_Wrap_alloc@V?$allocator@V?$vector@MV?$allocator@M@std@@@std@@@std@@@0@U_Nonscalar_ptr_iterator_tag@0@@Z 10003580 f i NeuralNetwork.obj
 0001:000025c0       ??$_Destroy_range@U?$_Wrap_alloc@V?$allocator@V?$vector@V?$vector@MV?$allocator@M@std@@@std@@V?$allocator@V?$vector@MV?$allocator@M@std@@@std@@@2@@std@@@std@@@std@@@std@@YAXPAV?$vector@V?$vector@MV?$allocator@M@std@@@std@@V?$allocator@V?$vector@MV?$allocator@M@std@@@std@@@2@@0@0AAU?$_Wrap_alloc@V?$allocator@V?$vector@V?$vector@MV?$allocator@M@std@@@std@@V?$allocator@V?$vector@MV?$allocator@M@std@@@std@@@2@@std@@@std@@@0@U_Nonscalar_ptr_iterator_tag@0@@Z 100035c0 f i NeuralNetwork.obj
 0001:00002640       ??$_Fputc@D@std@@YA_NDPAU_iobuf@@@Z 10003640 f i NeuralNetwork.obj
 0001:00002660       ??$_Uninit_copy@V?$_Vector_const_iterator@V?$_Vector_val@U?$_Simple_types@M@std@@@std@@@std@@PAMV?$allocator@M@2@@std@@YAPAMV?$_Vector_const_iterator@V?$_Vector_val@U?$_Simple_types@M@std@@@std@@@0@0PAMAAU?$_Wrap_alloc@V?$allocator@M@std@@@0@U_Nonscalar_ptr_iterator_tag@0@@Z 10003660 f i NeuralNetwork.obj
 0001:00002690       ??$_Uninit_copy@V?$_Vector_const_iterator@V?$_Vector_val@U?$_Simple_types@UNeuron@@@std@@@std@@@std@@PAUNeuron@@V?$allocator@UNeuron@@@2@@std@@YAPAUNeuron@@V?$_Vector_const_iterator@V?$_Vector_val@U?$_Simple_types@UNeuron@@@std@@@std@@@0@0PAU1@AAU?$_Wrap_alloc@V?$allocator@UNeuron@@@std@@@0@U_Nonscalar_ptr_iterator_tag@0@@Z 10003690 f i NeuralNetwork.obj
 0001:00002750       ??$_Uninit_copy@V?$_Vector_const_iterator@V?$_Vector_val@U?$_Simple_types@V?$vector@MV?$allocator@M@std@@@std@@@std@@@std@@@std@@PAV?$vector@MV?$allocator@M@std@@@2@V?$allocator@V?$vector@MV?$allocator@M@std@@@std@@@2@@std@@YAPAV?$vector@MV?$allocator@M@std@@@0@V?$_Vector_const_iterator@V?$_Vector_val@U?$_Simple_types@V?$vector@MV?$allocator@M@std@@@std@@@std@@@std@@@0@0PAV10@AAU?$_Wrap_alloc@V?$allocator@V?$vector@MV?$allocator@M@std@@@std@@@std@@@0@U_Nonscalar_ptr_iterator_tag@0@@Z 10003750 f i NeuralNetwork.obj
 0001:000027f0       ??$_Uninit_move@PAV?$vector@V?$vector@MV?$allocator@M@std@@@std@@V?$allocator@V?$vector@MV?$allocator@M@std@@@std@@@2@@std@@PAV12@V?$allocator@V?$vector@V?$vector@MV?$allocator@M@std@@@std@@V?$allocator@V?$vector@MV?$allocator@M@std@@@std@@@2@@std@@@2@V12@@std@@YAPAV?$vector@V?$vector@MV?$allocator@M@std@@@std@@V?$allocator@V?$vector@MV?$allocator@M@std@@@std@@@2@@0@PAV10@00AAU?$_Wrap_alloc@V?$allocator@V?$vector@V?$vector@MV?$allocator@M@std@@@std@@V?$allocator@V?$vector@MV?$allocator@M@std@@@std@@@2@@std@@@std@@@0@0U_Nonscalar_ptr_iterator_tag@0@@Z 100037f0 f i NeuralNetwork.obj
 0001:000027f0       ??$_Uninit_move@PAV?$vector@MV?$allocator@M@std@@@std@@PAV12@V?$allocator@V?$vector@MV?$allocator@M@std@@@std@@@2@V12@@std@@YAPAV?$vector@MV?$allocator@M@std@@@0@PAV10@00AAU?$_Wrap_alloc@V?$allocator@V?$vector@MV?$allocator@M@std@@@std@@@std@@@0@0U_Nonscalar_ptr_iterator_tag@0@@Z 100037f0 f i NeuralNetwork.obj
 0001:00002850       ??$_Uninit_move@PAVNeuronLayer@@PAV1@V?$allocator@VNeuronLayer@@@std@@V1@@std@@YAPAVNeuronLayer@@PAV1@00AAU?$_Wrap_alloc@V?$allocator@VNeuronLayer@@@std@@@0@0U_Nonscalar_ptr_iterator_tag@0@@Z 10003850 f i NeuralNetwork.obj
 0001:000028e0       ??$destroy@UNeuron@@@?$_Wrap_alloc@V?$allocator@UNeuron@@@std@@@std@@QAEXPAUNeuron@@@Z 100038e0 f i NeuralNetwork.obj
 0001:00002940       ??$destroy@V?$vector@MV?$allocator@M@std@@@std@@@?$_Wrap_alloc@V?$allocator@V?$vector@MV?$allocator@M@std@@@std@@@std@@@std@@QAEXPAV?$vector@MV?$allocator@M@std@@@1@@Z 10003940 f i NeuralNetwork.obj
 0001:00002970       ??$use_facet@V?$codecvt@DDH@std@@@std@@YAABV?$codecvt@DDH@0@ABVlocale@0@@Z 10003970 f i NeuralNetwork.obj
 0001:00002a80       ??$use_facet@V?$ctype@D@std@@@std@@YAABV?$ctype@D@0@ABVlocale@0@@Z 10003a80 f i NeuralNetwork.obj
 0001:00002b90       ??$use_facet@V?$num_put@DV?$ostreambuf_iterator@DU?$char_traits@D@std@@@std@@@std@@@std@@YAABV?$num_put@DV?$ostreambuf_iterator@DU?$char_traits@D@std@@@std@@@0@ABVlocale@0@@Z 10003b90 f i NeuralNetwork.obj
 0001:00002ca0       ??$use_facet@V?$numpunct@D@std@@@std@@YAABV?$numpunct@D@0@ABVlocale@0@@Z 10003ca0 f i NeuralNetwork.obj
 0001:00002db0       ??0?$basic_ifstream@DU?$char_traits@D@std@@@std@@QAE@XZ 10003db0 f i NeuralNetwork.obj
 0001:00002ef0       ??0?$basic_ofstream@DU?$char_traits@D@std@@@std@@QAE@XZ 10003ef0 f i NeuralNetwork.obj
 0001:00003020       ??0?$basic_streambuf@DU?$char_traits@D@std@@@std@@IAE@XZ 10004020 f i NeuralNetwork.obj
 0001:000030b0       ??0?$vector@MV?$allocator@M@std@@@std@@QAE@ABV01@@Z 100040b0 f i NeuralNetwork.obj
 0001:00003150       ??0?$vector@UNeuron@@V?$allocator@UNeuron@@@std@@@std@@QAE@ABV01@@Z 10004150 f i NeuralNetwork.obj
 0001:000031f0       ??0?$vector@V?$vector@MV?$allocator@M@std@@@std@@V?$allocator@V?$vector@MV?$allocator@M@std@@@std@@@2@@std@@QAE@ABV01@@Z 100041f0 f i NeuralNetwork.obj
 0001:000032a0       ??0_Locinfo@std@@QAE@PBD@Z 100042a0 f i NeuralNetwork.obj
 0001:00003360       ??0failure@ios_base@std@@QAE@ABV012@@Z 10004360 f i NeuralNetwork.obj
 0001:00003390       ??0failure@ios_base@std@@QAE@PBDABVerror_code@2@@Z 10004390 f i NeuralNetwork.obj
 0001:00003450       ??0runtime_error@std@@QAE@ABV01@@Z 10004450 f i NeuralNetwork.obj
 0001:00003470       ??0sentry@?$basic_ostream@DU?$char_traits@D@std@@@std@@QAE@AAV12@@Z 10004470 f i NeuralNetwork.obj
 0001:000034f0       ??0system_error@std@@QAE@ABV01@@Z 100044f0 f i NeuralNetwork.obj
 0001:00003520       ??1?$_Yarn@_W@std@@QAE@XZ  10004520 f i NeuralNetwork.obj
 0001:00003520       ??1?$_Yarn@D@std@@QAE@XZ   10004520 f i NeuralNetwork.obj
 0001:00003540       ??1?$basic_filebuf@DU?$char_traits@D@std@@@std@@UAE@XZ 10004540 f i NeuralNetwork.obj
 0001:000035b0       ??1?$basic_ios@DU?$char_traits@D@std@@@std@@UAE@XZ 100045b0 f i NeuralNetwork.obj
 0001:000035c0       ??1?$basic_istream@DU?$char_traits@D@std@@@std@@UAE@XZ 100045c0 f i NeuralNetwork.obj
 0001:000035e0       ??1?$basic_ostream@DU?$char_traits@D@std@@@std@@UAE@XZ 100045e0 f i NeuralNetwork.obj
 0001:00003600       ??1?$basic_string@DU?$char_traits@D@std@@V?$allocator@D@2@@std@@QAE@XZ 10004600 f i NeuralNetwork.obj
 0001:00003630       ??1?$vector@V?$vector@V?$vector@MV?$allocator@M@std@@@std@@V?$allocator@V?$vector@MV?$allocator@M@std@@@std@@@2@@std@@V?$allocator@V?$vector@V?$vector@MV?$allocator@M@std@@@std@@V?$allocator@V?$vector@MV?$allocator@M@std@@@std@@@2@@std@@@2@@std@@QAE@XZ 10004630 f i NeuralNetwork.obj
 0001:00003680       ??1?$vector@VNeuronLayer@@V?$allocator@VNeuronLayer@@@std@@@std@@QAE@XZ 10004680 f i NeuralNetwork.obj
 0001:000036d0       ??1Neuron@@QAE@XZ          100046d0 f i NeuralNetwork.obj
 0001:00003720       ??1_Locinfo@std@@QAE@XZ    10004720 f i NeuralNetwork.obj
 0001:000037c0       ??1facet@locale@std@@MAE@XZ 100047c0 f i NeuralNetwork.obj
 0001:000037d0       ??1locale@std@@QAE@XZ      100047d0 f i NeuralNetwork.obj
 0001:000037f0       ??1failure@ios_base@std@@UAE@XZ 100047f0 f i NeuralNetwork.obj
 0001:000037f0       ??1runtime_error@std@@UAE@XZ 100047f0 f i NeuralNetwork.obj
 0001:00003800       ??1sentry@?$basic_istream@DU?$char_traits@D@std@@@std@@QAE@XZ 10004800 f i NeuralNetwork.obj
 0001:00003800       ??1_Sentry_base@?$basic_istream@DU?$char_traits@D@std@@@std@@QAE@XZ 10004800 f i NeuralNetwork.obj
 0001:00003800       ??1_Sentry_base@?$basic_ostream@DU?$char_traits@D@std@@@std@@QAE@XZ 10004800 f i NeuralNetwork.obj
 0001:00003820       ??1sentry@?$basic_ostream@DU?$char_traits@D@std@@@std@@QAE@XZ 10004820 f i NeuralNetwork.obj
 0001:00003850       ??6?$basic_ostream@DU?$char_traits@D@std@@@std@@QAEAAV01@M@Z 10004850 f i NeuralNetwork.obj
 0001:00003a80       ??_D?$basic_ifstream@DU?$char_traits@D@std@@@std@@QAEXXZ 10004a80 f i NeuralNetwork.obj
 0001:00003ae0       ??_D?$basic_ofstream@DU?$char_traits@D@std@@@std@@QAEXXZ 10004ae0 f i NeuralNetwork.obj
 0001:00003b32       ??_E?$basic_ifstream@DU?$char_traits@D@std@@@std@@$4PPPPPPPM@A@AEPAXI@Z 10004b32 f i NeuralNetwork.obj
 0001:00003b3a       ??_E?$basic_istream@DU?$char_traits@D@std@@@std@@$4PPPPPPPM@A@AEPAXI@Z 10004b3a f i NeuralNetwork.obj
 0001:00003b42       ??_E?$basic_ofstream@DU?$char_traits@D@std@@@std@@$4PPPPPPPM@A@AEPAXI@Z 10004b42 f i NeuralNetwork.obj
 0001:00003b4a       ??_E?$basic_ostream@DU?$char_traits@D@std@@@std@@$4PPPPPPPM@A@AEPAXI@Z 10004b4a f i NeuralNetwork.obj
 0001:00003b60       ??_G?$basic_filebuf@DU?$char_traits@D@std@@@std@@UAEPAXI@Z 10004b60 f i NeuralNetwork.obj
 0001:00003b60       ??_E?$basic_filebuf@DU?$char_traits@D@std@@@std@@UAEPAXI@Z 10004b60 f i NeuralNetwork.obj
 0001:00003b90       ??_G?$basic_ifstream@DU?$char_traits@D@std@@@std@@UAEPAXI@Z 10004b90 f i NeuralNetwork.obj
 0001:00003b90       ??_E?$basic_ifstream@DU?$char_traits@D@std@@@std@@UAEPAXI@Z 10004b90 f i NeuralNetwork.obj
 0001:00003c00       ??_E?$basic_istream@DU?$char_traits@D@std@@@std@@UAEPAXI@Z 10004c00 f i NeuralNetwork.obj
 0001:00003c00       ??_G?$basic_istream@DU?$char_traits@D@std@@@std@@UAEPAXI@Z 10004c00 f i NeuralNetwork.obj
 0001:00003c50       ??_G?$basic_ofstream@DU?$char_traits@D@std@@@std@@UAEPAXI@Z 10004c50 f i NeuralNetwork.obj
 0001:00003c50       ??_E?$basic_ofstream@DU?$char_traits@D@std@@@std@@UAEPAXI@Z 10004c50 f i NeuralNetwork.obj
 0001:00003cc0       ??_E?$basic_ostream@DU?$char_traits@D@std@@@std@@UAEPAXI@Z 10004cc0 f i NeuralNetwork.obj
 0001:00003cc0       ??_G?$basic_ostream@DU?$char_traits@D@std@@@std@@UAEPAXI@Z 10004cc0 f i NeuralNetwork.obj
 0001:00003d10       ??_G?$basic_streambuf@DU?$char_traits@D@std@@@std@@UAEPAXI@Z 10004d10 f i NeuralNetwork.obj
 0001:00003d10       ??_E?$basic_streambuf@DU?$char_traits@D@std@@@std@@UAEPAXI@Z 10004d10 f i NeuralNetwork.obj
 0001:00003d60       ??_G?$ctype@D@std@@MAEPAXI@Z 10004d60 f i NeuralNetwork.obj
 0001:00003d60       ??_E?$ctype@D@std@@MAEPAXI@Z 10004d60 f i NeuralNetwork.obj
 0001:00003dc0       ??_G?$num_put@DV?$ostreambuf_iterator@DU?$char_traits@D@std@@@std@@@std@@MAEPAXI@Z 10004dc0 f i NeuralNetwork.obj
 0001:00003dc0       ??_E_Facet_base@std@@UAEPAXI@Z 10004dc0 f i NeuralNetwork.obj
 0001:00003dc0       ??_G_Facet_base@std@@UAEPAXI@Z 10004dc0 f i NeuralNetwork.obj
 0001:00003dc0       ??_E?$codecvt@DDH@std@@MAEPAXI@Z 10004dc0 f i NeuralNetwork.obj
 0001:00003dc0       ??_E?$num_put@DV?$ostreambuf_iterator@DU?$char_traits@D@std@@@std@@@std@@MAEPAXI@Z 10004dc0 f i NeuralNetwork.obj
 0001:00003dc0       ??_G?$codecvt@DDH@std@@MAEPAXI@Z 10004dc0 f i NeuralNetwork.obj
 0001:00003df0       ??_E?$numpunct@D@std@@MAEPAXI@Z 10004df0 f i NeuralNetwork.obj
 0001:00003df0       ??_G?$numpunct@D@std@@MAEPAXI@Z 10004df0 f i NeuralNetwork.obj
 0001:00003e40       ??_E_System_error_category@std@@UAEPAXI@Z 10004e40 f i NeuralNetwork.obj
 0001:00003e40       ??_G_System_error_category@std@@UAEPAXI@Z 10004e40 f i NeuralNetwork.obj
 0001:00003e40       ??_E_Generic_error_category@std@@UAEPAXI@Z 10004e40 f i NeuralNetwork.obj
 0001:00003e40       ??_Gerror_category@std@@UAEPAXI@Z 10004e40 f i NeuralNetwork.obj
 0001:00003e40       ??_Eerror_category@std@@UAEPAXI@Z 10004e40 f i NeuralNetwork.obj
 0001:00003e40       ??_G_Generic_error_category@std@@UAEPAXI@Z 10004e40 f i NeuralNetwork.obj
 0001:00003e40       ??_E_Iostream_error_category@std@@UAEPAXI@Z 10004e40 f i NeuralNetwork.obj
 0001:00003e40       ??_G_Iostream_error_category@std@@UAEPAXI@Z 10004e40 f i NeuralNetwork.obj
 0001:00003e70       ??_Gsystem_error@std@@UAEPAXI@Z 10004e70 f i NeuralNetwork.obj
 0001:00003e70       ??_Esystem_error@std@@UAEPAXI@Z 10004e70 f i NeuralNetwork.obj
 0001:00003e70       ??_Eruntime_error@std@@UAEPAXI@Z 10004e70 f i NeuralNetwork.obj
 0001:00003e70       ??_Gfailure@ios_base@std@@UAEPAXI@Z 10004e70 f i NeuralNetwork.obj
 0001:00003e70       ??_Efailure@ios_base@std@@UAEPAXI@Z 10004e70 f i NeuralNetwork.obj
 0001:00003e70       ??_Gruntime_error@std@@UAEPAXI@Z 10004e70 f i NeuralNetwork.obj
 0001:00003ea0       ??_Gios_base@std@@UAEPAXI@Z 10004ea0 f i NeuralNetwork.obj
 0001:00003ea0       ??_E?$basic_ios@DU?$char_traits@D@std@@@std@@UAEPAXI@Z 10004ea0 f i NeuralNetwork.obj
 0001:00003ea0       ??_G?$basic_ios@DU?$char_traits@D@std@@@std@@UAEPAXI@Z 10004ea0 f i NeuralNetwork.obj
 0001:00003ea0       ??_Eios_base@std@@UAEPAXI@Z 10004ea0 f i NeuralNetwork.obj
 0001:00003ecb       ?_Add_vtordisp2@?$basic_ostream@DU?$char_traits@D@std@@@std@@$4PPPPPPPM@A@AEXXZ 10004ecb f i NeuralNetwork.obj
 0001:00003ecb       ?_Add_vtordisp1@?$basic_istream@DU?$char_traits@D@std@@@std@@$4PPPPPPPM@A@AEXXZ 10004ecb f i NeuralNetwork.obj
 0001:00003ed3       ?_Add_vtordisp2@?$basic_ostream@DU?$char_traits@D@std@@@std@@$4PPPPPPPM@FI@AEXXZ 10004ed3 f i NeuralNetwork.obj
 0001:00003ed3       ?_Add_vtordisp1@?$basic_istream@DU?$char_traits@D@std@@@std@@$4PPPPPPPM@FI@AEXXZ 10004ed3 f i NeuralNetwork.obj
 0001:00003ee0       ?_Unlock@?$basic_streambuf@DU?$char_traits@D@std@@@std@@UAEXXZ 10004ee0 f i NeuralNetwork.obj
 0001:00003ee0       ??3@YAXPAX0@Z              10004ee0 f i NeuralNetwork.obj
 0001:00003ee0       ?_Add_vtordisp1@?$basic_ios@DU?$char_traits@D@std@@@std@@UAEXXZ 10004ee0 f i NeuralNetwork.obj
 0001:00003ee0       ?_Add_vtordisp1@?$basic_istream@DU?$char_traits@D@std@@@std@@UAEXXZ 10004ee0 f i NeuralNetwork.obj
 0001:00003ee0       ?_Add_vtordisp2@?$basic_ios@DU?$char_traits@D@std@@@std@@UAEXXZ 10004ee0 f i NeuralNetwork.obj
 0001:00003ee0       ?_Add_vtordisp2@?$basic_ostream@DU?$char_traits@D@std@@@std@@UAEXXZ 10004ee0 f i NeuralNetwork.obj
 0001:00003ee0       ?_Lock@?$basic_streambuf@DU?$char_traits@D@std@@@std@@UAEXXZ 10004ee0 f i NeuralNetwork.obj
 0001:00003ef0       ?_Buy@?$vector@MV?$allocator@M@std@@@std@@IAE_NI@Z 10004ef0 f i NeuralNetwork.obj
 0001:00003f60       ?_Buy@?$vector@UNeuron@@V?$allocator@UNeuron@@@std@@@std@@IAE_NI@Z 10004f60 f i NeuralNetwork.obj
 0001:00003fd0       ?_Buy@?$vector@V?$vector@MV?$allocator@M@std@@@std@@V?$allocator@V?$vector@MV?$allocator@M@std@@@std@@@2@@std@@IAE_NI@Z 10004fd0 f i NeuralNetwork.obj
 0001:00004040       ?_Chassign@?$basic_string@DU?$char_traits@D@std@@V?$allocator@D@2@@std@@QAEXIID@Z 10005040 f i NeuralNetwork.obj
 0001:00004090       ?_Copy@?$basic_string@DU?$char_traits@D@std@@V?$allocator@D@2@@std@@QAEXII@Z 10005090 f i NeuralNetwork.obj
 0001:000041e0       ?_Decref@facet@locale@std@@UAEPAV_Facet_base@3@XZ 100051e0 f i NeuralNetwork.obj
 0001:00004200       ?_Endwrite@?$basic_filebuf@DU?$char_traits@D@std@@@std@@IAE_NXZ 10005200 f i NeuralNetwork.obj
 0001:00004350       ?_Ffmt@?$num_put@DV?$ostreambuf_iterator@DU?$char_traits@D@std@@@std@@@std@@ABAPADPADDH@Z 10005350 f i NeuralNetwork.obj
 0001:00004410       ?_Fput@?$num_put@DV?$ostreambuf_iterator@DU?$char_traits@D@std@@@std@@@std@@ABA?AV?$ostreambuf_iterator@DU?$char_traits@D@std@@@2@V32@AAVios_base@2@DPBDIIII@Z 10005410 f i NeuralNetwork.obj
 0001:000047e0       ?_Getcat@?$codecvt@DDH@std@@SAIPAPBVfacet@locale@2@PBV42@@Z 100057e0 f i NeuralNetwork.obj
 0001:00004890       ?_Getcat@?$ctype@D@std@@SAIPAPBVfacet@locale@2@PBV42@@Z 10005890 f i NeuralNetwork.obj
 0001:00004960       ?_Getcat@?$num_put@DV?$ostreambuf_iterator@DU?$char_traits@D@std@@@std@@@std@@SAIPAPBVfacet@locale@2@PBV42@@Z 10005960 f i NeuralNetwork.obj
 0001:00004a10       ?_Getcat@?$numpunct@D@std@@SAIPAPBVfacet@locale@2@PBV42@@Z 10005a10 f i NeuralNetwork.obj
 0001:00004ad0       ?_Gnavail@?$basic_streambuf@DU?$char_traits@D@std@@@std@@IBE_JXZ 10005ad0 f i NeuralNetwork.obj
 0001:00004af0       ?_Ifmt@?$num_put@DV?$ostreambuf_iterator@DU?$char_traits@D@std@@@std@@@std@@ABAPADPADPBDH@Z 10005af0 f i NeuralNetwork.obj
 0001:00004b80       ?_Incref@facet@locale@std@@UAEXXZ 10005b80 f i NeuralNetwork.obj
 0001:00004b90       ?_Init@?$basic_filebuf@DU?$char_traits@D@std@@@std@@IAEXPAU_iobuf@@W4_Initfl@12@@Z 10005b90 f i NeuralNetwork.obj
 0001:00004c30       ?_Init@?$basic_streambuf@DU?$char_traits@D@std@@@std@@IAEXXZ 10005c30 f i NeuralNetwork.obj
 0001:00004c90       ?_Init@?$numpunct@D@std@@IAEXABV_Locinfo@2@_N@Z 10005c90 f i NeuralNetwork.obj
 0001:00004df0       ?_Init@ios_base@std@@IAEXXZ 10005df0 f i NeuralNetwork.obj
 0001:00004e70       ?_Ipfx@?$basic_istream@DU?$char_traits@D@std@@@std@@QAE_N_N@Z 10005e70 f i NeuralNetwork.obj
 0001:00005100       ?_Iput@?$num_put@DV?$ostreambuf_iterator@DU?$char_traits@D@std@@@std@@@std@@ABA?AV?$ostreambuf_iterator@DU?$char_traits@D@std@@@2@V32@AAVios_base@2@DPADI@Z 10006100 f i NeuralNetwork.obj
 0001:00005420       ?_Lock@?$basic_filebuf@DU?$char_traits@D@std@@@std@@UAEXXZ 10006420 f i NeuralNetwork.obj
 0001:00005430       ?_Osfx@?$basic_ostream@DU?$char_traits@D@std@@@std@@QAEXXZ 10006430 f i NeuralNetwork.obj
 0001:00005530       ?_Pnavail@?$basic_streambuf@DU?$char_traits@D@std@@@std@@IBE_JXZ 10006530 f i NeuralNetwork.obj
 0001:00005550       ?_Put@?$num_put@DV?$ostreambuf_iterator@DU?$char_traits@D@std@@@std@@@std@@ABA?AV?$ostreambuf_iterator@DU?$char_traits@D@std@@@2@V32@PBDI@Z 10006550 f i NeuralNetwork.obj
 0001:000055c0       ?_Reallocate@?$vector@MV?$allocator@M@std@@@std@@IAEXI@Z 100065c0 f i NeuralNetwork.obj
 0001:00005640       ?_Reallocate@?$vector@V?$vector@MV?$allocator@M@std@@@std@@V?$allocator@V?$vector@MV?$allocator@M@std@@@std@@@2@@std@@IAEXI@Z 10006640 f i NeuralNetwork.obj
 0001:00005730       ?_Reallocate@?$vector@V?$vector@V?$vector@MV?$allocator@M@std@@@std@@V?$allocator@V?$vector@MV?$allocator@M@std@@@std@@@2@@std@@V?$allocator@V?$vector@V?$vector@MV?$allocator@M@std@@@std@@V?$allocator@V?$vector@MV?$allocator@M@std@@@std@@@2@@std@@@2@@std@@IAEXI@Z 10006730 f i NeuralNetwork.obj
 0001:00005820       ?_Reallocate@?$vector@VNeuronLayer@@V?$allocator@VNeuronLayer@@@std@@@std@@IAEXI@Z 10006820 f i NeuralNetwork.obj
 0001:00005930       ?_Rep@?$num_put@DV?$ostreambuf_iterator@DU?$char_traits@D@std@@@std@@@std@@ABA?AV?$ostreambuf_iterator@DU?$char_traits@D@std@@@2@V32@DI@Z 10006930 f i NeuralNetwork.obj
 0001:000059a0       ?_Reserve@?$vector@MV?$allocator@M@std@@@std@@IAEXI@Z 100069a0 f i NeuralNetwork.obj
 0001:00005a20       ?_Reserve@?$vector@V?$vector@MV?$allocator@M@std@@@std@@V?$allocator@V?$vector@MV?$allocator@M@std@@@std@@@2@@std@@IAEXI@Z 10006a20 f i NeuralNetwork.obj
 0001:00005ac0       ?_Reserve@?$vector@V?$vector@V?$vector@MV?$allocator@M@std@@@std@@V?$allocator@V?$vector@MV?$allocator@M@std@@@std@@@2@@std@@V?$allocator@V?$vector@V?$vector@MV?$allocator@M@std@@@std@@V?$allocator@V?$vector@MV?$allocator@M@std@@@std@@@2@@std@@@2@@std@@IAEXI@Z 10006ac0 f i NeuralNetwork.obj
 0001:00005b60       ?_Reserve@?$vector@VNeuronLayer@@V?$allocator@VNeuronLayer@@@std@@@std@@IAEXI@Z 10006b60 f i NeuralNetwork.obj
 0001:00005c00       ?_Reset_back@?$basic_filebuf@DU?$char_traits@D@std@@@std@@AAEXXZ 10006c00 f i NeuralNetwork.obj
 0001:00005c30       ?_Set_back@?$basic_filebuf@DU?$char_traits@D@std@@@std@@AAEXXZ 10006c30 f i NeuralNetwork.obj
 0001:00005c70       ?_Tidy@?$numpunct@D@std@@AAEXXZ 10006c70 f i NeuralNetwork.obj
 0001:00005c90       ??1?$vector@MV?$allocator@M@std@@@std@@QAE@XZ 10006c90 f i NeuralNetwork.obj
 0001:00005c90       ?_Tidy@?$vector@MV?$allocator@M@std@@@std@@IAEXXZ 10006c90 f i NeuralNetwork.obj
 0001:00005cc0       ?_Tidy@?$vector@UNeuron@@V?$allocator@UNeuron@@@std@@@std@@IAEXXZ 10006cc0 f i NeuralNetwork.obj
 0001:00005cc0       ??1?$vector@UNeuron@@V?$allocator@UNeuron@@@std@@@std@@QAE@XZ 10006cc0 f i NeuralNetwork.obj
 0001:00005d10       ?_Tidy@?$vector@V?$vector@MV?$allocator@M@std@@@std@@V?$allocator@V?$vector@MV?$allocator@M@std@@@std@@@2@@std@@IAEXXZ 10006d10 f i NeuralNetwork.obj
 0001:00005d10       ??1?$vector@V?$vector@MV?$allocator@M@std@@@std@@V?$allocator@V?$vector@MV?$allocator@M@std@@@std@@@2@@std@@QAE@XZ 10006d10 f i NeuralNetwork.obj
 0001:00005d60       ?_Unlock@?$basic_filebuf@DU?$char_traits@D@std@@@std@@UAEXXZ 10006d60 f i NeuralNetwork.obj
 0001:00005d70       ?allocate@?$_Wrap_alloc@V?$allocator@D@std@@@std@@QAEPADI@Z 10006d70 f i NeuralNetwork.obj
 0001:00005da0       ?append@?$basic_string@DU?$char_traits@D@std@@V?$allocator@D@2@@std@@QAEAAV12@ID@Z 10006da0 f i NeuralNetwork.obj
 0001:00005e50       ?assign@?$basic_string@DU?$char_traits@D@std@@V?$allocator@D@2@@std@@QAEAAV12@$$QAV12@@Z 10006e50 f i NeuralNetwork.obj
 0001:00005ed0       ?assign@?$basic_string@DU?$char_traits@D@std@@V?$allocator@D@2@@std@@QAEAAV12@ABV12@II@Z 10006ed0 f i NeuralNetwork.obj
 0001:00006000       ?assign@?$basic_string@DU?$char_traits@D@std@@V?$allocator@D@2@@std@@QAEAAV12@ID@Z 10007000 f i NeuralNetwork.obj
 0001:000060d0       ?assign@?$basic_string@DU?$char_traits@D@std@@V?$allocator@D@2@@std@@QAEAAV12@PBDI@Z 100070d0 f i NeuralNetwork.obj
 0001:000061d0       ?clear@ios_base@std@@QAEXH@Z 100071d0 f i NeuralNetwork.obj
 0001:00006260       ?close@?$basic_filebuf@DU?$char_traits@D@std@@@std@@QAEPAV12@XZ 10007260 f i NeuralNetwork.obj
 0001:00006310       ?close@?$basic_ifstream@DU?$char_traits@D@std@@@std@@QAEXXZ 10007310 f i NeuralNetwork.obj
 0001:000063c0       ?close@?$basic_ofstream@DU?$char_traits@D@std@@@std@@QAEXXZ 100073c0 f i NeuralNetwork.obj
 0001:00006470       ?default_error_condition@_System_error_category@std@@UBE?AVerror_condition@2@H@Z 10007470 f i NeuralNetwork.obj
 0001:000064b0       ?default_error_condition@error_category@std@@UBE?AVerror_condition@2@H@Z 100074b0 f i NeuralNetwork.obj
 0001:000064d0       ?do_always_noconv@?$codecvt@DDH@std@@MBE_NXZ 100074d0 f i NeuralNetwork.obj
 0001:000064e0       ?do_decimal_point@?$numpunct@D@std@@MBEDXZ 100074e0 f i NeuralNetwork.obj
 0001:000064f0       ?do_falsename@?$numpunct@D@std@@MBE?AV?$basic_string@DU?$char_traits@D@std@@V?$allocator@D@2@@2@XZ 100074f0 f i NeuralNetwork.obj
 0001:00006550       ?do_grouping@?$numpunct@D@std@@MBE?AV?$basic_string@DU?$char_traits@D@std@@V?$allocator@D@2@@2@XZ 10007550 f i NeuralNetwork.obj
 0001:000065b0       ?do_length@?$codecvt@DDH@std@@MBEHAAHPBD1I@Z 100075b0 f i NeuralNetwork.obj
 0001:000065d0       ?do_max_length@codecvt_base@std@@MBEHXZ 100075d0 f i NeuralNetwork.obj
 0001:000065d0       ?do_encoding@codecvt_base@std@@MBEHXZ 100075d0 f i NeuralNetwork.obj
 0001:000065e0       ?do_narrow@?$ctype@D@std@@MBEDDD@Z 100075e0 f i NeuralNetwork.obj
 0001:000065f0       ?do_narrow@?$ctype@D@std@@MBEPBDPBD0DPAD@Z 100075f0 f i NeuralNetwork.obj
 0001:00006610       ?do_out@?$codecvt@DDH@std@@MBEHAAHPBD1AAPBDPAD3AAPAD@Z 10007610 f i NeuralNetwork.obj
 0001:00006610       ?do_in@?$codecvt@DDH@std@@MBEHAAHPBD1AAPBDPAD3AAPAD@Z 10007610 f i NeuralNetwork.obj
 0001:00006630       ?do_put@?$num_put@DV?$ostreambuf_iterator@DU?$char_traits@D@std@@@std@@@std@@MBE?AV?$ostreambuf_iterator@DU?$char_traits@D@std@@@2@V32@AAVios_base@2@DJ@Z 10007630 f i NeuralNetwork.obj
 0001:00006690       ?do_put@?$num_put@DV?$ostreambuf_iterator@DU?$char_traits@D@std@@@std@@@std@@MBE?AV?$ostreambuf_iterator@DU?$char_traits@D@std@@@2@V32@AAVios_base@2@DK@Z 10007690 f i NeuralNetwork.obj
 0001:000066f0       ?do_put@?$num_put@DV?$ostreambuf_iterator@DU?$char_traits@D@std@@@std@@@std@@MBE?AV?$ostreambuf_iterator@DU?$char_traits@D@std@@@2@V32@AAVios_base@2@DN@Z 100076f0 f i NeuralNetwork.obj
 0001:00006870       ?do_put@?$num_put@DV?$ostreambuf_iterator@DU?$char_traits@D@std@@@std@@@std@@MBE?AV?$ostreambuf_iterator@DU?$char_traits@D@std@@@2@V32@AAVios_base@2@DO@Z 10007870 f i NeuralNetwork.obj
 0001:000069e0       ?do_put@?$num_put@DV?$ostreambuf_iterator@DU?$char_traits@D@std@@@std@@@std@@MBE?AV?$ostreambuf_iterator@DU?$char_traits@D@std@@@2@V32@AAVios_base@2@DPBX@Z 100079e0 f i NeuralNetwork.obj
 0001:00006a30       ?do_put@?$num_put@DV?$ostreambuf_iterator@DU?$char_traits@D@std@@@std@@@std@@MBE?AV?$ostreambuf_iterator@DU?$char_traits@D@std@@@2@V32@AAVios_base@2@D_J@Z 10007a30 f i NeuralNetwork.obj
 0001:00006a90       ?do_put@?$num_put@DV?$ostreambuf_iterator@DU?$char_traits@D@std@@@std@@@std@@MBE?AV?$ostreambuf_iterator@DU?$char_traits@D@std@@@2@V32@AAVios_base@2@D_K@Z 10007a90 f i NeuralNetwork.obj
 0001:00006af0       ?do_put@?$num_put@DV?$ostreambuf_iterator@DU?$char_traits@D@std@@@std@@@std@@MBE?AV?$ostreambuf_iterator@DU?$char_traits@D@std@@@2@V32@AAVios_base@2@D_N@Z 10007af0 f i NeuralNetwork.obj
 0001:00006ca0       ?do_thousands_sep@?$numpunct@D@std@@MBEDXZ 10007ca0 f i NeuralNetwork.obj
 0001:00006cb0       ?do_tolower@?$ctype@D@std@@MBEDD@Z 10007cb0 f i NeuralNetwork.obj
 0001:00006cd0       ?do_tolower@?$ctype@D@std@@MBEPBDPADPBD@Z 10007cd0 f i NeuralNetwork.obj
 0001:00006d00       ?do_toupper@?$ctype@D@std@@MBEDD@Z 10007d00 f i NeuralNetwork.obj
 0001:00006d20       ?do_toupper@?$ctype@D@std@@MBEPBDPADPBD@Z 10007d20 f i NeuralNetwork.obj
 0001:00006d50       ?do_truename@?$numpunct@D@std@@MBE?AV?$basic_string@DU?$char_traits@D@std@@V?$allocator@D@2@@2@XZ 10007d50 f i NeuralNetwork.obj
 0001:00006db0       ?do_unshift@?$codecvt@DDH@std@@MBEHAAHPAD1AAPAD@Z 10007db0 f i NeuralNetwork.obj
 0001:00006dd0       ?do_widen@?$ctype@D@std@@MBEDD@Z 10007dd0 f i NeuralNetwork.obj
 0001:00006de0       ?do_widen@?$ctype@D@std@@MBEPBDPBD0PAD@Z 10007de0 f i NeuralNetwork.obj
 0001:00006e00       ?equivalent@error_category@std@@UBE_NABVerror_code@2@H@Z 10007e00 f i NeuralNetwork.obj
 0001:00006e20       ?equivalent@error_category@std@@UBE_NHABVerror_condition@2@@Z 10007e20 f i NeuralNetwork.obj
 0001:00006e60       ?erase@?$basic_string@DU?$char_traits@D@std@@V?$allocator@D@2@@std@@QAEAAV12@II@Z 10007e60 f i NeuralNetwork.obj
 0001:00006f00       ?falsename@?$numpunct@D@std@@QBE?AV?$basic_string@DU?$char_traits@D@std@@V?$allocator@D@2@@2@XZ 10007f00 f i NeuralNetwork.obj
 0001:00006f20       ?flush@?$basic_ostream@DU?$char_traits@D@std@@@std@@QAEAAV12@XZ 10007f20 f i NeuralNetwork.obj
 0001:00007050       ?getline@?$basic_istream@DU?$char_traits@D@std@@@std@@QAEAAV12@PAD_JD@Z 10008050 f i NeuralNetwork.obj
 0001:000072d0       ?getloc@?$basic_streambuf@DU?$char_traits@D@std@@@std@@QBE?AVlocale@2@XZ 100082d0 f i NeuralNetwork.obj
 0001:00007300       ?getloc@ios_base@std@@QBE?AVlocale@2@XZ 10008300 f i NeuralNetwork.obj
 0001:00007330       ?grouping@?$numpunct@D@std@@QBE?AV?$basic_string@DU?$char_traits@D@std@@V?$allocator@D@2@@2@XZ 10008330 f i NeuralNetwork.obj
 0001:00007350       ?imbue@?$basic_filebuf@DU?$char_traits@D@std@@@std@@MAEXABVlocale@2@@Z 10008350 f i NeuralNetwork.obj
 0001:00007390       ?imbue@?$basic_streambuf@DU?$char_traits@D@std@@@std@@MAEXABVlocale@2@@Z 10008390 f i NeuralNetwork.obj
 0001:000073a0       ?init@?$basic_ios@DU?$char_traits@D@std@@@std@@IAEXPAV?$basic_streambuf@DU?$char_traits@D@std@@@2@_N@Z 100083a0 f i NeuralNetwork.obj
 0001:000074b0       ?insert@?$basic_string@DU?$char_traits@D@std@@V?$allocator@D@2@@std@@QAEAAV12@IID@Z 100084b0 f i NeuralNetwork.obj
 0001:000075c0       ?message@_Generic_error_category@std@@UBE?AV?$basic_string@DU?$char_traits@D@std@@V?$allocator@D@2@@2@H@Z 100085c0 f i NeuralNetwork.obj
 0001:00007630       ?message@_Iostream_error_category@std@@UBE?AV?$basic_string@DU?$char_traits@D@std@@V?$allocator@D@2@@2@H@Z 10008630 f i NeuralNetwork.obj
 0001:00007680       ?message@_System_error_category@std@@UBE?AV?$basic_string@DU?$char_traits@D@std@@V?$allocator@D@2@@2@H@Z 10008680 f i NeuralNetwork.obj
 0001:000076f0       ?name@_Generic_error_category@std@@UBEPBDXZ 100086f0 f i NeuralNetwork.obj
 0001:00007700       ?name@_Iostream_error_category@std@@UBEPBDXZ 10008700 f i NeuralNetwork.obj
 0001:00007710       ?name@_System_error_category@std@@UBEPBDXZ 10008710 f i NeuralNetwork.obj
 0001:00007720       ?open@?$basic_filebuf@DU?$char_traits@D@std@@@std@@QAEPAV12@PBDHH@Z 10008720 f i NeuralNetwork.obj
 0001:000077f0       ?open@?$basic_ifstream@DU?$char_traits@D@std@@@std@@QAEXPBDHH@Z 100087f0 f i NeuralNetwork.obj
 0001:00007910       ?open@?$basic_ofstream@DU?$char_traits@D@std@@@std@@QAEXPBDHH@Z 10008910 f i NeuralNetwork.obj
 0001:00007a30       ?overflow@?$basic_filebuf@DU?$char_traits@D@std@@@std@@MAEHH@Z 10008a30 f i NeuralNetwork.obj
 0001:00007c40       ?pbackfail@?$basic_filebuf@DU?$char_traits@D@std@@@std@@MAEHH@Z 10008c40 f i NeuralNetwork.obj
 0001:00007cd0       ?pbackfail@?$basic_streambuf@DU?$char_traits@D@std@@@std@@MAEHH@Z 10008cd0 f i NeuralNetwork.obj
 0001:00007cd0       ?overflow@?$basic_streambuf@DU?$char_traits@D@std@@@std@@MAEHH@Z 10008cd0 f i NeuralNetwork.obj
 0001:00007ce0       ?push_back@?$vector@MV?$allocator@M@std@@@std@@QAEXABM@Z 10008ce0 f i NeuralNetwork.obj
 0001:00007d50       ?push_back@?$vector@V?$vector@MV?$allocator@M@std@@@std@@V?$allocator@V?$vector@MV?$allocator@M@std@@@std@@@2@@std@@QAEXABV?$vector@MV?$allocator@M@std@@@2@@Z 10008d50 f i NeuralNetwork.obj
 0001:00007e00       ?push_back@?$vector@V?$vector@V?$vector@MV?$allocator@M@std@@@std@@V?$allocator@V?$vector@MV?$allocator@M@std@@@std@@@2@@std@@V?$allocator@V?$vector@V?$vector@MV?$allocator@M@std@@@std@@V?$allocator@V?$vector@MV?$allocator@M@std@@@std@@@2@@std@@@2@@std@@QAEX$$QAV?$vector@V?$vector@MV?$allocator@M@std@@@std@@V?$allocator@V?$vector@MV?$allocator@M@std@@@std@@@2@@2@@Z 10008e00 f i NeuralNetwork.obj
 0001:00007ef0       ?push_back@?$vector@V?$vector@V?$vector@MV?$allocator@M@std@@@std@@V?$allocator@V?$vector@MV?$allocator@M@std@@@std@@@2@@std@@V?$allocator@V?$vector@V?$vector@MV?$allocator@M@std@@@std@@V?$allocator@V?$vector@MV?$allocator@M@std@@@std@@@2@@std@@@2@@std@@QAEXABV?$vector@V?$vector@MV?$allocator@M@std@@@std@@V?$allocator@V?$vector@MV?$allocator@M@std@@@std@@@2@@2@@Z 10008ef0 f i NeuralNetwork.obj
 0001:00007fa0       ?push_back@?$vector@VNeuronLayer@@V?$allocator@VNeuronLayer@@@std@@@std@@QAEX$$QAVNeuronLayer@@@Z 10008fa0 f i NeuralNetwork.obj
 0001:00008050       ?put@?$basic_ostream@DU?$char_traits@D@std@@@std@@QAEAAV12@D@Z 10009050 f i NeuralNetwork.obj
 0001:00008250       ?seekoff@?$basic_filebuf@DU?$char_traits@D@std@@@std@@MAE?AV?$fpos@H@2@_JHH@Z 10009250 f i NeuralNetwork.obj
 0001:00008350       ?seekoff@?$basic_streambuf@DU?$char_traits@D@std@@@std@@MAE?AV?$fpos@H@2@_JHH@Z 10009350 f i NeuralNetwork.obj
 0001:00008380       ?seekpos@?$basic_filebuf@DU?$char_traits@D@std@@@std@@MAE?AV?$fpos@H@2@V32@H@Z 10009380 f i NeuralNetwork.obj
 0001:00008460       ?seekpos@?$basic_streambuf@DU?$char_traits@D@std@@@std@@MAE?AV?$fpos@H@2@V32@H@Z 10009460 f i NeuralNetwork.obj
 0001:00008490       ?setbuf@?$basic_filebuf@DU?$char_traits@D@std@@@std@@MAEPAV?$basic_streambuf@DU?$char_traits@D@std@@@2@PAD_J@Z 10009490 f i NeuralNetwork.obj
 0001:000084e0       ?setbuf@?$basic_streambuf@DU?$char_traits@D@std@@@std@@MAEPAV12@PAD_J@Z 100094e0 f i NeuralNetwork.obj
 0001:000084f0       ?showmanyc@?$basic_streambuf@DU?$char_traits@D@std@@@std@@MAE_JXZ 100094f0 f i NeuralNetwork.obj
 0001:00008500       ?snextc@?$basic_streambuf@DU?$char_traits@D@std@@@std@@QAEHXZ 10009500 f i NeuralNetwork.obj
 0001:00008570       ?sync@?$basic_filebuf@DU?$char_traits@D@std@@@std@@MAEHXZ 10009570 f i NeuralNetwork.obj
 0001:000085a0       ?sync@?$basic_streambuf@DU?$char_traits@D@std@@@std@@MAEHXZ 100095a0 f i NeuralNetwork.obj
 0001:000085b0       ?truename@?$numpunct@D@std@@QBE?AV?$basic_string@DU?$char_traits@D@std@@V?$allocator@D@2@@2@XZ 100095b0 f i NeuralNetwork.obj
 0001:000085d0       ?uflow@?$basic_filebuf@DU?$char_traits@D@std@@@std@@MAEHXZ 100095d0 f i NeuralNetwork.obj
 0001:000087c0       ?uflow@?$basic_streambuf@DU?$char_traits@D@std@@@std@@MAEHXZ 100097c0 f i NeuralNetwork.obj
 0001:000087f0       ?underflow@?$basic_filebuf@DU?$char_traits@D@std@@@std@@MAEHXZ 100097f0 f i NeuralNetwork.obj
 0001:00008830       ?underflow@?$basic_streambuf@DU?$char_traits@D@std@@@std@@MAEHXZ 10009830 f i NeuralNetwork.obj
 0001:00008840       ?xsgetn@?$basic_streambuf@DU?$char_traits@D@std@@@std@@MAE_JPAD_J@Z 10009840 f i NeuralNetwork.obj
 0001:00008930       ?xsputn@?$basic_streambuf@DU?$char_traits@D@std@@@std@@MAE_JPBD_J@Z 10009930 f i NeuralNetwork.obj
 0001:00008a20       ??0NeuronLayer@@QAE@XZ     10009a20 f   NeuronLayer.obj
 0001:00008a40       ??0NeuronLayer@@QAE@HH@Z   10009a40 f   NeuronLayer.obj
 0001:00008b00       ??0NeuronLayer@@QAE@V?$vector@V?$vector@MV?$allocator@M@std@@@std@@V?$allocator@V?$vector@MV?$allocator@M@std@@@std@@@2@@std@@@Z 10009b00 f   NeuronLayer.obj
 0001:00008c50       ??1NeuronLayer@@QAE@XZ     10009c50 f   NeuronLayer.obj
 0001:00008ca0       ?propagate@NeuronLayer@@QAEXAAV1@@Z 10009ca0 f   NeuronLayer.obj
 0001:00008d20       ?backPropagate@NeuronLayer@@QAEXAAV1@@Z 10009d20 f   NeuronLayer.obj
 0001:00008d90       ?setOutput@NeuronLayer@@QAEXV?$vector@MV?$allocator@M@std@@@std@@@Z 10009d90 f   NeuronLayer.obj
 0001:00008de0       ?getOutput@NeuronLayer@@QAEXAAV?$vector@MV?$allocator@M@std@@@std@@@Z 10009de0 f   NeuronLayer.obj
 0001:00008e80       ?size@NeuronLayer@@QAEIXZ  10009e80 f   NeuronLayer.obj
 0001:00008e90       ?calculateError@NeuronLayer@@QAEMAAV?$vector@MV?$allocator@M@std@@@std@@@Z 10009e90 f   NeuronLayer.obj
 0001:00008ef0       ?adjustWeights@NeuronLayer@@QAEXAAV1@MM@Z 10009ef0 f   NeuronLayer.obj
 0001:00009040       ?reset@NeuronLayer@@QAEXXZ 1000a040 f   NeuronLayer.obj
 0001:000090d0       ?getWeights@NeuronLayer@@QBE?AV?$vector@V?$vector@MV?$allocator@M@std@@@std@@V?$allocator@V?$vector@MV?$allocator@M@std@@@std@@@2@@std@@XZ 1000a0d0 f   NeuronLayer.obj
 0001:00009170       ??$_Uninit_move@PAUNeuron@@PAU1@V?$allocator@UNeuron@@@std@@U1@@std@@YAPAUNeuron@@PAU1@00AAU?$_Wrap_alloc@V?$allocator@UNeuron@@@std@@@0@0U_Nonscalar_ptr_iterator_tag@0@@Z 1000a170 f i NeuronLayer.obj
 0001:00009220       ??0Neuron@@QAE@H@Z         1000a220 f i NeuronLayer.obj
 0001:000093e0       ??0Neuron@@QAE@V?$vector@MV?$allocator@M@std@@@std@@@Z 1000a3e0 f i NeuronLayer.obj
 0001:00009570       ?_Reallocate@?$vector@UNeuron@@V?$allocator@UNeuron@@@std@@@std@@IAEXI@Z 1000a570 f i NeuronLayer.obj
 0001:00009650       ?_Reserve@?$vector@UNeuron@@V?$allocator@UNeuron@@@std@@@std@@IAEXI@Z 1000a650 f i NeuronLayer.obj
 0001:000096d0       ?push_back@?$vector@UNeuron@@V?$allocator@UNeuron@@@std@@@std@@QAEX$$QAUNeuron@@@Z 1000a6d0 f i NeuronLayer.obj
 0001:000097b0       ??0Pathfinder@@QAE@PAVTrackDesc@@PAUCarElt@@PAUSituation@@@Z 1000a7b0 f   pathfinder.obj
 0001:000098c0       ??1Pathfinder@@QAE@XZ      1000a8c0 f   pathfinder.obj
 0001:00009910       ?plan@Pathfinder@@QAEXHPAUCarElt@@PAUSituation@@PAVMyCar@@PAVOtherCar@@@Z 1000a910 f   pathfinder.obj
 0001:0000a210       ?plan@Pathfinder@@QAEXPAVMyCar@@@Z 1000b210 f   pathfinder.obj
 0001:0000a6d0       ?initPit@Pathfinder@@QAEXPAUCarElt@@@Z 1000b6d0 f   pathfinder.obj
 0001:0000aaa0       ?plotPitStopPath@Pathfinder@@QAEXPAD@Z 1000baa0 f   pathfinder.obj
 0001:0000ab20       ?plotPath@Pathfinder@@QAEXPAD@Z 1000bb20 f   pathfinder.obj
 0001:0000aba0       ?initPitStopPath@Pathfinder@@AAEXXZ 1000bba0 f   pathfinder.obj
 0001:0000b170       ?collision@Pathfinder@@AAEHHPAUCarElt@@PAUSituation@@PAVMyCar@@PAVOtherCar@@@Z 1000c170 f   pathfinder.obj
 0001:0000b640       ?overtake@Pathfinder@@AAEHHPAUSituation@@PAVMyCar@@PAVOtherCar@@@Z 1000c640 f   pathfinder.obj
 0001:0000c330       ?stepInterpolate@Pathfinder@@AAEXHHH@Z 1000d330 f   pathfinder.obj
 0001:0000c5a0       ?interpolate@Pathfinder@@AAEXH@Z 1000d5a0 f   pathfinder.obj
 0001:0000c600       ?smooth@Pathfinder@@AAEXH@Z 1000d600 f   pathfinder.obj
 0001:0000c9c0       ?correctPath@Pathfinder@@AAEHHPAUCarElt@@PAVMyCar@@@Z 1000d9c0 f   pathfinder.obj
 0001:0000cff0       ?smooth@Pathfinder@@AAEXHHHN@Z 1000dff0 f   pathfinder.obj
 0001:0000d0f0       ?smooth@Pathfinder@@AAEXHNN@Z 1000e0f0 f   pathfinder.obj
 0001:0000d6f0       ?optimize@Pathfinder@@AAEXHHN@Z 1000e6f0 f   pathfinder.obj
 0001:0000d750       ?optimize2@Pathfinder@@AAEXHHN@Z 1000e750 f   pathfinder.obj
 0001:0000d7f0       ?optimize3@Pathfinder@@AAEXHHN@Z 1000e7f0 f   pathfinder.obj
 0001:0000d890       ?letoverlap@Pathfinder@@AAEHHPAUSituation@@PAVMyCar@@PAVOtherCar@@PAUtOverlapTimer@@@Z 1000e890 f   pathfinder.obj
 0001:0000dfa0       ?adjustRadius@Pathfinder@@AAEXHHHNN@Z 1000efa0 f i pathfinder.obj
 0001:0000e3e0       ?updateOCar@Pathfinder@@AAEHHPAUSituation@@PAVMyCar@@PAVOtherCar@@PAUtOCar@@@Z 1000f3e0 f i pathfinder.obj
 0001:0000eb00       ?updateOverlapTimer@Pathfinder@@AAEXHPAUSituation@@PAVMyCar@@PAVOtherCar@@PAUtOCar@@PAUtOverlapTimer@@@Z 1000fb00 f i pathfinder.obj
 0001:0000ec80       ?setSingleSensor@SingleSensor@@QAEXMM@Z 1000fc80 f   sensors.obj
 0001:0000ecc0       ?update@SingleSensor@@QAEXXZ 1000fcc0 f   sensors.obj
 0001:0000edf0       ?sensor_calc_str@SingleSensor@@IAEMPAUtrackSeg@@MMMM@Z 1000fdf0 f   sensors.obj
 0001:0000f430       ?sensor_calc_lft_rgt@SingleSensor@@IAEMPAUtrackSeg@@MMMM@Z 10010430 f   sensors.obj
 0001:0000f700       ?check_max_circle_intersect@SingleSensor@@IAE_NMMMMMMAAM@Z 10010700 f   sensors.obj
 0001:0000f990       ?check_min_circle_intersect@SingleSensor@@IAE_NMMMMMMAAM@Z 10010990 f   sensors.obj
 0001:0000fb00       ?check_up_border_intersect@SingleSensor@@IAE_NMMMMMAAM00@Z 10010b00 f   sensors.obj
 0001:0000fcb0       ?check_down_border_intersect@SingleSensor@@IAE_NMMMMMAAM00@Z 10010cb0 f   sensors.obj
 0001:0000ff80       ??0Sensors@@QAE@XZ         10010f80 f   sensors.obj
 0001:0000ff90       ??0Sensors@@QAE@PAUCarElt@@H@Z 10010f90 f   sensors.obj
 0001:0000ffe0       ??1Sensors@@QAE@XZ         10010fe0 f   sensors.obj
 0001:0000fff0       ?setSensor@Sensors@@QAEXHMM@Z 10010ff0 f   sensors.obj
 0001:00010020       ?getSensorOut@Sensors@@QAEMH@Z 10011020 f   sensors.obj
 0001:00010040       ?sensors_update@Sensors@@QAEXXZ 10011040 f   sensors.obj
 0001:00010070       ?tridiagonal@@YAXHPAUSplineEquationData@@PAN@Z 10011070 f   spline.obj
 0001:00010250       ?tridiagonal2@@YAXHPAUSplineEquationData2@@@Z 10011250 f   spline.obj
 0001:000104b0       ?slopesp@@YAXHQBN0QAN@Z    100114b0 f   spline.obj
 0001:000107e0       ?slopesn@@YAXHQBN0QAN@Z    100117e0 f   spline.obj
 0001:00010920       ?parametricslopesp@@YAXHQBN0QAN11@Z 10011920 f   spline.obj
 0001:000109f0       ?parametricslopesn@@YAXHQBN0QAN11@Z 100119f0 f   spline.obj
 0001:00010ac0       ?spline@@YANHNQBN00@Z      10011ac0 f   spline.obj
 0001:000120d0       ?DllEntryPoint@@YGHPAUHINSTANCE__@@KPAX@Z 100130d0 f   stig.obj
 0001:00012270       _stig                      10013270 f   stig.obj
 0001:00013e70       ?HmReadPrefs@@YAXH@Z       10014e70 f   pref.obj
 0001:000145e0       ??0TrackSegment@@QAE@XZ    100155e0 f   trackdesc.obj
 0001:000145f0       ??1TrackSegment@@QAE@XZ    100155f0 f   trackdesc.obj
 0001:00014600       ?init@TrackSegment@@QAEXHPBUtrackSeg@@PBVv3d@@11@Z 10015600 f   trackdesc.obj
 0001:000148a0       ??0TrackDesc@@QAE@PBUtTrack@@@Z 100158a0 f   trackdesc.obj
 0001:000152a0       ??1TrackDesc@@QAE@XZ       100162a0 f   trackdesc.obj
 0001:000152d0       ?plot@TrackDesc@@QAEXPAD@Z 100162d0 f   trackdesc.obj
 0001:000153a0       ?getCurrentSegment@TrackDesc@@QAEHPAUCarElt@@@Z 100163a0 f   trackdesc.obj
 0001:00015460       ?getNearestId@TrackDesc@@QAEHPAVv3d@@@Z 10016460 f   trackdesc.obj
 0001:0001550c       ?GfScrGetSize@@YAXPAH000@Z 1001650c f   client:client.dll
 0001:00015512       ?GfuiKeyEventRegisterCurrent@@YAXP6AHEHH@Z@Z 10016512 f   client:client.dll
 0001:00015518       ?GfuiSKeyEventRegisterCurrent@@YAXP6AHHHH@Z@Z 10016518 f   client:client.dll
 0001:0001551e       ?GfuiMouseShow@@YAXXZ      1001651e f   client:client.dll
 0001:00015524       ?GfctrlJoyInit@@YAPAUtCtrlJoyInfo@@XZ 10016524 f   client:client.dll
 0001:0001552a       ?GfctrlJoyGetCurrent@@YAHPAUtCtrlJoyInfo@@@Z 1001652a f   client:client.dll
 0001:00015530       ?GfctrlJoyRelease@@YAXPAUtCtrlJoyInfo@@@Z 10016530 f   client:client.dll
 0001:00015536       ?GfctrlMouseInit@@YAPAUtCtrlMouseInfo@@XZ 10016536 f   client:client.dll
 0001:0001553c       ?GfctrlMouseGetCurrent@@YAHPAUtCtrlMouseInfo@@@Z 1001653c f   client:client.dll
 0001:00015542       ?GfctrlMouseRelease@@YAXPAUtCtrlMouseInfo@@@Z 10016542 f   client:client.dll
 0001:00015548       ?GfctrlMouseCenter@@YAXXZ  10016548 f   client:client.dll
 0001:0001554e       ?GfctrlMouseInitCenter@@YAXXZ 1001654e f   client:client.dll
 0001:00015554       ?GfctrlGetRefByName@@YAPAUtCtrlRef@@PBD@Z 10016554 f   client:client.dll
 0001:0001555a       ?GfctrlGetNameByRef@@YAPBDHH@Z 1001655a f   client:client.dll
 0001:00015560       ?GfParmGetStr@@YAPBDPAXPBD11@Z 10016560 f   tgf:tgf.dll
 0001:00015566       ?GfParmGetNum@@YAMPAXPBD11M@Z 10016566 f   tgf:tgf.dll
 0001:0001556c       ?_tgf_win_calloc@@YAPAXII@Z 1001656c f   tgf:tgf.dll
 0001:00015572       ?_tgf_win_free@@YAXPAX@Z   10016572 f   tgf:tgf.dll
 0001:00015578       ?_tgf_win_strdup@@YAPADPBD@Z 10016578 f   tgf:tgf.dll
 0001:0001557e       ?GfParmReadFile@@YAPAXPBDH@Z 1001657e f   tgf:tgf.dll
 0001:00015584       ?GfParmWriteFile@@YAHPBDPAX0@Z 10016584 f   tgf:tgf.dll
 0001:0001558a       ?GfParmSetStr@@YAHPAXPBD11@Z 1001658a f   tgf:tgf.dll
 0001:00015590       ?GfParmSetNum@@YAHPAXPBD11M@Z 10016590 f   tgf:tgf.dll
 0001:00015596       ?GfParmReleaseHandle@@YAXPAX@Z 10016596 f   tgf:tgf.dll
 0001:0001559c       ?GetLocalDir@@YAPADXZ      1001659c f   tgf:tgf.dll
 0001:000155a2       ?RtTrackSideTgAngleL@@YAMPAUtTrkLocPos@@@Z 100165a2 f   robottools:robottools.dll
 0001:000155a8       ?RtGetDistFromStart@@YAMPAUCarElt@@@Z 100165a8 f   robottools:robottools.dll
 0001:000155ae       ??0_Init_locks@std@@QAE@XZ 100165ae f   libcpmt:xlock.obj
 0001:000155dd       ??0_Lockit@std@@QAE@H@Z    100165dd f   libcpmt:xlock.obj
 0001:00015610       ??1_Init_locks@std@@QAE@XZ 10016610 f   libcpmt:xlock.obj
 0001:00015639       ??1_Lockit@std@@QAE@XZ     10016639 f   libcpmt:xlock.obj
 0001:0001565d       ?uncaught_exception@std@@YA_NXZ 1001665d f   libcpmt:uncaught.obj
 0001:00015662       ??_U@YAPAXI@Z              10016662 f   libcpmt:newaop.obj
 0001:0001566b       ??0bad_alloc@std@@QAE@ABV01@@Z 1001666b f i libcpmt:xthrow.obj
 0001:00015686       ??0length_error@std@@QAE@ABV01@@Z 10016686 f i libcpmt:xthrow.obj
 0001:000156a1       ??0logic_error@std@@QAE@ABV01@@Z 100166a1 f i libcpmt:xthrow.obj
 0001:000156bc       ??0out_of_range@std@@QAE@ABV01@@Z 100166bc f i libcpmt:xthrow.obj
 0001:000156d7       ??1bad_alloc@std@@UAE@XZ   100166d7 f i libcpmt:xthrow.obj
 0001:000156e2       ??1out_of_range@std@@UAE@XZ 100166e2 f i libcpmt:xthrow.obj
 0001:000156e2       ??1length_error@std@@UAE@XZ 100166e2 f i libcpmt:xthrow.obj
 0001:000156e7       ??_Gbad_alloc@std@@UAEPAXI@Z 100166e7 f i libcpmt:xthrow.obj
 0001:000156e7       ??_Ebad_alloc@std@@UAEPAXI@Z 100166e7 f i libcpmt:xthrow.obj
 0001:0001570c       ??_Glogic_error@std@@UAEPAXI@Z 1001670c f i libcpmt:xthrow.obj
 0001:0001570c       ??_Elength_error@std@@UAEPAXI@Z 1001670c f i libcpmt:xthrow.obj
 0001:0001570c       ??_Eout_of_range@std@@UAEPAXI@Z 1001670c f i libcpmt:xthrow.obj
 0001:0001570c       ??_Glength_error@std@@UAEPAXI@Z 1001670c f i libcpmt:xthrow.obj
 0001:0001570c       ??_Elogic_error@std@@UAEPAXI@Z 1001670c f i libcpmt:xthrow.obj
 0001:0001570c       ??_Gout_of_range@std@@UAEPAXI@Z 1001670c f i libcpmt:xthrow.obj
 0001:0001572b       ?_Xbad_alloc@std@@YAXXZ    1001672b f   libcpmt:xthrow.obj
 0001:0001575c       ?_Xlength_error@std@@YAXPBD@Z 1001675c f   libcpmt:xthrow.obj
 0001:0001578a       ?_Xout_of_range@std@@YAXPBD@Z 1001678a f   libcpmt:xthrow.obj
 0001:000157b8       __Getctype                 100167b8 f   libcpmt:_tolower.obj
 0001:00015824       __Tolower                  10016824 f   libcpmt:_tolower.obj
 0001:00015921       __Getcvt                   10016921 f   libcpmt:xwctomb.obj
 0001:0001598a       __Toupper                  1001698a f   libcpmt:_toupper.obj
 0001:00015a87       ??0_Locimp@locale@std@@AAE@_N@Z 10016a87 f i libcpmt:locale0.obj
 0001:00015ac4       ??1_Fac_node@std@@QAE@XZ   10016ac4 f i libcpmt:locale0.obj
 0001:00015ad9       ??1_Fac_tidy_reg_t@std@@QAE@XZ 10016ad9 f i libcpmt:locale0.obj
 0001:00015afd       ??1_Locimp@locale@std@@MAE@XZ 10016afd f i libcpmt:locale0.obj
 0001:00015b28       ??4?$_Yarn@D@std@@QAEAAV01@PBD@Z 10016b28 f i libcpmt:locale0.obj
 0001:00015b7c       ??_G_Locimp@locale@std@@MAEPAXI@Z 10016b7c f i libcpmt:locale0.obj
 0001:00015b7c       ??_E_Locimp@locale@std@@MAEPAXI@Z 10016b7c f i libcpmt:locale0.obj
 0001:00015b9b       ?_Facet_Register@std@@YAXPAV_Facet_base@1@@Z 10016b9b f   libcpmt:locale0.obj
 0001:00015bc3       ?_Getgloballocale@locale@std@@CAPAV_Locimp@12@XZ 10016bc3 f   libcpmt:locale0.obj
 0001:00015bc9       ?_Init@locale@std@@CAPAV_Locimp@12@_N@Z 10016bc9 f   libcpmt:locale0.obj
 0001:00015c45       ?_Locimp_dtor@_Locimp@locale@std@@CAXPAV123@@Z 10016c45 f   libcpmt:locale0.obj
 0001:00015c9e       ?_Locinfo_ctor@_Locinfo@std@@SAXPAV12@PBD@Z 10016c9e f   libcpmt:locale0.obj
 0001:00015ce9       ?_Locinfo_dtor@_Locinfo@std@@SAXPAV12@@Z 10016ce9 f   libcpmt:locale0.obj
 0001:00015d03       ?_New_Locimp@_Locimp@locale@std@@CAPAV123@_N@Z 10016d03 f   libcpmt:locale0.obj
 0001:00015d22       ?_Setgloballocale@locale@std@@CAXPAX@Z 10016d22 f   libcpmt:locale0.obj
 0001:00015d4a       __Deletegloballocale       10016d4a f   libcpmt:locale0.obj
 0001:00015d93       ?_Syserror_map@std@@YAPBDH@Z 10016d93 f   libcpmt:syserror.obj
 0001:00015dbd       ?_Winerror_map@std@@YAPBDH@Z 10016dbd f   libcpmt:syserror.obj
 0001:00015de7       ?_Addstd@ios_base@std@@SAXPAV12@@Z 10016de7 f   libcpmt:ios.obj
 0001:00015e39       ?_Callfns@ios_base@std@@AAEXW4event@12@@Z 10016e39 f i libcpmt:ios.obj
 0001:00015e5e       ?_Ios_base_dtor@ios_base@std@@CAXPAV12@@Z 10016e5e f   libcpmt:ios.obj
 0001:00015e9b       ?_Tidy@ios_base@std@@AAEXXZ 10016e9b f i libcpmt:ios.obj
 0001:00015edd       ??$_Xfiopen@D@std@@YAPAU_iobuf@@PBDHH@Z 10016edd f i libcpmt:fiopen.obj
 0001:00015f7f       ?_Fiopen@std@@YAPAU_iobuf@@PBDHH@Z 10016f7f f   libcpmt:fiopen.obj
 0001:00015f88       ?_Xfsopen@std@@YAPAU_iobuf@@PBDHH@Z 10016f88 f   libcpmt:fiopen.obj
 0001:00015fa5       __Mtxdst                   10016fa5 f   libcpmt:xmtx.obj
 0001:00015fb3       __Mtxinit                  10016fb3 f   libcpmt:xmtx.obj
 0001:00015fca       __Mtxlock                  10016fca f   libcpmt:xmtx.obj
 0001:00015fd8       __Mtxunlock                10016fd8 f   libcpmt:xmtx.obj
 0001:00015fe6       ??1_Init_atexit@@QAE@XZ    10016fe6 f i libcpmt:iosptrs.obj
 0001:0001600f       ?_Atexit@@YAXP6AXXZ@Z      1001700f f   libcpmt:iosptrs.obj
 0001:0001603d       ??2@YAPAXI@Z               1001703d f   LIBCMT:new.obj
 0001:0001608c       ??3@YAXPAX@Z               1001708c f   LIBCMT:delete.obj
 0001:00016091       __get_printf_count_output  10017091 f   LIBCMT:printf.obj
 0001:000160a6       _printf                    100170a6 f   LIBCMT:printf.obj
 0001:00016152       _printf_s                  10017152 f   LIBCMT:printf.obj
 0001:00016170       _ceil                      10017170 f   LIBCMT:ceil_pentium4.obj
 0001:000161b0       __ceil_pentium4            100171b0 f   LIBCMT:ceil_pentium4.obj
 0001:0001635b       ?_CallCatchBlock2@@YAPAXPAUEHRegistrationNode@@PBU_s_FuncInfo@@PAXHK@Z 1001735b f   LIBCMT:_trnsctrl_.obj
 0001:000163b9       ?_CallMemberFunction2@@YGXPAX00H@Z 100173b9 f   LIBCMT:_trnsctrl_.obj
 0001:000163b9       ?_CallMemberFunction0@@YGXPAX0@Z 100173b9 f   LIBCMT:_trnsctrl_.obj
 0001:000163b9       ?_CallMemberFunction1@@YGXPAX00@Z 100173b9 f   LIBCMT:_trnsctrl_.obj
 0001:000163c0       ?_CallSETranslator@@YAHPAUEHExceptionRecord@@PAUEHRegistrationNode@@PAX2PBU_s_FuncInfo@@H1@Z 100173c0 f   LIBCMT:_trnsctrl_.obj
 0001:00016495       ?_GetRangeOfTrysToCheck@@YAPBU_s_TryBlockMapEntry@@PBU_s_FuncInfo@@HHPAI1@Z 10017495 f   LIBCMT:_trnsctrl_.obj
 0001:00016514       ?_JumpToContinuation@@YGXPAXPAUEHRegistrationNode@@@Z 10017514 f   LIBCMT:_trnsctrl_.obj
 0001:00016544       ?_UnwindNestedFrames@@YGXPAUEHRegistrationNode@@PAUEHExceptionRecord@@@Z 10017544 f   LIBCMT:_trnsctrl_.obj
 0001:00016597       __CreateFrameInfo          10017597 f   LIBCMT:_trnsctrl_.obj
 0001:000165c1       __FindAndUnlinkFrame       100175c1 f   LIBCMT:_trnsctrl_.obj
 0001:00016611       __IsExceptionObjectToBeDestroyed 10017611 f   LIBCMT:_trnsctrl_.obj
 0001:0001663a       ___CxxFrameHandler3        1001763a f   LIBCMT:_trnsctrl_.obj
 0001:00016670       __libm_sse2_cos_precise    10017670 f   LIBCMT:cos_sse2_precise.obj
 0001:00016830       __libm_sse2_exp_precise    10017830 f   LIBCMT:exp_sse2_precise.obj
 0001:00016b00       __libm_sse2_sin_precise    10017b00 f   LIBCMT:sin_sse2_precise.obj
 0001:00016cd0       __libm_sse2_sqrt_precise   10017cd0 f   LIBCMT:sqrt_sse2_precise.obj
 0001:00016dd0       __fpmath                   10017dd0 f   LIBCMT:fpinit.obj
 0001:00016de7       __cfltcvt_init             10017de7 f   LIBCMT:fpinit.obj
 0001:00016e47       __purecall                 10017e47 f   LIBCMT:purevirt.obj
 0001:00016e71       ___onexitinit              10017e71 f   LIBCMT:onexit.obj
 0001:00016ea0       __onexit                   10017ea0 f   LIBCMT:onexit.obj
 0001:00016f96       _atexit                    10017f96 f   LIBCMT:onexit.obj
 0001:00016fab       _free                      10017fab f   LIBCMT:free.obj
 0001:00016ff0       _memmove                   10017ff0 f   LIBCMT:memmove.obj
 0001:00017634       _memcpy_s                  10018634 f   LIBCMT:memcpy_s.obj
 0001:000176c0       _strcspn                   100186c0 f   LIBCMT:strcspn.obj
 0001:00017706       ??0bad_cast@std@@QAE@ABV01@@Z 10018706 f   LIBCMT:stdexcpt.obj
 0001:00017721       ??0bad_cast@std@@QAE@PBD@Z 10018721 f   LIBCMT:stdexcpt.obj
 0001:0001773d       ??0exception@std@@QAE@ABQBD@Z 1001873d f   LIBCMT:stdexcpt.obj
 0001:00017762       ??0exception@std@@QAE@ABQBDH@Z 10018762 f   LIBCMT:stdexcpt.obj
 0001:0001777d       ??0exception@std@@QAE@ABV01@@Z 1001877d f   LIBCMT:stdexcpt.obj
 0001:000177a0       ??1bad_cast@std@@UAE@XZ    100187a0 f   LIBCMT:stdexcpt.obj
 0001:000177a0       ??1exception@std@@UAE@XZ   100187a0 f   LIBCMT:stdexcpt.obj
 0001:000177ab       ??4exception@std@@QAEAAV01@ABV01@@Z 100187ab f   LIBCMT:stdexcpt.obj
 0001:000177de       ??_Gbad_cast@std@@UAEPAXI@Z 100187de f i LIBCMT:stdexcpt.obj
 0001:000177de       ??_Eexception@std@@UAEPAXI@Z 100187de f i LIBCMT:stdexcpt.obj
 0001:000177de       ??_Ebad_cast@std@@UAEPAXI@Z 100187de f i LIBCMT:stdexcpt.obj
 0001:000177de       ??_Gexception@std@@UAEPAXI@Z 100187de f i LIBCMT:stdexcpt.obj
 0001:00017803       ?_Copy_str@exception@std@@AAEXPBD@Z 10018803 f   LIBCMT:stdexcpt.obj
 0001:00017841       ?_Tidy@exception@std@@AAEXXZ 10018841 f   LIBCMT:stdexcpt.obj
 0001:0001785d       ?what@exception@std@@UBEPBDXZ 1001885d f   LIBCMT:stdexcpt.obj
 0001:0001786a       ??_V@YAXPAX@Z              1001886a f   LIBCMT:delete2.obj
 0001:0001786f       __fclose_nolock            1001886f f   LIBCMT:fclose.obj
 0001:000178db       _fclose                    100188db f   LIBCMT:fclose.obj
 0001:00017952       __fflush_nolock            10018952 f   LIBCMT:fflush.obj
 0001:00017998       __flush                    10018998 f   LIBCMT:fflush.obj
 0001:000179fc       __flushall                 100189fc f   LIBCMT:fflush.obj
 0001:00017a05       _fflush                    10018a05 f   LIBCMT:fflush.obj
 0001:00017b3e       _fgetc                     10018b3e f   LIBCMT:fgetc.obj
 0001:00017c37       _fgetpos                   10018c37 f   LIBCMT:fgetpos.obj
 0001:00017c8c       _fputc                     10018c8c f   LIBCMT:fputc.obj
 0001:00017d8d       _fsetpos                   10018d8d f   LIBCMT:fsetpos.obj
 0001:00017dc6       __fseeki64                 10018dc6 f   LIBCMT:fseeki64.obj
 0001:00017e48       __fseeki64_nolock          10018e48 f   LIBCMT:fseeki64.obj
 0001:00017ef9       __fwrite_nolock            10018ef9 f   LIBCMT:fwrite.obj
 0001:00018050       _fwrite                    10019050 f   LIBCMT:fwrite.obj
 0001:000180ce       _setvbuf                   100190ce f   LIBCMT:setvbuf.obj
 0001:000181d4       _sprintf_s                 100191d4 f   LIBCMT:sprintf.obj
 0001:000181f0       _sscanf                    100191f0 f   LIBCMT:sscanf.obj
 0001:0001827f       __ungetc_nolock            1001927f f   LIBCMT:ungetc.obj
 0001:0001835f       _ungetc                    1001935f f   LIBCMT:ungetc.obj
 0001:000183cb       ___initstdio               100193cb f   LIBCMT:_file.obj
 0001:0001843e       ___endstdio                1001943e f   LIBCMT:_file.obj
 0001:00018465       ___iob_func                10019465 f   LIBCMT:_file.obj
 0001:0001846b       __lock_file                1001946b f   LIBCMT:_file.obj
 0001:000184aa       __lock_file2               100194aa f   LIBCMT:_file.obj
 0001:000184da       __unlock_file              100194da f   LIBCMT:_file.obj
 0001:00018514       __unlock_file2             10019514 f   LIBCMT:_file.obj
 0001:00018541       _localeconv                10019541 f   LIBCMT:lconv.obj
 0001:00018567       __CxxThrowException@8      10019567 f   LIBCMT:throw.obj
 0001:000185d0       _memcpy                    100195d0 f   LIBCMT:memcpy.obj
 0001:00018c20       _memset                    10019c20 f   LIBCMT:memset.obj
 0001:00018cb0       ??1type_info@@UAE@XZ       10019cb0 f   LIBCMT:typinfo.obj
 0001:00018cbe       ??8type_info@@QBE_NABV0@@Z 10019cbe f   LIBCMT:typinfo.obj
 0001:00018cdc       ??_Etype_info@@UAEPAXI@Z   10019cdc f i LIBCMT:typinfo.obj
 0001:00018cdc       ??_Gtype_info@@UAEPAXI@Z   10019cdc f i LIBCMT:typinfo.obj
 0001:00018cfb       _rand                      10019cfb f   LIBCMT:rand.obj
 0001:00018d1e       __fsopen                   10019d1e f   LIBCMT:fopen.obj
 0001:00018de2       _fopen                     10019de2 f   LIBCMT:fopen.obj
 0001:00018df7       _fprintf                   10019df7 f   LIBCMT:fprintf.obj
 0001:00018f10       __alloca_probe             10019f10     LIBCMT:chkstk.obj
 0001:00018f10       __chkstk                   10019f10 f   LIBCMT:chkstk.obj
 0001:00018f40       __libm_sse2_acos_precise   10019f40 f   LIBCMT:acos_sse2_precise.obj
 0001:00019460       __libm_sse2_tan_precise    1001a460 f   LIBCMT:tan_sse2_precise.obj
 0001:000196d0       _malloc                    1001a6d0 f   LIBCMT:malloc.obj
 0001:00019770       _strchr                    1001a770 f   LIBCMT:strchr.obj
 0001:000197de       ___from_strstr_to_strchr   1001a7de     LIBCMT:strchr.obj
 0001:000198a0       _strncpy                   1001a8a0 f   LIBCMT:strncpy.obj
 0001:000199d0       _strrchr                   1001a9d0 f   LIBCMT:strrchr.obj
 0001:00019b07       __snprintf                 1001ab07 f   LIBCMT:snprintf.obj
 0001:00019bb1       __fpclass                  1001abb1 f   LIBCMT:ieeemisc.obj
 0001:00019c4d       __isnan                    1001ac4d f   LIBCMT:ieeemisc.obj
 0001:00019c90       _atan2                     1001ac90 f   LIBCMT:87ctriga.obj
 0001:00019c9a       __CIatan2                  1001ac9a f   LIBCMT:87ctriga.obj
 0001:00019cb0       __ftol2_sse                1001acb0 f   LIBCMT:ftol2.obj
 0001:00019cb9       __ftol2_pentium4           1001acb9 f   LIBCMT:ftol2.obj
 0001:00019ccc       __ftol2_sse_excpt          1001accc f   LIBCMT:ftol2.obj
 0001:00019ce6       __ftol2                    1001ace6 f   LIBCMT:ftol2.obj
 0001:00019d60       __libm_sse2_pow_precise    1001ad60 f   LIBCMT:pow_sse2_precise.obj
 0001:0001a8d0       ??_L@YGXPAXIHP6EX0@Z1@Z    1001b8d0 f   LIBCMT:ehvecctr.obj
 0001:0001a938       ??_M@YGXPAXIHP6EX0@Z@Z     1001b938 f   LIBCMT:ehvecdtr.obj
 0001:0001a9a7       ?__ArrayUnwind@@YGXPAXIHP6EX0@Z@Z 1001b9a7 f   LIBCMT:ehvecdtr.obj
 0001:0001aa10       __libm_sse2_asin_precise   1001ba10 f   LIBCMT:asin_sse2_precise.obj
 0001:0001af60       __libm_sse2_atan_precise   1001bf60 f   LIBCMT:atan_sse2_precise.obj
 0001:0001b270       _floor                     1001c270 f   LIBCMT:floor_pentium4.obj
 0001:0001b2b0       __floor_pentium4           1001c2b0 f   LIBCMT:floor_pentium4.obj
 0001:0001b391       __CRT_INIT@12              1001c391 f   LIBCMT:dllcrt0.obj
 0001:0001b503       __DllMainCRTStartup@12     1001c503 f   LIBCMT:dllcrt0.obj
 0001:0001b634       ___DllXcptFilter           1001c634 f   LIBCMT:dllcrt0.obj
 0001:0001b660       __CIsqrt                   1001c660 f   LIBCMT:sqrt.obj
 0001:0001b674       _sqrt                      1001c674     LIBCMT:sqrt.obj
 0001:0001b720       _asin                      1001c720 f   LIBCMT:asin.obj
 0001:0001b760       __CIasin                   1001c760 f   LIBCMT:asin.obj
 0001:0001b79b       __CIasin_default           1001c79b f   LIBCMT:asin.obj
 0001:0001b7af       __asin_default             1001c7af     LIBCMT:asin.obj
 0001:0001b870       _acos                      1001c870 f   LIBCMT:acos.obj
 0001:0001b8b0       __CIacos                   1001c8b0 f   LIBCMT:acos.obj
 0001:0001b8eb       __CIacos_default           1001c8eb f   LIBCMT:acos.obj
 0001:0001b8ff       __acos_default             1001c8ff     LIBCMT:acos.obj
 0001:0001b9c0       _sin                       1001c9c0 f   LIBCMT:sin.obj
 0001:0001ba00       __CIsin                    1001ca00 f   LIBCMT:sin.obj
 0001:0001ba3b       __CIsin_default            1001ca3b f   LIBCMT:sin.obj
 0001:0001ba4f       __sin_default              1001ca4f     LIBCMT:sin.obj
 0001:0001baf0       _cos                       1001caf0 f   LIBCMT:cos.obj
 0001:0001bb30       __CIcos                    1001cb30 f   LIBCMT:cos.obj
 0001:0001bb6b       __CIcos_default            1001cb6b f   LIBCMT:cos.obj
 0001:0001bb7f       __cos_default              1001cb7f     LIBCMT:cos.obj
 0001:0001bc20       _tan                       1001cc20 f   LIBCMT:tan.obj
 0001:0001bc60       __CItan                    1001cc60 f   LIBCMT:tan.obj
 0001:0001bc9b       __CItan_default            1001cc9b f   LIBCMT:tan.obj
 0001:0001bcaf       __tan_default              1001ccaf     LIBCMT:tan.obj
 0001:0001bd4d       ___copy_path_to_wide_string 1001cd4d f   LIBCMT:crt0dat.obj
 0001:0001bdfd       ___crtCorExitProcess       1001cdfd f   LIBCMT:crt0dat.obj
 0001:0001be2f       ___crtExitProcess          1001ce2f f   LIBCMT:crt0dat.obj
 0001:0001be45       ___freeCrtMemory           1001ce45 f   LIBCMT:crt0dat.obj
 0001:0001bf55       __amsg_exit                1001cf55 f   LIBCMT:crt0dat.obj
 0001:0001bf71       __cexit                    1001cf71 f   LIBCMT:crt0dat.obj
 0001:0001bf80       __cinit                    1001cf80 f   LIBCMT:crt0dat.obj
 0001:0001c011       __exit                     1001d011 f   LIBCMT:crt0dat.obj
 0001:0001c025       __init_pointers            1001d025 f   LIBCMT:crt0dat.obj
 0001:0001c079       __initterm_e               1001d079 f   LIBCMT:crt0dat.obj
 0001:0001c09b       __lockexit                 1001d09b f   LIBCMT:crt0dat.obj
 0001:0001c0a4       __unlockexit               1001d0a4 f   LIBCMT:crt0dat.obj
 0001:0001c1dc       __lock                     1001d1dc f   LIBCMT:mlock.obj
 0001:0001c210       __mtdeletelocks            1001d210 f   LIBCMT:mlock.obj
 0001:0001c264       __mtinitlocknum            1001d264 f   LIBCMT:mlock.obj
 0001:0001c30b       __mtinitlocks              1001d30b f   LIBCMT:mlock.obj
 0001:0001c340       __unlock                   1001d340 f   LIBCMT:mlock.obj
 0001:0001c355       ___DestructExceptionObject 1001d355 f   LIBCMT:frame.obj
 0001:0001c3e0       ??0bad_exception@std@@QAE@ABV01@@Z 1001d3e0 f i LIBCMT:frame.obj
 0001:0001c3fb       ??1bad_exception@std@@UAE@XZ 1001d3fb f i LIBCMT:frame.obj
 0001:0001c406       ??_Ebad_exception@std@@UAEPAXI@Z 1001d406 f i LIBCMT:frame.obj
 0001:0001c406       ??_Gbad_exception@std@@UAEPAXI@Z 1001d406 f i LIBCMT:frame.obj
 0001:0001cc3c       ?__uncaught_exception@@YA_NXZ 1001dc3c f   LIBCMT:frame.obj
 0001:0001cc4d       ___AdjustPointer           1001dc4d f   LIBCMT:frame.obj
 0001:0001cc72       ___BuildCatchObject        1001dc72 f   LIBCMT:frame.obj
 0001:0001cd00       ___BuildCatchObjectHelper  1001dd00 f   LIBCMT:frame.obj
 0001:0001ce85       ___FrameUnwindFilter       1001de85 f   LIBCMT:frame.obj
 0001:0001ced3       ___FrameUnwindToState      1001ded3 f   LIBCMT:frame.obj
 0001:0001cfac       ___InternalCxxFrameHandler 1001dfac f   LIBCMT:frame.obj
 0001:0001d08b       ___TypeMatch               1001e08b f   LIBCMT:frame.obj
 0001:0001d0f0       _strlen                    1001e0f0 f   LIBCMT:strlen.obj
 0001:0001d17b       @__security_check_cookie@4 1001e17b f   LIBCMT:secchk.obj
 0001:0001d18a       __EH_epilog3               1001e18a f   LIBCMT:ehprolg3.obj
 0001:0001d19e       __EH_prolog3               1001e19e f   LIBCMT:ehprolg3.obj
 0001:0001d1d1       __EH_prolog3_catch         1001e1d1 f   LIBCMT:ehprolg3.obj
 0001:0001d207       ___pctype_func             1001e207 f   LIBCMT:ctype.obj
 0001:0001d230       ??0_LocaleUpdate@@QAE@PAUlocaleinfo_struct@@@Z 1001e230 f i LIBCMT:_ctype.obj
 0001:0001d2b8       __isdigit_l                1001e2b8 f i LIBCMT:_ctype.obj
 0001:0001d308       __islower_l                1001e308 f i LIBCMT:_ctype.obj
 0001:0001d358       __isspace_l                1001e358 f i LIBCMT:_ctype.obj
 0001:0001d3a8       __isupper_l                1001e3a8 f i LIBCMT:_ctype.obj
 0001:0001d3f8       __isxdigit_l               1001e3f8 f i LIBCMT:_ctype.obj
 0001:0001d44e       _isdigit                   1001e44e f i LIBCMT:_ctype.obj
 0001:0001d479       _islower                   1001e479 f i LIBCMT:_ctype.obj
 0001:0001d4a4       _isspace                   1001e4a4 f i LIBCMT:_ctype.obj
 0001:0001d4cf       _isupper                   1001e4cf f i LIBCMT:_ctype.obj
 0001:0001d4fa       _isxdigit                  1001e4fa f i LIBCMT:_ctype.obj
 0001:0001d527       __wcsdup                   1001e527 f   LIBCMT:wcsdup.obj
 0001:0001d57a       ____lc_codepage_func       1001e57a f   LIBCMT:initctyp.obj
 0001:0001d5a0       ____lc_locale_name_func    1001e5a0 f   LIBCMT:initctyp.obj
 0001:0001d5c8       ____mb_cur_max_func        1001e5c8 f   LIBCMT:initctyp.obj
 0001:0001d5ee       ___init_ctype              1001e5ee f   LIBCMT:initctyp.obj
 0001:0001db6f       ___crtLCMapStringA         1001eb6f f   LIBCMT:a_map.obj
 0001:0001dbb3       __freea                    1001ebb3 f i LIBCMT:a_map.obj
 0001:0001dbd1       __calloc_crt               1001ebd1 f   LIBCMT:crtheap.obj
 0001:0001dc1b       __malloc_crt               1001ec1b f   LIBCMT:crtheap.obj
 0001:0001dc64       __realloc_crt              1001ec64 f   LIBCMT:crtheap.obj
 0001:0001dcb0       __recalloc_crt             1001ecb0 f   LIBCMT:crtheap.obj
 0001:0001dd00       ___doserrno                1001ed00 f   LIBCMT:dosmap.obj
 0001:0001dd13       __dosmaperr                1001ed13 f   LIBCMT:dosmap.obj
 0001:0001dd34       __errno                    1001ed34 f   LIBCMT:dosmap.obj
 0001:0001dd47       __get_errno_from_oserr     1001ed47 f   LIBCMT:dosmap.obj
 0001:0001ddde       __ismbblead                1001edde f   LIBCMT:ismbbyte.obj
 0001:0001ddf4       _setlocale                 1001edf4 f   LIBCMT:setlocal.obj
 0001:0001dfcc       __fseek_nolock             1001efcc f   LIBCMT:fseek.obj
 0001:0001e05b       _fseek                     1001f05b f   LIBCMT:fseek.obj
 0001:0001e0da       ___crtFlsAlloc             1001f0da f   LIBCMT:winapisupp.obj
 0001:0001e0f8       ___crtFlsFree              1001f0f8 f   LIBCMT:winapisupp.obj
 0001:0001e117       ___crtFlsGetValue          1001f117 f   LIBCMT:winapisupp.obj
 0001:0001e136       ___crtFlsSetValue          1001f136 f   LIBCMT:winapisupp.obj
 0001:0001e158       ___crtInitializeCriticalSectionEx 1001f158 f   LIBCMT:winapisupp.obj
 0001:0001e186       ___crtIsPackagedApp        1001f186 f   LIBCMT:winapisupp.obj
 0001:0001e1c4       ___crtLoadWinApiPointers   1001f1c4 f   LIBCMT:winapisupp.obj
 0001:0001e403       ___crtTerminateProcess     1001f403 f   LIBCMT:winapisupp.obj
 0001:0001e418       ___crtUnhandledException   1001f418 f   LIBCMT:winapisupp.obj
 0001:0001e42e       __set_abort_behavior       1001f42e f   LIBCMT:abort.obj
 0001:0001e44d       _abort                     1001f44d f   LIBCMT:abort.obj
 0001:0001e490       _strcmp                    1001f490 f   LIBCMT:strcmp.obj
 0001:0001e51c       _wcslen                    1001f51c f   LIBCMT:wcslen.obj
 0001:0001e535       __tolower_l                1001f535 f   LIBCMT:tolower.obj
 0001:0001e676       _tolower                   1001f676 f   LIBCMT:tolower.obj
 0001:0001e6b0       _memchr                    1001f6b0 f   LIBCMT:memchr.obj
 0001:0001e760       __allmul                   1001f760 f   LIBCMT:llmul.obj
 0001:0001e7a0       __aulldiv                  1001f7a0 f   LIBCMT:ulldiv.obj
 0001:0001e808       _memcmp                    1001f808 f   LIBCMT:memcmp.obj
 0001:0001ff80       _GetTableIndexFromLcid     10020f80 f   LIBCMT:winapinls.obj
 0001:0001ffb5       _GetTableIndexFromLocaleName 10020fb5 f   LIBCMT:winapinls.obj
 0001:00020003       ___crtDownlevelLCIDToLocaleName 10021003 f   LIBCMT:winapinls.obj
 0001:0002007f       ___crtDownlevelLocaleNameToLCID 1002107f f   LIBCMT:winapinls.obj
 0001:000200bd       ___crtEnumSystemLocalesEx  100210bd f   LIBCMT:winapinls.obj
 0001:000200fa       ___crtGetLocaleInfoEx      100210fa f   LIBCMT:winapinls.obj
 0001:00020129       ___crtGetUserDefaultLocaleName 10021129 f   LIBCMT:winapinls.obj
 0001:00020154       ___crtIsValidLocaleName    10021154 f   LIBCMT:winapinls.obj
 0001:0002017f       ___crtLCMapStringEx        1002117f f   LIBCMT:winapinls.obj
 0001:000201cb       ___wcsnicmp_ascii          100211cb f   LIBCMT:winapinls.obj
 0001:00020239       ___crtLCMapStringW         10021239 f   LIBCMT:w_map.obj
 0001:00020268       __callnewh                 10021268 f   LIBCMT:handler.obj
 0001:0002028e       __initp_heap_handler       1002128e f   LIBCMT:handler.obj
 0001:0002029b       __call_reportfault         1002129b f   LIBCMT:invarg.obj
 0001:000203be       __initp_misc_invarg        100213be f   LIBCMT:invarg.obj
 0001:000203cb       __invalid_parameter        100213cb f   LIBCMT:invarg.obj
 0001:000203f6       __invalid_parameter_noinfo 100213f6 f   LIBCMT:invarg.obj
 0001:00020406       __invoke_watson            10021406 f   LIBCMT:invarg.obj
 0001:00020431       __vprintf_s_l              10021431 f   LIBCMT:vprintf.obj
 0001:0002044c       _vprintf_helper            1002144c f   LIBCMT:vprintf.obj
 0001:000204d5       __ftbuf                    100214d5 f   LIBCMT:_sftbuf.obj
 0001:00020506       __stbuf                    10021506 f   LIBCMT:_sftbuf.obj
 0001:000205ac       __output_l                 100215ac f   LIBCMT:output.obj
 0001:00021140       __SEH_prolog4              10022140 f   LIBCMT:sehprolg4.obj
 0001:00021185       __SEH_epilog4              10022185 f   LIBCMT:sehprolg4.obj
 0001:000211a0       __except_handler4          100221a0 f   LIBCMT:chandler4.obj
 0001:00021335       ___libm_error_support      10022335 f   LIBCMT:libm_error.obj
 0001:0002161d       __sse2_mathfcns_init       1002261d f   LIBCMT:mathfcns.obj
 0001:0002162c       __ceil_default             1002262c f   LIBCMT:ceil.obj
 0001:000216ff       __freefls@4                100226ff f   LIBCMT:tidtable.obj
 0001:00021836       __freeptd                  10022836 f   LIBCMT:tidtable.obj
 0001:0002186c       __getptd                   1002286c f   LIBCMT:tidtable.obj
 0001:00021884       __getptd_noexit            10022884 f   LIBCMT:tidtable.obj
 0001:000218f3       __initptd                  100228f3 f   LIBCMT:tidtable.obj
 0001:000219a6       __mtinit                   100229a6 f   LIBCMT:tidtable.obj
 0001:00021a1c       __mtterm                   10022a1c f   LIBCMT:tidtable.obj
 0001:00021a40       __CallSettingFrame@12      10022a40 f   LIBCMT:lowhelpr.obj
 0001:00021a67       __NLG_Return               10022a67     LIBCMT:lowhelpr.obj
 0001:00021a8c       ?_inconsistency@@YAXXZ     10022a8c f   LIBCMT:hooks.obj
 0001:00021ac4       ?terminate@@YAXXZ          10022ac4 f   LIBCMT:hooks.obj
 0001:00021af8       ?unexpected@@YAXXZ         10022af8 f   LIBCMT:hooks.obj
 0001:00021b0b       __initp_eh_hooks           10022b0b f   LIBCMT:hooks.obj
 0001:00021b20       _exp                       10022b20 f   LIBCMT:87ctran.obj
 0001:00021b5c       __CIexp                    10022b5c f   LIBCMT:87ctran.obj
 0001:00021b97       __exp_default              10022b97 f   LIBCMT:87ctran.obj
 0001:00021ba1       __CIexp_default            10022ba1 f   LIBCMT:87ctran.obj
 0001:00021bab       __cfltcvt                  10022bab f   LIBCMT:cvt.obj
 0001:00021bcc       __cfltcvt_l                10022bcc f   LIBCMT:cvt.obj
 0001:00021c52       __cftoa_l                  10022c52 f   LIBCMT:cvt.obj
 0001:00021fac       __cftoe                    10022fac f   LIBCMT:cvt.obj
 0001:00022119       __cftoe_l                  10023119 f   LIBCMT:cvt.obj
 0001:000222cf       __cftof_l                  100232cf f   LIBCMT:cvt.obj
 0001:0002238e       __cftog_l                  1002338e f   LIBCMT:cvt.obj
 0001:0002248b       __cropzeros                1002348b f   LIBCMT:cvt.obj
 0001:0002249c       __cropzeros_l              1002349c f   LIBCMT:cvt.obj
 0001:0002251a       __fassign                  1002351a f   LIBCMT:cvt.obj
 0001:00022532       __fassign_l                10023532 f   LIBCMT:cvt.obj
 0001:00022572       __forcdecpt                10023572 f   LIBCMT:cvt.obj
 0001:00022583       __forcdecpt_l              10023583 f   LIBCMT:cvt.obj
 0001:000225f5       __positive                 100235f5 f   LIBCMT:cvt.obj
 0001:00022637       __setdefaultprecision      10023637 f   LIBCMT:fp8.obj
 0001:0002265e       __initp_misc_cfltcvt_tab   1002365e f   LIBCMT:cmiscdat.obj
 0001:0002267d       __FF_MSGBANNER             1002367d f   LIBCMT:crt0msg.obj
 0001:000226b6       __GET_RTERRMSG             100236b6 f   LIBCMT:crt0msg.obj
 0001:000226da       __NMSG_WRITE               100236da f   LIBCMT:crt0msg.obj
 0001:00022895       ___getlocaleinfo           10023895 f   LIBCMT:inithelp.obj
 0001:00022a6c       __initp_misc_purevirt      10023a6c f   LIBCMT:inithelp.obj
 0001:00022a79       __msize                    10023a79 f   LIBCMT:msize.obj
 0001:00022aaa       __heap_init                10023aaa f   LIBCMT:heapinit.obj
 0001:00022abf       __heap_term                10023abf f   LIBCMT:heapinit.obj
 0001:00022ac7       ___isa_available_init      10023ac7 f   LIBCMT:cpu_disp.obj
 0001:00022c00       _strcpy_s                  10023c00 f   LIBCMT:strcpy_s.obj
 0001:00022c55       __fileno                   10023c55 f   LIBCMT:fileno.obj
 0001:00022c79       __close                    10023c79 f   LIBCMT:close.obj
 0001:00022d43       __close_nolock             10023d43 f   LIBCMT:close.obj
 0001:00022ddd       __freebuf                  10023ddd f   LIBCMT:_freebuf.obj
 0001:00022e0d       __commit                   10023e0d f   LIBCMT:commit.obj
 0001:00022ef3       __write                    10023ef3 f   LIBCMT:write.obj
 0001:00022fd5       __write_nolock             10023fd5 f   LIBCMT:write.obj
 0001:000237ff       __filbuf                   100247ff f   LIBCMT:_filbuf.obj
 0001:00023920       __ioinit                   10024920 f   LIBCMT:ioinit.obj
 0001:00023bce       __ioterm                   10024bce f   LIBCMT:ioinit.obj
 0001:00023c20       __ftelli64                 10024c20 f   LIBCMT:ftelli64.obj
 0001:00023c94       __ftelli64_nolock          10024c94 f   LIBCMT:ftelli64.obj
 0001:0002403f       __flsbuf                   1002503f f   LIBCMT:_flsbuf.obj
 0001:0002418c       __lseeki64                 1002518c f   LIBCMT:lseeki64.obj
 0001:00024288       __lseeki64_nolock          10025288 f   LIBCMT:lseeki64.obj
 0001:000242f9       __vsnprintf_helper         100252f9 f   LIBCMT:vsnprnc.obj
 0001:000243c1       __vsprintf_s_l             100253c1 f   LIBCMT:vsnprnc.obj
 0001:000244d8       __input_l                  100254d8 f   LIBCMT:input.obj
 0001:000255f4       __getbuf                   100265f4 f   LIBCMT:_getbuf.obj
 0001:0002563a       __fcloseall                1002663a f   LIBCMT:closeall.obj
 0001:000256d7       ___addlocaleref            100266d7 f   LIBCMT:localref.obj
 0001:00025767       ___freetlocinfo            10026767 f   LIBCMT:localref.obj
 0001:000258c1       ___removelocaleref         100268c1 f   LIBCMT:localref.obj
 0001:0002595c       ___updatetlocinfo          1002695c f   LIBCMT:localref.obj
 0001:000259d8       __updatetlocinfoEx_nolock  100269d8 f   LIBCMT:localref.obj
 0001:00025a23       __VEC_memset               10026a23 f   LIBCMT:p4_memset.obj
 0001:00025aeb       ?_Type_info_dtor@type_info@@CAXPAV1@@Z 10026aeb f   LIBCMT:typname.obj
 0001:00025b5c       __getstream                10026b5c f   LIBCMT:stream.obj
 0001:00025c74       __openfile                 10026c74 f   LIBCMT:_open.obj
 0001:00025ef0       __local_unwind4            10026ef0 f   LIBCMT:exsup4.obj
 0001:00025fc6       __seh_longjmp_unwind4@4    10026fc6 f   LIBCMT:exsup4.obj
 0001:00025fe2       @_EH4_CallFilterFunc@8     10026fe2 f   LIBCMT:exsup4.obj
 0001:00025ff9       @_EH4_TransferToHandler@8  10026ff9 f   LIBCMT:exsup4.obj
 0001:00026012       @_EH4_GlobalUnwind2@8      10027012 f   LIBCMT:exsup4.obj
 0001:0002602b       @_EH4_LocalUnwind@16       1002702b f   LIBCMT:exsup4.obj
 0001:00026042       __decomp                   10027042 f   LIBCMT:util.obj
 0001:00026114       __set_exp                  10027114 f   LIBCMT:util.obj
 0001:0002613f       __sptype                   1002713f f   LIBCMT:util.obj
 0001:0002619b       __errcode                  1002719b f   LIBCMT:fpexcept.obj
 0001:000261cd       __except1                  100271cd f   LIBCMT:fpexcept.obj
 0001:00026295       __handle_exc               10027295 f   LIBCMT:fpexcept.obj
 0001:00026471       __handle_qnan1             10027471 f   LIBCMT:fpexcept.obj
 0001:000264c1       __raise_exc                100274c1 f   LIBCMT:fpexcept.obj
 0001:000264e2       __raise_exc_ex             100274e2 f   LIBCMT:fpexcept.obj
 0001:000267c7       __set_errno_from_matherr   100277c7 f   LIBCMT:fpexcept.obj
 0001:000267f4       __umatherr                 100277f4 f   LIBCMT:fpexcept.obj
 0001:00026892       ___set_fpsr_sse2           10027892 f   LIBCMT:fpctrl.obj
 0001:00026908       __clrfp                    10027908 f   LIBCMT:fpctrl.obj
 0001:00026917       __ctrlfp                   10027917 f   LIBCMT:fpctrl.obj
 0001:00026940       __set_statfp               10027940 f   LIBCMT:fpctrl.obj
 0001:00026996       __statfp                   10027996 f   LIBCMT:fpctrl.obj
 0001:000269cc       __fFATN2                   100279cc     LIBCMT:87triga.obj
 0001:00026a1c       __rtpiby2                  10027a1c     LIBCMT:87triga.obj
 0001:00026a60       __cintrindisp2             10027a60 f   LIBCMT:87cdisp.obj
 0001:00026a9e       __cintrindisp1             10027a9e f   LIBCMT:87cdisp.obj
 0001:00026adb       __ctrandisp2               10027adb f   LIBCMT:87cdisp.obj
 0001:00026c6a       __ctrandisp1               10027c6a f   LIBCMT:87cdisp.obj
 0001:00026c9d       __fload                    10027c9d f   LIBCMT:87cdisp.obj
 0001:00026ce0       _pow                       10027ce0 f   LIBCMT:pow.obj
[...]
 0002:0001d748       __unwindtable$??0Neuron@@QAE@H@Z 10054748     NeuronLayer.obj
 0002:0001d758       __ehfuncinfo$??0Neuron@@QAE@H@Z 10054758     NeuronLayer.obj
 0002:0001d77c       __unwindtable$??0Neuron@@QAE@V?$vector@MV?$allocator@M@std@@@std@@@Z 1005477c     NeuronLayer.obj
 0002:0001d794       __ehfuncinfo$??0Neuron@@QAE@V?$vector@MV?$allocator@M@std@@@std@@@Z 10054794     NeuronLayer.obj
 0002:0001d7b8       __unwindtable$?push_back@?$vector@UNeuron@@V?$allocator@UNeuron@@@std@@@std@@QAEX$$QAUNeuron@@@Z 100547b8     NeuronLayer.obj
 0002:0001d7d8       __ehfuncinfo$?push_back@?$vector@UNeuron@@V?$allocator@UNeuron@@@std@@@std@@QAEX$$QAUNeuron@@@Z 100547d8     NeuronLayer.obj
 0002:0001d7fc       __catchsym$?_Reallocate@?$vector@UNeuron@@V?$allocator@UNeuron@@@std@@@std@@IAEXI@Z$2 100547fc     NeuronLayer.obj
 0002:0001d80c       __unwindtable$?_Reallocate@?$vector@UNeuron@@V?$allocator@UNeuron@@@std@@@std@@IAEXI@Z 1005480c     NeuronLayer.obj
 0002:0001d81c       __tryblocktable$?_Reallocate@?$vector@UNeuron@@V?$allocator@UNeuron@@@std@@@std@@IAEXI@Z 1005481c     NeuronLayer.obj
 0002:0001d830       __ehfuncinfo$?_Reallocate@?$vector@UNeuron@@V?$allocator@UNeuron@@@std@@@std@@IAEXI@Z 10054830     NeuronLayer.obj
 0002:0001d854       __unwindtable$?getWeights@NeuronLayer@@QBE?AV?$vector@V?$vector@MV?$allocator@M@std@@@std@@V?$allocator@V?$vector@MV?$allocator@M@std@@@std@@@2@@std@@XZ 10054854     NeuronLayer.obj
 0002:0001d85c       __unwindtable$??0NeuronLayer@@QAE@HH@Z 1005485c     NeuronLayer.obj
 0002:0001d86c       __unwindtable$??0NeuronLayer@@QAE@V?$vector@V?$vector@MV?$allocator@M@std@@@std@@V?$allocator@V?$vector@MV?$allocator@M@std@@@std@@@2@@std@@@Z 1005486c     NeuronLayer.obj
 0002:0001d884       __ehfuncinfo$?getWeights@NeuronLayer@@QBE?AV?$vector@V?$vector@MV?$allocator@M@std@@@std@@V?$allocator@V?$vector@MV?$allocator@M@std@@@std@@@2@@std@@XZ 10054884     NeuronLayer.obj
 0002:0001d8a8       __ehfuncinfo$??0NeuronLayer@@QAE@V?$vector@V?$vector@MV?$allocator@M@std@@@std@@V?$allocator@V?$vector@MV?$allocator@M@std@@@std@@@2@@std@@@Z 100548a8     NeuronLayer.obj
 0002:0001d8cc       __ehfuncinfo$??0NeuronLayer@@QAE@HH@Z 100548cc     NeuronLayer.obj
 0002:0001d8f0       __catchsym$??$_Uninit_move@PAUNeuron@@PAU1@V?$allocator@UNeuron@@@std@@U1@@std@@YAPAUNeuron@@PAU1@00AAU?$_Wrap_alloc@V?$allocator@UNeuron@@@std@@@0@0U_Nonscalar_ptr_iterator_tag@0@@Z$5 100548f0     NeuronLayer.obj
 0002:0001d900       __tryblocktable$??$_Uninit_move@PAUNeuron@@PAU1@V?$allocator@UNeuron@@@std@@U1@@std@@YAPAUNeuron@@PAU1@00AAU?$_Wrap_alloc@V?$allocator@UNeuron@@@std@@@0@0U_Nonscalar_ptr_iterator_tag@0@@Z 10054900     NeuronLayer.obj
 0002:0001d914       __unwindtable$??$_Uninit_move@PAUNeuron@@PAU1@V?$allocator@UNeuron@@@std@@U1@@std@@YAPAUNeuron@@PAU1@00AAU?$_Wrap_alloc@V?$allocator@UNeuron@@@std@@@0@0U_Nonscalar_ptr_iterator_tag@0@@Z 10054914     NeuronLayer.obj
 0002:0001d934       __ehfuncinfo$??$_Uninit_move@PAUNeuron@@PAU1@V?$allocator@UNeuron@@@std@@U1@@std@@YAPAUNeuron@@PAU1@00AAU?$_Wrap_alloc@V?$allocator@UNeuron@@@std@@@0@0U_Nonscalar_ptr_iterator_tag@0@@Z 10054934     NeuronLayer.obj
 0002:0001d958       __unwindtable$?initTrack@@YAXHPAUtTrack@@PAXPAPAXPAUSituation@@@Z 10054958     stig.obj
 0002:0001d960       __unwindtable$?drive@@YAXHPAUCarElt@@PAUSituation@@@Z 10054960     stig.obj
 0002:0001d970       __unwindtable$?newrace@@YAXHPAUCarElt@@PAUSituation@@@Z 10054970     stig.obj
 0002:0001d988       __ehfuncinfo$?newrace@@YAXHPAUCarElt@@PAUSituation@@@Z 10054988     stig.obj
 0002:0001d9ac       __ehfuncinfo$?drive@@YAXHPAUCarElt@@PAUSituation@@@Z 100549ac     stig.obj
 0002:0001d9d0       __ehfuncinfo$?initTrack@@YAXHPAUtTrack@@PAXPAPAXPAUSituation@@@Z 100549d0     stig.obj
 0002:0001d9f4       __unwindtable$??0TrackDesc@@QAE@PBUtTrack@@@Z 100549f4     trackdesc.obj
 0002:0001d9fc       __ehfuncinfo$??0TrackDesc@@QAE@PBUtTrack@@@Z 100549fc     trackdesc.obj
 0002:0001daec       __unwindtable$?_Locimp_dtor@_Locimp@locale@std@@CAXPAV123@@Z 10054aec     libcpmt:locale0.obj
 0002:0001daec       __unwindtable$?_Init@locale@std@@CAPAV_Locimp@12@_N@Z 10054aec     libcpmt:locale0.obj
 0002:0001daf4       __ehfuncinfo$?_Init@locale@std@@CAPAV_Locimp@12@_N@Z 10054af4     libcpmt:locale0.obj
 0002:0001daf4       __ehfuncinfo$?_Locimp_dtor@_Locimp@locale@std@@CAXPAV123@@Z 10054af4     libcpmt:locale0.obj
 0002:0001db18       __sehtable$_printf         10054b18     LIBCMT:printf.obj
 0002:0001db38       __sehtable$__onexit        10054b38     LIBCMT:onexit.obj
 0002:0001db58       __sehtable$_fclose         10054b58     LIBCMT:fclose.obj
 0002:0001db78       __sehtable$_fflush         10054b78     LIBCMT:fflush.obj
 0002:0001db98       __sehtable$_flsall         10054b98     LIBCMT:fflush.obj
 0002:0001dbc0       __sehtable$_fgetc          10054bc0     LIBCMT:fgetc.obj
 0002:0001dbe0       __sehtable$_fputc          10054be0     LIBCMT:fputc.obj
 0002:0001dc00       __sehtable$__fseeki64      10054c00     LIBCMT:fseeki64.obj
 0002:0001dc20       __sehtable$_fwrite         10054c20     LIBCMT:fwrite.obj
 0002:0001dc40       __sehtable$_setvbuf        10054c40     LIBCMT:setvbuf.obj
 0002:0001dc60       __sehtable$_ungetc         10054c60     LIBCMT:ungetc.obj
 0002:0001dc80       __sehtable$__fsopen        10054c80     LIBCMT:fopen.obj
 0002:0001dca0       __sehtable$_fprintf        10054ca0     LIBCMT:fprintf.obj
 0002:0001dcc0       __sehtable$??_L@YGXPAXIHP6EX0@Z1@Z 10054cc0     LIBCMT:ehvecctr.obj
 0002:0001dce0       __sehtable$??_M@YGXPAXIHP6EX0@Z@Z 10054ce0     LIBCMT:ehvecdtr.obj
 0002:0001dd00       __sehtable$?__ArrayUnwind@@YGXPAXIHP6EX0@Z@Z 10054d00     LIBCMT:ehvecdtr.obj
 0002:0001dd20       __sehtable$__CRT_INIT@12   10054d20     LIBCMT:dllcrt0.obj
 0002:0001dd40       __sehtable$___DllMainCRTStartup 10054d40     LIBCMT:dllcrt0.obj
 0002:0001dd60       __sehtable$_doexit         10054d60     LIBCMT:crt0dat.obj
 0002:0001dd80       __sehtable$__mtinitlocknum 10054d80     LIBCMT:mlock.obj
 0002:0001dda0       __sehtable$___FrameUnwindToState 10054da0     LIBCMT:frame.obj
 0002:0001ddc8       __sehtable$?CallCatchBlock@@YAPAXPAUEHExceptionRecord@@PAUEHRegistrationNode@@PAU_CONTEXT@@PBU_s_FuncInfo@@PAXHK@Z 10054dc8     LIBCMT:frame.obj
 0002:0001ddf0       __sehtable$___BuildCatchObject 10054df0     LIBCMT:frame.obj
 0002:0001de10       __sehtable$___DestructExceptionObject 10054e10     LIBCMT:frame.obj
 0002:0001de2c       __catchsym$?CallUnexpected@@YAXPBU_s_ESTypeList@@@Z$2 10054e2c     LIBCMT:frame.obj
 0002:0001de3c       __unwindtable$?CallUnexpected@@YAXPBU_s_ESTypeList@@@Z 10054e3c     LIBCMT:frame.obj
 0002:0001de4c       __tryblocktable$?CallUnexpected@@YAXPBU_s_ESTypeList@@@Z 10054e4c     LIBCMT:frame.obj
 0002:0001de60       __ehfuncinfo$?CallUnexpected@@YAXPBU_s_ESTypeList@@@Z 10054e60     LIBCMT:frame.obj
 0002:0001de88       __sehtable$___BuildCatchObjectHelper 10054e88     LIBCMT:frame.obj
 0002:0001dee0       __sehtable$_setlocale      10054ee0     LIBCMT:setlocal.obj
 0002:0001df00       __sehtable$_fseek          10054f00     LIBCMT:fseek.obj
 0002:0001df20       __sehtable$_vprintf_helper 10054f20     LIBCMT:vprintf.obj
 0002:0001df40       __sehtable$__freefls@4     10054f40     LIBCMT:tidtable.obj
 0002:0001df68       __sehtable$__initptd       10054f68     LIBCMT:tidtable.obj
 0002:0001df90       __sehtable$?terminate@@YAXXZ 10054f90     LIBCMT:hooks.obj
 0002:0001dfb0       __sehtable$?_inconsistency@@YAXXZ 10054fb0     LIBCMT:hooks.obj
 0002:0001dfd0       __sehtable$__close         10054fd0     LIBCMT:close.obj
 0002:0001dff0       __sehtable$__commit        10054ff0     LIBCMT:commit.obj
 0002:0001e010       __sehtable$__write         10055010     LIBCMT:write.obj
 0002:0001e030       __sehtable$__ioinit        10055030     LIBCMT:ioinit.obj
 0002:0001e050       __sehtable$__ftelli64      10055050     LIBCMT:ftelli64.obj
 0002:0001e070       __sehtable$__lseeki64      10055070     LIBCMT:lseeki64.obj
 0002:0001e090       __sehtable$__fcloseall     10055090     LIBCMT:closeall.obj
 0002:0001e0b0       __sehtable$___updatetlocinfo 100550b0     LIBCMT:localref.obj
 0002:0001e0d0       __sehtable$?_Type_info_dtor@type_info@@CAXPAV1@@Z 100550d0     LIBCMT:typname.obj
 0002:0001e0f0       __sehtable$__getstream     100550f0     LIBCMT:stream.obj
 0002:0001e110       __sehtable$___set_fpsr_sse2 10055110     LIBCMT:fpctrl.obj
 0002:0001e130       __sehtable$__IsNonwritableInCurrentImage 10055130     LIBCMT:pesect.obj
 0002:0001e150       __sehtable$_raise          10055150     LIBCMT:winsig.obj
 0002:0001e170       __sehtable$___updatetmbcinfo 10055170     LIBCMT:mbctype.obj
 0002:0001e190       __sehtable$__setmbcp       10055190     LIBCMT:mbctype.obj
 0002:0001e1b0       __sehtable$__wsetlocale    100551b0     LIBCMT:wsetloca.obj
 0002:0001e1e8       __sehtable$__locterm       100551e8     LIBCMT:wsetloca.obj
 0002:0001e208       __sehtable$__lseek         10055208     LIBCMT:lseek.obj
 0002:0001e228       __sehtable$__alloc_osfhnd  10055228     LIBCMT:osfinfo.obj
 0002:0001e250       __sehtable$___lock_fhandle 10055250     LIBCMT:osfinfo.obj
 0002:0001e270       __sehtable$__read          10055270     LIBCMT:read.obj
 0002:0001e290       __sehtable$__sopen_helper  10055290     LIBCMT:open.obj
 0002:0001e5e0       .idata$6                   100555e0     client:client.dll
 0002:0001e6a8       .idata$6                   100556a8     tgf:tgf.dll
 0002:0001e6dc       .idata$6                   100556dc     robottools:robottools.dll
 0002:0001ec30       .idata$6                   10055c30     kernel32:KERNEL32.dll
 0002:0001ec40       .edata                     10055c40     stig.exp
 0002:0001ec68       rgpv                       10055c68     stig.exp
 0002:0001ec6c       rgszName                   10055c6c     stig.exp
 0002:0001ec70       rgwOrd                     10055c70     stig.exp
 0002:0001ec72       szName                     10055c72     stig.exp
 0002:0001ec7b       $N00001                    10055c7b     stig.exp
 0003:00000468       _color                     10056468     stig.obj
 0003:00000478       _masterPlayer              10056478     stig.obj
 0003:0000047c       _lastKeyUpdate             1005647c     stig.obj
 0003:00000480       ?firstTime@?1??common_drive@@YAXHPAUCarElt@@PAUSituation@@@Z@4HA 10056480     stig.obj
 0003:00000950       _controlList               10056950     pref.obj
 0003:00000980       __ulSeverityText           10056980     ul_vs2008_32:ulError.obj
 0003:0000098c       _init                      1005698c     libcpmt:xlock.obj
 0003:00000a30       _atcount_cdecl             10056a30     libcpmt:iosptrs.obj
 0003:00000ef0       _NAME_                     10056ef0     LIBCMT:sqrt.obj
 0003:00000f00       _NAME_                     10056f00     LIBCMT:asin.obj
 0003:00000f10       _NAME_                     10056f10     LIBCMT:acos.obj
 0003:00000f20       _NAME_                     10056f20     LIBCMT:sin.obj
 0003:00000f30       _NAME_                     10056f30     LIBCMT:cos.obj
 0003:00000f40       _NAME_                     10056f40     LIBCMT:tan.obj
 0003:00000f48       __locktable                10056f48     LIBCMT:mlock.obj
 0003:00001098       _errtable                  10057098     LIBCMT:dosmap.obj
 0003:00001200       _ErrnoNoMem                10057200     LIBCMT:dosmap.obj
 0003:00001204       _DoserrorNoMem             10057204     LIBCMT:dosmap.obj
 0003:00001208       ?isPackaged@?1??__crtIsPackagedApp@@9@9 10057208     LIBCMT:winapisupp.obj
 0003:00001230       _newcw                     10057230     LIBCMT:ceil.obj
 0003:00001508       ?_names@?1??_get_fname@@9@9 10057508     LIBCMT:fpexcept.obj
 0003:000015f0       _over                      100575f0     LIBCMT:fpctrl.obj
 0003:000015fc       _under                     100575fc     LIBCMT:fpctrl.obj
 0003:00001608       ?__DAZ_ENABLED@?1??__set_fpsr_sse2@@9@9 10057608     LIBCMT:fpctrl.obj
 0003:00001618       POW_name                   10057618     LIBCMT:pow.obj
 0003:00001620       _NAME_                     10057620     LIBCMT:atan.obj
 0003:00001628       _newcw                     10057628     LIBCMT:floor.obj
 0003:00001634       ___rgctypeflag             10057634     LIBCMT:mbctype.obj
 0003:00001638       ___rgcode_page_info        10057638     LIBCMT:mbctype.obj
 0003:00001b50       __ctype_loc_style          10057b50     LIBCMT:wsetloca.obj
 0003:00001b60       _dststart                  10057b60     LIBCMT:tzset.obj
 0003:00001b6c       _dstend                    10057b6c     LIBCMT:tzset.obj
 0003:00001b88       _tzstd                     10057b88     LIBCMT:timeset.obj
 0003:00001bc8       _tzdst                     10057bc8     LIBCMT:timeset.obj
 0003:00001d98       _DoubleFormat              10057d98     LIBCMT:intrncvt.obj
 0003:00001db0       _FloatFormat               10057db0     LIBCMT:intrncvt.obj
 0003:000020a0       _allocator_arg             100580a0     NeuralNetwork.obj
 0003:000020a1       _piecewise_construct       100580a1     NeuralNetwork.obj
 0003:000020c4       _allocator_arg             100580c4     NeuronLayer.obj
 0003:000020c5       _piecewise_construct       100580c5     NeuronLayer.obj
 0003:000020f4       _joyInfo                   100580f4     stig.obj
 0003:000020f8       _mouseInfo                 100580f8     stig.obj
 0003:000020fc       _speedLimiter              100580fc     stig.obj
 0003:00002100       _firstTime                 10058100     stig.obj
 0003:00002104       _neuralNetwork             10058104     stig.obj
 0003:00002108       _sensors                   10058108     stig.obj
 0003:0000210c       _myCar                     1005810c     stig.obj
 0003:00002110       _trackDesc                 10058110     stig.obj
 0003:00002114       _allocator_arg             10058114     stig.obj
 0003:00002115       _piecewise_construct       10058115     stig.obj
 0003:00002118       _curTrack                  10058118     stig.obj
 0003:0000211c       _Vtarget                   1005811c     stig.obj
 0003:00002120       _keyInfo                   10058120     stig.obj
 0003:00002d20       _skeyInfo                  10058d20     stig.obj
 0003:00003920       _currentKey                10059920     stig.obj
 0003:00003d20       _currentSKey               10059d20     stig.obj
 0003:00004128       __ulErrorBuffer            1005a128     ul_vs2008_32:ulError.obj
 0003:00004528       __ulErrorCB                1005a528     ul_vs2008_32:ulError.obj
 0003:00004530       _initlocks                 1005a530     libcpmt:xlock.obj
 0003:00004538       _mtx                       1005a538     libcpmt:xlock.obj
 0003:00004598       __Tuple_alloc              1005a598     libcpmt:xthrow.obj
 0003:00004599       _ignore                    1005a599     libcpmt:xthrow.obj
 0003:0000459a       _allocator_arg             1005a59a     libcpmt:xthrow.obj
 0003:0000459b       _piecewise_construct       1005a59b     libcpmt:xthrow.obj
 0003:000045b0       _global_locale             1005a5b0     libcpmt:locale0.obj
 0003:000045b4       __Fac_head                 1005a5b4     libcpmt:locale0.obj
 0003:000045c0       _allocator_arg             1005a5c0     libcpmt:locale0.obj
 0003:000045c1       _piecewise_construct       1005a5c1     libcpmt:locale0.obj
 0003:000045c2       __Fac_tidy_reg             1005a5c2     libcpmt:locale0.obj
 0003:000045cc       _classic_locale            1005a5cc     libcpmt:locale0.obj
 0003:000045d4       ?registered@?1??_Setgloballocale@locale@std@@CAXPAX@Z@4_NA 1005a5d4     libcpmt:locale0.obj
 0003:000045d5       _allocator_arg             1005a5d5     libcpmt:syserror.obj
 0003:000045d6       _piecewise_construct       1005a5d6     libcpmt:syserror.obj
 0003:000045d8       _stdstr                    1005a5d8     libcpmt:ios.obj
 0003:00004600       _stdopens                  1005a600     libcpmt:ios.obj
 0003:00004610       _allocator_arg             1005a610     libcpmt:ios.obj
 0003:00004611       _piecewise_construct       1005a611     libcpmt:ios.obj
 0003:00004612       _allocator_arg             1005a612     libcpmt:fiopen.obj
 0003:00004613       _piecewise_construct       1005a613     libcpmt:fiopen.obj
 0003:00004634       _atfuns_cdecl              1005a634     libcpmt:iosptrs.obj
 0003:0000465c       _initlocks                 1005a65c     libcpmt:iosptrs.obj
 0003:0000465d       _allocator_arg             1005a65d     libcpmt:iosptrs.obj
 0003:0000465e       _piecewise_construct       1005a65e     libcpmt:iosptrs.obj
 0003:0000465f       _init_atexit               1005a65f     libcpmt:iosptrs.obj
 0003:00004660       _allocator_arg             1005a660     libcpmt:locale.obj
 0003:00004661       _piecewise_construct       1005a661     libcpmt:locale.obj
 0003:00004668       _allocator_arg             1005a668     libcpmt:wlocale.obj
 0003:00004669       _piecewise_construct       1005a669     libcpmt:wlocale.obj
 0003:000046c0       _allocator_arg             1005a6c0     libcpmt:xlocale.obj
 0003:000046c1       _piecewise_construct       1005a6c1     libcpmt:xlocale.obj
 0003:000046e4       _allocator_arg             1005a6e4     libcpmt:xdateord.obj
 0003:000046e5       _piecewise_construct       1005a6e5     libcpmt:xdateord.obj
 0003:00004700       ___enable_percent_n        1005a700     LIBCMT:printf.obj
 0003:00004714       ___proc_attached           1005a714     LIBCMT:dllcrt0.obj
 0003:00004758       _lclcritsects              1005a758     LIBCMT:mlock.obj
 0003:000048ac       ___crtCallProc             1005a8ac     LIBCMT:winapinls.obj
 0003:000048c0       __pmatherr_set             1005a8c0     LIBCMT:libm_error.obj
 0003:000048d0       ?outmsg@?8??_NMSG_WRITE@@9@9 1005a8d0     LIBCMT:crt0msg.obj
 0003:00005008       ___type_info_root_node     1005b008     LIBCMT:typname.obj
 0003:00005018       ?_pgmname@?1??_setargv@@9@9 1005b018     LIBCMT:stdargv.obj
 0003:00005120       _g_pfnRtlGenRandom         1005b120     LIBCMT:rand_s.obj
 0003:00005124       _ctrlc_action              1005b124     LIBCMT:winsig.obj
 0003:00005128       _ctrlbreak_action          1005b128     LIBCMT:winsig.obj
 0003:0000512c       _abort_action              1005b12c     LIBCMT:winsig.obj
 0003:00005130       _term_action               1005b130     LIBCMT:winsig.obj
 0003:00005134       _ConsoleCtrlHandler_Installed 1005b134     LIBCMT:winsig.obj
 0003:00005150       _fSystemSet                1005b150     LIBCMT:mbctype.obj
 0003:00005158       _GS_ExceptionRecord        1005b158     LIBCMT:gs_report.obj
 0003:000051a8       _GS_ContextRecord          1005b1a8     LIBCMT:gs_report.obj
 0003:00005474       _DebuggerWasPresent        1005b474     LIBCMT:gs_report.obj
 0003:00005480       _lastTZ                    1005b480     LIBCMT:tzset.obj
 0003:00005484       ?first_time@?1??__tzset@@9@9 1005b484     LIBCMT:tzset.obj
 0003:00005488       _tzapiused                 1005b488     LIBCMT:tzset.obj
 0003:00005490       _tzinfo                    1005b490     LIBCMT:tzset.obj
 0003:00005544       ?pfnMessageBox@?1??__crtMessageBoxW@@9@9 1005b544     LIBCMT:crtmboxw.obj
 0003:00005548       ?pfnGetActiveWindow@?1??__crtMessageBoxW@@9@9 1005b548     LIBCMT:crtmboxw.obj
 0003:0000554c       ?pfnGetLastActivePopup@?1??__crtMessageBoxW@@9@9 1005b54c     LIBCMT:crtmboxw.obj
 0003:00005550       ?pfnGetProcessWindowStation@?1??__crtMessageBoxW@@9@9 1005b550     LIBCMT:crtmboxw.obj
 0003:00005554       ?pfnGetUserObjectInformation@?1??__crtMessageBoxW@@9@9 1005b554     LIBCMT:crtmboxw.obj
 0003:00005580       _heap                      1005b580     LIBCMT:undname.obj
