 ANN_Bot

 Timestamp is 5183047b (Fri May 03 02:27:39 2013)

 Preferred load address is 10000000

 Start         Length     Name                   Class
 0001:00000000 00068004H .text                   CODE
 0001:00068010 00000833H .text$x                 CODE
 0001:00068850 000003adH .text$yc                CODE
 0001:00068c00 0000006fH .text$yd                CODE
 0002:00000000 00000198H .idata$5                DATA
 0002:00000198 00000004H .CRT$XCA                DATA
 0002:0000019c 00000004H .CRT$XCC                DATA
 0002:000001a0 00000070H .CRT$XCU                DATA
 0002:00000210 00000004H .CRT$XCZ                DATA
 0002:00000214 00000004H .CRT$XIA                DATA
 0002:00000218 00000014H .CRT$XIC                DATA
 0002:0000022c 00000004H .CRT$XIZ                DATA
 0002:00000230 00000004H .CRT$XPA                DATA
 0002:00000234 00000008H .CRT$XPX                DATA
 0002:0000023c 00000004H .CRT$XPXA               DATA
 0002:00000240 00000004H .CRT$XPZ                DATA
 0002:00000244 00000004H .CRT$XTA                DATA
 0002:00000248 00000004H .CRT$XTZ                DATA
 0002:00000250 00018c00H .rdata                  DATA
 0002:00018e50 00000084H .rdata$debug            DATA
 0002:00018ed4 000008a8H .rdata$r                DATA
 0002:00019780 000000c4H .rdata$sxdata           DATA
 0002:00019844 00000004H .rtc$IAA                DATA
 0002:00019848 00000028H .rtc$IMZ                DATA
 0002:00019870 00000004H .rtc$IZZ                DATA
 0002:00019874 00000004H .rtc$TAA                DATA
 0002:00019878 00000028H .rtc$TMZ                DATA
 0002:000198a0 00000004H .rtc$TZZ                DATA
 0002:000198a8 00001688H .xdata$x                DATA
 0002:0001af30 0000003cH .idata$2                DATA
 0002:0001af6c 00000014H .idata$3                DATA
 0002:0001af80 00000198H .idata$4                DATA
 0002:0001b118 00000736H .idata$6                DATA
 0002:0001b850 00000046H .edata                  DATA
 0003:00000000 000017c0H .data                   DATA
 0003:000017c0 00002458H .bss                    DATA

  Address         Publics by Value              Rva+Base       Lib:Object

 0000:00000000       __except_list              00000000     <absolute>
 0000:00000031       ___safe_se_handler_count   00000031     <absolute>
 0000:00000000       ___ImageBase               10000000     <linker-defined>
 0001:00000000       ??0AnnAIController@@QAE@PAUCarElt@@@Z 10001000 f   AnnAIController.obj
 0001:00000090       ??1AnnAIController@@UAE@XZ 10001090 f   AnnAIController.obj
 0001:000000d0       ?Init@AnnAIController@@QAEXXZ 100010d0 f   AnnAIController.obj
 0001:00000140       ?Reset@AnnAIController@@QAEXXZ 10001140 f   AnnAIController.obj
 0001:00000170       ?Update@AnnAIController@@QAEXM@Z 10001170 f   AnnAIController.obj
 0001:000001a0       ??$_Allocate@U_Container_proxy@std@@@std@@YAPAU_Container_proxy@0@IPAU10@@Z 100011a0 f i AnnAIController.obj
 0001:00000200       ??$_Destroy_range@U?$_Wrap_alloc@V?$allocator@M@std@@@std@@@std@@YAXPAM0AAU?$_Wrap_alloc@V?$allocator@M@std@@@0@@Z 10001200 f i AnnAIController.obj
 0001:00000250       ??$_Destroy_range@U?$_Wrap_alloc@V?$allocator@M@std@@@std@@@std@@YAXPAM0AAU?$_Wrap_alloc@V?$allocator@M@std@@@0@U_Scalar_ptr_iterator_tag@0@@Z 10001250 f i AnnAIController.obj
 0001:00000260       ??$_Ptr_cat@MM@std@@YA?AU_Scalar_ptr_iterator_tag@0@PAM0@Z 10001260 f i AnnAIController.obj
 0001:000002b0       ??$construct@U_Container_proxy@std@@U12@@?$allocator@U_Container_proxy@std@@@std@@QAEXPAU_Container_proxy@1@$$QAU21@@Z 100012b0 f i AnnAIController.obj
 0001:00000360       ??$destroy@U_Container_proxy@std@@@?$allocator@U_Container_proxy@std@@@std@@QAEXPAU_Container_proxy@1@@Z 10001360 f i AnnAIController.obj
 0001:00000380       ??$forward@U_Container_proxy@std@@@std@@YA$$QAU_Container_proxy@0@AAU10@@Z 10001380 f i AnnAIController.obj
 0001:00000390       ??0?$_Vector_alloc@$0A@U?$_Vec_base_types@MV?$allocator@M@std@@@std@@@std@@QAE@ABV?$allocator@M@1@@Z 10001390 f i AnnAIController.obj
 0001:00000400       ??0?$_Vector_val@U?$_Simple_types@M@std@@@std@@QAE@XZ 10001400 f i AnnAIController.obj
 0001:00000450       ??0?$_Wrap_alloc@V?$allocator@M@std@@@std@@QAE@XZ 10001450 f i AnnAIController.obj
 0001:00000480       ??0?$allocator@M@std@@QAE@XZ 10001480 f i AnnAIController.obj
 0001:000004a0       ??0?$allocator@U_Container_proxy@std@@@std@@QAE@XZ 100014a0 f i AnnAIController.obj
 0001:000004c0       ??0?$vector@MV?$allocator@M@std@@@std@@QAE@XZ 100014c0 f i AnnAIController.obj
 0001:00000500       ??0_Container_base12@std@@QAE@XZ 10001500 f i AnnAIController.obj
 0001:00000520       ??0_Container_proxy@std@@QAE@XZ 10001520 f i AnnAIController.obj
 0001:00000550       ??1?$_Vector_alloc@$0A@U?$_Vec_base_types@MV?$allocator@M@std@@@std@@@std@@QAE@XZ 10001550 f i AnnAIController.obj
 0001:00000580       ??1?$_Vector_val@U?$_Simple_types@M@std@@@std@@QAE@XZ 10001580 f i AnnAIController.obj
 0001:000005b0       ??1?$vector@MV?$allocator@M@std@@@std@@QAE@XZ 100015b0 f i AnnAIController.obj
 0001:000005e0       ??1_Container_base12@std@@QAE@XZ 100015e0 f i AnnAIController.obj
 0001:00000610       ??2@YAPAXIPAX@Z            10001610 f i AnnAIController.obj
 0001:00000620       ??3@YAXPAX0@Z              10001620 f i AnnAIController.obj
 0001:00000630       ??_EAnnAIController@@UAEPAXI@Z 10001630 f i AnnAIController.obj
 0001:00000630       ??_GAnnAIController@@UAEPAXI@Z 10001630 f i AnnAIController.obj
 0001:00000670       ?_Alloc_proxy@?$_Vector_alloc@$0A@U?$_Vec_base_types@MV?$allocator@M@std@@@std@@@std@@QAEXXZ 10001670 f i AnnAIController.obj
 0001:00000710       ?_Destroy@?$vector@MV?$allocator@M@std@@@std@@IAEXPAM0@Z 10001710 f i AnnAIController.obj
 0001:00000790       ?_Free_proxy@?$_Vector_alloc@$0A@U?$_Vec_base_types@MV?$allocator@M@std@@@std@@@std@@QAEXXZ 10001790 f i AnnAIController.obj
 0001:00000820       ?_Getal@?$_Vector_alloc@$0A@U?$_Vec_base_types@MV?$allocator@M@std@@@std@@@std@@QBE?AU?$_Wrap_alloc@V?$allocator@M@std@@@2@XZ 10001820 f i AnnAIController.obj
 0001:00000850       ?_Orphan_all@_Container_base12@std@@QAEXXZ 10001850 f i AnnAIController.obj
 0001:00000900       ?_Tidy@?$vector@MV?$allocator@M@std@@@std@@IAEXXZ 10001900 f i AnnAIController.obj
 0001:000009a0       ?allocate@?$allocator@U_Container_proxy@std@@@std@@QAEPAU_Container_proxy@2@I@Z 100019a0 f i AnnAIController.obj
 0001:000009d0       ?clear@?$vector@MV?$allocator@M@std@@@std@@QAEXXZ 100019d0 f i AnnAIController.obj
 0001:00000a20       ?deallocate@?$_Wrap_alloc@V?$allocator@M@std@@@std@@QAEXPAMI@Z 10001a20 f i AnnAIController.obj
 0001:00000a50       ?deallocate@?$allocator@M@std@@QAEXPAMI@Z 10001a50 f i AnnAIController.obj
 0001:00000a80       ?deallocate@?$allocator@U_Container_proxy@std@@@std@@QAEXPAU_Container_proxy@2@I@Z 10001a80 f i AnnAIController.obj
 0001:00000ab0       ?sgdMakeCoordMat4@@YAXQAY03NPBUsgdCoord@@@Z 10001ab0 f i AnnAIController.obj
 0001:00000ae0       ?sgdMakeCoordMat4@@YAXQAY03NQBN1@Z 10001ae0 f i AnnAIController.obj
 0001:00000da0       _ANN_Bot                   10001da0 f   ANN_Bot.obj
 0001:00000e60       ??_GDriver@@QAEPAXI@Z      10001e60 f i ANN_Bot.obj
 0001:00000ea0       ?update@SingleCardata@@QAEXXZ 10001ea0 f   cardata.obj
 0001:00001030       ?getSpeed@SingleCardata@@KAMPAUCarElt@@M@Z 10002030 f   cardata.obj
 0001:00001110       ??0Cardata@@QAE@PAUSituation@@@Z 10002110 f   cardata.obj
 0001:000011c0       ??1Cardata@@QAE@XZ         100021c0 f   cardata.obj
 0001:00001200       ?update@Cardata@@QAEXXZ    10002200 f   cardata.obj
 0001:00001260       ?findCar@Cardata@@QAEPAVSingleCardata@@PAUCarElt@@@Z 10002260 f   cardata.obj
 0001:000012d0       ??0?$v2t@M@@QAE@XZ         100022d0 f i cardata.obj
 0001:000012f0       ??D?$v2t@M@@QBEMABV0@@Z    100022f0 f i cardata.obj
 0001:00001340       ?cos@@YAMM@Z               10002340 f i cardata.obj
 0001:00001360       ?init@SingleCardata@@QAEXPAUCarElt@@@Z 10002360 f i cardata.obj
 0001:00001380       ?sin@@YAMM@Z               10002380 f i cardata.obj
 0001:000013a0       ?thisCar@SingleCardata@@QAE_NPAUCarElt@@@Z 100023a0 f i cardata.obj
 0001:000013e0       _cosf                      100023e0 f i cardata.obj
 0001:00001440       _sinf                      10002440 f i cardata.obj
 0001:000014a0       ??0Driver@@QAE@H@Z         100024a0 f   driver.obj
 0001:000014c0       ??1Driver@@QAE@XZ          100024c0 f   driver.obj
 0001:00001600       ?initTrack@Driver@@QAEXPAUtTrack@@PAXPAPAXPAUSituation@@@Z 10002600 f   driver.obj
 0001:00001880       ?newRace@Driver@@QAEXPAUCarElt@@PAUSituation@@@Z 10002880 f   driver.obj
 0001:00001bb0       ?drive@Driver@@QAEXPAUSituation@@@Z 10002bb0 f   driver.obj
 0001:00001da0       ?pitCommand@Driver@@QAEHPAUSituation@@@Z 10002da0 f   driver.obj
 0001:00001e40       ?endRace@Driver@@QAEXPAUSituation@@@Z 10002e40 f   driver.obj
 0001:00001e60       ?isStuck@Driver@@AAE_NXZ   10002e60 f   driver.obj
 0001:00001f70       ?update@Driver@@AAEXPAUSituation@@@Z 10002f70 f   driver.obj
 0001:00002200       ?getAllowedSpeed@Driver@@AAEMPAUtrackSeg@@@Z 10003200 f   driver.obj
 0001:000023f0       ?getAccel@Driver@@AAEMXZ   100033f0 f   driver.obj
 0001:000024e0       ?getDistToSegEnd@Driver@@AAEMXZ 100034e0 f   driver.obj
 0001:00002580       ?getBrake@Driver@@AAEMXZ   10003580 f   driver.obj
 0001:00002740       ?getGear@Driver@@AAEHXZ    10003740 f   driver.obj
 0001:000028c0       ?getSteer@Driver@@AAEMXZ   100038c0 f   driver.obj
 0001:00002a10       ?getClutch@Driver@@AAEMXZ  10003a10 f   driver.obj
 0001:00002ce0       ?getTargetPoint@Driver@@AAE?AV?$v2t@M@@XZ 10003ce0 f   driver.obj
 0001:000031c0       ?getOffset@Driver@@AAEMXZ  100041c0 f   driver.obj
 0001:000039a0       ?brakedist@Driver@@AAEMMM@Z 100049a0 f   driver.obj
 0001:00003a80       ?filterOverlap@Driver@@AAEMM@Z 10004a80 f   driver.obj
 0001:00003b20       ?filterBColl@Driver@@AAEMM@Z 10004b20 f   driver.obj
 0001:00003c10       ?filterABS@Driver@@AAEMM@Z 10004c10 f   driver.obj
 0001:00003d40       ?filterBPit@Driver@@AAEMM@Z 10004d40 f   driver.obj
 0001:00004080       ?filterBrakeSpeed@Driver@@AAEMM@Z 10005080 f   driver.obj
 0001:00004120       ?filterTCL@Driver@@AAEMM@Z 10005120 f   driver.obj
 0001:000041e0       ?filterTrk@Driver@@AAEMM@Z 100051e0 f   driver.obj
 0001:00004380       ?filterSColl@Driver@@AAEMM@Z 10005380 f   driver.obj
 0001:00004890       ?filterTCL_RWD@Driver@@AAEMXZ 10005890 f   driver.obj
 0001:00004910       ?filterTCL_FWD@Driver@@AAEMXZ 10005910 f   driver.obj
 0001:00004990       ?filterTCL_4WD@Driver@@AAEMXZ 10005990 f   driver.obj
 0001:00004a50       ?initTCLfilter@Driver@@AAEXXZ 10005a50 f   driver.obj
 0001:00004b00       ?initCa@Driver@@AAEXXZ     10005b00 f   driver.obj
 0001:00004d80       ?initCw@Driver@@AAEXXZ     10005d80 f   driver.obj
 0001:00004e30       ?initTireMu@Driver@@AAEXXZ 10005e30 f   driver.obj
 0001:00004f70       ?computeRadius@Driver@@AAEXPAM@Z 10005f70 f   driver.obj
 0001:000050d0       ?isAlone@Driver@@AAEHXZ    100060d0 f   driver.obj
 0001:00005140       ??$?DM@@YA?AV?$v2t@M@@MABV0@@Z 10006140 f i driver.obj
 0001:00005180       ??0?$v2t@M@@QAE@MM@Z       10006180 f i driver.obj
 0001:000051b0       ??0SimpleStrategy2@@QAE@XZ 100061b0 f i driver.obj
 0001:000051e0       ??4?$v2t@M@@QAEAAV0@ABV0@@Z 100061e0 f i driver.obj
 0001:00005210       ??D?$v2t@M@@QBE?AV0@M@Z    10006210 f i driver.obj
 0001:00005260       ??G?$v2t@M@@QBE?AV0@ABV0@@Z 10006260 f i driver.obj
 0001:000052c0       ??H?$v2t@M@@QBE?AV0@ABV0@@Z 100062c0 f i driver.obj
 0001:00005320       ??_GCardata@@QAEPAXI@Z     10006320 f i driver.obj
 0001:00005360       ??_GOpponents@@QAEPAXI@Z   10006360 f i driver.obj
 0001:000053a0       ??_GPit@@QAEPAXI@Z         100063a0 f i driver.obj
 0001:000053e0       ??_GSegLearn@@QAEPAXI@Z    100063e0 f i driver.obj
 0001:00005420       ??_ESimpleStrategy2@@UAEPAXI@Z 10006420 f i driver.obj
 0001:00005420       ??_GSimpleStrategy2@@UAEPAXI@Z 10006420 f i driver.obj
 0001:00005460       ?atan2@@YAMMM@Z            10006460 f i driver.obj
 0001:00005490       ?exp@@YAMM@Z               10006490 f i driver.obj
 0001:000054b0       ?fabs@@YAMM@Z              100064b0 f i driver.obj
 0001:000054d0       ?getCarAngle@SingleCardata@@QAEMXZ 100064d0 f i driver.obj
 0001:000054f0       ?getCarPtr@Opponent@@QAEPAUCarElt@@XZ 100064f0 f i driver.obj
 0001:00005510       ?getCatchDist@Opponent@@QAEMXZ 10006510 f i driver.obj
 0001:00005530       ?getDamage@Opponent@@QAEHXZ 10006530 f i driver.obj
 0001:00005550       ?getDistance@Opponent@@QAEMXZ 10006550 f i driver.obj
 0001:00005570       ?getInPit@Pit@@QAE_NXZ     10006570 f i driver.obj
 0001:00005590       ?getNOpponents@Opponents@@QAEHXZ 10006590 f i driver.obj
 0001:000055b0       ?getNPitEnd@Pit@@QAEMXZ    100065b0 f i driver.obj
 0001:000055e0       ?getNPitLoc@Pit@@QAEMXZ    100065e0 f i driver.obj
 0001:00005610       ?getNPitStart@Pit@@QAEMXZ  10006610 f i driver.obj
 0001:00005640       ?getOpponentPtr@Opponents@@QAEPAVOpponent@@XZ 10006640 f i driver.obj
 0001:00005660       ?getPitstop@Pit@@QAE_NXZ   10006660 f i driver.obj
 0001:00005680       ?getRadius@SegLearn@@QAEMPAUtrackSeg@@@Z 10006680 f i driver.obj
 0001:000056b0       ?getSideDist@Opponent@@QAEMXZ 100066b0 f i driver.obj
 0001:000056d0       ?getSpeed@Opponent@@QAEMXZ 100066d0 f i driver.obj
 0001:00005700       ?getSpeedInTrackDirection@SingleCardata@@QAEMXZ 10006700 f i driver.obj
 0001:00005720       ?getSpeedlimit@Pit@@QAEMXZ 10006720 f i driver.obj
 0001:00005740       ?getSpeedlimitSqr@Pit@@QAEMXZ 10006740 f i driver.obj
 0001:00005760       ?getState@Opponent@@QAEHXZ 10006760 f i driver.obj
 0001:00005780       ?getTrackangle@SingleCardata@@QAEMXZ 10006780 f i driver.obj
 0001:000057a0       ?getWidth@Opponent@@QAEMXZ 100067a0 f i driver.obj
 0001:000057d0       ?getWidthOnTrack@SingleCardata@@QAEMXZ 100067d0 f i driver.obj
 0001:000057f0       ?isTeamMate@Opponent@@QAE_NXZ 100067f0 f i driver.obj
 0001:00005810       ?len@?$v2t@M@@QBEMXZ       10006810 f i driver.obj
 0001:00005860       ?log@@YAMM@Z               10006860 f i driver.obj
 0001:00005880       ?normalize@?$v2t@M@@QAEXXZ 10006880 f i driver.obj
 0001:000058e0       ?rotate@?$v2t@M@@QBE?AV1@ABV1@M@Z 100068e0 f i driver.obj
 0001:000059e0       ?sqrt@@YAMM@Z              100069e0 f i driver.obj
 0001:00005a00       ?strrchr@@YAPADPADH@Z      10006a00 f i driver.obj
 0001:00005a20       _atan2f                    10006a20 f i driver.obj
 0001:00005a80       _expf                      10006a80 f i driver.obj
 0001:00005ae0       _fabsf                     10006ae0 f i driver.obj
 0001:00005b40       _logf                      10006b40 f i driver.obj
 0001:00005ba0       _sqrtf                     10006ba0 f i driver.obj
 0001:00005c00       ??0SegLearn@@QAE@PAUtTrack@@PAUSituation@@H@Z 10006c00 f   learn.obj
 0001:00005da0       ??1SegLearn@@QAE@XZ        10006da0 f   learn.obj
 0001:00005e00       ?update@SegLearn@@QAEXPAUSituation@@PAUtTrack@@PAUCarElt@@HMMPAM@Z 10006e00 f   learn.obj
 0001:00006130       ?writeKarma@SegLearn@@AAEXXZ 10007130 f   learn.obj
 0001:00006380       ?getKarmaFilename@SegLearn@@AAEPAU_iobuf@@PAUtTrack@@PAUSituation@@H@Z 10007380 f   learn.obj
 0001:000065f0       ?tryKarmaFilename@SegLearn@@AAEPAU_iobuf@@PADHPBDH1_N@Z 100075f0 f   learn.obj
 0001:000066b0       ?readKarma@SegLearn@@AAE_NPAUtTrack@@PAUSituation@@PAMPAHH@Z 100076b0 f   learn.obj
 0001:000068a0       ?strchr@@YAPADPADH@Z       100078a0 f i learn.obj
 0001:000068c0       ??0NeuralLayer@@QAE@HHH@Z  100078c0 f   NeuralNetwork.obj
 0001:00006a80       ?Propogate@NeuralLayer@@QAEXAAV1@@Z 10007a80 f   NeuralNetwork.obj
 0001:00006aa0       ?BackPropogate@NeuralLayer@@QAEXAAV1@@Z 10007aa0 f   NeuralNetwork.obj
 0001:00006ac0       ?AdjustWeights@NeuralLayer@@QAEXAAV1@MM@Z 10007ac0 f   NeuralNetwork.obj
 0001:00006ae0       ?AddLayer@NeuralNetwork@@AAEXHHH@Z 10007ae0 f   NeuralNetwork.obj
 0001:00006b90       ??0NeuralNetwork@@QAE@HHHH@Z 10007b90 f   NeuralNetwork.obj
 0001:00006c30       ?Init@NeuralNetwork@@QAEXXZ 10007c30 f   NeuralNetwork.obj
 0001:00006d70       ?Train@NeuralNetwork@@QAEXAAV?$vector@MV?$allocator@M@std@@@std@@0@Z 10007d70 f   NeuralNetwork.obj
 0001:00006d90       ?WriteWeights@NeuralNetwork@@QAEXXZ 10007d90 f   NeuralNetwork.obj
 0001:00006db0       ?ReadWeights@NeuralNetwork@@QAEXXZ 10007db0 f   NeuralNetwork.obj
 0001:00006dd0       ??$_Allocate@M@std@@YAPAMIPAM@Z 10007dd0 f i NeuralNetwork.obj
 0001:00006e30       ??$_Allocate@PAUNeuron@@@std@@YAPAPAUNeuron@@IPAPAU1@@Z 10007e30 f i NeuralNetwork.obj
 0001:00006e90       ??$_Allocate@VNeuralLayer@@@std@@YAPAVNeuralLayer@@IPAV1@@Z 10007e90 f i NeuralNetwork.obj
 0001:00006ef0       ??$_Debug_pointer@M@std@@YAXPAMPB_WI@Z 10007ef0 f i NeuralNetwork.obj
 0001:00006f20       ??$_Debug_pointer@PAUNeuron@@@std@@YAXPAPAUNeuron@@PB_WI@Z 10007f20 f i NeuralNetwork.obj
 0001:00006f50       ??$_Debug_pointer@V?$_Vector_const_iterator@V?$_Vector_val@U?$_Simple_types@PAUNeuron@@@std@@@std@@@std@@@std@@YAXAAV?$_Vector_const_iterator@V?$_Vector_val@U?$_Simple_types@PAUNeuron@@@std@@@std@@@0@PB_WI@Z 10007f50 f i NeuralNetwork.obj
 0001:00006f60       ??$_Debug_pointer@VNeuralLayer@@@std@@YAXPAVNeuralLayer@@PB_WI@Z 10007f60 f i NeuralNetwork.obj
 0001:00006f90       ??$_Debug_range2@PAM@std@@YAXPAM0PB_WIUrandom_access_iterator_tag@0@@Z 10007f90 f i NeuralNetwork.obj
 0001:00006ff0       ??$_Debug_range2@PAPAUNeuron@@@std@@YAXPAPAUNeuron@@0PB_WIUrandom_access_iterator_tag@0@@Z 10007ff0 f i NeuralNetwork.obj
 0001:00007050       ??$_Debug_range2@PAVNeuralLayer@@@std@@YAXPAVNeuralLayer@@0PB_WIUrandom_access_iterator_tag@0@@Z 10008050 f i NeuralNetwork.obj
 0001:000070b0       ??$_Debug_range2@V?$_Vector_const_iterator@V?$_Vector_val@U?$_Simple_types@PAUNeuron@@@std@@@std@@@std@@@std@@YAXV?$_Vector_const_iterator@V?$_Vector_val@U?$_Simple_types@PAUNeuron@@@std@@@std@@@0@0PB_WIUrandom_access_iterator_tag@0@@Z 100080b0 f i NeuralNetwork.obj
 0001:00007170       ??$_Debug_range@PAM@std@@YAXPAM0PB_WI@Z 10008170 f i NeuralNetwork.obj
 0001:000071c0       ??$_Debug_range@PAPAUNeuron@@@std@@YAXPAPAUNeuron@@0PB_WI@Z 100081c0 f i NeuralNetwork.obj
 0001:00007210       ??$_Debug_range@PAVNeuralLayer@@@std@@YAXPAVNeuralLayer@@0PB_WI@Z 10008210 f i NeuralNetwork.obj
 0001:00007260       ??$_Debug_range@V?$_Vector_const_iterator@V?$_Vector_val@U?$_Simple_types@PAUNeuron@@@std@@@std@@@std@@@std@@YAXV?$_Vector_const_iterator@V?$_Vector_val@U?$_Simple_types@PAUNeuron@@@std@@@std@@@0@0PB_WI@Z 10008260 f i NeuralNetwork.obj
 0001:00007340       ??$_Destroy_range@U?$_Wrap_alloc@V?$allocator@PAUNeuron@@@std@@@std@@@std@@YAXPAPAUNeuron@@0AAU?$_Wrap_alloc@V?$allocator@PAUNeuron@@@std@@@0@@Z 10008340 f i NeuralNetwork.obj
 0001:00007390       ??$_Destroy_range@U?$_Wrap_alloc@V?$allocator@PAUNeuron@@@std@@@std@@@std@@YAXPAPAUNeuron@@0AAU?$_Wrap_alloc@V?$allocator@PAUNeuron@@@std@@@0@U_Scalar_ptr_iterator_tag@0@@Z 10008390 f i NeuralNetwork.obj
 0001:000073a0       ??$_Destroy_range@U?$_Wrap_alloc@V?$allocator@VNeuralLayer@@@std@@@std@@@std@@YAXPAVNeuralLayer@@0AAU?$_Wrap_alloc@V?$allocator@VNeuralLayer@@@std@@@0@@Z 100083a0 f i NeuralNetwork.obj
 0001:000073f0       ??$_Destroy_range@U?$_Wrap_alloc@V?$allocator@VNeuralLayer@@@std@@@std@@@std@@YAXPAVNeuralLayer@@0AAU?$_Wrap_alloc@V?$allocator@VNeuralLayer@@@std@@@0@U_Nonscalar_ptr_iterator_tag@0@@Z 100083f0 f i NeuralNetwork.obj
 0001:00007420       ??$_Iter_cat@PAM@std@@YA?AUrandom_access_iterator_tag@0@ABQAM@Z 10008420 f i NeuralNetwork.obj
 0001:00007480       ??$_Iter_cat@PAPAUNeuron@@@std@@YA?AUrandom_access_iterator_tag@0@ABQAPAUNeuron@@@Z 10008480 f i NeuralNetwork.obj
 0001:000074e0       ??$_Iter_cat@PAVNeuralLayer@@@std@@YA?AUrandom_access_iterator_tag@0@ABQAVNeuralLayer@@@Z 100084e0 f i NeuralNetwork.obj
 0001:00007540       ??$_Iter_cat@V?$_Vector_const_iterator@V?$_Vector_val@U?$_Simple_types@PAUNeuron@@@std@@@std@@@std@@@std@@YA?AUrandom_access_iterator_tag@0@ABV?$_Vector_const_iterator@V?$_Vector_val@U?$_Simple_types@PAUNeuron@@@std@@@std@@@0@@Z 10008540 f i NeuralNetwork.obj
 0001:000075a0       ??$_Ptr_cat@PAUNeuron@@PAU1@@std@@YA?AU_Scalar_ptr_iterator_tag@0@PAPAUNeuron@@0@Z 100085a0 f i NeuralNetwork.obj
 0001:000075f0       ??$_Ptr_cat@V?$_Vector_const_iterator@V?$_Vector_val@U?$_Simple_types@PAUNeuron@@@std@@@std@@@std@@PAPAUNeuron@@@std@@YA?AU_Nonscalar_ptr_iterator_tag@0@AAV?$_Vector_const_iterator@V?$_Vector_val@U?$_Simple_types@PAUNeuron@@@std@@@std@@@0@AAPAPAUNeuron@@@Z 100085f0 f i NeuralNetwork.obj
 0001:00007640       ??$_Ptr_cat@VNeuralLayer@@V1@@std@@YA?AU_Nonscalar_ptr_iterator_tag@0@PAVNeuralLayer@@0@Z 10008640 f i NeuralNetwork.obj
 0001:00007690       ??$_Ucopy@V?$_Vector_const_iterator@V?$_Vector_val@U?$_Simple_types@PAUNeuron@@@std@@@std@@@std@@@?$vector@PAUNeuron@@V?$allocator@PAUNeuron@@@std@@@std@@IAEPAPAUNeuron@@V?$_Vector_const_iterator@V?$_Vector_val@U?$_Simple_types@PAUNeuron@@@std@@@std@@@1@0PAPAU2@@Z 10008690 f i NeuralNetwork.obj
 0001:000077a0       ??$_Umove@PAM@?$vector@MV?$allocator@M@std@@@std@@IAEPAMPAM00@Z 100087a0 f i NeuralNetwork.obj
 0001:00007820       ??$_Umove@PAPAUNeuron@@@?$vector@PAUNeuron@@V?$allocator@PAUNeuron@@@std@@@std@@IAEPAPAUNeuron@@PAPAU2@00@Z 10008820 f i NeuralNetwork.obj
 0001:000078a0       ??$_Umove@PAVNeuralLayer@@@?$vector@VNeuralLayer@@V?$allocator@VNeuralLayer@@@std@@@std@@IAEPAVNeuralLayer@@PAV2@00@Z 100088a0 f i NeuralNetwork.obj
 0001:00007920       ??$_Uninit_copy@V?$_Vector_const_iterator@V?$_Vector_val@U?$_Simple_types@PAUNeuron@@@std@@@std@@@std@@PAPAUNeuron@@V?$allocator@PAUNeuron@@@2@@std@@YAPAPAUNeuron@@V?$_Vector_const_iterator@V?$_Vector_val@U?$_Simple_types@PAUNeuron@@@std@@@std@@@0@0PAPAU1@AAU?$_Wrap_alloc@V?$allocator@PAUNeuron@@@std@@@0@U_Nonscalar_ptr_iterator_tag@0@@Z 10008920 f i NeuralNetwork.obj
 0001:00007ab0       ??$_Uninit_move@MMM@std@@YAPAMPAM00AAU?$_Wrap_alloc@V?$allocator@M@std@@@0@0U_Scalar_ptr_iterator_tag@0@@Z 10008ab0 f i NeuralNetwork.obj
 0001:00007b30       ??$_Uninit_move@PAUNeuron@@PAU1@PAU1@@std@@YAPAPAUNeuron@@PAPAU1@00AAU?$_Wrap_alloc@V?$allocator@PAUNeuron@@@std@@@0@0U_Scalar_ptr_iterator_tag@0@@Z 10008b30 f i NeuralNetwork.obj
 0001:00007bb0       ??$_Uninit_move@PAVNeuralLayer@@PAV1@V?$allocator@VNeuralLayer@@@std@@V1@@std@@YAPAVNeuralLayer@@PAV1@00AAU?$_Wrap_alloc@V?$allocator@VNeuralLayer@@@std@@@0@0U_Nonscalar_ptr_iterator_tag@0@@Z 10008bb0 f i NeuralNetwork.obj
 0001:00007cb0       ??$_Uninitialized_copy@V?$_Vector_const_iterator@V?$_Vector_val@U?$_Simple_types@PAUNeuron@@@std@@@std@@@std@@PAPAUNeuron@@U?$_Wrap_alloc@V?$allocator@PAUNeuron@@@std@@@2@@std@@YAPAPAUNeuron@@V?$_Vector_const_iterator@V?$_Vector_val@U?$_Simple_types@PAUNeuron@@@std@@@std@@@0@0PAPAU1@AAU?$_Wrap_alloc@V?$allocator@PAUNeuron@@@std@@@0@@Z 10008cb0 f i NeuralNetwork.obj
 0001:00007da0       ??$_Uninitialized_move@PAMPAMU?$_Wrap_alloc@V?$allocator@M@std@@@std@@@std@@YAPAMPAM00AAU?$_Wrap_alloc@V?$allocator@M@std@@@0@@Z 10008da0 f i NeuralNetwork.obj
 0001:00007e00       ??$_Uninitialized_move@PAPAUNeuron@@PAPAU1@U?$_Wrap_alloc@V?$allocator@PAUNeuron@@@std@@@std@@@std@@YAPAPAUNeuron@@PAPAU1@00AAU?$_Wrap_alloc@V?$allocator@PAUNeuron@@@std@@@0@@Z 10008e00 f i NeuralNetwork.obj
 0001:00007e60       ??$_Uninitialized_move@PAVNeuralLayer@@PAV1@U?$_Wrap_alloc@V?$allocator@VNeuralLayer@@@std@@@std@@@std@@YAPAVNeuralLayer@@PAV1@00AAU?$_Wrap_alloc@V?$allocator@VNeuralLayer@@@std@@@0@@Z 10008e60 f i NeuralNetwork.obj
 0001:00007ec0       ??$_Val_type@PAM@std@@YAPAMPAM@Z 10008ec0 f i NeuralNetwork.obj
 0001:00007ed0       ??$_Val_type@PAPAUNeuron@@@std@@YAPAPAUNeuron@@PAPAU1@@Z 10008ed0 f i NeuralNetwork.obj
 0001:00007ee0       ??$_Val_type@PAVNeuralLayer@@@std@@YAPAVNeuralLayer@@PAV1@@Z 10008ee0 f i NeuralNetwork.obj
 0001:00007ef0       ??$addressof@M@std@@YAPAMAAM@Z 10008ef0 f i NeuralNetwork.obj
 0001:00007f00       ??$addressof@QAUNeuron@@@std@@YAPBQAUNeuron@@ABQAU1@@Z 10008f00 f i NeuralNetwork.obj
 0001:00007f10       ??$addressof@VNeuralLayer@@@std@@YAPAVNeuralLayer@@AAV1@@Z 10008f10 f i NeuralNetwork.obj
 0001:00007f20       ??$construct@MM@?$_Wrap_alloc@V?$allocator@M@std@@@std@@QAEXPAM$$QAM@Z 10008f20 f i NeuralNetwork.obj
 0001:00007f60       ??$construct@MM@?$allocator@M@std@@QAEXPAM$$QAM@Z 10008f60 f i NeuralNetwork.obj
 0001:00008010       ??$construct@MM@?$allocator_traits@V?$allocator@M@std@@@std@@SAXAAV?$allocator@M@1@PAM$$QAM@Z 10009010 f i NeuralNetwork.obj
 0001:00008040       ??$construct@PAUNeuron@@AAPAU1@@?$_Wrap_alloc@V?$allocator@PAUNeuron@@@std@@@std@@QAEXPAPAUNeuron@@AAPAU2@@Z 10009040 f i NeuralNetwork.obj
 0001:00008080       ??$construct@PAUNeuron@@AAPAU1@@?$allocator@PAUNeuron@@@std@@QAEXPAPAUNeuron@@AAPAU2@@Z 10009080 f i NeuralNetwork.obj
 0001:00008130       ??$construct@PAUNeuron@@AAPAU1@@?$allocator_traits@V?$allocator@PAUNeuron@@@std@@@std@@SAXAAV?$allocator@PAUNeuron@@@1@PAPAUNeuron@@AAPAU3@@Z 10009130 f i NeuralNetwork.obj
 0001:00008160       ??$construct@PAUNeuron@@ABQAU1@@?$_Wrap_alloc@V?$allocator@PAUNeuron@@@std@@@std@@QAEXPAPAUNeuron@@ABQAU2@@Z 10009160 f i NeuralNetwork.obj
 0001:000081a0       ??$construct@PAUNeuron@@ABQAU1@@?$allocator_traits@V?$allocator@PAUNeuron@@@std@@@std@@SAXAAV?$allocator@PAUNeuron@@@1@PAPAUNeuron@@ABQAU3@@Z 100091a0 f i NeuralNetwork.obj
 0001:000081d0       ??$construct@VNeuralLayer@@V1@@?$_Wrap_alloc@V?$allocator@VNeuralLayer@@@std@@@std@@QAEXPAVNeuralLayer@@$$QAV2@@Z 100091d0 f i NeuralNetwork.obj
 0001:00008210       ??$construct@VNeuralLayer@@V1@@?$allocator@VNeuralLayer@@@std@@QAEXPAVNeuralLayer@@$$QAV2@@Z 10009210 f i NeuralNetwork.obj
 0001:000082b0       ??$construct@VNeuralLayer@@V1@@?$allocator_traits@V?$allocator@VNeuralLayer@@@std@@@std@@SAXAAV?$allocator@VNeuralLayer@@@1@PAVNeuralLayer@@$$QAV3@@Z 100092b0 f i NeuralNetwork.obj
 0001:000082e0       ??$destroy@PAUNeuron@@@?$_Wrap_alloc@V?$allocator@PAUNeuron@@@std@@@std@@QAEXPAPAUNeuron@@@Z 100092e0 f i NeuralNetwork.obj
 0001:00008310       ??$destroy@PAUNeuron@@@?$allocator@PAUNeuron@@@std@@QAEXPAPAUNeuron@@@Z 10009310 f i NeuralNetwork.obj
 0001:00008330       ??$destroy@PAUNeuron@@@?$allocator_traits@V?$allocator@PAUNeuron@@@std@@@std@@SAXAAV?$allocator@PAUNeuron@@@1@PAPAUNeuron@@@Z 10009330 f i NeuralNetwork.obj
 0001:00008350       ??$destroy@VNeuralLayer@@@?$_Wrap_alloc@V?$allocator@VNeuralLayer@@@std@@@std@@QAEXPAVNeuralLayer@@@Z 10009350 f i NeuralNetwork.obj
 0001:00008380       ??$destroy@VNeuralLayer@@@?$allocator@VNeuralLayer@@@std@@QAEXPAVNeuralLayer@@@Z 10009380 f i NeuralNetwork.obj
 0001:000083b0       ??$destroy@VNeuralLayer@@@?$allocator_traits@V?$allocator@VNeuralLayer@@@std@@@std@@SAXAAV?$allocator@VNeuralLayer@@@1@PAVNeuralLayer@@@Z 100093b0 f i NeuralNetwork.obj
 0001:000083d0       ??$forward@AAPAUNeuron@@@std@@YAAAPAUNeuron@@AAPAU1@@Z 100093d0 f i NeuralNetwork.obj
 0001:000083e0       ??$forward@ABQAUNeuron@@@std@@YAABQAUNeuron@@ABQAU1@@Z 100093e0 f i NeuralNetwork.obj
 0001:000083f0       ??$forward@M@std@@YA$$QAMAAM@Z 100093f0 f i NeuralNetwork.obj
 0001:00008400       ??$forward@VNeuralLayer@@@std@@YA$$QAVNeuralLayer@@AAV1@@Z 10009400 f i NeuralNetwork.obj
 0001:00008410       ??0?$_Iterator012@Urandom_access_iterator_tag@std@@PAUNeuron@@HPBQAU3@ABQAU3@U_Iterator_base12@2@@std@@QAE@ABU01@@Z 10009410 f i NeuralNetwork.obj
 0001:00008440       ??0?$_Iterator012@Urandom_access_iterator_tag@std@@PAUNeuron@@HPBQAU3@ABQAU3@U_Iterator_base12@2@@std@@QAE@XZ 10009440 f i NeuralNetwork.obj
 0001:00008470       ??0?$_Vector_alloc@$0A@U?$_Vec_base_types@PAUNeuron@@V?$allocator@PAUNeuron@@@std@@@std@@@std@@QAE@ABV?$allocator@PAUNeuron@@@1@@Z 10009470 f i NeuralNetwork.obj
 0001:000084e0       ??0?$_Vector_alloc@$0A@U?$_Vec_base_types@VNeuralLayer@@V?$allocator@VNeuralLayer@@@std@@@std@@@std@@QAE@ABV?$allocator@VNeuralLayer@@@1@@Z 100094e0 f i NeuralNetwork.obj
 0001:00008550       ??0?$_Vector_const_iterator@V?$_Vector_val@U?$_Simple_types@PAUNeuron@@@std@@@std@@@std@@QAE@ABV01@@Z 10009550 f i NeuralNetwork.obj
 0001:00008590       ??0?$_Vector_const_iterator@V?$_Vector_val@U?$_Simple_types@PAUNeuron@@@std@@@std@@@std@@QAE@PAPAUNeuron@@PBU_Container_base12@1@@Z 10009590 f i NeuralNetwork.obj
 0001:00008610       ??0?$_Vector_val@U?$_Simple_types@PAUNeuron@@@std@@@std@@QAE@XZ 10009610 f i NeuralNetwork.obj
 0001:00008660       ??0?$_Vector_val@U?$_Simple_types@VNeuralLayer@@@std@@@std@@QAE@XZ 10009660 f i NeuralNetwork.obj
 0001:000086b0       ??0?$_Wrap_alloc@V?$allocator@PAUNeuron@@@std@@@std@@QAE@ABV?$allocator@PAUNeuron@@@1@@Z 100096b0 f i NeuralNetwork.obj
 0001:000086e0       ??0?$_Wrap_alloc@V?$allocator@PAUNeuron@@@std@@@std@@QAE@XZ 100096e0 f i NeuralNetwork.obj
 0001:00008710       ??0?$_Wrap_alloc@V?$allocator@VNeuralLayer@@@std@@@std@@QAE@XZ 10009710 f i NeuralNetwork.obj
 0001:00008740       ??0?$allocator@PAUNeuron@@@std@@QAE@ABV01@@Z 10009740 f i NeuralNetwork.obj
 0001:00008760       ??0?$allocator@PAUNeuron@@@std@@QAE@XZ 10009760 f i NeuralNetwork.obj
 0001:00008780       ??0?$allocator@VNeuralLayer@@@std@@QAE@XZ 10009780 f i NeuralNetwork.obj
 0001:000087a0       ??0?$vector@PAUNeuron@@V?$allocator@PAUNeuron@@@std@@@std@@QAE@ABV01@@Z 100097a0 f i NeuralNetwork.obj
 0001:000088c0       ??0?$vector@PAUNeuron@@V?$allocator@PAUNeuron@@@std@@@std@@QAE@XZ 100098c0 f i NeuralNetwork.obj
 0001:00008900       ??0?$vector@VNeuralLayer@@V?$allocator@VNeuralLayer@@@std@@@std@@QAE@XZ 10009900 f i NeuralNetwork.obj
 0001:00008940       ??0NeuralLayer@@QAE@ABV0@@Z 10009940 f i NeuralNetwork.obj
 0001:00008980       ??0Neuron@@QAE@XZ          10009980 f i NeuralNetwork.obj
 0001:000089f0       ??0_Iterator_base12@std@@QAE@ABU01@@Z 100099f0 f i NeuralNetwork.obj
 0001:00008a30       ??0_Iterator_base12@std@@QAE@XZ 10009a30 f i NeuralNetwork.obj
 0001:00008a60       ??1?$_Iterator012@Urandom_access_iterator_tag@std@@PAUNeuron@@HPBQAU3@ABQAU3@U_Iterator_base12@2@@std@@QAE@XZ 10009a60 f i NeuralNetwork.obj
 0001:00008a90       ??1?$_Vector_alloc@$0A@U?$_Vec_base_types@PAUNeuron@@V?$allocator@PAUNeuron@@@std@@@std@@@std@@QAE@XZ 10009a90 f i NeuralNetwork.obj
 0001:00008ac0       ??1?$_Vector_alloc@$0A@U?$_Vec_base_types@VNeuralLayer@@V?$allocator@VNeuralLayer@@@std@@@std@@@std@@QAE@XZ 10009ac0 f i NeuralNetwork.obj
 0001:00008af0       ??1?$_Vector_const_iterator@V?$_Vector_val@U?$_Simple_types@PAUNeuron@@@std@@@std@@@std@@QAE@XZ 10009af0 f i NeuralNetwork.obj
 0001:00008b20       ??1?$_Vector_val@U?$_Simple_types@PAUNeuron@@@std@@@std@@QAE@XZ 10009b20 f i NeuralNetwork.obj
 0001:00008b50       ??1?$_Vector_val@U?$_Simple_types@VNeuralLayer@@@std@@@std@@QAE@XZ 10009b50 f i NeuralNetwork.obj
 0001:00008b80       ??1?$vector@PAUNeuron@@V?$allocator@PAUNeuron@@@std@@@std@@QAE@XZ 10009b80 f i NeuralNetwork.obj
 0001:00008bb0       ??1?$vector@VNeuralLayer@@V?$allocator@VNeuralLayer@@@std@@@std@@QAE@XZ 10009bb0 f i NeuralNetwork.obj
 0001:00008be0       ??1NeuralLayer@@QAE@XZ     10009be0 f i NeuralNetwork.obj
 0001:00008c10       ??1_Iterator_base12@std@@QAE@XZ 10009c10 f i NeuralNetwork.obj
 0001:00008c80       ??4_Iterator_base12@std@@QAEAAU01@ABU01@@Z 10009c80 f i NeuralNetwork.obj
 0001:00008d60       ??8?$_Vector_const_iterator@V?$_Vector_val@U?$_Simple_types@PAUNeuron@@@std@@@std@@@std@@QBE_NABV01@@Z 10009d60 f i NeuralNetwork.obj
 0001:00008dc0       ??9?$_Vector_const_iterator@V?$_Vector_val@U?$_Simple_types@PAUNeuron@@@std@@@std@@@std@@QBE_NABV01@@Z 10009dc0 f i NeuralNetwork.obj
 0001:00008e10       ??A?$vector@VNeuralLayer@@V?$allocator@VNeuralLayer@@@std@@@std@@QAEAAVNeuralLayer@@I@Z 10009e10 f i NeuralNetwork.obj
 0001:00008eb0       ??D?$_Vector_const_iterator@V?$_Vector_val@U?$_Simple_types@PAUNeuron@@@std@@@std@@@std@@QBEABQAUNeuron@@XZ 10009eb0 f i NeuralNetwork.obj
 0001:00008f70       ??E?$_Vector_const_iterator@V?$_Vector_val@U?$_Simple_types@PAUNeuron@@@std@@@std@@@std@@QAEAAV01@XZ 10009f70 f i NeuralNetwork.obj
 0001:00009030       ??M?$_Vector_const_iterator@V?$_Vector_val@U?$_Simple_types@PAUNeuron@@@std@@@std@@@std@@QBE_NABV01@@Z 1000a030 f i NeuralNetwork.obj
 0001:00009090       ??_GNeuralLayer@@QAEPAXI@Z 1000a090 f i NeuralNetwork.obj
 0001:000090d0       ?_Adopt@_Iterator_base12@std@@QAEXPBU_Container_base12@2@@Z 1000a0d0 f i NeuralNetwork.obj
 0001:00009200       ?_Alloc_proxy@?$_Vector_alloc@$0A@U?$_Vec_base_types@PAUNeuron@@V?$allocator@PAUNeuron@@@std@@@std@@@std@@QAEXXZ 1000a200 f i NeuralNetwork.obj
 0001:000092a0       ?_Alloc_proxy@?$_Vector_alloc@$0A@U?$_Vec_base_types@VNeuralLayer@@V?$allocator@VNeuralLayer@@@std@@@std@@@std@@QAEXXZ 1000a2a0 f i NeuralNetwork.obj
 0001:00009340       ?_Buy@?$vector@PAUNeuron@@V?$allocator@PAUNeuron@@@std@@@std@@IAE_NI@Z 1000a340 f i NeuralNetwork.obj
 0001:000093f0       ?_Clrcont@_Iterator_base12@std@@QAEXXZ 1000a3f0 f i NeuralNetwork.obj
 0001:00009410       ?_Compat@?$_Vector_const_iterator@V?$_Vector_val@U?$_Simple_types@PAUNeuron@@@std@@@std@@@std@@QBEXABV12@@Z 1000a410 f i NeuralNetwork.obj
 0001:000094c0       ?_Destroy@?$vector@PAUNeuron@@V?$allocator@PAUNeuron@@@std@@@std@@IAEXPAPAUNeuron@@0@Z 1000a4c0 f i NeuralNetwork.obj
 0001:00009540       ?_Destroy@?$vector@VNeuralLayer@@V?$allocator@VNeuralLayer@@@std@@@std@@IAEXPAVNeuralLayer@@0@Z 1000a540 f i NeuralNetwork.obj
 0001:000095c0       ?_Free_proxy@?$_Vector_alloc@$0A@U?$_Vec_base_types@PAUNeuron@@V?$allocator@PAUNeuron@@@std@@@std@@@std@@QAEXXZ 1000a5c0 f i NeuralNetwork.obj
 0001:00009650       ?_Free_proxy@?$_Vector_alloc@$0A@U?$_Vec_base_types@VNeuralLayer@@V?$allocator@VNeuralLayer@@@std@@@std@@@std@@QAEXXZ 1000a650 f i NeuralNetwork.obj
 0001:000096e0       ?_Getal@?$_Vector_alloc@$0A@U?$_Vec_base_types@PAUNeuron@@V?$allocator@PAUNeuron@@@std@@@std@@@std@@QBE?AU?$_Wrap_alloc@V?$allocator@PAUNeuron@@@std@@@2@XZ 1000a6e0 f i NeuralNetwork.obj
 0001:00009710       ?_Getal@?$_Vector_alloc@$0A@U?$_Vec_base_types@VNeuralLayer@@V?$allocator@VNeuralLayer@@@std@@@std@@@std@@QBE?AU?$_Wrap_alloc@V?$allocator@VNeuralLayer@@@std@@@2@XZ 1000a710 f i NeuralNetwork.obj
 0001:00009740       ?_Getcont@_Iterator_base12@std@@QBEPBU_Container_base12@2@XZ 1000a740 f i NeuralNetwork.obj
 0001:00009780       ?_Getpfirst@_Container_base12@std@@QBEPAPAU_Iterator_base12@2@XZ 1000a780 f i NeuralNetwork.obj
 0001:000097c0       ?_Getpnext@_Iterator_base12@std@@QAEPAPAU12@XZ 1000a7c0 f i NeuralNetwork.obj
 0001:000097e0       ?_Grow_to@?$vector@MV?$allocator@M@std@@@std@@IBEII@Z 1000a7e0 f i NeuralNetwork.obj
 0001:00009860       ?_Grow_to@?$vector@PAUNeuron@@V?$allocator@PAUNeuron@@@std@@@std@@IBEII@Z 1000a860 f i NeuralNetwork.obj
 0001:000098e0       ?_Grow_to@?$vector@VNeuralLayer@@V?$allocator@VNeuralLayer@@@std@@@std@@IBEII@Z 1000a8e0 f i NeuralNetwork.obj
 0001:00009960       ?_Inside@?$vector@MV?$allocator@M@std@@@std@@IBE_NPBM@Z 1000a960 f i NeuralNetwork.obj
 0001:000099b0       ?_Inside@?$vector@PAUNeuron@@V?$allocator@PAUNeuron@@@std@@@std@@IBE_NPBQAUNeuron@@@Z 1000a9b0 f i NeuralNetwork.obj
 0001:00009a00       ?_Inside@?$vector@VNeuralLayer@@V?$allocator@VNeuralLayer@@@std@@@std@@IBE_NPBVNeuralLayer@@@Z 1000aa00 f i NeuralNetwork.obj
 0001:00009a50       ?_Orphan_me@_Iterator_base12@std@@QAEXXZ 1000aa50 f i NeuralNetwork.obj
 0001:00009ae0       ?_Orphan_range@?$vector@MV?$allocator@M@std@@@std@@IBEXPAM0@Z 1000aae0 f i NeuralNetwork.obj
 0001:00009bf0       ?_Orphan_range@?$vector@PAUNeuron@@V?$allocator@PAUNeuron@@@std@@@std@@IBEXPAPAUNeuron@@0@Z 1000abf0 f i NeuralNetwork.obj
 0001:00009d00       ?_Orphan_range@?$vector@VNeuralLayer@@V?$allocator@VNeuralLayer@@@std@@@std@@IBEXPAVNeuralLayer@@0@Z 1000ad00 f i NeuralNetwork.obj
 0001:00009e10       ?_Reallocate@?$vector@MV?$allocator@M@std@@@std@@IAEXI@Z 1000ae10 f i NeuralNetwork.obj
 0001:00009f70       ?_Reallocate@?$vector@PAUNeuron@@V?$allocator@PAUNeuron@@@std@@@std@@IAEXI@Z 1000af70 f i NeuralNetwork.obj
 0001:0000a0d0       ?_Reallocate@?$vector@VNeuralLayer@@V?$allocator@VNeuralLayer@@@std@@@std@@IAEXI@Z 1000b0d0 f i NeuralNetwork.obj
 0001:0000a230       ?_Reserve@?$vector@MV?$allocator@M@std@@@std@@IAEXI@Z 1000b230 f i NeuralNetwork.obj
 0001:0000a2a0       ?_Reserve@?$vector@PAUNeuron@@V?$allocator@PAUNeuron@@@std@@@std@@IAEXI@Z 1000b2a0 f i NeuralNetwork.obj
 0001:0000a310       ?_Reserve@?$vector@VNeuralLayer@@V?$allocator@VNeuralLayer@@@std@@@std@@IAEXI@Z 1000b310 f i NeuralNetwork.obj
 0001:0000a380       ?_Tidy@?$vector@PAUNeuron@@V?$allocator@PAUNeuron@@@std@@@std@@IAEXXZ 1000b380 f i NeuralNetwork.obj
 0001:0000a420       ?_Tidy@?$vector@VNeuralLayer@@V?$allocator@VNeuralLayer@@@std@@@std@@IAEXXZ 1000b420 f i NeuralNetwork.obj
 0001:0000a4c0       ?_Unused_capacity@?$vector@MV?$allocator@M@std@@@std@@QBEIXZ 1000b4c0 f i NeuralNetwork.obj
 0001:0000a4f0       ?_Unused_capacity@?$vector@PAUNeuron@@V?$allocator@PAUNeuron@@@std@@@std@@QBEIXZ 1000b4f0 f i NeuralNetwork.obj
 0001:0000a520       ?_Unused_capacity@?$vector@VNeuralLayer@@V?$allocator@VNeuralLayer@@@std@@@std@@QBEIXZ 1000b520 f i NeuralNetwork.obj
 0001:0000a550       ?_Xlen@?$vector@MV?$allocator@M@std@@@std@@IBEXXZ 1000b550 f i NeuralNetwork.obj
 0001:0000a580       ?_Xlen@?$vector@PAUNeuron@@V?$allocator@PAUNeuron@@@std@@@std@@IBEXXZ 1000b580 f i NeuralNetwork.obj
 0001:0000a5b0       ?_Xlen@?$vector@VNeuralLayer@@V?$allocator@VNeuralLayer@@@std@@@std@@IBEXXZ 1000b5b0 f i NeuralNetwork.obj
 0001:0000a5e0       ?allocate@?$_Wrap_alloc@V?$allocator@M@std@@@std@@QAEPAMI@Z 1000b5e0 f i NeuralNetwork.obj
 0001:0000a610       ?allocate@?$_Wrap_alloc@V?$allocator@PAUNeuron@@@std@@@std@@QAEPAPAUNeuron@@I@Z 1000b610 f i NeuralNetwork.obj
 0001:0000a640       ?allocate@?$_Wrap_alloc@V?$allocator@VNeuralLayer@@@std@@@std@@QAEPAVNeuralLayer@@I@Z 1000b640 f i NeuralNetwork.obj
 0001:0000a670       ?allocate@?$allocator@M@std@@QAEPAMI@Z 1000b670 f i NeuralNetwork.obj
 0001:0000a6a0       ?allocate@?$allocator@PAUNeuron@@@std@@QAEPAPAUNeuron@@I@Z 1000b6a0 f i NeuralNetwork.obj
 0001:0000a6d0       ?allocate@?$allocator@VNeuralLayer@@@std@@QAEPAVNeuralLayer@@I@Z 1000b6d0 f i NeuralNetwork.obj
 0001:0000a700       ?begin@?$vector@PAUNeuron@@V?$allocator@PAUNeuron@@@std@@@std@@QBE?AV?$_Vector_const_iterator@V?$_Vector_val@U?$_Simple_types@PAUNeuron@@@std@@@std@@@2@XZ 1000b700 f i NeuralNetwork.obj
 0001:0000a740       ?capacity@?$vector@MV?$allocator@M@std@@@std@@QBEIXZ 1000b740 f i NeuralNetwork.obj
 0001:0000a770       ?capacity@?$vector@PAUNeuron@@V?$allocator@PAUNeuron@@@std@@@std@@QBEIXZ 1000b770 f i NeuralNetwork.obj
 0001:0000a7a0       ?capacity@?$vector@VNeuralLayer@@V?$allocator@VNeuralLayer@@@std@@@std@@QBEIXZ 1000b7a0 f i NeuralNetwork.obj
 0001:0000a7d0       ?clear@?$vector@VNeuralLayer@@V?$allocator@VNeuralLayer@@@std@@@std@@QAEXXZ 1000b7d0 f i NeuralNetwork.obj
 0001:0000a820       ?construct@?$allocator@PAUNeuron@@@std@@QAEXPAPAUNeuron@@ABQAU3@@Z 1000b820 f i NeuralNetwork.obj
 0001:0000a880       ?deallocate@?$_Wrap_alloc@V?$allocator@PAUNeuron@@@std@@@std@@QAEXPAPAUNeuron@@I@Z 1000b880 f i NeuralNetwork.obj
 0001:0000a8b0       ?deallocate@?$_Wrap_alloc@V?$allocator@VNeuralLayer@@@std@@@std@@QAEXPAVNeuralLayer@@I@Z 1000b8b0 f i NeuralNetwork.obj
 0001:0000a8e0       ?deallocate@?$allocator@PAUNeuron@@@std@@QAEXPAPAUNeuron@@I@Z 1000b8e0 f i NeuralNetwork.obj
 0001:0000a910       ?deallocate@?$allocator@VNeuralLayer@@@std@@QAEXPAVNeuralLayer@@I@Z 1000b910 f i NeuralNetwork.obj
 0001:0000a940       ?end@?$vector@PAUNeuron@@V?$allocator@PAUNeuron@@@std@@@std@@QBE?AV?$_Vector_const_iterator@V?$_Vector_val@U?$_Simple_types@PAUNeuron@@@std@@@std@@@2@XZ 1000b940 f i NeuralNetwork.obj
 0001:0000a980       ?max_size@?$_Wrap_alloc@V?$allocator@M@std@@@std@@QBEIXZ 1000b980 f i NeuralNetwork.obj
 0001:0000a9b0       ?max_size@?$_Wrap_alloc@V?$allocator@PAUNeuron@@@std@@@std@@QBEIXZ 1000b9b0 f i NeuralNetwork.obj
 0001:0000a9e0       ?max_size@?$_Wrap_alloc@V?$allocator@VNeuralLayer@@@std@@@std@@QBEIXZ 1000b9e0 f i NeuralNetwork.obj
 0001:0000aa10       ?max_size@?$allocator@M@std@@QBEIXZ 1000ba10 f i NeuralNetwork.obj
 0001:0000aa30       ?max_size@?$allocator@PAUNeuron@@@std@@QBEIXZ 1000ba30 f i NeuralNetwork.obj
 0001:0000aa50       ?max_size@?$allocator@VNeuralLayer@@@std@@QBEIXZ 1000ba50 f i NeuralNetwork.obj
 0001:0000aa70       ?max_size@?$allocator_traits@V?$allocator@M@std@@@std@@SAIABV?$allocator@M@2@@Z 1000ba70 f i NeuralNetwork.obj
 0001:0000aa90       ?max_size@?$allocator_traits@V?$allocator@PAUNeuron@@@std@@@std@@SAIABV?$allocator@PAUNeuron@@@2@@Z 1000ba90 f i NeuralNetwork.obj
 0001:0000aab0       ?max_size@?$allocator_traits@V?$allocator@VNeuralLayer@@@std@@@std@@SAIABV?$allocator@VNeuralLayer@@@2@@Z 1000bab0 f i NeuralNetwork.obj
 0001:0000aad0       ?max_size@?$vector@MV?$allocator@M@std@@@std@@QBEIXZ 1000bad0 f i NeuralNetwork.obj
 0001:0000ab10       ?max_size@?$vector@PAUNeuron@@V?$allocator@PAUNeuron@@@std@@@std@@QBEIXZ 1000bb10 f i NeuralNetwork.obj
 0001:0000ab50       ?max_size@?$vector@VNeuralLayer@@V?$allocator@VNeuralLayer@@@std@@@std@@QBEIXZ 1000bb50 f i NeuralNetwork.obj
 0001:0000ab90       ?push_back@?$vector@MV?$allocator@M@std@@@std@@QAEX$$QAM@Z 1000bb90 f i NeuralNetwork.obj
 0001:0000acd0       ?push_back@?$vector@PAUNeuron@@V?$allocator@PAUNeuron@@@std@@@std@@QAEXABQAUNeuron@@@Z 1000bcd0 f i NeuralNetwork.obj
 0001:0000ae00       ?push_back@?$vector@VNeuralLayer@@V?$allocator@VNeuralLayer@@@std@@@std@@QAEX$$QAVNeuralLayer@@@Z 1000be00 f i NeuralNetwork.obj
 0001:0000af40       ?select_on_container_copy_construction@?$_Wrap_alloc@V?$allocator@PAUNeuron@@@std@@@std@@QBE?AU12@XZ 1000bf40 f i NeuralNetwork.obj
 0001:0000af90       ?select_on_container_copy_construction@?$allocator@PAUNeuron@@@std@@QBE?AV12@XZ 1000bf90 f i NeuralNetwork.obj
 0001:0000afc0       ?select_on_container_copy_construction@?$allocator_traits@V?$allocator@PAUNeuron@@@std@@@std@@SA?AV?$allocator@PAUNeuron@@@2@ABV32@@Z 1000bfc0 f i NeuralNetwork.obj
 0001:0000afe0       ?size@?$vector@MV?$allocator@M@std@@@std@@QBEIXZ 1000bfe0 f i NeuralNetwork.obj
 0001:0000b010       ?size@?$vector@PAUNeuron@@V?$allocator@PAUNeuron@@@std@@@std@@QBEIXZ 1000c010 f i NeuralNetwork.obj
 0001:0000b040       ?size@?$vector@VNeuralLayer@@V?$allocator@VNeuralLayer@@@std@@@std@@QBEIXZ 1000c040 f i NeuralNetwork.obj
 0001:0000b070       ??0Opponent@@QAE@XZ        1000c070 f   opponent.obj
 0001:0000b090       ?update@Opponent@@QAEXPAUSituation@@PAVDriver@@@Z 1000c090 f   opponent.obj
 0001:0000b7d0       ?getDistToSegStart@Opponent@@AAEMXZ 1000c7d0 f   opponent.obj
 0001:0000b840       ?updateOverlapTimer@Opponent@@AAEXPAUSituation@@PAUCarElt@@@Z 1000c840 f   opponent.obj
 0001:0000b980       ??0Opponents@@QAE@PAUSituation@@PAVDriver@@PAVCardata@@@Z 1000c980 f   opponent.obj
 0001:0000bb00       ??1Opponents@@QAE@XZ       1000cb00 f   opponent.obj
 0001:0000bb40       ?update@Opponents@@QAEXPAUSituation@@PAVDriver@@@Z 1000cb40 f   opponent.obj
 0001:0000bba0       ?setTeamMate@Opponents@@QAEXPBD@Z 1000cba0 f   opponent.obj
 0001:0000bc20       ??0?$straight2t@M@@QAE@MMMM@Z 1000cc20 f i opponent.obj
 0001:0000bca0       ??_H@YGXPAXIHP6EPAX0@Z@Z   1000cca0 f i opponent.obj
 0001:0000bce0       ?dist@?$straight2t@M@@QBEMABV?$v2t@M@@@Z 1000cce0 f i opponent.obj
 0001:0000bd90       ?getCarPtr@Driver@@QAEPAUCarElt@@XZ 1000cd90 f i opponent.obj
 0001:0000bdb0       ?getSpeed@Driver@@QAEMXZ   1000cdb0 f i opponent.obj
 0001:0000bde0       ?getTrackPtr@Driver@@QAEPAUtTrack@@XZ 1000cde0 f i opponent.obj
 0001:0000be00       ?markAsTeamMate@Opponent@@QAEXXZ 1000ce00 f i opponent.obj
 0001:0000be20       ?setCarDataPtr@Opponent@@QAEXPAVSingleCardata@@@Z 1000ce20 f i opponent.obj
 0001:0000be40       ?setCarPtr@Opponent@@QAEXPAUCarElt@@@Z 1000ce40 f i opponent.obj
 0001:0000be60       ?setTrackPtr@Opponent@@SAXPAUtTrack@@@Z 1000ce60 f i opponent.obj
 0001:0000be70       ??0Pit@@QAE@PAUSituation@@PAVDriver@@@Z 1000ce70 f   pit.obj
 0001:0000c360       ??1Pit@@QAE@XZ             1000d360 f   pit.obj
 0001:0000c3b0       ?setPitstop@Pit@@QAEX_N@Z  1000d3b0 f   pit.obj
 0001:0000c440       ?getPitOffset@Pit@@QAEMMM@Z 1000d440 f   pit.obj
 0001:0000c4d0       ?isBetween@Pit@@QAE_NM@Z   1000d4d0 f   pit.obj
 0001:0000c550       ?isTimeout@Pit@@QAE_NM@Z   1000d550 f   pit.obj
 0001:0000c610       ?toSplineCoord@Pit@@QAEMM@Z 1000d610 f   pit.obj
 0001:0000c660       ?getSpeedLimitBrake@Pit@@QAEMM@Z 1000d660 f   pit.obj
 0001:0000c6b0       ?update@Pit@@QAEXXZ        1000d6b0 f   pit.obj
 0001:0000c740       ?setInPit@Pit@@QAEX_N@Z    1000d740 f i pit.obj
 0001:0000c760       ??0Spline@@QAE@HPAVSplinePoint@@@Z 1000d760 f   spline.obj
 0001:0000c790       ?evaluate@Spline@@QAEMM@Z  1000d790 f   spline.obj
 0001:0000c920       ??0SimpleStrategy@@QAE@XZ  1000d920 f   strategy.obj
 0001:0000c990       ??1SimpleStrategy@@UAE@XZ  1000d990 f   strategy.obj
 0001:0000c9c0       ?setFuelAtRaceStart@SimpleStrategy@@UAEXPAUtTrack@@PAPAXPAUSituation@@H@Z 1000d9c0 f   strategy.obj
 0001:0000cad0       ?update@SimpleStrategy@@UAEXPAUCarElt@@PAUSituation@@@Z 1000dad0 f   strategy.obj
 0001:0000cc00       ?needPitstop@SimpleStrategy@@UAE_NPAUCarElt@@PAUSituation@@@Z 1000dc00 f   strategy.obj
 0001:0000cd00       ?pitRefuel@SimpleStrategy@@UAEMPAUCarElt@@PAUSituation@@@Z 1000dd00 f   strategy.obj
 0001:0000ceb0       ?pitRepair@SimpleStrategy@@UAEHPAUCarElt@@PAUSituation@@@Z 1000deb0 f   strategy.obj
 0001:0000ced0       ?isPitFree@SimpleStrategy@@UAE_NPAUCarElt@@@Z 1000ded0 f   strategy.obj
 0001:0000cf10       ??1SimpleStrategy2@@UAE@XZ 1000df10 f   strategy.obj
 0001:0000cf40       ?setFuelAtRaceStart@SimpleStrategy2@@UAEXPAUtTrack@@PAPAXPAUSituation@@H@Z 1000df40 f   strategy.obj
 0001:0000d1f0       ?pitRefuel@SimpleStrategy2@@UAEMPAUCarElt@@PAUSituation@@@Z 1000e1f0 f   strategy.obj
 0001:0000d420       ?update@SimpleStrategy2@@UAEXPAUCarElt@@PAUSituation@@@Z 1000e420 f   strategy.obj
 0001:0000d530       ?updateFuelStrategy@SimpleStrategy2@@MAEXPAUCarElt@@PAUSituation@@@Z 1000e530 f   strategy.obj
 0001:0000d6f0       ??0AbstractStrategy@@QAE@XZ 1000e6f0 f i strategy.obj
 0001:0000d710       ??1AbstractStrategy@@UAE@XZ 1000e710 f i strategy.obj
 0001:0000d730       ??_GAbstractStrategy@@UAEPAXI@Z 1000e730 f i strategy.obj
 0001:0000d730       ??_EAbstractStrategy@@UAEPAXI@Z 1000e730 f i strategy.obj
 0001:0000d770       ??_ESimpleStrategy@@UAEPAXI@Z 1000e770 f i strategy.obj
 0001:0000d770       ??_GSimpleStrategy@@UAEPAXI@Z 1000e770 f i strategy.obj
 0001:0000d7b0       ?ceil@@YAMM@Z              1000e7b0 f i strategy.obj
 0001:0000d7d0       _ceilf                     1000e7d0 f i strategy.obj
 0001:0000d822       ?_tgf_win_strdup@@YAPADPBD@Z 1000e822 f   tgf:tgf.dll
 0001:0000d828       ?GfParmReadFile@@YAPAXPBDH@Z 1000e828 f   tgf:tgf.dll
 0001:0000d82e       ?GfParmGetStr@@YAPBDPAXPBD11@Z 1000e82e f   tgf:tgf.dll
 0001:0000d834       ?GfParmGetNum@@YAMPAXPBD11M@Z 1000e834 f   tgf:tgf.dll
 0001:0000d83a       ?GetLocalDir@@YAPADXZ      1000e83a f   tgf:tgf.dll
 0001:0000d840       ?GetDataDir@@YAPADXZ       1000e840 f   tgf:tgf.dll
 0001:0000d846       ?GfCreateDir@@YAHPAD@Z     1000e846 f   tgf:tgf.dll
 0001:0000d84c       ?GfParmSetNum@@YAHPAXPBD11M@Z 1000e84c f   tgf:tgf.dll
 0001:0000d852       ?RtTrackSideTgAngleL@@YAMPAUtTrkLocPos@@@Z 1000e852 f   robottools:robottools.dll
 0001:0000d858       ?RtDistToPit@@YAHPAUCarElt@@PAUtTrack@@PAM2@Z 1000e858 f   robottools:robottools.dll
 0001:0000d860       ?sgdSqrt@@YANN@Z           1000e860 f i sg_vs2008_32:sgd.obj
 0001:0000d870       ?sgdSquare@@YANN@Z         1000e870 f i sg_vs2008_32:sgd.obj
 0001:0000d880       ?sgdAbs@@YANN@Z            1000e880 f i sg_vs2008_32:sgd.obj
 0001:0000d8a0       ?sgdASin@@YANN@Z           1000e8a0 f i sg_vs2008_32:sgd.obj
 0001:0000d8b0       ?sgdACos@@YANN@Z           1000e8b0 f i sg_vs2008_32:sgd.obj
 0001:0000d8c0       ?sgdATan2@@YANNN@Z         1000e8c0 f i sg_vs2008_32:sgd.obj
 0001:0000d8e0       ?sgdSin@@YANN@Z            1000e8e0 f i sg_vs2008_32:sgd.obj
 0001:0000d8f0       ?sgdCos@@YANN@Z            1000e8f0 f i sg_vs2008_32:sgd.obj
 0001:0000d900       ?sgdZeroVec3@@YAXQAN@Z     1000e900 f i sg_vs2008_32:sgd.obj
 0001:0000d910       ?sgdSetVec3@@YAXQANNNN@Z   1000e910 f i sg_vs2008_32:sgd.obj
 0001:0000d930       ?sgdSetVec4@@YAXQANNNNN@Z  1000e930 f i sg_vs2008_32:sgd.obj
 0001:0000d950       ?sgdCopyVec3@@YAXQANQBN@Z  1000e950 f i sg_vs2008_32:sgd.obj
 0001:0000d970       ?sgdCopyVec4@@YAXQANQBN@Z  1000e970 f i sg_vs2008_32:sgd.obj
 0001:0000d990       ?sgdAddVec3@@YAXQANQBN1@Z  1000e990 f i sg_vs2008_32:sgd.obj
 0001:0000d9c0       ?sgdSubVec2@@YAXQANQBN1@Z  1000e9c0 f i sg_vs2008_32:sgd.obj
 0001:0000d9e0       ?sgdSubVec3@@YAXQANQBN1@Z  1000e9e0 f i sg_vs2008_32:sgd.obj
 0001:0000da10       ?sgdNegateVec3@@YAXQAN@Z   1000ea10 f i sg_vs2008_32:sgd.obj
 0001:0000da30       ?sgdScaleVec2@@YAXQANN@Z   1000ea30 f i sg_vs2008_32:sgd.obj
 0001:0000da50       ?sgdScaleVec3@@YAXQANN@Z   1000ea50 f i sg_vs2008_32:sgd.obj
 0001:0000da70       ?sgdScaleVec3@@YAXQANQBNN@Z 1000ea70 f i sg_vs2008_32:sgd.obj
 0001:0000daa0       ?sgdScaleVec4@@YAXQANQBNN@Z 1000eaa0 f i sg_vs2008_32:sgd.obj
 0001:0000dad0       ?sgdAddScaledVec3@@YAXQANQBN1N@Z 1000ead0 f i sg_vs2008_32:sgd.obj
 0001:0000db00       ?sgdScalarProductVec2@@YANQBN0@Z 1000eb00 f i sg_vs2008_32:sgd.obj
 0001:0000db20       ?sgdScalarProductVec3@@YANQBN0@Z 1000eb20 f i sg_vs2008_32:sgd.obj
 0001:0000db40       ?sgdScalarProductVec4@@YANQBN0@Z 1000eb40 f i sg_vs2008_32:sgd.obj
 0001:0000db70       ?sgdDistanceSquaredVec3@@YANQBN0@Z 1000eb70 f i sg_vs2008_32:sgd.obj
 0001:0000dba0       ?sgdDistanceVec3@@YANQBN0@Z 1000eba0 f i sg_vs2008_32:sgd.obj
 0001:0000dbd0       ?sgdLengthVec2@@YANQBN@Z   1000ebd0 f i sg_vs2008_32:sgd.obj
 0001:0000dbf0       ?sgdLengthVec3@@YANQBN@Z   1000ebf0 f i sg_vs2008_32:sgd.obj
 0001:0000dc20       ?sgdNormaliseVec2@@YAXQAN@Z 1000ec20 f i sg_vs2008_32:sgd.obj
 0001:0000dc50       ?sgdNormaliseVec3@@YAXQAN@Z 1000ec50 f i sg_vs2008_32:sgd.obj
 0001:0000dc90       ?sgdNormaliseVec3@@YAXQANQBN@Z 1000ec90 f i sg_vs2008_32:sgd.obj
 0001:0000dcd0       ?sgdCopyMat4@@YAXQAY03NQAY03$$CBN@Z 1000ecd0 f i sg_vs2008_32:sgd.obj
 0001:0000dd40       ?sgdScaleMat4@@YAXQAY03NQAY03$$CBNN@Z 1000ed40 f i sg_vs2008_32:sgd.obj
 0001:0000ddd0       ?sgdMakeIdentMat4@@YAXQAY03N@Z 1000edd0 f i sg_vs2008_32:sgd.obj
 0001:0000de10       ?sgdLineSegment3ToLine3@@YAXPAUsgdLine3@@UsgdLineSegment3@@@Z 1000ee10 f i sg_vs2008_32:sgd.obj
 0001:0000de80       ?sgdAngleBetweenNormalizedVec3@@YANQAN0@Z 1000ee80 f i sg_vs2008_32:sgd.obj
 0001:0000def0       ?getCenter@sgdSphere@@QBEPBNXZ 1000eef0 f i sg_vs2008_32:sgd.obj
 0001:0000df00       ?getRadius@sgdSphere@@QBENXZ 1000ef00 f i sg_vs2008_32:sgd.obj
 0001:0000df10       ?isEmpty@sgdSphere@@QBEHXZ 1000ef10 f i sg_vs2008_32:sgd.obj
 0001:0000df30       ?getMin@sgdBox@@QBEPBNXZ   1000ef30 f i sg_vs2008_32:sgd.obj
 0001:0000df40       ?getMax@sgdBox@@QBEPBNXZ   1000ef40 f i sg_vs2008_32:sgd.obj
 0001:0000df50       ?isEmpty@sgdBox@@QBEHXZ    1000ef50 f i sg_vs2008_32:sgd.obj
 0001:0000df80       ?sgdVectorProductVec3@@YAXQANQBN1@Z 1000ef80 f   sg_vs2008_32:sgd.obj
 0001:0000dfc0       ?_sgdClampToUnity@@YANN@Z  1000efc0 f i sg_vs2008_32:sgd.obj
 0001:0000dff0       ?sgdCompare3DSqdDist@@YAHQBN0N@Z 1000eff0 f   sg_vs2008_32:sgd.obj
 0001:0000e050       ?sgdMakeRotMat4@@YAXQAY03NNQBN@Z 1000f050 f   sg_vs2008_32:sgd.obj
 0001:0000e180       ?sgdMakePickMatrix@@YAXQAY03NNNNNQAN@Z 1000f180 f   sg_vs2008_32:sgd.obj
 0001:0000e200       ?sgdMakeLookAtMat4@@YAXQAY03NQBN11@Z 1000f200 f   sg_vs2008_32:sgd.obj
 0001:0000e380       ?sgdAngleBetweenVec3@@YANQAN0@Z 1000f380 f   sg_vs2008_32:sgd.obj
 0001:0000e420       ?sgdAngleBetweenNormalizedVec3@@YANQAN00@Z 1000f420 f   sg_vs2008_32:sgd.obj
 0001:0000e5b0       ?sgdAngleBetweenVec3@@YANQAN00@Z 1000f5b0 f   sg_vs2008_32:sgd.obj
 0001:0000e650       ?extend@sgdBox@@QAEXQBN@Z  1000f650 f   sg_vs2008_32:sgd.obj
 0001:0000e720       ?extend@sgdBox@@QAEXPBV1@@Z 1000f720 f   sg_vs2008_32:sgd.obj
 0001:0000e7b0       ?extend@sgdBox@@QAEXPBVsgdSphere@@@Z 1000f7b0 f   sg_vs2008_32:sgd.obj
 0001:0000e820       ?intersects@sgdBox@@QBEHQBN@Z 1000f820 f   sg_vs2008_32:sgd.obj
 0001:0000e960       ?extend@sgdSphere@@QAEXQBN@Z 1000f960 f   sg_vs2008_32:sgd.obj
 0001:0000ea10       ?extend@sgdSphere@@QAEXPBVsgdBox@@@Z 1000fa10 f   sg_vs2008_32:sgd.obj
 0001:0000eba0       ?extend@sgdSphere@@QAEXPBV1@@Z 1000fba0 f   sg_vs2008_32:sgd.obj
 0001:0000ec70       ?intersects@sgdSphere@@QBEHPBVsgdBox@@@Z 1000fc70 f   sg_vs2008_32:sgd.obj
 0001:0000ed20       ?update@sgdFrustum@@AAEXXZ 1000fd20 f   sg_vs2008_32:sgd.obj
 0001:0000f120       ?contains@sgdFrustum@@QBEHPBVsgdSphere@@@Z 10010120 f   sg_vs2008_32:sgd.obj
 0001:0000f290       ?sgdDistSquaredToLineVec3@@YANUsgdLine3@@QBN@Z 10010290 f   sg_vs2008_32:sgd.obj
 0001:0000f2d0       ?sgdDistSquaredToLineSegmentVec3@@YANUsgdLineSegment3@@QBN@Z 100102d0 f   sg_vs2008_32:sgd.obj
 0001:0000f3e0       ?sgdMakeCoordMat4@@YAXQAY03NNNNNNN@Z 100103e0 f   sg_vs2008_32:sgd.obj
 0001:0000f5a0       ?sgdMakeTransMat4@@YAXQAY03NQBN@Z 100105a0 f   sg_vs2008_32:sgd.obj
 0001:0000f5f0       ?sgdMakeTransMat4@@YAXQAY03NNNN@Z 100105f0 f   sg_vs2008_32:sgd.obj
 0001:0000f640       ?sgdSetCoord@@YAXPAUsgdCoord@@QAY03$$CBN@Z 10010640 f   sg_vs2008_32:sgd.obj
 0001:0000f940       ?sgdMakeNormal@@YAXQANQBN1@Z 10010940 f   sg_vs2008_32:sgd.obj
 0001:0000f990       ?sgdMakeNormal@@YAXQANQBN11@Z 10010990 f   sg_vs2008_32:sgd.obj
 0001:0000fa30       ?sgdMultMat4@@YAXQAY03NQAY03$$CBN1@Z 10010a30 f   sg_vs2008_32:sgd.obj
 0001:0000fae0       ?sgdTransposeNegateMat4@@YAXQAY03NQAY03$$CBN@Z 10010ae0 f   sg_vs2008_32:sgd.obj
 0001:0000fb80       ?sgdTransposeNegateMat4@@YAXQAY03N@Z 10010b80 f   sg_vs2008_32:sgd.obj
 0001:0000fbb0       ?sgdInvertMat4@@YAXQAY03NQAY03$$CBN@Z 10010bb0 f   sg_vs2008_32:sgd.obj
 0001:0000fdd0       ?sgdXformVec3@@YAXQANQBNQAY03$$CBN@Z 10010dd0 f   sg_vs2008_32:sgd.obj
 0001:0000fe30       ?sgdXformPnt3@@YAXQANQBNQAY03$$CBN@Z 10010e30 f   sg_vs2008_32:sgd.obj
 0001:0000fe90       ?sgdXformPnt4@@YAXQANQBNQAY03$$CBN@Z 10010e90 f   sg_vs2008_32:sgd.obj
 0001:0000ff20       ?sgdFullXformPnt3@@YAXQANQBNQAY03$$CBN@Z 10010f20 f   sg_vs2008_32:sgd.obj
 0001:0000ff80       ?sgdHPRfromVec3@@YAXQAN0@Z 10010f80 f   sg_vs2008_32:sgd.obj
 0001:00010020       ?sgdQuatToAngleAxis@@YAXPANQANQBN@Z 10011020 f   sg_vs2008_32:sgd.obj
 0001:000100a0       ?sgdAngleAxisToQuat@@YAXQANNQBN@Z 100110a0 f   sg_vs2008_32:sgd.obj
 0001:00010140       ?sgdMatrixToQuat@@YAXQANQAY03$$CBN@Z 10011140 f   sg_vs2008_32:sgd.obj
 0001:000102a0       ?sgdMultQuat@@YAXQANQBN1@Z 100112a0 f   sg_vs2008_32:sgd.obj
 0001:00010370       ?sgdMultQuat2@@YAXQANQBN1@Z 10011370 f   sg_vs2008_32:sgd.obj
 0001:00010440       ?sgdEulerToQuat@@YAXQANQBN@Z 10011440 f   sg_vs2008_32:sgd.obj
 0001:00010530       ?sgdQuatToEuler@@YAXQANQBN@Z 10011530 f   sg_vs2008_32:sgd.obj
 0001:00010690       ?sgdQuatToMatrix@@YAXQAY03NQBN@Z 10011690 f   sg_vs2008_32:sgd.obj
 0001:00010760       ?sgdMakeRotMat42@@YAXQAY03NQAN@Z 10011760 f   sg_vs2008_32:sgd.obj
 0001:00010830       ?sgdSlerpQuat2@@YAXQANQBN1N@Z 10011830 f   sg_vs2008_32:sgd.obj
 0001:00010950       ?sgdSlerpQuat@@YAXQANQBN1N@Z 10011950 f   sg_vs2008_32:sgd.obj
 0001:00010a40       ?sgdRotateVecQuat@@YAXQAN0@Z 10011a40 f   sg_vs2008_32:sgd.obj
 0001:00010b30       ?sgdRotateCoordQuat@@YAXQAN0@Z 10011b30 f   sg_vs2008_32:sgd.obj
 0001:00010c20       ?sgdDistSquaredToLineLineSegment@@YANUsgdLineSegment3@@UsgdLine3@@@Z 10011c20 f   sg_vs2008_32:sgd.obj
 0001:00010e30       ?sgdReflectInPlaneVec3@@YAXQANQBN1@Z 10011e30 f   sg_vs2008_32:sgd.obj
 0001:00010e80       ?sgdClassifyMat4@@YAHQAY03$$CBN@Z 10011e80 f   sg_vs2008_32:sgd.obj
 0001:00011140       ?sgdTriangleSolver_SAStoArea@@YANNNN@Z 10012140 f   sg_vs2008_32:sgd.obj
 0001:00011160       ?sgdTriangleSolver_SSStoArea@@YANNNN@Z 10012160 f   sg_vs2008_32:sgd.obj
 0001:000111b0       ?sgdTriangleSolver_SSStoAAA@@YAXNNNPAN00@Z 100121b0 f   sg_vs2008_32:sgd.obj
 0001:00011350       ?sgdTriangleSolver_SAStoASA@@YAXNNNPAN00@Z 10012350 f   sg_vs2008_32:sgd.obj
 0001:000113d0       ?sgdTriangleSolver_ASAtoSAS@@YAXNNNPAN00@Z 100123d0 f   sg_vs2008_32:sgd.obj
 0001:00011480       ?sgdTriangleSolver_ASStoSAA@@YAXNNNHPAN00@Z 10012480 f   sg_vs2008_32:sgd.obj
 0001:00011510       ?sgdTriangleSolver_SAAtoASS@@YAXNNNPAN00@Z 10012510 f   sg_vs2008_32:sgd.obj
 0001:00011560       ?sgdTriArea@@YANQAN00@Z    10012560 f   sg_vs2008_32:sgd.obj
 0001:00011640       ?getOutcode@sgdFrustum@@ABEHQBN@Z 10012640 f   sg_vs2008_32:sgd.obj
 0001:00011720       ?contains@sgdFrustum@@QBEHQBN@Z 10012720 f   sg_vs2008_32:sgd.obj
 0001:00011740       ?contains@sgdFrustum@@QBEHPBVsgdBox@@@Z 10012740 f   sg_vs2008_32:sgd.obj
 0001:00011860       ?sgdPreMultMat4@@YAXQAY03NQAY03$$CBN@Z 10012860 f   sg_vs2008_32:sgd.obj
 0001:000118a0       ?sgdPostMultMat4@@YAXQAY03NQAY03$$CBN@Z 100128a0 f   sg_vs2008_32:sgd.obj
 0001:000118e0       ?sgdQuatToAngleAxis@@YAXPAN000QBN@Z 100128e0 f   sg_vs2008_32:sgd.obj
 0001:00011920       ?sgdAngleAxisToQuat@@YAXQANNNNN@Z 10012920 f   sg_vs2008_32:sgd.obj
 0001:00011960       ?sgdTriangleSolver_ASAtoArea@@YANNNN@Z 10012960 f   sg_vs2008_32:sgd.obj
 0001:000119d0       ?sgdTriangleSolver_ASStoArea@@YANNNNH@Z 100129d0 f   sg_vs2008_32:sgd.obj
 0001:00011a30       ?sgdTriangleSolver_SAAtoArea@@YANNNN@Z 10012a30 f   sg_vs2008_32:sgd.obj
 0001:00011a90       ?ulSetError@@YAXW4ulSeverity@@PBDZZ 10012a90 f   ul_vs2008_32:ulError.obj
 0001:00011b00       ?ulGetError@@YAPADXZ       10012b00 f   ul_vs2008_32:ulError.obj
 0001:00011b10       ?ulClearError@@YAXXZ       10012b10 f   ul_vs2008_32:ulError.obj
 0001:00011b20       ?ulGetErrorCallback@@YAP6AXW4ulSeverity@@PAD@ZXZ 10012b20 f   ul_vs2008_32:ulError.obj
 0001:00011b30       ?ulSetErrorCallback@@YAXP6AXW4ulSeverity@@PAD@Z@Z 10012b30 f   ul_vs2008_32:ulError.obj
 0001:00011b40       ??0_Init_locks@std@@QAE@XZ 10012b40 f   libcpmtd:xlock.obj
 0001:00011b90       ??0_Lockit@std@@QAE@H@Z    10012b90 f   libcpmtd:xlock.obj
 0001:00011be0       ??0_Lockit@std@@QAE@XZ     10012be0 f   libcpmtd:xlock.obj
 0001:00011c30       ??1_Init_locks@std@@QAE@XZ 10012c30 f   libcpmtd:xlock.obj
 0001:00011c80       ??1_Lockit@std@@QAE@XZ     10012c80 f   libcpmtd:xlock.obj
 0001:00011cc0       ?_Init_locks_ctor@_Init_locks@std@@CAXPAV12@@Z 10012cc0 f   libcpmtd:xlock.obj
 0001:00011d10       ?_Init_locks_dtor@_Init_locks@std@@CAXPAV12@@Z 10012d10 f   libcpmtd:xlock.obj
 0001:00011d60       ?_Lockit_ctor@_Lockit@std@@CAXPAV12@@Z 10012d60 f   libcpmtd:xlock.obj
 0001:00011d80       ?_Lockit_ctor@_Lockit@std@@CAXPAV12@H@Z 10012d80 f   libcpmtd:xlock.obj
 0001:00011dc0       ?_Lockit_ctor@_Lockit@std@@SAXH@Z 10012dc0 f   libcpmtd:xlock.obj
 0001:00011df0       ?_Lockit_dtor@_Lockit@std@@CAXPAV12@@Z 10012df0 f   libcpmtd:xlock.obj
 0001:00011e10       ?_Lockit_dtor@_Lockit@std@@SAXH@Z 10012e10 f   libcpmtd:xlock.obj
 0001:00011e40       ??$_Allocate@D@std@@YAPADIPAD@Z 10012e40 f i libcpmtd:xthrow.obj
 0001:00011e80       ??$_Debug_pointer@D@std@@YAXPBDPB_WI@Z 10012e80 f i libcpmtd:xthrow.obj
 0001:00011ea0       ??$addressof@D@std@@YAPADAAD@Z 10012ea0 f i libcpmtd:xthrow.obj
 0001:00011eb0       ??$construct@PADAAPAD@?$_Wrap_alloc@V?$allocator@D@std@@@std@@QAEXPAPADAAPAD@Z 10012eb0 f i libcpmtd:xthrow.obj
 0001:00011ee0       ??$construct@PADAAPAD@?$allocator@D@std@@QAEXPAPADAAPAD@Z 10012ee0 f i libcpmtd:xthrow.obj
 0001:00011f70       ??$construct@PADAAPAD@?$allocator_traits@V?$allocator@D@std@@@std@@SAXAAV?$allocator@D@1@PAPADAAPAD@Z 10012f70 f i libcpmtd:xthrow.obj
 0001:00011f90       ??$destroy@PAD@?$_Wrap_alloc@V?$allocator@D@std@@@std@@QAEXPAPAD@Z 10012f90 f i libcpmtd:xthrow.obj
 0001:00011fb0       ??$destroy@PAD@?$allocator@D@std@@QAEXPAPAD@Z 10012fb0 f i libcpmtd:xthrow.obj
 0001:00011fc0       ??$destroy@PAD@?$allocator_traits@V?$allocator@D@std@@@std@@SAXAAV?$allocator@D@1@PAPAD@Z 10012fc0 f i libcpmtd:xthrow.obj
 0001:00011fe0       ??$forward@AAPAD@std@@YAAAPADAAPAD@Z 10012fe0 f i libcpmtd:xthrow.obj
 0001:00011ff0       ??0?$_String_alloc@$0A@U?$_String_base_types@DV?$allocator@D@std@@@std@@@std@@QAE@ABV?$allocator@D@1@@Z 10012ff0 f i libcpmtd:xthrow.obj
 0001:00012050       ??0?$_String_val@U?$_Simple_types@D@std@@@std@@QAE@XZ 10013050 f i libcpmtd:xthrow.obj
 0001:00012080       ??0?$_Wrap_alloc@V?$allocator@D@std@@@std@@QAE@XZ 10013080 f i libcpmtd:xthrow.obj
 0001:000120a0       ??0?$allocator@D@std@@QAE@XZ 100130a0 f i libcpmtd:xthrow.obj
 0001:000120b0       ??0?$basic_string@DU?$char_traits@D@std@@V?$allocator@D@2@@std@@QAE@PBD@Z 100130b0 f i libcpmtd:xthrow.obj
 0001:00012130       ??0_Generic_error_category@std@@QAE@XZ 10013130 f i libcpmtd:xthrow.obj
 0001:00012150       ??0_Ignore@std@@QAE@XZ     10013150 f i libcpmtd:xthrow.obj
 0001:00012160       ??0_Iostream_error_category@std@@QAE@XZ 10013160 f i libcpmtd:xthrow.obj
 0001:00012180       ??0_System_error_category@std@@QAE@XZ 10013180 f i libcpmtd:xthrow.obj
 0001:000121a0       ??0bad_alloc@std@@QAE@ABV01@@Z 100131a0 f i libcpmtd:xthrow.obj
 0001:000121d0       ??0bad_alloc@std@@QAE@XZ   100131d0 f i libcpmtd:xthrow.obj
 0001:00012200       ??0bad_function_call@std@@QAE@ABV01@@Z 10013200 f i libcpmtd:xthrow.obj
 0001:00012230       ??0bad_function_call@std@@QAE@PBD@Z 10013230 f i libcpmtd:xthrow.obj
 0001:00012260       ??0error_category@std@@QAE@XZ 10013260 f i libcpmtd:xthrow.obj
 0001:00012280       ??0error_condition@std@@QAE@HABVerror_category@1@@Z 10013280 f i libcpmtd:xthrow.obj
 0001:000122b0       ??0id@locale@std@@QAE@I@Z  100132b0 f i libcpmtd:xthrow.obj
 0001:000122d0       ??0invalid_argument@std@@QAE@ABV01@@Z 100132d0 f i libcpmtd:xthrow.obj
 0001:00012300       ??0invalid_argument@std@@QAE@PBD@Z 10013300 f i libcpmtd:xthrow.obj
 0001:00012330       ??0length_error@std@@QAE@ABV01@@Z 10013330 f i libcpmtd:xthrow.obj
 0001:00012360       ??0length_error@std@@QAE@PBD@Z 10013360 f i libcpmtd:xthrow.obj
 0001:00012390       ??0logic_error@std@@QAE@ABV01@@Z 10013390 f i libcpmtd:xthrow.obj
 0001:000123c0       ??0logic_error@std@@QAE@PBD@Z 100133c0 f i libcpmtd:xthrow.obj
 0001:000123f0       ??0out_of_range@std@@QAE@ABV01@@Z 100133f0 f i libcpmtd:xthrow.obj
 0001:00012420       ??0out_of_range@std@@QAE@PBD@Z 10013420 f i libcpmtd:xthrow.obj
 0001:00012450       ??0overflow_error@std@@QAE@ABV01@@Z 10013450 f i libcpmtd:xthrow.obj
 0001:00012480       ??0overflow_error@std@@QAE@PBD@Z 10013480 f i libcpmtd:xthrow.obj
 0001:000124b0       ??0regex_error@std@@QAE@ABV01@@Z 100134b0 f i libcpmtd:xthrow.obj
 0001:000124f0       ??0regex_error@std@@QAE@W4error_type@regex_constants@1@@Z 100134f0 f i libcpmtd:xthrow.obj
 0001:00012530       ??0runtime_error@std@@QAE@ABV01@@Z 10013530 f i libcpmtd:xthrow.obj
 0001:00012560       ??0runtime_error@std@@QAE@PBD@Z 10013560 f i libcpmtd:xthrow.obj
 0001:00012590       ??1?$_String_alloc@$0A@U?$_String_base_types@DV?$allocator@D@std@@@std@@@std@@QAE@XZ 10013590 f i libcpmtd:xthrow.obj
 0001:000125b0       ??1?$_String_val@U?$_Simple_types@D@std@@@std@@QAE@XZ 100135b0 f i libcpmtd:xthrow.obj
 0001:000125d0       ??1_Generic_error_category@std@@UAE@XZ 100135d0 f i libcpmtd:xthrow.obj
 0001:000125f0       ??1_Iostream_error_category@std@@UAE@XZ 100135f0 f i libcpmtd:xthrow.obj
 0001:00012610       ??1_System_error_category@std@@UAE@XZ 10013610 f i libcpmtd:xthrow.obj
 0001:00012630       ??1bad_alloc@std@@UAE@XZ   10013630 f i libcpmtd:xthrow.obj
 0001:00012650       ??1bad_function_call@std@@UAE@XZ 10013650 f i libcpmtd:xthrow.obj
 0001:00012670       ??1error_category@std@@UAE@XZ 10013670 f i libcpmtd:xthrow.obj
 0001:00012690       ??1invalid_argument@std@@UAE@XZ 10013690 f i libcpmtd:xthrow.obj
 0001:000126b0       ??1length_error@std@@UAE@XZ 100136b0 f i libcpmtd:xthrow.obj
 0001:000126d0       ??1logic_error@std@@UAE@XZ 100136d0 f i libcpmtd:xthrow.obj
 0001:000126f0       ??1out_of_range@std@@UAE@XZ 100136f0 f i libcpmtd:xthrow.obj
 0001:00012710       ??1overflow_error@std@@UAE@XZ 10013710 f i libcpmtd:xthrow.obj
 0001:00012730       ??1regex_error@std@@UAE@XZ 10013730 f i libcpmtd:xthrow.obj
 0001:00012750       ??1runtime_error@std@@UAE@XZ 10013750 f i libcpmtd:xthrow.obj
 0001:00012770       ??8error_category@std@@QBE_NABV01@@Z 10013770 f i libcpmtd:xthrow.obj
 0001:000127a0       ??8error_condition@std@@QBE_NABV01@@Z 100137a0 f i libcpmtd:xthrow.obj
 0001:00012800       ??_G_Generic_error_category@std@@UAEPAXI@Z 10013800 f i libcpmtd:xthrow.obj
 0001:00012800       ??_E_Generic_error_category@std@@UAEPAXI@Z 10013800 f i libcpmtd:xthrow.obj
 0001:00012830       ??_G_Iostream_error_category@std@@UAEPAXI@Z 10013830 f i libcpmtd:xthrow.obj
 0001:00012830       ??_E_Iostream_error_category@std@@UAEPAXI@Z 10013830 f i libcpmtd:xthrow.obj
 0001:00012860       ??_G_System_error_category@std@@UAEPAXI@Z 10013860 f i libcpmtd:xthrow.obj
 0001:00012860       ??_E_System_error_category@std@@UAEPAXI@Z 10013860 f i libcpmtd:xthrow.obj
 0001:00012890       ??_Ebad_alloc@std@@UAEPAXI@Z 10013890 f i libcpmtd:xthrow.obj
 0001:00012890       ??_Gbad_alloc@std@@UAEPAXI@Z 10013890 f i libcpmtd:xthrow.obj
 0001:000128c0       ??_Ebad_function_call@std@@UAEPAXI@Z 100138c0 f i libcpmtd:xthrow.obj
 0001:000128c0       ??_Gbad_function_call@std@@UAEPAXI@Z 100138c0 f i libcpmtd:xthrow.obj
 0001:000128f0       ??_Eerror_category@std@@UAEPAXI@Z 100138f0 f i libcpmtd:xthrow.obj
 0001:000128f0       ??_Gerror_category@std@@UAEPAXI@Z 100138f0 f i libcpmtd:xthrow.obj
 0001:00012920       ??_Einvalid_argument@std@@UAEPAXI@Z 10013920 f i libcpmtd:xthrow.obj
 0001:00012920       ??_Ginvalid_argument@std@@UAEPAXI@Z 10013920 f i libcpmtd:xthrow.obj
 0001:00012950       ??_Elength_error@std@@UAEPAXI@Z 10013950 f i libcpmtd:xthrow.obj
 0001:00012950       ??_Glength_error@std@@UAEPAXI@Z 10013950 f i libcpmtd:xthrow.obj
 0001:00012980       ??_Glogic_error@std@@UAEPAXI@Z 10013980 f i libcpmtd:xthrow.obj
 0001:00012980       ??_Elogic_error@std@@UAEPAXI@Z 10013980 f i libcpmtd:xthrow.obj
 0001:000129b0       ??_Eout_of_range@std@@UAEPAXI@Z 100139b0 f i libcpmtd:xthrow.obj
 0001:000129b0       ??_Gout_of_range@std@@UAEPAXI@Z 100139b0 f i libcpmtd:xthrow.obj
 0001:000129e0       ??_Eoverflow_error@std@@UAEPAXI@Z 100139e0 f i libcpmtd:xthrow.obj
 0001:000129e0       ??_Goverflow_error@std@@UAEPAXI@Z 100139e0 f i libcpmtd:xthrow.obj
 0001:00012a10       ??_Eregex_error@std@@UAEPAXI@Z 10013a10 f i libcpmtd:xthrow.obj
 0001:00012a10       ??_Gregex_error@std@@UAEPAXI@Z 10013a10 f i libcpmtd:xthrow.obj
 0001:00012a40       ??_Gruntime_error@std@@UAEPAXI@Z 10013a40 f i libcpmtd:xthrow.obj
 0001:00012a40       ??_Eruntime_error@std@@UAEPAXI@Z 10013a40 f i libcpmtd:xthrow.obj
 0001:00012a70       ?_Alloc_proxy@?$_String_alloc@$0A@U?$_String_base_types@DV?$allocator@D@std@@@std@@@std@@QAEXXZ 10013a70 f i libcpmtd:xthrow.obj
 0001:00012ac0       ?_Copy@?$basic_string@DU?$char_traits@D@std@@V?$allocator@D@2@@std@@QAEXII@Z 10013ac0 f i libcpmtd:xthrow.obj
 0001:00012c80       ?_Eos@?$basic_string@DU?$char_traits@D@std@@V?$allocator@D@2@@std@@QAEXI@Z 10013c80 f i libcpmtd:xthrow.obj
 0001:00012cc0       ?_Free_proxy@?$_String_alloc@$0A@U?$_String_base_types@DV?$allocator@D@std@@@std@@@std@@QAEXXZ 10013cc0 f i libcpmtd:xthrow.obj
 0001:00012d10       ?_Getal@?$_String_alloc@$0A@U?$_String_base_types@DV?$allocator@D@std@@@std@@@std@@QBE?AU?$_Wrap_alloc@V?$allocator@D@std@@@2@XZ 10013d10 f i libcpmtd:xthrow.obj
 0001:00012d30       ?_Grow@?$basic_string@DU?$char_traits@D@std@@V?$allocator@D@2@@std@@QAE_NI_N@Z 10013d30 f i libcpmtd:xthrow.obj
 0001:00012de0       ?_Inside@?$basic_string@DU?$char_traits@D@std@@V?$allocator@D@2@@std@@QAE_NPBD@Z 10013de0 f i libcpmtd:xthrow.obj
 0001:00012e20       ?_Myptr@?$_String_val@U?$_Simple_types@D@std@@@std@@QAEPADXZ 10013e20 f i libcpmtd:xthrow.obj
 0001:00012e60       ?_Myptr@?$_String_val@U?$_Simple_types@D@std@@@std@@QBEPBDXZ 10013e60 f i libcpmtd:xthrow.obj
 0001:00012ea0       ?_Stringify@regex_error@std@@CAPBDW4error_type@regex_constants@2@@Z 10013ea0 f i libcpmtd:xthrow.obj
 0001:00012f70       ?_Tidy@?$basic_string@DU?$char_traits@D@std@@V?$allocator@D@2@@std@@QAEX_NI@Z 10013f70 f i libcpmtd:xthrow.obj
 0001:00013020       ?_Xbad_alloc@std@@YAXXZ    10014020 f   libcpmtd:xthrow.obj
 0001:00013040       ?_Xbad_function_call@std@@YAXXZ 10014040 f   libcpmtd:xthrow.obj
 0001:00013070       ?_Xinvalid_argument@std@@YAXPBD@Z 10014070 f   libcpmtd:xthrow.obj
 0001:000130a0       ?_Xlen@?$basic_string@DU?$char_traits@D@std@@V?$allocator@D@2@@std@@QBEXXZ 100140a0 f i libcpmtd:xthrow.obj
 0001:000130c0       ?_Xlength_error@std@@YAXPBD@Z 100140c0 f   libcpmtd:xthrow.obj
 0001:000130f0       ?_Xout_of_range@std@@YAXPBD@Z 100140f0 f   libcpmtd:xthrow.obj
 0001:00013120       ?_Xoverflow_error@std@@YAXPBD@Z 10014120 f   libcpmtd:xthrow.obj
 0001:00013150       ?_Xran@?$basic_string@DU?$char_traits@D@std@@V?$allocator@D@2@@std@@QBEXXZ 10014150 f i libcpmtd:xthrow.obj
 0001:00013170       ?_Xregex_error@std@@YAXW4error_type@regex_constants@1@@Z 10014170 f   libcpmtd:xthrow.obj
 0001:000131a0       ?_Xruntime_error@std@@YAXPBD@Z 100141a0 f   libcpmtd:xthrow.obj
 0001:000131d0       ?allocate@?$_Wrap_alloc@V?$allocator@D@std@@@std@@QAEPADI@Z 100141d0 f i libcpmtd:xthrow.obj
 0001:000131f0       ?allocate@?$allocator@D@std@@QAEPADI@Z 100141f0 f i libcpmtd:xthrow.obj
 0001:00013210       ?assign@?$basic_string@DU?$char_traits@D@std@@V?$allocator@D@2@@std@@QAEAAV12@ABV12@II@Z 10014210 f i libcpmtd:xthrow.obj
 0001:000132c0       ?assign@?$basic_string@DU?$char_traits@D@std@@V?$allocator@D@2@@std@@QAEAAV12@PBD@Z 100142c0 f i libcpmtd:xthrow.obj
 0001:00013300       ?assign@?$basic_string@DU?$char_traits@D@std@@V?$allocator@D@2@@std@@QAEAAV12@PBDI@Z 10014300 f i libcpmtd:xthrow.obj
 0001:000133a0       ?assign@?$char_traits@D@std@@SAXAADABD@Z 100143a0 f i libcpmtd:xthrow.obj
 0001:000133b0       ?category@error_code@std@@QBEABVerror_category@2@XZ 100143b0 f i libcpmtd:xthrow.obj
 0001:000133d0       ?category@error_condition@std@@QBEABVerror_category@2@XZ 100143d0 f i libcpmtd:xthrow.obj
 0001:000133f0       ?copy@?$char_traits@D@std@@SAPADPADPBDI@Z 100143f0 f i libcpmtd:xthrow.obj
 0001:00013420       ?deallocate@?$_Wrap_alloc@V?$allocator@D@std@@@std@@QAEXPADI@Z 10014420 f i libcpmtd:xthrow.obj
 0001:00013440       ?deallocate@?$allocator@D@std@@QAEXPADI@Z 10014440 f i libcpmtd:xthrow.obj
 0001:00013460       ?default_error_condition@_System_error_category@std@@UBE?AVerror_condition@2@H@Z 10014460 f i libcpmtd:xthrow.obj
 0001:000134b0       ?default_error_condition@error_category@std@@UBE?AVerror_condition@2@H@Z 100144b0 f i libcpmtd:xthrow.obj
 0001:000134d0       ?equivalent@error_category@std@@UBE_NABVerror_code@2@H@Z 100144d0 f i libcpmtd:xthrow.obj
 0001:00013520       ?equivalent@error_category@std@@UBE_NHABVerror_condition@2@@Z 10014520 f i libcpmtd:xthrow.obj
 0001:00013550       ?erase@?$basic_string@DU?$char_traits@D@std@@V?$allocator@D@2@@std@@QAEAAV12@I@Z 10014550 f i libcpmtd:xthrow.obj
 0001:00013580       ?erase@?$basic_string@DU?$char_traits@D@std@@V?$allocator@D@2@@std@@QAEAAV12@II@Z 10014580 f i libcpmtd:xthrow.obj
 0001:00013610       ?generic_category@std@@YAABVerror_category@1@XZ 10014610 f i libcpmtd:xthrow.obj
 0001:00013620       ?length@?$char_traits@D@std@@SAIPBD@Z 10014620 f i libcpmtd:xthrow.obj
 0001:00013650       ?max_size@?$_Wrap_alloc@V?$allocator@D@std@@@std@@QBEIXZ 10014650 f i libcpmtd:xthrow.obj
 0001:00013670       ?max_size@?$allocator@D@std@@QBEIXZ 10014670 f i libcpmtd:xthrow.obj
 0001:00013680       ?max_size@?$allocator_traits@V?$allocator@D@std@@@std@@SAIABV?$allocator@D@2@@Z 10014680 f i libcpmtd:xthrow.obj
 0001:00013690       ?max_size@?$basic_string@DU?$char_traits@D@std@@V?$allocator@D@2@@std@@QBEIXZ 10014690 f i libcpmtd:xthrow.obj
 0001:000136d0       ?message@_Generic_error_category@std@@UBE?AV?$basic_string@DU?$char_traits@D@std@@V?$allocator@D@2@@2@H@Z 100146d0 f i libcpmtd:xthrow.obj
 0001:00013730       ?message@_Iostream_error_category@std@@UBE?AV?$basic_string@DU?$char_traits@D@std@@V?$allocator@D@2@@2@H@Z 10014730 f i libcpmtd:xthrow.obj
 0001:00013790       ?message@_System_error_category@std@@UBE?AV?$basic_string@DU?$char_traits@D@std@@V?$allocator@D@2@@2@H@Z 10014790 f i libcpmtd:xthrow.obj
 0001:000137f0       ?move@?$char_traits@D@std@@SAPADPADPBDI@Z 100147f0 f i libcpmtd:xthrow.obj
 0001:00013820       ?name@_Generic_error_category@std@@UBEPBDXZ 10014820 f i libcpmtd:xthrow.obj
 0001:00013830       ?name@_Iostream_error_category@std@@UBEPBDXZ 10014830 f i libcpmtd:xthrow.obj
 0001:00013840       ?name@_System_error_category@std@@UBEPBDXZ 10014840 f i libcpmtd:xthrow.obj
 0001:00013850       ?size@?$basic_string@DU?$char_traits@D@std@@V?$allocator@D@2@@std@@QBEIXZ 10014850 f i libcpmtd:xthrow.obj
 0001:00013870       ?system_category@std@@YAABVerror_category@1@XZ 10014870 f i libcpmtd:xthrow.obj
 0001:00013880       ?value@error_code@std@@QBEHXZ 10014880 f i libcpmtd:xthrow.obj
 0001:00013890       ?value@error_condition@std@@QBEHXZ 10014890 f i libcpmtd:xthrow.obj
 0001:000138a0       ?what@bad_function_call@std@@UBEPBDXZ 100148a0 f i libcpmtd:xthrow.obj
 0001:000138b0       ??_U@YAPAXI@Z              100148b0 f   libcpmtd:newaop.obj
 0001:000138d0       ?_Debug_message@std@@YAXPBG0I@Z 100148d0 f   libcpmtd:stdthrow.obj
 0001:000138f0       ?_Debug_message@std@@YAXPB_W0I@Z 100148f0 f   libcpmtd:stdthrow.obj
 0001:00013920       __Mtxdst                   10014920 f   libcpmtd:xmtx.obj
 0001:00013930       __Mtxinit                  10014930 f   libcpmtd:xmtx.obj
 0001:00013950       __Mtxlock                  10014950 f   libcpmtd:xmtx.obj
 0001:00013960       __Mtxunlock                10014960 f   libcpmtd:xmtx.obj
 0001:00013970       __Once                     10014970 f   libcpmtd:xmtx.obj
 0001:000139d0       ?_Syserror_map@std@@YAPBDH@Z 100149d0 f   libcpmtd:syserror.obj
 0001:00013a20       ?_Winerror_map@std@@YAPBDH@Z 10014a20 f   libcpmtd:syserror.obj
 0001:00013a70       ??2@YAPAXI@Z               10014a70 f   LIBCMTD:new.obj
 0001:00013ac0       ??3@YAXPAX@Z               10014ac0 f   LIBCMTD:dbgdel.obj
 0001:00013bb0       @_RTC_AllocaHelper@12      10014bb0 f   LIBCMTD:stack.obj
 0001:00013bf0       @_RTC_CheckStackVars2@12   10014bf0 f   LIBCMTD:stack.obj
 0001:00013cd0       @_RTC_CheckStackVars@8     10014cd0 f   LIBCMTD:stack.obj
 0001:00013d30       __RTC_CheckEsp             10014d30 f   LIBCMTD:stack.obj
 0001:00013d60       @__security_check_cookie@4 10014d60 f   LIBCMTD:secchk.obj
 0001:00013d70       __RTC_InitBase             10014d70 f   LIBCMTD:init.obj
 0001:00013da0       __RTC_Shutdown             10014da0 f   LIBCMTD:init.obj
 0001:00013ec0       ?_CallCatchBlock2@@YAPAXPAUEHRegistrationNode@@PBU_s_FuncInfo@@PAXHK@Z 10014ec0 f   LIBCMTD:_trnsctrl_.obj
 0001:00013f30       ?_CallMemberFunction0@@YGXPAX0@Z 10014f30 f   LIBCMTD:_trnsctrl_.obj
 0001:00013f40       ?_CallMemberFunction1@@YGXPAX00@Z 10014f40 f   LIBCMTD:_trnsctrl_.obj
 0001:00013f50       ?_CallMemberFunction2@@YGXPAX00H@Z 10014f50 f   LIBCMTD:_trnsctrl_.obj
 0001:00013f60       ?_CallSETranslator@@YAHPAUEHExceptionRecord@@PAUEHRegistrationNode@@PAX2PBU_s_FuncInfo@@H1@Z 10014f60 f   LIBCMTD:_trnsctrl_.obj
 0001:00014050       ?_GetRangeOfTrysToCheck@@YAPBU_s_TryBlockMapEntry@@PBU_s_FuncInfo@@HHPAI1@Z 10015050 f   LIBCMTD:_trnsctrl_.obj
 0001:000140e0       ?_JumpToContinuation@@YGXPAXPAUEHRegistrationNode@@@Z 100150e0 f   LIBCMTD:_trnsctrl_.obj
 0001:00014120       ?_UnwindNestedFrames@@YGXPAUEHRegistrationNode@@PAUEHExceptionRecord@@@Z 10015120 f   LIBCMTD:_trnsctrl_.obj
 0001:00014180       __CreateFrameInfo          10015180 f   LIBCMTD:_trnsctrl_.obj
 0001:000141b0       __FindAndUnlinkFrame       100151b0 f   LIBCMTD:_trnsctrl_.obj
 0001:00014210       __IsExceptionObjectToBeDestroyed 10015210 f   LIBCMTD:_trnsctrl_.obj
 0001:00014240       ___CxxFrameHandler         10015240 f   LIBCMTD:_trnsctrl_.obj
 0001:00014280       ___CxxFrameHandler2        10015280 f   LIBCMTD:_trnsctrl_.obj
 0001:000142c0       ___CxxFrameHandler3        100152c0 f   LIBCMTD:_trnsctrl_.obj
 0001:00014300       ___CxxLongjmpUnwind@4      10015300 f   LIBCMTD:_trnsctrl_.obj
 0001:00014330       ??0type_info@@AAE@ABV0@@Z  10015330 f   LIBCMTD:typinfo.obj
 0001:00014350       ??1type_info@@UAE@XZ       10015350 f   LIBCMTD:typinfo.obj
 0001:00014370       ??4type_info@@AAEAAV0@ABV0@@Z 10015370 f   LIBCMTD:typinfo.obj
 0001:00014380       ??8type_info@@QBE_NABV0@@Z 10015380 f   LIBCMTD:typinfo.obj
 0001:000143c0       ??9type_info@@QBE_NABV0@@Z 100153c0 f   LIBCMTD:typinfo.obj
 0001:00014400       ??_Gtype_info@@UAEPAXI@Z   10015400 f i LIBCMTD:typinfo.obj
 0001:00014400       ??_Etype_info@@UAEPAXI@Z   10015400 f i LIBCMTD:typinfo.obj
 0001:00014430       ?_name_internal_method@type_info@@QBEPBDPAU__type_info_node@@@Z 10015430 f   LIBCMTD:typinfo.obj
 0001:00014450       ?_type_info_dtor_internal_method@type_info@@QAEXXZ 10015450 f   LIBCMTD:typinfo.obj
 0001:00014470       ?before@type_info@@QBE_NABV1@@Z 10015470 f   LIBCMTD:typinfo.obj
 0001:000144b0       ?name@type_info@@QBEPBDPAU__type_info_node@@@Z 100154b0 f   LIBCMTD:typinfo.obj
 0001:000144d0       ?raw_name@type_info@@QBEPBDXZ 100154d0 f   LIBCMTD:typinfo.obj
 0001:000144f0       __fpmath                   100154f0 f   LIBCMTD:fpinit.obj
 0001:00014510       ___setfflag                10015510 f   LIBCMTD:fpinit.obj
 0001:00014530       __cfltcvt_init             10015530 f   LIBCMTD:fpinit.obj
 0001:000145f0       _memset                    100155f0 f   LIBCMTD:memset.obj
 0001:00014680       _cos                       10015680 f   LIBCMTD:cos.obj
 0001:000146c0       __CIcos                    100156c0 f   LIBCMTD:cos.obj
 0001:000146fb       __CIcos_default            100156fb f   LIBCMTD:cos.obj
 0001:0001470f       __cos_default              1001570f     LIBCMTD:cos.obj
 0001:000147b0       _sin                       100157b0 f   LIBCMTD:sin.obj
 0001:000147f0       __CIsin                    100157f0 f   LIBCMTD:sin.obj
 0001:0001482b       __CIsin_default            1001582b f   LIBCMTD:sin.obj
 0001:0001483f       __sin_default              1001583f     LIBCMTD:sin.obj
 0001:000148e0       __snprintf                 100158e0 f   LIBCMTD:snprintf.obj
 0001:00014ac0       __snprintf_l               10015ac0 f   LIBCMTD:snprintf.obj
 0001:00014af0       _strcmp                    10015af0 f   LIBCMTD:strcmp.obj
 0001:00014b80       _strrchr                   10015b80 f   LIBCMTD:strrchr.obj
 0001:00014cc0       _atan2                     10015cc0 f   LIBCMTD:87ctriga.obj
 0001:00014cca       __CIatan2                  10015cca f   LIBCMTD:87ctriga.obj
 0001:00014ce0       _exp                       10015ce0 f   LIBCMTD:87ctran.obj
 0001:00014d1c       __CIexp                    10015d1c f   LIBCMTD:87ctran.obj
 0001:00014d57       __exp_default              10015d57 f   LIBCMTD:87ctran.obj
 0001:00014d61       __CIexp_default            10015d61 f   LIBCMTD:87ctran.obj
 0001:00014d70       _fabs                      10015d70 f   LIBCMTD:fabs.obj
 0001:00014e70       _log                       10015e70 f   LIBCMTD:log.obj
 0001:00014eb0       __CIlog                    10015eb0 f   LIBCMTD:log.obj
 0001:00014eeb       __CIlog_default            10015eeb f   LIBCMTD:log.obj
 0001:00014eff       __log_default              10015eff     LIBCMTD:log.obj
 0001:00014fc0       __CIsqrt                   10015fc0 f   LIBCMTD:sqrt.obj
 0001:00014fd4       _sqrt                      10015fd4     LIBCMTD:sqrt.obj
 0001:00015080       ??_V@YAXPAX@Z              10016080 f   LIBCMTD:delete2.obj
 0001:000150a0       ___raise_securityfailure   100160a0 f   LIBCMTD:gs_report.obj
 0001:000150f0       ___report_gsfailure        100160f0 f   LIBCMTD:gs_report.obj
 0001:00015200       ___report_rangecheckfailure 10016200 f   LIBCMTD:gs_report.obj
[...]
 0002:00019f68       __ehfuncinfo$??$_Debug_range2@V?$_Vector_const_iterator@V?$_Vector_val@U?$_Simple_types@PAUNeuron@@@std@@@std@@@std@@@std@@YAXV?$_Vector_const_iterator@V?$_Vector_val@U?$_Simple_types@PAUNeuron@@@std@@@std@@@0@0PB_WIUrandom_access_iterator_tag@0@@Z 10083f68     NeuralNetwork.obj
 0002:00019f8c       __unwindtable$??0Opponents@@QAE@PAUSituation@@PAVDriver@@PAVCardata@@@Z 10083f8c     opponent.obj
 0002:00019f94       __ehfuncinfo$??0Opponents@@QAE@PAUSituation@@PAVDriver@@PAVCardata@@@Z 10083f94     opponent.obj
 0002:00019fb8       __unwindtable$??0Pit@@QAE@PAUSituation@@PAVDriver@@@Z 10083fb8     pit.obj
 0002:00019fc0       __ehfuncinfo$??0Pit@@QAE@PAUSituation@@PAVDriver@@@Z 10083fc0     pit.obj
 0002:00019fe4       __unwindtable$??0?$_String_alloc@$0A@U?$_String_base_types@DV?$allocator@D@std@@@std@@@std@@QAE@ABV?$allocator@D@1@@Z 10083fe4     libcpmtd:xthrow.obj
 0002:00019fec       __ehfuncinfo$??0?$_String_alloc@$0A@U?$_String_base_types@DV?$allocator@D@std@@@std@@@std@@QAE@ABV?$allocator@D@1@@Z 10083fec     libcpmtd:xthrow.obj
 0002:0001a010       __unwindtable$??0?$basic_string@DU?$char_traits@D@std@@V?$allocator@D@2@@std@@QAE@PBD@Z 10084010     libcpmtd:xthrow.obj
 0002:0001a018       __ehfuncinfo$??0?$basic_string@DU?$char_traits@D@std@@V?$allocator@D@2@@std@@QAE@PBD@Z 10084018     libcpmtd:xthrow.obj
 0002:0001a03c       __catchsym$?_Copy@?$basic_string@DU?$char_traits@D@std@@V?$allocator@D@2@@std@@QAEXII@Z$5 1008403c     libcpmtd:xthrow.obj
 0002:0001a04c       __catchsym$?_Copy@?$basic_string@DU?$char_traits@D@std@@V?$allocator@D@2@@std@@QAEXII@Z$4 1008404c     libcpmtd:xthrow.obj
 0002:0001a05c       __unwindtable$?_Copy@?$basic_string@DU?$char_traits@D@std@@V?$allocator@D@2@@std@@QAEXII@Z 1008405c     libcpmtd:xthrow.obj
 0002:0001a07c       __ehfuncinfo$?_Copy@?$basic_string@DU?$char_traits@D@std@@V?$allocator@D@2@@std@@QAEXII@Z 1008407c     libcpmtd:xthrow.obj
 0002:0001a0a0       __tryblocktable$?_Copy@?$basic_string@DU?$char_traits@D@std@@V?$allocator@D@2@@std@@QAEXII@Z 100840a0     libcpmtd:xthrow.obj
 0002:0001a0c8       __unwindtable$??$construct@PADAAPAD@?$allocator@D@std@@QAEXPAPADAAPAD@Z 100840c8     libcpmtd:xthrow.obj
 0002:0001a0d0       __ehfuncinfo$??$construct@PADAAPAD@?$allocator@D@std@@QAEXPAPADAAPAD@Z 100840d0     libcpmtd:xthrow.obj
 0002:0001a300       __sehtable$??3@YAXPAX@Z    10084300     LIBCMTD:dbgdel.obj
 0002:0001a320       __sehtable$_fclose         10084320     LIBCMTD:fclose.obj
 0002:0001a340       __sehtable$__fsopen        10084340     LIBCMTD:fopen.obj
 0002:0001a360       __sehtable$_fread_s        10084360     LIBCMTD:fread.obj
 0002:0001a380       __sehtable$_fwrite         10084380     LIBCMTD:fwrite.obj
 0002:0001a3a0       __sehtable$__CrtSetReportHookW2 100843a0     LIBCMTD:dbgrptw.obj
 0002:0001a3c0       __sehtable$__CRT_INIT@12   100843c0     LIBCMTD:dllcrt0.obj
 0002:0001a3e0       __sehtable$___DllMainCRTStartup 100843e0     LIBCMTD:dllcrt0.obj
 0002:0001a400       __sehtable$_doexit         10084400     LIBCMTD:crt0dat.obj
 0002:0001a420       __sehtable$_fprintf        10084420     LIBCMTD:fprintf.obj
 0002:0001a440       __sehtable$__onexit        10084440     LIBCMTD:onexit.obj
 0002:0001a460       __sehtable$__mtinitlocknum 10084460     LIBCMTD:mlock.obj
 0002:0001a480       __sehtable$__realloc_dbg   10084480     LIBCMTD:dbgheap.obj
 0002:0001a4a0       __sehtable$__expand_dbg    100844a0     LIBCMTD:dbgheap.obj
 0002:0001a4c0       __sehtable$__free_dbg      100844c0     LIBCMTD:dbgheap.obj
 0002:0001a4e0       __sehtable$__msize_dbg     100844e0     LIBCMTD:dbgheap.obj
 0002:0001a500       __sehtable$__CrtCheckMemory 10084500     LIBCMTD:dbgheap.obj
 0002:0001a520       __sehtable$__CrtSetDbgFlag 10084520     LIBCMTD:dbgheap.obj
 0002:0001a540       __sehtable$__CrtDoForAllClientObjects 10084540     LIBCMTD:dbgheap.obj
 0002:0001a560       __sehtable$__CrtIsMemoryBlock 10084560     LIBCMTD:dbgheap.obj
 0002:0001a580       __sehtable$__CrtMemCheckpoint 10084580     LIBCMTD:dbgheap.obj
 0002:0001a5a0       __sehtable$__CrtSetDbgBlockType 100845a0     LIBCMTD:dbgheap.obj
 0002:0001a5c0       __sehtable$__heap_alloc_dbg_impl 100845c0     LIBCMTD:dbgheap.obj
 0002:0001a5e0       __sehtable$?__crtIsBadReadPtr@@YAHPBXI@Z 100845e0     LIBCMTD:dbgheap.obj
 0002:0001a600       __sehtable$?_CrtMemDumpAllObjectsSince_stat@@YAXPBU_CrtMemState@@PAUlocaleinfo_struct@@@Z 10084600     LIBCMTD:dbgheap.obj
 0002:0001a620       __sehtable$?DebuggerProbe@@YAHK@Z 10084620     LIBCMTD:error.obj
 0002:0001a640       __sehtable$?DebuggerRuntime@@YAHKHPAXPB_W@Z 10084640     LIBCMTD:error.obj
 0002:0001a660       __sehtable$__freefls@4     10084660     LIBCMTD:tidtable.obj
 0002:0001a688       __sehtable$__initptd       10084688     LIBCMTD:tidtable.obj
 0002:0001a6b0       __sehtable$?terminate@@YAXXZ 100846b0     LIBCMTD:hooks.obj
 0002:0001a6d0       __sehtable$?_inconsistency@@YAXXZ 100846d0     LIBCMTD:hooks.obj
 0002:0001a6f0       __sehtable$___FrameUnwindToState 100846f0     LIBCMTD:frame.obj
 0002:0001a718       __sehtable$?CallCatchBlock@@YAPAXPAUEHExceptionRecord@@PAUEHRegistrationNode@@PAU_CONTEXT@@PBU_s_FuncInfo@@PAXHK@Z 10084718     LIBCMTD:frame.obj
 0002:0001a740       __sehtable$___BuildCatchObject 10084740     LIBCMTD:frame.obj
 0002:0001a760       __sehtable$___DestructExceptionObject 10084760     LIBCMTD:frame.obj
 0002:0001a77c       __catchsym$?CallUnexpected@@YAXPBU_s_ESTypeList@@@Z$2 1008477c     LIBCMTD:frame.obj
 0002:0001a78c       __unwindtable$?CallUnexpected@@YAXPBU_s_ESTypeList@@@Z 1008478c     LIBCMTD:frame.obj
 0002:0001a79c       __tryblocktable$?CallUnexpected@@YAXPBU_s_ESTypeList@@@Z 1008479c     LIBCMTD:frame.obj
 0002:0001a7b0       __ehfuncinfo$?CallUnexpected@@YAXPBU_s_ESTypeList@@@Z 100847b0     LIBCMTD:frame.obj
 0002:0001a7d8       __sehtable$___BuildCatchObjectHelper 100847d8     LIBCMTD:frame.obj
 0002:0001a830       __sehtable$?_Name_base@type_info@@CAPBDPBV1@PAU__type_info_node@@@Z 10084830     LIBCMTD:typname.obj
 0002:0001a850       __sehtable$?_Type_info_dtor@type_info@@CAXPAV1@@Z 10084850     LIBCMTD:typname.obj
 0002:0001a870       __sehtable$?_Name_base_internal@type_info@@CAPBDPBV1@PAU__type_info_node@@@Z 10084870     LIBCMTD:typname.obj
 0002:0001a890       __sehtable$?_Type_info_dtor_internal@type_info@@CAXPAV1@@Z 10084890     LIBCMTD:typname.obj
 0002:0001a8b0       __sehtable$___clean_type_info_names_internal 100848b0     LIBCMTD:typname.obj
 0002:0001a8d0       __sehtable$___set_fpsr_sse2 100848d0     LIBCMTD:fpctrl.obj
 0002:0001a8f0       __sehtable$__close         100848f0     LIBCMTD:close.obj
 0002:0001a910       __sehtable$_fflush         10084910     LIBCMTD:fflush.obj
 0002:0001a930       __sehtable$_flsall         10084930     LIBCMTD:fflush.obj
 0002:0001a958       __sehtable$__getstream     10084958     LIBCMTD:stream.obj
 0002:0001a978       __sehtable$__read          10084978     LIBCMTD:read.obj
 0002:0001a998       __sehtable$__write         10084998     LIBCMTD:write.obj
 0002:0001a9b8       __sehtable$_signal         100849b8     LIBCMTD:winsig.obj
 0002:0001a9d8       __sehtable$_raise          100849d8     LIBCMTD:winsig.obj
 0002:0001a9f8       __sehtable$_ctrlevent_capture@4 100849f8     LIBCMTD:winsig.obj
 0002:0001aa18       __sehtable$__VCrtDbgReportA 10084a18     LIBCMTD:dbgrptt.obj
 0002:0001aa40       __sehtable$__VCrtDbgReportW 10084a40     LIBCMTD:dbgrptt.obj
 0002:0001aa68       __sehtable$__ioinit        10084a68     LIBCMTD:ioinit.obj
 0002:0001aa88       __sehtable$__IsNonwritableInCurrentImage 10084a88     LIBCMTD:pesect.obj
 0002:0001aaa8       __sehtable$___updatetmbcinfo 10084aa8     LIBCMTD:mbctype.obj
 0002:0001aac8       __sehtable$__setmbcp       10084ac8     LIBCMTD:mbctype.obj
 0002:0001aae4       __unwindtable$?getSystemCP@@YAHH@Z 10084ae4     LIBCMTD:mbctype.obj
 0002:0001aaec       __ehfuncinfo$?getSystemCP@@YAHH@Z 10084aec     LIBCMTD:mbctype.obj
 0002:0001ab10       __sehtable$_vfprintf_helper 10084b10     LIBCMTD:vfprintf.obj
 0002:0001ab30       __sehtable$__fcloseall     10084b30     LIBCMTD:closeall.obj
 0002:0001ab50       __sehtable$___updatetlocinfo 10084b50     LIBCMTD:localref.obj
 0002:0001ab70       __sehtable$__CrtSetReportHook2 10084b70     LIBCMTD:dbgrpt.obj
 0002:0001ab90       __sehtable$___unDName      10084b90     LIBCMTD:undname.obj
 0002:0001abb0       __sehtable$___unDNameEx    10084bb0     LIBCMTD:undname.obj
 0002:0001abcc       __unwindtable$?make@DNameStatusNode@@SAPAV1@W4DNameStatus@@@Z 10084bcc     LIBCMTD:undname.obj
 0002:0001abd4       __ehfuncinfo$?make@DNameStatusNode@@SAPAV1@W4DNameStatus@@@Z 10084bd4     LIBCMTD:undname.obj
 0002:0001abf8       __sehtable$__lseeki64      10084bf8     LIBCMTD:lseeki64.obj
 0002:0001ac18       __sehtable$_printf         10084c18     LIBCMTD:printf.obj
 0002:0001ac38       __sehtable$__alloc_osfhnd  10084c38     LIBCMTD:osfinfo.obj
 0002:0001ac60       __sehtable$___lock_fhandle 10084c60     LIBCMTD:osfinfo.obj
 0002:0001ac80       __sehtable$__open_osfhandle 10084c80     LIBCMTD:osfinfo.obj
 0002:0001aca0       __sehtable$__commit        10084ca0     LIBCMTD:commit.obj
 0002:0001acc0       __sehtable$__sopen_helper  10084cc0     LIBCMTD:open.obj
 0002:0001ace0       __sehtable$__open          10084ce0     LIBCMTD:open.obj
 0002:0001ad00       __sehtable$__putwch        10084d00     LIBCMTD:putwch.obj
 0002:0001ad1c       __unwindtable$?x_ismbbtype_l@@YAHPAUlocaleinfo_struct@@IHH@Z 10084d1c     LIBCMTD:ismbbyte.obj
 0002:0001ad24       __ehfuncinfo$?x_ismbbtype_l@@YAHPAUlocaleinfo_struct@@IHH@Z 10084d24     LIBCMTD:ismbbyte.obj
 0002:0001ad48       __unwindtable$?strtoxl@@YAKPAUlocaleinfo_struct@@PBDPAPBDHH@Z 10084d48     LIBCMTD:strtol.obj
 0002:0001ad50       __ehfuncinfo$?strtoxl@@YAKPAUlocaleinfo_struct@@PBDPAPBDHH@Z 10084d50     LIBCMTD:strtol.obj
 0002:0001ad78       __sehtable$__get_current_locale 10084d78     LIBCMTD:wsetloca.obj
 0002:0001ada0       __sehtable$__free_locale   10084da0     LIBCMTD:wsetloca.obj
 0002:0001adc8       __sehtable$__wsetlocale    10084dc8     LIBCMTD:wsetloca.obj
 0002:0001ae00       __sehtable$__locterm       10084e00     LIBCMTD:wsetloca.obj
 0002:0001ae20       __sehtable$_vprintf_helper 10084e20     LIBCMTD:vprintf.obj
 0002:0001ae40       __sehtable$__wsopen_helper 10084e40     LIBCMTD:wopen.obj
 0002:0001ae60       __sehtable$__wopen         10084e60     LIBCMTD:wopen.obj
 0002:0001ae80       __sehtable$_fputwc         10084e80     LIBCMTD:fputwc.obj
 0002:0001ae9c       __unwindtable$?strtoxq@@YA_KPAUlocaleinfo_struct@@PBDPAPBDHH@Z 10084e9c     LIBCMTD:strtoq.obj
 0002:0001aea4       __ehfuncinfo$?strtoxq@@YA_KPAUlocaleinfo_struct@@PBDPAPBDHH@Z 10084ea4     LIBCMTD:strtoq.obj
 0002:0001aec8       __sehtable$__chsize_s      10084ec8     LIBCMTD:chsize.obj
 0002:0001aee8       __sehtable$__setmode       10084ee8     LIBCMTD:setmode.obj
 0002:0001af04       __unwindtable$?wcstoxq@@YA_KPAUlocaleinfo_struct@@PB_WPAPB_WHH@Z 10084f04     LIBCMTD:wcstoq.obj
 0002:0001af0c       __ehfuncinfo$?wcstoxq@@YA_KPAUlocaleinfo_struct@@PB_WPAPB_WHH@Z 10084f0c     LIBCMTD:wcstoq.obj
 0002:0001b196       .idata$6                   10085196     tgf:tgf.dll
 0002:0001b1c2       .idata$6                   100851c2     robottools:robottools.dll
 0002:0001b840       .idata$6                   10085840     kernel32:KERNEL32.dll
 0002:0001b850       .edata                     10085850     ANN_Bot.exp
 0002:0001b878       rgpv                       10085878     ANN_Bot.exp
 0002:0001b87c       rgszName                   1008587c     ANN_Bot.exp
 0002:0001b880       rgwOrd                     10085880     ANN_Bot.exp
 0002:0001b882       szName                     10085882     ANN_Bot.exp
 0002:0001b88e       $N00001                    1008588e     ANN_Bot.exp
 0003:00000020       _botname                   10086020     ANN_Bot.obj
 0003:00000048       _botdesc                   10086048     ANN_Bot.obj
 0003:000000e8       __ulSeverityText           100860e8     ul_vs2008_32:ulError.obj
 0003:000000f4       _init                      100860f4     libcpmtd:xlock.obj
 0003:00000310       _NAME_                     10086310     LIBCMTD:cos.obj
 0003:00000320       _NAME_                     10086320     LIBCMTD:sin.obj
 0003:00000330       LOG_name                   10086330     LIBCMTD:log.obj
 0003:00000340       _NAME_                     10086340     LIBCMTD:sqrt.obj
 0003:00000350       _dotdotdot                 10086350     LIBCMTD:dbgrptw.obj
 0003:00000360       _NAME_                     10086360     LIBCMTD:asin.obj
 0003:00000370       _NAME_                     10086370     LIBCMTD:acos.obj
 0003:00000380       _NAME_                     10086380     LIBCMTD:tan.obj
 0003:00000608       __locktable                10086608     LIBCMTD:mlock.obj
 0003:00000790       ?isPackaged@?1??__crtIsPackagedApp@@9@9 10086790     LIBCMTD:winapisupp.obj
 0003:00000794       __lRequestCurr             10086794     LIBCMTD:dbgheap.obj
 0003:00000798       __bNoMansLandFill          10086798     LIBCMTD:dbgheap.obj
 0003:00000799       __bAlignLandFill           10086799     LIBCMTD:dbgheap.obj
 0003:0000079a       __bDeadLandFill            1008679a     LIBCMTD:dbgheap.obj
 0003:0000079b       __bCleanLandFill           1008679b     LIBCMTD:dbgheap.obj
 0003:00000818       _errtable                  10086818     LIBCMTD:dosmap.obj
 0003:00000980       _ErrnoNoMem                10086980     LIBCMTD:dosmap.obj
 0003:00000984       _DoserrorNoMem             10086984     LIBCMTD:dosmap.obj
 0003:00000990       ?_names@?1??_get_fname@@9@9 10086990     LIBCMTD:fpexcept.obj
 0003:00000aa0       _over                      10086aa0     LIBCMTD:fpctrl.obj
 0003:00000aac       _under                     10086aac     LIBCMTD:fpctrl.obj
 0003:00000ab8       ?__DAZ_ENABLED@?1??__set_fpsr_sse2@@9@9 10086ab8     LIBCMTD:fpctrl.obj
 0003:00000bf4       _newcw                     10086bf4     LIBCMTD:ceil.obj
 0003:00000c40       ___rgctypeflag             10086c40     LIBCMTD:mbctype.obj
 0003:00000c48       ___rgcode_page_info        10086c48     LIBCMTD:mbctype.obj
 0003:00001160       _dotdotdot                 10087160     LIBCMTD:dbgrpt.obj
 0003:000014b4       __ctype_loc_style          100874b4     LIBCMTD:wsetloca.obj
 0003:000014c0       _DoubleFormat              100874c0     LIBCMTD:intrncvt.obj
 0003:000014d8       _FloatFormat               100874d8     LIBCMTD:intrncvt.obj
 0003:000017c0       _allocator_arg             100877c0     AnnAIController.obj
 0003:000017c1       _piecewise_construct       100877c1     AnnAIController.obj
 0003:000017c4       _allocator_arg             100877c4     ANN_Bot.obj
 0003:000017c5       _piecewise_construct       100877c5     ANN_Bot.obj
 0003:000017c8       _driver                    100877c8     ANN_Bot.obj
 0003:00001800       _allocator_arg             10087800     driver.obj
 0003:00001801       _piecewise_construct       10087801     driver.obj
 0003:00001808       _allocator_arg             10087808     NeuralNetwork.obj
 0003:00001809       _piecewise_construct       10087809     NeuralNetwork.obj
 0003:00001810       _allocator_arg             10087810     opponent.obj
 0003:00001811       _piecewise_construct       10087811     opponent.obj
 0003:00001812       _allocator_arg             10087812     pit.obj
 0003:00001813       _piecewise_construct       10087813     pit.obj
 0003:00001814       _allocator_arg             10087814     strategy.obj
 0003:00001815       _piecewise_construct       10087815     strategy.obj
 0003:00001818       __ulErrorBuffer            10087818     ul_vs2008_32:ulError.obj
 0003:00001c18       __ulErrorCB                10087c18     ul_vs2008_32:ulError.obj
 0003:00001c20       _initlocks                 10087c20     libcpmtd:xlock.obj
 0003:00001c28       _mtx                       10087c28     libcpmtd:xlock.obj
 0003:00001c88       __Tuple_alloc              10087c88     libcpmtd:xthrow.obj
 0003:00001c89       _ignore                    10087c89     libcpmtd:xthrow.obj
 0003:00001c8a       _allocator_arg             10087c8a     libcpmtd:xthrow.obj
 0003:00001c8b       _piecewise_construct       10087c8b     libcpmtd:xthrow.obj
 0003:00001ca8       _allocator_arg             10087ca8     libcpmtd:syserror.obj
 0003:00001ca9       _piecewise_construct       10087ca9     libcpmtd:syserror.obj
 0003:00001caa       ?init@?1??_RTC_InitBase@@9@4_NA 10087caa     LIBCMTD:init.obj
 0003:00001cb0       _GS_ExceptionRecord        10087cb0     LIBCMTD:gs_report.obj
 0003:00001d00       _GS_ContextRecord          10087d00     LIBCMTD:gs_report.obj
 0003:00001fcc       _DebuggerWasPresent        10087fcc     LIBCMTD:gs_report.obj
 0003:00001fdc       ___proc_attached           10087fdc     LIBCMTD:dllcrt0.obj
 0003:00001ff8       ?fExit@?1??doexit@@9@9     10087ff8     LIBCMTD:crt0dat.obj
 0003:00002020       _lclcritsects              10088020     LIBCMTD:mlock.obj
 0003:00002190       _check_frequency           10088190     LIBCMTD:dbgheap.obj
 0003:00002198       _check_counter             10088198     LIBCMTD:dbgheap.obj
 0003:0000219c       __lTotalAlloc              1008819c     LIBCMTD:dbgheap.obj
 0003:000021a0       __lCurAlloc                100881a0     LIBCMTD:dbgheap.obj
 0003:000021a4       __lMaxAlloc                100881a4     LIBCMTD:dbgheap.obj
 0003:000021a8       __pFirstBlock              100881a8     LIBCMTD:dbgheap.obj
 0003:000021ac       __pLastBlock               100881ac     LIBCMTD:dbgheap.obj
 0003:000021b4       __RTC_ErrorReportFunc      100881b4     LIBCMTD:userapi.obj
 0003:000021b8       __RTC_ErrorReportFuncW     100881b8     LIBCMTD:userapi.obj
 0003:000021c0       ___type_info_root_node     100881c0     LIBCMTD:typname.obj
 0003:000021d0       _ctrlc_action              100881d0     LIBCMTD:winsig.obj
 0003:000021d4       _ctrlbreak_action          100881d4     LIBCMTD:winsig.obj
 0003:000021d8       _abort_action              100881d8     LIBCMTD:winsig.obj
 0003:000021dc       _term_action               100881dc     LIBCMTD:winsig.obj
 0003:000021e0       _ConsoleCtrlHandler_Installed 100881e0     LIBCMTD:winsig.obj
 0003:000021e4       ?pfnMessageBox@?1??__crtMessageBoxW@@9@9 100881e4     LIBCMTD:crtmboxw.obj
 0003:000021e8       ?pfnGetActiveWindow@?1??__crtMessageBoxW@@9@9 100881e8     LIBCMTD:crtmboxw.obj
 0003:000021ec       ?pfnGetLastActivePopup@?1??__crtMessageBoxW@@9@9 100881ec     LIBCMTD:crtmboxw.obj
 0003:000021f0       ?pfnGetProcessWindowStation@?1??__crtMessageBoxW@@9@9 100881f0     LIBCMTD:crtmboxw.obj
 0003:000021f4       ?pfnGetUserObjectInformation@?1??__crtMessageBoxW@@9@9 100881f4     LIBCMTD:crtmboxw.obj
 0003:00002200       ?outmsg@?L@??_NMSG_WRITE@@9@9 10088200     LIBCMTD:crt0msg.obj
 0003:0000282c       __pmatherr_set             1008882c     LIBCMTD:libm_error.obj
 0003:00002938       ?_pgmname@?1??_setargv@@9@9 10088938     LIBCMTD:stdargv.obj
 0003:00002a40       _g_pfnRtlGenRandom         10088a40     LIBCMTD:rand_s.obj
 0003:00002a5c       _fSystemSet                10088a5c     LIBCMTD:mbctype.obj
 0003:00002a6c       _mspdb                     10088a6c     LIBCMTD:pdblkup.obj
 0003:00002a70       ?alreadyTried@?1??GetPdbDll@@YAPAUHINSTANCE__@@XZ@4_NA 10088a70     LIBCMTD:pdblkup.obj
 0003:00002a71       ?PDBOK@?BM@??_RTC_GetSrcLine@@YAHPAEPA_WKPAH1K@Z@4_NA 10088a71     LIBCMTD:pdblkup.obj
 0003:00002a9c       _heap                      10088a9c     LIBCMTD:undname.obj
 0003:00002ab0       ?buf@?1??dbGetString@DName@@QBEPADXZ@4PADA 10088ab0     LIBCMTD:undname.obj
 0003:00002b38       ___enable_percent_n        10088b38     LIBCMTD:printf.obj
 0003:00002b44       ___crtCallProc             10088b44     LIBCMTD:winapinls.obj
