 track

 Timestamp is 5176604f (Tue Apr 23 12:19:59 2013)

 Preferred load address is 10000000

 Start         Length     Name                   Class
 0001:00000000 0001a1d0H .text                   CODE
 0002:00000000 00000174H .idata$5                DATA
 0002:00000174 00000004H .CRT$XCA                DATA
 0002:00000178 00000004H .CRT$XCZ                DATA
 0002:0000017c 00000004H .CRT$XIA                DATA
 0002:00000180 00000014H .CRT$XIC                DATA
 0002:00000194 00000004H .CRT$XIZ                DATA
 0002:00000198 00000004H .CRT$XPA                DATA
 0002:0000019c 00000008H .CRT$XPX                DATA
 0002:000001a4 00000004H .CRT$XPXA               DATA
 0002:000001a8 00000004H .CRT$XPZ                DATA
 0002:000001ac 00000004H .CRT$XTA                DATA
 0002:000001b0 00000004H .CRT$XTZ                DATA
 0002:000001c0 0000c6d8H .rdata                  DATA
 0002:0000c8a0 0000000cH .rdata$sxdata           DATA
 0002:0000c8ac 00000004H .rtc$IAA                DATA
 0002:0000c8b0 00000004H .rtc$IZZ                DATA
 0002:0000c8b4 00000004H .rtc$TAA                DATA
 0002:0000c8b8 00000004H .rtc$TZZ                DATA
 0002:0000c8c0 00000334H .xdata$x                DATA
 0002:0000cbf4 0000003cH .idata$2                DATA
 0002:0000cc30 00000014H .idata$3                DATA
 0002:0000cc44 00000174H .idata$4                DATA
 0002:0000cdb8 000006b8H .idata$6                DATA
 0002:0000d470 00000042H .edata                  DATA
 0003:00000000 00001300H .data                   DATA
 0003:00001300 00002398H .bss                    DATA

  Address         Publics by Value              Rva+Base       Lib:Object

 0000:00000000       __except_list              00000000     <absolute>
 0000:00000003       ___safe_se_handler_count   00000003     <absolute>
 0000:00000000       ___ImageBase               10000000     <linker-defined>
 0001:00000000       ?TrackShutdown@@YAXXZ      10001000 f   track.obj
 0001:000000f0       ?TrackBuildv1@@YAPAUtTrack@@PAD@Z 100010f0 f   track.obj
 0001:000001a0       ?TrackBuildEx@@YAPAUtTrack@@PAD@Z 100011a0 f   track.obj
 0001:000005c0       ?ReadTrack3@@YAXPAUtTrack@@PAXPAPAURoadCam@@H@Z 100015c0 f   track3.obj
 0001:00005eb0       ?ReadTrack4@@YAXPAUtTrack@@PAXPAPAURoadCam@@H@Z 10006eb0 f   track4.obj
 0001:0000b890       ?DllEntryPoint@@YGHPAUHINSTANCE__@@KPAX@Z 1000c890 f   trackitf.obj
 0001:0000b8f0       _track                     1000c8f0 f   trackitf.obj
 0001:0000b930       ?TrackLocal2Global@@YAXPAUtTrkLocPos@@PAM1@Z 1000c930 f   trackutil.obj
 0001:0000b950       ?TrackGlobal2Local@@YAXPAUtrackSeg@@MMPAUtTrkLocPos@@H@Z 1000c950 f   trackutil.obj
 0001:0000b980       ?TrackHeightL@@YAMPAUtTrkLocPos@@@Z 1000c980 f   trackutil.obj
 0001:0000b990       ?TrackHeightG@@YAMPAUtrackSeg@@MM@Z 1000c990 f   trackutil.obj
 0001:0000b9c0       ?TrackSideNormal@@YAXPAUtrackSeg@@MMHPAUt3Dd@@@Z 1000c9c0 f   trackutil.obj
 0001:0000b9f0       ?TrackSurfaceNormal@@YAXPAUtTrkLocPos@@PAUt3Dd@@@Z 1000c9f0 f   trackutil.obj
 0001:0000ba00       ?TrackSpline@@YAMMMMMM@Z   1000ca00 f   trackutil.obj
 0001:0000ba80       ?_tgf_win_calloc@@YAPAXII@Z 1000ca80 f   tgf:tgf.dll
 0001:0000ba86       ?_tgf_win_free@@YAXPAX@Z   1000ca86 f   tgf:tgf.dll
 0001:0000ba8c       ?_tgf_win_strdup@@YAPADPBD@Z 1000ca8c f   tgf:tgf.dll
 0001:0000ba92       ?GfParmReadFile@@YAPAXPBDH@Z 1000ca92 f   tgf:tgf.dll
 0001:0000ba98       ?GfParmGetStr@@YAPBDPAXPBD11@Z 1000ca98 f   tgf:tgf.dll
 0001:0000ba9e       ?GfParmGetNum@@YAMPAXPBD11M@Z 1000ca9e f   tgf:tgf.dll
 0001:0000baa4       ?GfParmReleaseHandle@@YAXPAX@Z 1000caa4 f   tgf:tgf.dll
 0001:0000baaa       ?GfParmGetEltNb@@YAHPAXPBD@Z 1000caaa f   tgf:tgf.dll
 0001:0000bab0       ?_tgf_win_malloc@@YAPAXI@Z 1000cab0 f   tgf:tgf.dll
 0001:0000bab6       ?GfParmGetCurStr@@YAPBDPAXPBD11@Z 1000cab6 f   tgf:tgf.dll
 0001:0000babc       ?GfParmGetCurNum@@YAMPAXPBD11M@Z 1000cabc f   tgf:tgf.dll
 0001:0000bac2       ?GfParmSetCurNum@@YAHPAXPBD11M@Z 1000cac2 f   tgf:tgf.dll
 0001:0000bac8       ?GfParmListSeekFirst@@YAHPAXPBD@Z 1000cac8 f   tgf:tgf.dll
 0001:0000bace       ?GfParmListSeekNext@@YAHPAXPBD@Z 1000cace f   tgf:tgf.dll
 0001:0000bad4       ?GfParmListGetCurEltName@@YAPADPAXPBD@Z 1000cad4 f   tgf:tgf.dll
 0001:0000bada       ?GfHashCreate@@YAPAXH@Z    1000cada f   tgf:tgf.dll
 0001:0000bae0       ?GfHashAddStr@@YAHPAXPBDPBX@Z 1000cae0 f   tgf:tgf.dll
 0001:0000bae6       ?GfHashGetStr@@YAPBXPAXPBD@Z 1000cae6 f   tgf:tgf.dll
 0001:0000baec       ?GfHashRelease@@YAXPAXP6AXPBX@Z@Z 1000caec f   tgf:tgf.dll
 0001:0000baf2       ?RtTrackGetWidth@@YAMPAUtrackSeg@@M@Z 1000caf2 f   robottools:robottools.dll
 0001:0000baf8       ?RtTrackLocal2Global@@YAXPAUtTrkLocPos@@PAM1H@Z 1000caf8 f   robottools:robottools.dll
 0001:0000bafe       ?RtTrackGlobal2Local@@YAXPAUtrackSeg@@MMPAUtTrkLocPos@@H@Z 1000cafe f   robottools:robottools.dll
 0001:0000bb04       ?RtTrackHeightL@@YAMPAUtTrkLocPos@@@Z 1000cb04 f   robottools:robottools.dll
 0001:0000bb0a       ?RtTrackHeightG@@YAMPAUtrackSeg@@MM@Z 1000cb0a f   robottools:robottools.dll
 0001:0000bb10       ?RtTrackSideNormalG@@YAXPAUtrackSeg@@MMHPAUt3Dd@@@Z 1000cb10 f   robottools:robottools.dll
 0001:0000bb16       ?RtTrackSurfaceNormalL@@YAXPAUtTrkLocPos@@PAUt3Dd@@@Z 1000cb16 f   robottools:robottools.dll
 0001:0000bb1c       __snprintf                 1000cb1c f   LIBCMT:snprintf.obj
 0001:0000bbd0       _strrchr                   1000cbd0 f   LIBCMT:strrchr.obj
 0001:0000bd10       __ftol2_sse                1000cd10 f   LIBCMT:ftol2.obj
 0001:0000bd19       __ftol2_pentium4           1000cd19 f   LIBCMT:ftol2.obj
 0001:0000bd2c       __ftol2_sse_excpt          1000cd2c f   LIBCMT:ftol2.obj
 0001:0000bd46       __ftol2                    1000cd46 f   LIBCMT:ftol2.obj
 0001:0000bdbb       __fpmath                   1000cdbb f   LIBCMT:fpinit.obj
 0001:0000bdd2       __cfltcvt_init             1000cdd2 f   LIBCMT:fpinit.obj
 0001:0000be32       ??0_LocaleUpdate@@QAE@PAUlocaleinfo_struct@@@Z 1000ce32 f i LIBCMT:strtol.obj
 0001:0000c0de       _strtol                    1000d0de f   LIBCMT:strtol.obj
 0001:0000c108       __get_printf_count_output  1000d108 f   LIBCMT:printf.obj
 0001:0000c11d       _printf                    1000d11d f   LIBCMT:printf.obj
 0001:0000c1c9       _strtok                    1000d1c9 f   LIBCMT:strtok.obj
 0001:0000c290       _atan2                     1000d290 f   LIBCMT:87ctriga.obj
 0001:0000c29a       __CIatan2                  1000d29a f   LIBCMT:87ctriga.obj
 0001:0000c2b0       __libm_sse2_cos_precise    1000d2b0 f   LIBCMT:cos_sse2_precise.obj
 0001:0000c470       __libm_sse2_sin_precise    1000d470 f   LIBCMT:sin_sse2_precise.obj
 0001:0000c640       __libm_sse2_sqrt_precise   1000d640 f   LIBCMT:sqrt_sse2_precise.obj
 0001:0000c740       __libm_sse2_tan_precise    1000d740 f   LIBCMT:tan_sse2_precise.obj
 0001:0000c9b0       _memcpy                    1000d9b0 f   LIBCMT:memcpy.obj
 0001:0000cff4       ___crtCorExitProcess       1000dff4 f   LIBCMT:crt0dat.obj
 0001:0000d026       ___crtExitProcess          1000e026 f   LIBCMT:crt0dat.obj
 0001:0000d03c       ___freeCrtMemory           1000e03c f   LIBCMT:crt0dat.obj
 0001:0000d14c       __amsg_exit                1000e14c f   LIBCMT:crt0dat.obj
 0001:0000d168       __cexit                    1000e168 f   LIBCMT:crt0dat.obj
 0001:0000d177       __cinit                    1000e177 f   LIBCMT:crt0dat.obj
 0001:0000d208       __exit                     1000e208 f   LIBCMT:crt0dat.obj
 0001:0000d21c       __init_pointers            1000e21c f   LIBCMT:crt0dat.obj
 0001:0000d270       __initterm_e               1000e270 f   LIBCMT:crt0dat.obj
 0001:0000d292       __lockexit                 1000e292 f   LIBCMT:crt0dat.obj
 0001:0000d29b       __unlockexit               1000e29b f   LIBCMT:crt0dat.obj
 0001:0000d3d3       _exit                      1000e3d3 f   LIBCMT:crt0dat.obj
 0001:0000d3e7       __CRT_INIT@12              1000e3e7 f   LIBCMT:dllcrt0.obj
 0001:0000d559       __DllMainCRTStartup@12     1000e559 f   LIBCMT:dllcrt0.obj
 0001:0000d68a       ___DllXcptFilter           1000e68a f   LIBCMT:dllcrt0.obj
 0001:0000d6b0       __CIsqrt                   1000e6b0 f   LIBCMT:sqrt.obj
 0001:0000d6c4       _sqrt                      1000e6c4     LIBCMT:sqrt.obj
 0001:0000d770       _asin                      1000e770 f   LIBCMT:asin.obj
 0001:0000d7b0       __CIasin                   1000e7b0 f   LIBCMT:asin.obj
 0001:0000d7eb       __CIasin_default           1000e7eb f   LIBCMT:asin.obj
 0001:0000d7ff       __asin_default             1000e7ff     LIBCMT:asin.obj
 0001:0000d8c0       _acos                      1000e8c0 f   LIBCMT:acos.obj
 0001:0000d900       __CIacos                   1000e900 f   LIBCMT:acos.obj
 0001:0000d93b       __CIacos_default           1000e93b f   LIBCMT:acos.obj
 0001:0000d94f       __acos_default             1000e94f     LIBCMT:acos.obj
 0001:0000da10       _sin                       1000ea10 f   LIBCMT:sin.obj
 0001:0000da50       __CIsin                    1000ea50 f   LIBCMT:sin.obj
 0001:0000da8b       __CIsin_default            1000ea8b f   LIBCMT:sin.obj
 0001:0000da9f       __sin_default              1000ea9f     LIBCMT:sin.obj
 0001:0000db40       _cos                       1000eb40 f   LIBCMT:cos.obj
 0001:0000db80       __CIcos                    1000eb80 f   LIBCMT:cos.obj
 0001:0000dbbb       __CIcos_default            1000ebbb f   LIBCMT:cos.obj
 0001:0000dbcf       __cos_default              1000ebcf     LIBCMT:cos.obj
 0001:0000dc70       _tan                       1000ec70 f   LIBCMT:tan.obj
 0001:0000dcb0       __CItan                    1000ecb0 f   LIBCMT:tan.obj
 0001:0000dceb       __CItan_default            1000eceb f   LIBCMT:tan.obj
 0001:0000dcff       __tan_default              1000ecff     LIBCMT:tan.obj
 0001:0000dd9d       ___initstdio               1000ed9d f   LIBCMT:_file.obj
 0001:0000de10       ___endstdio                1000ee10 f   LIBCMT:_file.obj
 0001:0000de37       ___iob_func                1000ee37 f   LIBCMT:_file.obj
 0001:0000de3d       __lock_file                1000ee3d f   LIBCMT:_file.obj
 0001:0000de7c       __lock_file2               1000ee7c f   LIBCMT:_file.obj
 0001:0000deac       __unlock_file              1000eeac f   LIBCMT:_file.obj
 0001:0000dee6       __unlock_file2             1000eee6 f   LIBCMT:_file.obj
 0001:0000df13       __call_reportfault         1000ef13 f   LIBCMT:invarg.obj
 0001:0000e036       __initp_misc_invarg        1000f036 f   LIBCMT:invarg.obj
 0001:0000e043       __invalid_parameter        1000f043 f   LIBCMT:invarg.obj
 0001:0000e06e       __invalid_parameter_noinfo 1000f06e f   LIBCMT:invarg.obj
 0001:0000e07e       __invoke_watson            1000f07e f   LIBCMT:invarg.obj
 0001:0000e0a9       __flsbuf                   1000f0a9 f   LIBCMT:_flsbuf.obj
 0001:0000e1f6       __output_l                 1000f1f6 f   LIBCMT:output.obj
 0001:0000ee68       ___doserrno                1000fe68 f   LIBCMT:dosmap.obj
 0001:0000ee7b       __dosmaperr                1000fe7b f   LIBCMT:dosmap.obj
 0001:0000ee9c       __errno                    1000fe9c f   LIBCMT:dosmap.obj
 0001:0000eeaf       __get_errno_from_oserr     1000feaf f   LIBCMT:dosmap.obj
 0001:0000eef0       ___isa_available_init      1000fef0 f   LIBCMT:cpu_disp.obj
 0001:0000f029       __cfltcvt                  10010029 f   LIBCMT:cvt.obj
 0001:0000f04a       __cfltcvt_l                1001004a f   LIBCMT:cvt.obj
 0001:0000f0d0       __cftoa_l                  100100d0 f   LIBCMT:cvt.obj
 0001:0000f42a       __cftoe                    1001042a f   LIBCMT:cvt.obj
 0001:0000f597       __cftoe_l                  10010597 f   LIBCMT:cvt.obj
 0001:0000f74d       __cftof_l                  1001074d f   LIBCMT:cvt.obj
 0001:0000f80c       __cftog_l                  1001080c f   LIBCMT:cvt.obj
 0001:0000f909       __cropzeros                10010909 f   LIBCMT:cvt.obj
 0001:0000f91a       __cropzeros_l              1001091a f   LIBCMT:cvt.obj
 0001:0000f998       __fassign                  10010998 f   LIBCMT:cvt.obj
 0001:0000f9b0       __fassign_l                100109b0 f   LIBCMT:cvt.obj
 0001:0000f9f0       __forcdecpt                100109f0 f   LIBCMT:cvt.obj
 0001:0000fa01       __forcdecpt_l              10010a01 f   LIBCMT:cvt.obj
 0001:0000fa73       __positive                 10010a73 f   LIBCMT:cvt.obj
 0001:0000fab5       __setdefaultprecision      10010ab5 f   LIBCMT:fp8.obj
 0001:0000fadc       __initp_misc_cfltcvt_tab   10010adc f   LIBCMT:cmiscdat.obj
 0001:0000fafb       ___addlocaleref            10010afb f   LIBCMT:localref.obj
 0001:0000fb8b       ___freetlocinfo            10010b8b f   LIBCMT:localref.obj
 0001:0000fce5       ___removelocaleref         10010ce5 f   LIBCMT:localref.obj
 0001:0000fd80       ___updatetlocinfo          10010d80 f   LIBCMT:localref.obj
 0001:0000fdfc       __updatetlocinfoEx_nolock  10010dfc f   LIBCMT:localref.obj
 0001:0000fe47       ___initmbctable            10010e47 f   LIBCMT:mbctype.obj
 0001:00010102       ___updatetmbcinfo          10011102 f   LIBCMT:mbctype.obj
 0001:000101a7       __setmbcp                  100111a7 f   LIBCMT:mbctype.obj
 0001:00010355       __setmbcp_nolock           10011355 f   LIBCMT:mbctype.obj
 0001:0001054a       __isctype_l                1001154a f   LIBCMT:isctype.obj
 0001:000105f9       __freefls@4                100115f9 f   LIBCMT:tidtable.obj
 0001:00010730       __freeptd                  10011730 f   LIBCMT:tidtable.obj
 0001:00010766       __getptd                   10011766 f   LIBCMT:tidtable.obj
 0001:0001077e       __getptd_noexit            1001177e f   LIBCMT:tidtable.obj
 0001:000107ed       __initptd                  100117ed f   LIBCMT:tidtable.obj
 0001:000108a0       __mtinit                   100118a0 f   LIBCMT:tidtable.obj
 0001:00010916       __mtterm                   10011916 f   LIBCMT:tidtable.obj
 0001:00010933       __locterm                  10011933 f   LIBCMT:wsetloca.obj
 0001:00010985       __ftbuf                    10011985 f   LIBCMT:_sftbuf.obj
 0001:000109b6       __stbuf                    100119b6 f   LIBCMT:_sftbuf.obj
 0001:00010a60       __SEH_prolog4              10011a60 f   LIBCMT:sehprolg4.obj
 0001:00010aa5       __SEH_epilog4              10011aa5 f   LIBCMT:sehprolg4.obj
 0001:00010ac0       __except_handler4          10011ac0 f   LIBCMT:chandler4.obj
 0001:00010c55       ___raise_securityfailure   10011c55 f   LIBCMT:gs_report.obj
 0001:00010c92       ___report_gsfailure        10011c92 f   LIBCMT:gs_report.obj
 0001:00010d8b       ___report_rangecheckfailure 10011d8b f   LIBCMT:gs_report.obj
 0001:00010d97       ___report_securityfailure  10011d97 f   LIBCMT:gs_report.obj
 0001:00010e65       @__security_check_cookie@4 10011e65 f   LIBCMT:secchk.obj
 0001:00010e9c       __fFATN2                   10011e9c     LIBCMT:87triga.obj
 0001:00010eec       __rtpiby2                  10011eec     LIBCMT:87triga.obj
 0001:00010f30       __cintrindisp2             10011f30 f   LIBCMT:87cdisp.obj
 0001:00010f6e       __cintrindisp1             10011f6e f   LIBCMT:87cdisp.obj
 0001:00010fab       __ctrandisp2               10011fab f   LIBCMT:87cdisp.obj
 0001:0001113a       __ctrandisp1               1001213a f   LIBCMT:87cdisp.obj
 0001:0001116d       __fload                    1001216d f   LIBCMT:87cdisp.obj
 0001:000111a9       ___libm_error_support      100121a9 f   LIBCMT:libm_error.obj
 0001:00011491       __RTC_Initialize           10012491 f   LIBCMT:initsect.obj
 0001:000114b1       __RTC_Terminate            100124b1 f   LIBCMT:initsect.obj
 0001:000114d1       __lock                     100124d1 f   LIBCMT:mlock.obj
 0001:00011505       __mtdeletelocks            10012505 f   LIBCMT:mlock.obj
 0001:00011559       __mtinitlocknum            10012559 f   LIBCMT:mlock.obj
 0001:00011600       __mtinitlocks              10012600 f   LIBCMT:mlock.obj
 0001:00011635       __unlock                   10012635 f   LIBCMT:mlock.obj
 0001:0001164a       ___crtFlsAlloc             1001264a f   LIBCMT:winapisupp.obj
 0001:00011668       ___crtFlsFree              10012668 f   LIBCMT:winapisupp.obj
 0001:00011687       ___crtFlsGetValue          10012687 f   LIBCMT:winapisupp.obj
 0001:000116a6       ___crtFlsSetValue          100126a6 f   LIBCMT:winapisupp.obj
 0001:000116c8       ___crtIsPackagedApp        100126c8 f   LIBCMT:winapisupp.obj
 0001:00011706       ___crtLoadWinApiPointers   10012706 f   LIBCMT:winapisupp.obj
 0001:00011945       ___crtTerminateProcess     10012945 f   LIBCMT:winapisupp.obj
 0001:0001195a       ___crtUnhandledException   1001295a f   LIBCMT:winapisupp.obj
 0001:00011970       __FF_MSGBANNER             10012970 f   LIBCMT:crt0msg.obj
 0001:000119a9       __GET_RTERRMSG             100129a9 f   LIBCMT:crt0msg.obj
 0001:000119cd       __NMSG_WRITE               100129cd f   LIBCMT:crt0msg.obj
 0001:00011b90       __FindPESection            10012b90 f   LIBCMT:pesect.obj
 0001:00011be0       __IsNonwritableInCurrentImage 10012be0 f   LIBCMT:pesect.obj
 0001:00011ca0       __ValidateImageBase        10012ca0 f   LIBCMT:pesect.obj
 0001:00011cd1       ___onexitinit              10012cd1 f   LIBCMT:onexit.obj
 0001:00011d00       __onexit                   10012d00 f   LIBCMT:onexit.obj
 0001:00011df6       _atexit                    10012df6 f   LIBCMT:onexit.obj
 0001:00011e0b       _free                      10012e0b f   LIBCMT:free.obj
 0001:00011e43       __calloc_crt               10012e43 f   LIBCMT:crtheap.obj
 0001:00011e8d       __malloc_crt               10012e8d f   LIBCMT:crtheap.obj
 0001:00011ed6       __realloc_crt              10012ed6 f   LIBCMT:crtheap.obj
 0001:00011f22       ?terminate@@YAXXZ          10012f22 f   LIBCMT:hooks.obj
 0001:00011f56       __initp_eh_hooks           10012f56 f   LIBCMT:hooks.obj
 0001:00011f67       __callnewh                 10012f67 f   LIBCMT:handler.obj
 0001:00011f8d       __initp_heap_handler       10012f8d f   LIBCMT:handler.obj
 0001:00011f9a       __initp_misc_purevirt      10012f9a f   LIBCMT:inithelp.obj
 0001:00011fa7       __initp_misc_rand_s        10012fa7 f   LIBCMT:rand_s.obj
 0001:00011fb4       ___get_sigabrt             10012fb4 f   LIBCMT:winsig.obj
 0001:00011fc1       __initp_misc_winsig        10012fc1 f   LIBCMT:winsig.obj
 0001:00011fdd       _raise                     10012fdd f   LIBCMT:winsig.obj
 0001:000121ce       __XcptFilter               100131ce f   LIBCMT:winxfltr.obj
 0001:00012329       ___CppXcptFilter           10013329 f   LIBCMT:winxfltr.obj
 0001:00012347       __heap_init                10013347 f   LIBCMT:heapinit.obj
 0001:0001235c       __heap_term                1001335c f   LIBCMT:heapinit.obj
 0001:00012364       __ioinit                   10013364 f   LIBCMT:ioinit.obj
 0001:00012612       __ioterm                   10013612 f   LIBCMT:ioinit.obj
 0001:00012664       __setargv                  10013664 f   LIBCMT:stdargv.obj
 0001:00012891       __setenvp                  10013891 f   LIBCMT:stdenvp.obj
 0001:00012972       ___security_init_cookie    10013972 f   LIBCMT:gs_support.obj
 0001:00012a0c       _DllMain@12                10013a0c f   LIBCMT:dllmain.obj
 0001:00012a12       ___crtGetEnvironmentStringsA 10013a12 f   LIBCMT:a_env.obj
 0001:00012aa0       __trandisp1                10013aa0 f   LIBCMT:87disp.obj
 0001:00012b07       __trandisp2                10013b07 f   LIBCMT:87disp.obj
 0001:00012b93       __rttospopde               10013b93     LIBCMT:87disp.obj
 0001:00012b98       __rttospop                 10013b98     LIBCMT:87disp.obj
 0001:00012b9a       __rtnospop                 10013b9a     LIBCMT:87disp.obj
 0001:00012b9c       __rttosnpop                10013b9c     LIBCMT:87disp.obj
 0001:00012b9d       __rtnospopde               10013b9d     LIBCMT:87disp.obj
 0001:00012ba4       __rtzeropop                10013ba4     LIBCMT:87disp.obj
 0001:00012ba6       __rtzeronpop               10013ba6     LIBCMT:87disp.obj
 0001:00012bab       __rtonepop                 10013bab     LIBCMT:87disp.obj
 0001:00012bad       __rtonenpop                10013bad     LIBCMT:87disp.obj
 0001:00012bb2       __tosnan1                  10013bb2     LIBCMT:87disp.obj
 0001:00012bdd       __nosnan2                  10013bdd     LIBCMT:87disp.obj
 0001:00012bdf       __tosnan2                  10013bdf     LIBCMT:87disp.obj
 0001:00012c07       __nan2                     10013c07     LIBCMT:87disp.obj
 0001:00012c46       __rtindfpop                10013c46     LIBCMT:87disp.obj
 0001:00012c48       __rtindfnpop               10013c48     LIBCMT:87disp.obj
 0001:00012c59       __rttosnpopde              10013c59     LIBCMT:87disp.obj
 0001:00012c63       __rtchsifneg               10013c63     LIBCMT:87disp.obj
 0001:00012c70       __startTwoArgErrorHandling 10013c70 f   LIBCMT:genexcep.obj
 0001:00012c87       __startOneArgErrorHandling 10013c87 f   LIBCMT:genexcep.obj
 0001:00012cd0       __twoToTOS                 10013cd0 f   LIBCMT:common.obj
 0001:00012ce5       __load_CW                  10013ce5 f   LIBCMT:common.obj
 0001:00012cfc       __convertTOStoQNaN         10013cfc f   LIBCMT:common.obj
 0001:00012d15       __fload_withFB             10013d15 f   LIBCMT:common.obj
 0001:00012d58       __checkTOS_withFB          10013d58 f   LIBCMT:common.obj
 0001:00012d6e       __fast_exit                10013d6e f   LIBCMT:common.obj
 0001:00012d7b       __math_exit                10013d7b f   LIBCMT:common.obj
 0001:00012da5       __check_overflow_exit      10013da5 f   LIBCMT:common.obj
 0001:00012db9       __check_range_exit         10013db9 f   LIBCMT:common.obj
 0001:00012e5c       __sse2_mathfcns_init       10013e5c f   LIBCMT:mathfcns.obj
 0001:00012e70       __CIasin_pentium4          10013e70 f   LIBCMT:asin_pentium4.obj
 0001:00012e88       __asin_pentium4            10013e88     LIBCMT:asin_pentium4.obj
 0001:000133f0       __CIacos_pentium4          100143f0 f   LIBCMT:acos_pentium4.obj
 0001:00013408       __acos_pentium4            10014408     LIBCMT:acos_pentium4.obj
 0001:00013950       __CIsin_pentium4           10014950 f   LIBCMT:sin_pentium4.obj
 0001:00013968       __sin_pentium4             10014968     LIBCMT:sin_pentium4.obj
 0001:00013b20       __CIcos_pentium4           10014b20 f   LIBCMT:cos_pentium4.obj
 0001:00013b38       __cos_pentium4             10014b38     LIBCMT:cos_pentium4.obj
 0001:00013cd0       __CItan_pentium4           10014cd0 f   LIBCMT:tan_pentium4.obj
 0001:00013ce8       __tan_pentium4             10014ce8     LIBCMT:tan_pentium4.obj
 0001:00013f30       __fileno                   10014f30 f   LIBCMT:fileno.obj
 0001:00013f54       __fcloseall                10014f54 f   LIBCMT:closeall.obj
 0001:00013ff1       __fflush_nolock            10014ff1 f   LIBCMT:fflush.obj
 0001:00014037       __flush                    10015037 f   LIBCMT:fflush.obj
 0001:0001409b       __flushall                 1001509b f   LIBCMT:fflush.obj
 0001:00014188       __crt_debugger_hook        10015188 f   LIBCMT:dbghook.obj
 0001:00014190       _memset                    10015190 f   LIBCMT:memset.obj
 0001:00014220       __isatty                   10015220 f   LIBCMT:isatty.obj
 0001:00014274       __write                    10015274 f   LIBCMT:write.obj
 0001:00014356       __write_nolock             10015356 f   LIBCMT:write.obj
 0001:00014b80       __lseeki64                 10015b80 f   LIBCMT:lseeki64.obj
 0001:00014c7c       __lseeki64_nolock          10015c7c f   LIBCMT:lseeki64.obj
 0001:00014ced       __getbuf                   10015ced f   LIBCMT:_getbuf.obj
 0001:00014d33       __isleadbyte_l             10015d33 f i LIBCMT:_wctype.obj
 0001:00014d69       _isleadbyte                10015d69 f i LIBCMT:_wctype.obj
 0001:00014d80       _strlen                    10015d80 f   LIBCMT:strlen.obj
 0001:00014e0b       __wctomb_s_l               10015e0b f   LIBCMT:wctomb.obj
 0001:00014f2d       _wctomb_s                  10015f2d f   LIBCMT:wctomb.obj
 0001:00014f50       __aulldvrm                 10015f50 f   LIBCMT:ulldvrm.obj
 0001:00014fe5       __isdigit_l                10015fe5 f i LIBCMT:_ctype.obj
 0001:00015035       _isdigit                   10016035 f i LIBCMT:_ctype.obj
 0001:00015060       __tolower_l                10016060 f   LIBCMT:tolower.obj
 0001:000151a1       _tolower                   100161a1 f   LIBCMT:tolower.obj
 0001:000151cd       _strcpy_s                  100161cd f   LIBCMT:strcpy_s.obj
 0001:00015230       _memmove                   10016230 f   LIBCMT:memmove.obj
 0001:00015874       __fptostr                  10016874 f   LIBCMT:_fptostr.obj
 0001:00015924       __atodbl_l                 10016924 f   LIBCMT:atodbl.obj
 0001:000159b0       __atoflt_l                 100169b0 f   LIBCMT:atodbl.obj
 0001:00015a3c       ___dtold                   10016a3c f   LIBCMT:cfout.obj
 0001:00015b02       __fltout2                  10016b02 f   LIBCMT:cfout.obj
 0001:00015b90       __alldvrm                  10016b90 f   LIBCMT:lldvrm.obj
 0001:00015c70       __aullshr                  10016c70 f   LIBCMT:ullshr.obj
 0001:00015c8f       __controlfp_s              10016c8f f   LIBCMT:contrlfp.obj
 0001:00015cec       __fptrap                   10016cec f   LIBCMT:crt0fp.obj
 0001:00015cf5       ___free_lconv_mon          10016cf5 f   LIBCMT:initmon.obj
 0001:00015df1       ___free_lconv_num          10016df1 f   LIBCMT:initnum.obj
 0001:00015e58       ___free_lc_time            10016e58 f   LIBCMT:inittime.obj
 0001:000163c1       ___crtLCMapStringA         100173c1 f   LIBCMT:a_map.obj
 0001:00016405       __freea                    10017405 f i LIBCMT:a_map.obj
 0001:0001650f       ___crtGetStringTypeA       1001750f f   LIBCMT:a_str.obj
 0001:0001654d       _wcscat_s                  1001754d f   LIBCMT:wcscat_s.obj
 0001:000165b9       _wcscpy_s                  100175b9 f   LIBCMT:wcscpy_s.obj
 0001:00016615       _wcslen                    10017615 f   LIBCMT:wcslen.obj
 0001:0001662e       _wcsncpy_s                 1001762e f   LIBCMT:wcsncpy_s.obj
 0001:000166ec       _GetTableIndexFromLocaleName 100176ec f   LIBCMT:winapinls.obj
 0001:0001673a       ___crtDownlevelLocaleNameToLCID 1001773a f   LIBCMT:winapinls.obj
 0001:00016764       ___crtLCMapStringEx        10017764 f   LIBCMT:winapinls.obj
 0001:000167b0       ___wcsnicmp_ascii          100177b0 f   LIBCMT:winapinls.obj
 0001:00016820       __local_unwind4            10017820 f   LIBCMT:exsup4.obj
 0001:000168f6       __seh_longjmp_unwind4@4    100178f6 f   LIBCMT:exsup4.obj
 0001:00016912       @_EH4_CallFilterFunc@8     10017912 f   LIBCMT:exsup4.obj
 0001:00016929       @_EH4_TransferToHandler@8  10017929 f   LIBCMT:exsup4.obj
 0001:00016942       @_EH4_GlobalUnwind2@8      10017942 f   LIBCMT:exsup4.obj
 0001:0001695b       @_EH4_LocalUnwind@16       1001795b f   LIBCMT:exsup4.obj
 0001:00016972       __87except                 10017972 f   LIBCMT:87except.obj
 0001:00016a7b       __matherr                  10017a7b f   LIBCMT:matherr.obj
 0001:00016a7e       __set_error_mode           10017a7e f   LIBCMT:errmode.obj
 0001:00016abe       ___crtMessageBoxW          10017abe f   LIBCMT:crtmboxw.obj
 0001:00016ca0       __msize                    10017ca0 f   LIBCMT:msize.obj
 0001:00016cd1       _malloc                    10017cd1 f   LIBCMT:malloc.obj
 0001:00016d63       _realloc                   10017d63 f   LIBCMT:realloc.obj
 0001:00016e0e       __calloc_impl              10017e0e f   LIBCMT:calloc_impl.obj
 0001:00016e88       _abort                     10017e88 f   LIBCMT:abort.obj
 0001:00016f21       __ismbblead                10017f21 f   LIBCMT:ismbbyte.obj
 0001:00016f37       __fclose_nolock            10017f37 f   LIBCMT:fclose.obj
 0001:00016fa3       _fclose                    10017fa3 f   LIBCMT:fclose.obj
 0001:0001701a       __commit                   1001801a f   LIBCMT:commit.obj
 0001:00017100       __VEC_memset               10018100 f   LIBCMT:p4_memset.obj
 0001:000171c8       ___lock_fhandle            100181c8 f   LIBCMT:osfinfo.obj
 0001:00017254       __free_osfhnd              10018254 f   LIBCMT:osfinfo.obj
 0001:000172da       __get_osfhandle            100182da f   LIBCMT:osfinfo.obj
 0001:00017341       __unlock_fhandle           10018341 f   LIBCMT:osfinfo.obj
 0001:00017367       __mbtowc_l                 10018367 f   LIBCMT:mbtowc.obj
 0001:0001745a       _mbtowc                    1001845a f   LIBCMT:mbtowc.obj
 0001:00017472       __putwch_nolock            10018472 f   LIBCMT:putwch.obj
 0001:000174c0       __alloca_probe             100184c0     LIBCMT:chkstk.obj
 0001:000174c0       __chkstk                   100184c0 f   LIBCMT:chkstk.obj
 0001:000174eb       __ld12tod                  100184eb f   LIBCMT:intrncvt.obj
 0001:00017a5b       __ld12tof                  10018a5b f   LIBCMT:intrncvt.obj
 0001:00017fcb       ___strgtold12_l            10018fcb f   LIBCMT:strgtold.obj
 0001:00018747       _$I10_OUTPUT               10019747 f   LIBCMT:x10fout.obj
 0001:000191b4       __control87                1001a1b4 f i LIBCMT:ieee87.obj
 0001:00019550       __alloca_probe_16          1001a550 f   LIBCMT:alloca16.obj
 0001:00019566       __alloca_probe_8           1001a566     LIBCMT:alloca16.obj
 0001:00019580       __global_unwind2           1001a580 f   LIBCMT:exsup.obj
 0001:000195e5       __local_unwind2            1001a5e5 f   LIBCMT:exsup.obj
 0001:00019669       __abnormal_termination     1001a669 f   LIBCMT:exsup.obj
 0001:0001968c       __NLG_Notify1              1001a68c f   LIBCMT:exsup.obj
 0001:00019695       __NLG_Notify               1001a695 f   LIBCMT:exsup.obj
 0001:000196ac       __NLG_Dispatch2            1001a6ac     LIBCMT:exsup.obj
 0001:000196ac       __NLG_Dispatch             1001a6ac     LIBCMT:exsup.obj
 0001:000196b4       __NLG_Call                 1001a6b4 f   LIBCMT:exsup.obj
 0001:000196b6       __NLG_Return2              1001a6b6     LIBCMT:exsup.obj
 0001:000196b7       __handle_exc               1001a6b7 f   LIBCMT:fpexcept.obj
 0001:00019893       __raise_exc                1001a893 f   LIBCMT:fpexcept.obj
 0001:000198b4       __raise_exc_ex             1001a8b4 f   LIBCMT:fpexcept.obj
 0001:00019b99       __set_errno_from_matherr   1001ab99 f   LIBCMT:fpexcept.obj
 0001:00019bc6       ___set_fpsr_sse2           1001abc6 f   LIBCMT:fpctrl.obj
 0001:00019c3c       __clrfp                    1001ac3c f   LIBCMT:fpctrl.obj
 0001:00019c4b       __ctrlfp                   1001ac4b f   LIBCMT:fpctrl.obj
 0001:00019c74       __set_statfp               1001ac74 f   LIBCMT:fpctrl.obj
 0001:00019cca       __statfp                   1001acca f   LIBCMT:fpctrl.obj
 0001:00019cd8       __close                    1001acd8 f   LIBCMT:close.obj
 0001:00019da2       __close_nolock             1001ada2 f   LIBCMT:close.obj
 0001:00019e3c       __freebuf                  1001ae3c f   LIBCMT:_freebuf.obj
 0001:00019e6c       ___termconout              1001ae6c f   LIBCMT:initcon.obj
 0001:00019e83       ___initconout              1001ae83 f   LIBCMT:initcon.obj
 0001:00019ea2       ___mtold12                 1001aea2 f   LIBCMT:mantold.obj
 0001:0001a084       __decomp                   1001b084 f   LIBCMT:util.obj
 0001:0001a156       __set_exp                  1001b156 f   LIBCMT:util.obj
 0001:0001a190       __allmul                   1001b190 f   LIBCMT:llmul.obj
 0001:0001a1c4       _IsProcessorFeaturePresent@4 1001b1c4 f   kernel32:KERNEL32.dll
 0001:0001a1ca       _RtlUnwind@16              1001b1ca f   kernel32:KERNEL32.dll
 0002:00000000       __imp__UnhandledExceptionFilter@4 1001c000     kernel32:KERNEL32.dll
 0002:00000004       __imp__CreateFileW@28      1001c004     kernel32:KERNEL32.dll
 0002:00000008       __imp__CloseHandle@4       1001c008     kernel32:KERNEL32.dll
 0002:0000000c       __imp__RaiseException@16   1001c00c     kernel32:KERNEL32.dll
 0002:00000010       __imp__WriteConsoleW@20    1001c010     kernel32:KERNEL32.dll
 0002:00000014       __imp__SetStdHandle@8      1001c014     kernel32:KERNEL32.dll
 0002:00000018       __imp__FlushFileBuffers@4  1001c018     kernel32:KERNEL32.dll
 0002:0000001c       __imp__HeapReAlloc@16      1001c01c     kernel32:KERNEL32.dll
 0002:00000020       __imp__HeapAlloc@12        1001c020     kernel32:KERNEL32.dll
 0002:00000024       __imp__HeapSize@12         1001c024     kernel32:KERNEL32.dll
 0002:00000028       __imp__LoadLibraryW@4      1001c028     kernel32:KERNEL32.dll
 0002:0000002c       __imp__OutputDebugStringW@4 1001c02c     kernel32:KERNEL32.dll
 0002:00000030       __imp__RtlUnwind@16        1001c030     kernel32:KERNEL32.dll
 0002:00000034       __imp__LCMapStringW@24     1001c034     kernel32:KERNEL32.dll
 0002:00000038       __imp__GetStringTypeW@16   1001c038     kernel32:KERNEL32.dll
 0002:0000003c       __imp__SetFilePointerEx@20 1001c03c     kernel32:KERNEL32.dll
 0002:00000040       __imp__GetConsoleMode@8    1001c040     kernel32:KERNEL32.dll
 0002:00000044       __imp__GetConsoleCP@0      1001c044     kernel32:KERNEL32.dll
 0002:00000048       __imp__WideCharToMultiByte@32 1001c048     kernel32:KERNEL32.dll
 0002:0000004c       __imp__FreeEnvironmentStringsW@4 1001c04c     kernel32:KERNEL32.dll
 0002:00000050       __imp__GetEnvironmentStringsW@0 1001c050     kernel32:KERNEL32.dll
 0002:00000054       __imp__EncodePointer@4     1001c054     kernel32:KERNEL32.dll
 0002:00000058       __imp__DecodePointer@4     1001c058     kernel32:KERNEL32.dll
 0002:0000005c       __imp__GetLastError@0      1001c05c     kernel32:KERNEL32.dll
 0002:00000060       __imp__InterlockedDecrement@4 1001c060     kernel32:KERNEL32.dll
 0002:00000064       __imp__ExitProcess@4       1001c064     kernel32:KERNEL32.dll
 0002:00000068       __imp__GetModuleHandleExW@12 1001c068     kernel32:KERNEL32.dll
 0002:0000006c       __imp__GetProcAddress@8    1001c06c     kernel32:KERNEL32.dll
 0002:00000070       __imp__MultiByteToWideChar@24 1001c070     kernel32:KERNEL32.dll
 0002:00000074       __imp__GetCommandLineA@0   1001c074     kernel32:KERNEL32.dll
 0002:00000078       __imp__GetCurrentThreadId@0 1001c078     kernel32:KERNEL32.dll
 0002:0000007c       __imp__EnterCriticalSection@4 1001c07c     kernel32:KERNEL32.dll
 0002:00000080       __imp__LeaveCriticalSection@4 1001c080     kernel32:KERNEL32.dll
 0002:00000084       __imp__IsDebuggerPresent@0 1001c084     kernel32:KERNEL32.dll
 0002:00000088       __imp__IsProcessorFeaturePresent@4 1001c088     kernel32:KERNEL32.dll
 0002:0000008c       __imp__InterlockedIncrement@4 1001c08c     kernel32:KERNEL32.dll
 0002:00000090       __imp__IsValidCodePage@4   1001c090     kernel32:KERNEL32.dll
 0002:00000094       __imp__GetACP@0            1001c094     kernel32:KERNEL32.dll
 0002:00000098       __imp__GetOEMCP@0          1001c098     kernel32:KERNEL32.dll
 0002:0000009c       __imp__GetCPInfo@8         1001c09c     kernel32:KERNEL32.dll
 0002:000000a0       __imp__SetLastError@4      1001c0a0     kernel32:KERNEL32.dll
 0002:000000a4       __imp__InitializeCriticalSectionAndSpinCount@8 1001c0a4     kernel32:KERNEL32.dll
 0002:000000a8       __imp__DeleteCriticalSection@4 1001c0a8     kernel32:KERNEL32.dll
 0002:000000ac       __imp__SetUnhandledExceptionFilter@4 1001c0ac     kernel32:KERNEL32.dll
 0002:000000b0       __imp__GetCurrentProcess@0 1001c0b0     kernel32:KERNEL32.dll
 0002:000000b4       __imp__TerminateProcess@8  1001c0b4     kernel32:KERNEL32.dll
 0002:000000b8       __imp__TlsAlloc@0          1001c0b8     kernel32:KERNEL32.dll
 0002:000000bc       __imp__TlsGetValue@4       1001c0bc     kernel32:KERNEL32.dll
 0002:000000c0       __imp__TlsSetValue@8       1001c0c0     kernel32:KERNEL32.dll
 0002:000000c4       __imp__TlsFree@4           1001c0c4     kernel32:KERNEL32.dll
 0002:000000c8       __imp__GetStartupInfoW@4   1001c0c8     kernel32:KERNEL32.dll
 0002:000000cc       __imp__GetModuleHandleW@4  1001c0cc     kernel32:KERNEL32.dll
 0002:000000d0       __imp__GetStdHandle@4      1001c0d0     kernel32:KERNEL32.dll
 0002:000000d4       __imp__WriteFile@20        1001c0d4     kernel32:KERNEL32.dll
 0002:000000d8       __imp__GetModuleFileNameW@12 1001c0d8     kernel32:KERNEL32.dll
 0002:000000dc       __imp__HeapFree@12         1001c0dc     kernel32:KERNEL32.dll
 0002:000000e0       __imp__Sleep@4             1001c0e0     kernel32:KERNEL32.dll
 0002:000000e4       __imp__LoadLibraryExW@12   1001c0e4     kernel32:KERNEL32.dll
 0002:000000e8       __imp__GetProcessHeap@0    1001c0e8     kernel32:KERNEL32.dll
 0002:000000ec       __imp__GetFileType@4       1001c0ec     kernel32:KERNEL32.dll
 0002:000000f0       __imp__GetModuleFileNameA@12 1001c0f0     kernel32:KERNEL32.dll
 0002:000000f4       __imp__QueryPerformanceCounter@4 1001c0f4     kernel32:KERNEL32.dll
 0002:000000f8       __imp__GetCurrentProcessId@0 1001c0f8     kernel32:KERNEL32.dll
 0002:000000fc       __imp__GetSystemTimeAsFileTime@4 1001c0fc     kernel32:KERNEL32.dll
 0002:00000100       \177KERNEL32_NULL_THUNK_DATA 1001c100     kernel32:KERNEL32.dll
 0002:00000104       __imp_?RtTrackSurfaceNormalL@@YAXPAUtTrkLocPos@@PAUt3Dd@@@Z 1001c104     robottools:robottools.dll
 0002:00000108       __imp_?RtTrackSideNormalG@@YAXPAUtrackSeg@@MMHPAUt3Dd@@@Z 1001c108     robottools:robottools.dll
 0002:0000010c       __imp_?RtTrackHeightG@@YAMPAUtrackSeg@@MM@Z 1001c10c     robottools:robottools.dll
 0002:00000110       __imp_?RtTrackHeightL@@YAMPAUtTrkLocPos@@@Z 1001c110     robottools:robottools.dll
 0002:00000114       __imp_?RtTrackGlobal2Local@@YAXPAUtrackSeg@@MMPAUtTrkLocPos@@H@Z 1001c114     robottools:robottools.dll
 0002:00000118       __imp_?RtTrackLocal2Global@@YAXPAUtTrkLocPos@@PAM1H@Z 1001c118     robottools:robottools.dll
 0002:0000011c       __imp_?RtTrackGetWidth@@YAMPAUtrackSeg@@M@Z 1001c11c     robottools:robottools.dll
 0002:00000120       \177robottools_NULL_THUNK_DATA 1001c120     robottools:robottools.dll
 0002:00000124       __imp_?GfHashRelease@@YAXPAXP6AXPBX@Z@Z 1001c124     tgf:tgf.dll
 0002:00000128       __imp_?GfHashGetStr@@YAPBXPAXPBD@Z 1001c128     tgf:tgf.dll
 0002:0000012c       __imp_?GfHashAddStr@@YAHPAXPBDPBX@Z 1001c12c     tgf:tgf.dll
 0002:00000130       __imp_?GfHashCreate@@YAPAXH@Z 1001c130     tgf:tgf.dll
 0002:00000134       __imp_?GfParmListGetCurEltName@@YAPADPAXPBD@Z 1001c134     tgf:tgf.dll
 0002:00000138       __imp_?GfParmListSeekNext@@YAHPAXPBD@Z 1001c138     tgf:tgf.dll
 0002:0000013c       __imp_?GfParmListSeekFirst@@YAHPAXPBD@Z 1001c13c     tgf:tgf.dll
 0002:00000140       __imp_?GfParmSetCurNum@@YAHPAXPBD11M@Z 1001c140     tgf:tgf.dll
 0002:00000144       __imp_?GfParmGetCurNum@@YAMPAXPBD11M@Z 1001c144     tgf:tgf.dll
 0002:00000148       __imp_?GfParmGetCurStr@@YAPBDPAXPBD11@Z 1001c148     tgf:tgf.dll
 0002:0000014c       __imp_?_tgf_win_malloc@@YAPAXI@Z 1001c14c     tgf:tgf.dll
 0002:00000150       __imp_?GfParmGetEltNb@@YAHPAXPBD@Z 1001c150     tgf:tgf.dll
 0002:00000154       __imp_?GfParmReleaseHandle@@YAXPAX@Z 1001c154     tgf:tgf.dll
 0002:00000158       __imp_?GfParmGetNum@@YAMPAXPBD11M@Z 1001c158     tgf:tgf.dll
 0002:0000015c       __imp_?GfParmGetStr@@YAPBDPAXPBD11@Z 1001c15c     tgf:tgf.dll
 0002:00000160       __imp_?GfParmReadFile@@YAPAXPBDH@Z 1001c160     tgf:tgf.dll
 0002:00000164       __imp_?_tgf_win_strdup@@YAPADPBD@Z 1001c164     tgf:tgf.dll
 0002:00000168       __imp_?_tgf_win_free@@YAXPAX@Z 1001c168     tgf:tgf.dll
 0002:0000016c       __imp_?_tgf_win_calloc@@YAPAXII@Z 1001c16c     tgf:tgf.dll
 0002:00000170       \177tgf_NULL_THUNK_DATA    1001c170     tgf:tgf.dll
 0002:00000174       ___xc_a                    1001c174     LIBCMT:crt0init.obj
 0002:00000178       ___xc_z                    1001c178     LIBCMT:crt0init.obj
 0002:0000017c       ___xi_a                    1001c17c     LIBCMT:crt0init.obj
 0002:00000194       ___xi_z                    1001c194     LIBCMT:crt0init.obj
 0002:00000198       ___xp_a                    1001c198     LIBCMT:crt0init.obj
 0002:000001a8       ___xp_z                    1001c1a8     LIBCMT:crt0init.obj
 0002:000001ac       ___xt_a                    1001c1ac     LIBCMT:crt0init.obj
 0002:000001b0       ___xt_z                    1001c1b0     LIBCMT:crt0init.obj
 0002:000001c8       ??_C@_07NIPDDFPO@no?5name?$AA@ 1001c1c8     track.obj
 0002:000001d0       ??_C@_04MEMAJGDJ@name?$AA@ 1001c1d0     track.obj
 0002:000001d8       ??_C@_06OENKJGA@Header?$AA@ 1001c1d8     track.obj
 0002:000001e0       ??_C@_07CPCPJPKL@version?$AA@ 1001c1e0     track.obj
 0002:000001e8       ??_C@_05IGKADHGO@width?$AA@ 1001c1e8     track.obj
 0002:000001f0       ??_C@_0L@BGJCGHGC@Main?5Track?$AA@ 1001c1f0     track.obj
 0002:000001fc       ??_C@_04CGFJFPFD@none?$AA@ 1001c1fc     track.obj
 0002:00000204       ??_C@_06LIPPPFCI@author?$AA@ 1001c204     track.obj
 0002:0000020c       ??_C@_04JBAOFDKM@road?$AA@ 1001c20c     track.obj
 0002:00000214       ??_C@_08MBJIKOEN@category?$AA@ 1001c214     track.obj
 0002:00000220       ??_C@_0P@OAFBEPHL@background?4png?$AA@ 1001c220     track.obj
 0002:00000230       ??_C@_0BB@GJJHFDCI@background?5image?$AA@ 1001c230     track.obj
 0002:00000244       ??_C@_07PEMABHH@Graphic?$AA@ 1001c244     track.obj
 0002:0000024c       ??_C@_0BA@MEJAHLHK@background?5type?$AA@ 1001c24c     track.obj
 0002:0000025c       ??_C@_0BD@FIIAIEJN@background?5color?5R?$AA@ 1001c25c     track.obj
 0002:00000270       ??_C@_0BD@GPDFGCIJ@background?5color?5G?$AA@ 1001c270     track.obj
 0002:00000284       ??_C@_0BD@BCECJGMM@background?5color?5B?$AA@ 1001c284     track.obj
 0002:00000298       ??_C@_0BE@IHFMMIF@Environment?5Mapping?$AA@ 1001c298     track.obj
 0002:000002ac       ??_C@_05GFOLEBJA@?$CFs?1?$CFs?$AA@ 1001c2ac     track.obj
 0002:000002b4       ??_C@_08OEOPGIOB@?$CFs?1?$CFs?1?$CFd?$AA@ 1001c2b4     track.obj
 0002:000002c0       ??_C@_07HJBPHNJO@env?4png?$AA@ 1001c2c0     track.obj
 0002:000002c8       ??_C@_0O@LPJJHDF@env?5map?5image?$AA@ 1001c2c8     track.obj
 0002:000002d8       ??_C@_06LNLHEAAG@height?$AA@ 1001c2d8     track.obj
 0002:000002e0       ??_C@_0BD@CJEECLOI@Graphic?1Turn?5Marks?$AA@ 1001c2e0     track.obj
 0002:000002f4       ??_C@_0P@EOFNILFK@vertical?5space?$AA@ 1001c2f4     track.obj
 0002:00000304       ??_C@_0BB@BJHGGKOO@horizontal?5space?$AA@ 1001c304     track.obj
 0002:00000328       ??_C@_0O@NPCECCAL@rside?5surface?$AA@ 1001c328     track3.obj
 0002:00000338       ??_C@_0O@HCANELOH@lside?5surface?$AA@ 1001c338     track3.obj
 0002:00000348       ??_C@_0M@JIMNBDGK@rside?5width?$AA@ 1001c348     track3.obj
 0002:00000354       ??_C@_0M@HNOECNII@lside?5width?$AA@ 1001c354     track3.obj
 0002:00000360       ??_C@_0BC@CGGLGKEK@rside?5start?5width?$AA@ 1001c360     track3.obj
 0002:00000374       ??_C@_0BC@BBOFCENL@lside?5start?5width?$AA@ 1001c374     track3.obj
 0002:00000388       ??_C@_0BA@HGOBKNIG@rside?5end?5width?$AA@ 1001c388     track3.obj
 0002:00000398       ??_C@_0BA@LAEEGFLD@lside?5end?5width?$AA@ 1001c398     track3.obj
 0002:000003a8       ??_C@_0L@DBFDKNL@rside?5type?$AA@ 1001c3a8     track3.obj
 0002:000003b4       ??_C@_0L@PPJFNFBG@lside?5type?$AA@ 1001c3b4     track3.obj
 0002:000003c0       ??_C@_0BA@MGNHKDJM@rborder?5surface?$AA@ 1001c3c0     track3.obj
 0002:000003d0       ??_C@_0BA@HCGLKJ@lborder?5surface?$AA@ 1001c3d0     track3.obj
 0002:000003e0       ??_C@_0O@JAMPCACM@rborder?5width?$AA@ 1001c3e0     track3.obj
 0002:000003f0       ??_C@_0O@DNOGEJMA@lborder?5width?$AA@ 1001c3f0     track3.obj
 0002:00000400       ??_C@_0O@JGMGDCMO@rborder?5style?$AA@ 1001c400     track3.obj
 0002:00000410       ??_C@_0O@DLOPFLCC@lborder?5style?$AA@ 1001c410     track3.obj
 0002:00000420       ??_C@_0P@CFHDAPKN@rborder?5height?$AA@ 1001c420     track3.obj
 0002:00000430       ??_C@_0P@IMGCIIJH@lborder?5height?$AA@ 1001c430     track3.obj
 0002:00000440       ??_C@_0BB@OLLGFOPO@rbarrier?5surface?$AA@ 1001c440     track3.obj
 0002:00000454       ??_C@_0BB@LNMDDPBF@lbarrier?5surface?$AA@ 1001c454     track3.obj
 0002:00000468       ??_C@_0P@IEEMAGDB@rbarrier?5width?$AA@ 1001c468     track3.obj
 0002:00000478       ??_C@_0P@CNFNIBAL@lbarrier?5width?$AA@ 1001c478     track3.obj
 0002:00000488       ??_C@_0P@ICEFBEND@rbarrier?5style?$AA@ 1001c488     track3.obj
 0002:00000498       ??_C@_0P@CLFEJDOJ@lbarrier?5style?$AA@ 1001c498     track3.obj
 0002:000004a8       ??_C@_0BA@EGGBOAFC@rbarrier?5height?$AA@ 1001c4a8     track3.obj
 0002:000004b8       ??_C@_0BA@IAMECIGH@lbarrier?5height?$AA@ 1001c4b8     track3.obj
 0002:000004c8       ??_C@_04DJEEHKI@plan?$AA@  1001c4c8     track3.obj
 0002:000004d0       ??_C@_04HJDALCLE@wall?$AA@ 1001c4d0     track3.obj
 0002:000004d8       ??_C@_04LLBAOAMK@curb?$AA@ 1001c4d8     track3.obj
 0002:000004e0       ??_C@_05EIKACAIN@fence?$AA@ 1001c4e0     track3.obj
 0002:000004e8       ??_C@_0CL@MAGDABIP@AddTrackSurface?3?5Memory?5allocati@ 1001c4e8     track3.obj
 0002:00000514       ??_C@_04PPBEGPNI@List?$AA@ 1001c514     track3.obj
 0002:0000051c       ??_C@_08NEAMABLN@Surfaces?$AA@ 1001c51c     track3.obj
 0002:00000528       ??_C@_08OBGMOMHH@?$CFs?1?$CFs?1?$CFs?$AA@ 1001c528     track3.obj
 0002:00000534       ??_C@_08LKDNMFOC@friction?$AA@ 1001c534     track3.obj
 0002:00000540       ??_C@_0BD@KPJFMCBF@rolling?5resistance?$AA@ 1001c540     track3.obj
 0002:00000554       ??_C@_09FLEKNONA@roughness?$AA@ 1001c554     track3.obj
 0002:00000560       ??_C@_0BF@INMIEJMD@roughness?5wavelength?$AA@ 1001c560     track3.obj
 0002:00000578       ??_C@_07OAPNLENP@dammage?$AA@ 1001c578     track3.obj
 0002:00000580       ??_C@_07OMEBIDND@rebound?$AA@ 1001c580     track3.obj
 0002:00000588       ??_C@_05JOBLOEL@grass?$AA@ 1001c588     track3.obj
 0002:00000590       ??_C@_05KJNJLLGA@level?$AA@ 1001c590     track3.obj
 0002:00000598       ??_C@_07PFBBHFFC@barrier?$AA@ 1001c598     track3.obj
 0002:000005a0       ??_C@_08GPGJEGMF@segments?$AA@ 1001c5a0     track3.obj
 0002:000005ac       ??_C@_0CC@NEOOFLKK@AddSides?3?5memory?5allocation?5erro@ 1001c5ac     track3.obj
 0002:000005ce       ??_C@_00CNPNBAHC@?$AA@     1001c5ce     track3.obj
 0002:000005d0       ??_C@_04GPMDFGEJ@type?$AA@ 1001c5d0     track3.obj
 0002:000005d8       ??_C@_03OJMAPEGJ@str?$AA@  1001c5d8     track3.obj
 0002:000005dc       ??_C@_03KIECGDDI@lft?$AA@  1001c5dc     track3.obj
 0002:000005e0       ??_C@_03BJEGCJKD@rgt?$AA@  1001c5e0     track3.obj
 0002:000005e4       ??_C@_07HAHIGFJI@asphalt?$AA@ 1001c5e4     track3.obj
 0002:000005ec       ??_C@_07IHELBNLD@surface?$AA@ 1001c5ec     track3.obj
 0002:000005f4       ??_C@_05NPKDHKMG@marks?$AA@ 1001c5f4     track3.obj
 0002:000005fc       ??_C@_01ICJEACDI@?$DL?$AA@ 1001c5fc     track3.obj
 0002:00000600       ??_C@_0O@IHGPKFKF@env?5map?5index?$AA@ 1001c600     track3.obj
 0002:00000610       ??_C@_02GLMPOJMJ@lg?$AA@   1001c610     track3.obj
 0002:00000614       ??_C@_06KGHINEPG@radius?$AA@ 1001c614     track3.obj
 0002:0000061c       ??_C@_0L@EGMHAGCD@end?5radius?$AA@ 1001c61c     track3.obj
 0002:00000628       ??_C@_03EEIEDENP@arc?$AA@  1001c628     track3.obj
 0002:0000062c       ??_C@_0N@BNKGANCO@z?5start?5left?$AA@ 1001c62c     track3.obj
 0002:0000063c       ??_C@_0O@MGDEKEKL@z?5start?5right?$AA@ 1001c63c     track3.obj
 0002:0000064c       ??_C@_0L@DLFLMKAL@z?5end?5left?$AA@ 1001c64c     track3.obj
 0002:00000658       ??_C@_0M@INBGINCL@z?5end?5right?$AA@ 1001c658     track3.obj
 0002:00000664       ??_C@_05GKGFBAEH@z?5end?$AA@ 1001c664     track3.obj
 0002:0000066c       ??_C@_07HGKIDNJI@z?5start?$AA@ 1001c66c     track3.obj
 0002:00000674       ??_C@_05MBALOGJ@grade?$AA@ 1001c674     track3.obj
 0002:0000067c       ??_C@_0O@JAJMCMHF@banking?5start?$AA@ 1001c67c     track3.obj
 0002:0000068c       ??_C@_0M@EPDMHKDD@banking?5end?$AA@ 1001c68c     track3.obj
 0002:00000698       ??_C@_06PEBOLMPL@spline?$AA@ 1001c698     track3.obj
 0002:000006a0       ??_C@_06EDHAMACH@profil?$AA@ 1001c6a0     track3.obj
 0002:000006a8       ??_C@_0N@PIBNALPI@profil?5steps?$AA@ 1001c6a8     track3.obj
 0002:000006b8       ??_C@_0BE@HFICBEJN@profil?5steps?5length?$AA@ 1001c6b8     track3.obj
 0002:000006cc       ??_C@_0BK@JGDFJLAM@profil?5start?5tangent?5left?$AA@ 1001c6cc     track3.obj
 0002:000006e8       ??_C@_0BI@OCNAPIMM@profil?5end?5tangent?5left?$AA@ 1001c6e8     track3.obj
 0002:00000700       ??_C@_0BL@BDNPHGNJ@profil?5start?5tangent?5right?$AA@ 1001c700     track3.obj
 0002:0000071c       ??_C@_0BJ@IIMPFBAK@profil?5end?5tangent?5right?$AA@ 1001c71c     track3.obj
 0002:00000738       ??_C@_0BF@MLBHAKBN@profil?5start?5tangent?$AA@ 1001c738     track3.obj
 0002:00000750       ??_C@_0BD@JOFDCPIC@profil?5end?5tangent?$AA@ 1001c750     track3.obj
 0002:00000764       ??_C@_02EGCJHIOB@id?$AA@   1001c764     track3.obj
 0002:00000768       ??_C@_06OGBDGJHD@no?5pit?$AA@ 1001c768     track3.obj
 0002:00000770       ??_C@_08GPGEDMLB@pit?5type?$AA@ 1001c770     track3.obj
 0002:0000077c       ??_C@_09MOLFJNJH@pit?5entry?$AA@ 1001c77c     track3.obj
 0002:00000788       ??_C@_08MKHGFOAJ@pit?5exit?$AA@ 1001c788     track3.obj
 0002:00000794       ??_C@_09ODADCKNC@pit?5start?$AA@ 1001c794     track3.obj
 0002:000007a0       ??_C@_07DGPBJHFL@pit?5end?$AA@ 1001c7a0     track3.obj
 0002:000007a8       ??_C@_05DHJDAOHK@right?$AA@ 1001c7a8     track3.obj
 0002:000007b0       ??_C@_08JGHCLMJC@pit?5side?$AA@ 1001c7b0     track3.obj
 0002:000007bc       ??_C@_0M@LNPHBNPL@speed?5limit?$AA@ 1001c7bc     track3.obj
 0002:000007c8       ??_C@_0L@HJJBFMBI@pit?5length?$AA@ 1001c7c8     track3.obj
 0002:000007d4       ??_C@_09DFMGOKCK@pit?5width?$AA@ 1001c7d4     track3.obj
 0002:000007e0       ??_C@_0L@BMFGMLNJ@track?5side?$AA@ 1001c7e0     track3.obj
 0002:000007ec       ??_C@_04DONFEANM@list?$AA@ 1001c7ec     track3.obj
 0002:000007f4       ??_C@_07HJIHKFEF@Cameras?$AA@ 1001c7f4     track3.obj
 0002:000007fc       ??_C@_0CE@BLONMGLJ@ReadTrack3?3?5Memory?5allocation?5er@ 1001c7fc     track3.obj
 0002:00000820       ??_C@_07BADNAEFA@segment?$AA@ 1001c820     track3.obj
 0002:00000828       ??_C@_0DC@KGEDEKE@Bad?5Track?5Definition?3?5in?5Camera?5@ 1001c828     track3.obj
 0002:0000085c       ??_C@_08LGBKCCF@to?5right?$AA@ 1001c85c     track3.obj
 0002:00000868       ??_C@_08GMJHFLMJ@to?5start?$AA@ 1001c868     track3.obj
 0002:00000874       ??_C@_09PIIMKFIK@fov?5start?$AA@ 1001c874     track3.obj
 0002:00000880       ??_C@_07KCDNDLMG@fov?5end?$AA@ 1001c880     track3.obj
 0002:00000888       __real@00000000            1001c888     track3.obj
 0002:0000088c       __real@3f000000            1001c88c     track3.obj
 0002:00000890       __real@3f800000            1001c890     track3.obj
 0002:00000898       __real@3fe0000000000000    1001c898     track3.obj
 0002:000008a0       __real@3ff0000000000000    1001c8a0     track3.obj
 0002:000008a8       __real@3ff921fb54442d18    1001c8a8     track3.obj
 0002:000008b0       __real@401921fb54442d18    1001c8b0     track3.obj
 0002:000008b8       __real@4042000000000000    1001c8b8     track3.obj
 0002:000008c0       __real@4049000000000000    1001c8c0     track3.obj
 0002:000008c8       __real@bf800000            1001c8c8     track3.obj
 0002:000008cc       __real@c7c35000            1001c8cc     track3.obj
 0002:000008d0       __xmm@80000000800000008000000080000000 1001c8d0     track3.obj
 0002:000008f0       ??_C@_0L@NDBGFCKN@Right?5Side?$AA@ 1001c8f0     track4.obj
 0002:000008fc       ??_C@_09OJMBBNPC@Left?5Side?$AA@ 1001c8fc     track4.obj
 0002:00000908       ??_C@_0N@INDFECPF@Right?5Border?$AA@ 1001c908     track4.obj
 0002:00000918       ??_C@_0M@FGHFGFLI@Left?5Border?$AA@ 1001c918     track4.obj
 0002:00000924       ??_C@_0O@DMHDDLJH@Right?5Barrier?$AA@ 1001c924     track4.obj
 0002:00000934       ??_C@_0N@DEMFEGJN@Left?5Barrier?$AA@ 1001c934     track4.obj
 0002:00000944       ??_C@_0N@CMHEBIDG@banking?5type?$AA@ 1001c944     track4.obj
 0002:00000954       ??_C@_05IAKJCFIM@style?$AA@ 1001c954     track4.obj
 0002:0000095c       ??_C@_0P@GDKHIKBJ@Track?5Segments?$AA@ 1001c95c     track4.obj
 0002:0000096c       ??_C@_0M@FGEPAADM@start?5width?$AA@ 1001c96c     track4.obj
 0002:00000978       ??_C@_09OMJLPMGE@end?5width?$AA@ 1001c978     track4.obj
 0002:00000984       ??_C@_0L@GFLICJDG@DoV?5factor?$AA@ 1001c984     track4.obj
 0002:00000990       ??_C@_0DO@KKJMNDKK@?$DO?$DO?$DO?$DO?$DO?$DO?$DO?$DO?$DO?5DUPLICATED?5SEGMENT?5NAM@ 1001c990     track4.obj
 0002:000009d0       ??_C@_04BAAKJFBJ@Pits?$AA@ 1001c9d0     track4.obj
 0002:000009d8       ??_C@_05HNNDEAND@entry?$AA@ 1001c9d8     track4.obj
 0002:000009e0       ??_C@_04MKNBDEPB@exit?$AA@ 1001c9e0     track4.obj
 0002:000009e8       ??_C@_05FAGFPHJG@start?$AA@ 1001c9e8     track4.obj
 0002:000009f0       ??_C@_03JBJLGPFL@end?$AA@  1001c9f0     track4.obj
 0002:000009f4       ??_C@_04JGNFNGGK@side?$AA@ 1001c9f4     track4.obj
 0002:000009fc       ??_C@_06IJDLPEM@length?$AA@ 1001c9fc     track4.obj
 0002:00000a04       ??_C@_07KOAMMMMO@trackv1?$AA@ 1001ca04     trackitf.obj
 0002:00000a0c       ??_C@_0L@CHJDGCDA@Track?5V1?40?$AA@ 1001ca0c     trackitf.obj
 0002:00000a1c       __real@40000000            1001ca1c     trackutil.obj
 0002:00000a20       __real@40400000            1001ca20     trackutil.obj
 0002:00000a28       ??_C@_05JLFELJNP@FATAL?$AA@ 1001ca28     ul_vs2008_32:ulError.obj
 0002:00000a30       ??_C@_07KCOHIFOP@WARNING?$AA@ 1001ca30     ul_vs2008_32:ulError.obj
 0002:00000a38       ??_C@_05KOLFGEDA@DEBUG?$AA@ 1001ca38     ul_vs2008_32:ulError.obj
 0002:00000a44       __FPinit                   1001ca44     LIBCMT:fpinit.obj
 0002:00003240       ??_C@_1BI@BGOHAHKC@?$AAm?$AAs?$AAc?$AAo?$AAr?$AAe?$AAe?$AA?4?$AAd?$AAl?$AAl?$AA?$AA@ 1001f240     LIBCMT:crt0dat.obj
 0002:00003258       ??_C@_0P@MIGLKIOC@CorExitProcess?$AA@ 1001f258     LIBCMT:crt0dat.obj
 0002:00003268       __pDefaultRawDllMain       1001f268     LIBCMT:dllcrt0.obj
 0002:00003268       __pRawDllMain              1001f268     LIBCMT:dllcrt0.obj
 0002:0000326c       ??_C@_06OJHGLDPL@?$CInull?$CJ?$AA@ 1001f26c     LIBCMT:output.obj
 0002:00003274       ??_C@_1O@CEDCILHN@?$AA?$CI?$AAn?$AAu?$AAl?$AAl?$AA?$CJ?$AA?$AA@ 1001f274     LIBCMT:output.obj
 0002:00003288       ___lookuptable             1001f288     LIBCMT:output.obj
 0002:000032e4       ??_C@_05KLBDPFGC@e?$CL000?$AA@ 1001f2e4     LIBCMT:cvt.obj
 0002:000032fc       ??_C@_1M@HPNHIDJI@?$AAj?$AAa?$AA?9?$AAJ?$AAP?$AA?$AA@ 1001f2fc     LIBCMT:mbctype.obj
 0002:00003308       ??_C@_1M@BIBDDEMK@?$AAz?$AAh?$AA?9?$AAC?$AAN?$AA?$AA@ 1001f308     LIBCMT:mbctype.obj
 0002:00003314       ??_C@_1M@JLOOOEGK@?$AAk?$AAo?$AA?9?$AAK?$AAR?$AA?$AA@ 1001f314     LIBCMT:mbctype.obj
 0002:00003320       ??_C@_1M@CLNBBOPM@?$AAz?$AAh?$AA?9?$AAT?$AAW?$AA?$AA@ 1001f320     LIBCMT:mbctype.obj
 0002:0000332c       ??_C@_03KOEHGMDN@Sun?$AA@  1001f32c     LIBCMT:nlsdata.obj
 0002:00003330       ??_C@_03PDAGKDH@Mon?$AA@   1001f330     LIBCMT:nlsdata.obj
 0002:00003334       ??_C@_03NAGEINEP@Tue?$AA@  1001f334     LIBCMT:nlsdata.obj
 0002:00003338       ??_C@_03MHOMLAJA@Wed?$AA@  1001f338     LIBCMT:nlsdata.obj
 0002:0000333c       ??_C@_03IOFIKPDN@Thu?$AA@  1001f33c     LIBCMT:nlsdata.obj
 0002:00003340       ??_C@_03IDIOELNC@Fri?$AA@  1001f340     LIBCMT:nlsdata.obj
 0002:00003344       ??_C@_03FEFJNEK@Sat?$AA@   1001f344     LIBCMT:nlsdata.obj
 0002:00003348       ??_C@_06OOPIFAJ@Sunday?$AA@ 1001f348     LIBCMT:nlsdata.obj
 0002:00003350       ??_C@_06JLEDEDGH@Monday?$AA@ 1001f350     LIBCMT:nlsdata.obj
 0002:00003358       ??_C@_07BAAGCFCM@Tuesday?$AA@ 1001f358     LIBCMT:nlsdata.obj
 0002:00003360       ??_C@_09DLIGFAKA@Wednesday?$AA@ 1001f360     LIBCMT:nlsdata.obj
 0002:0000336c       ??_C@_08HACCIKIA@Thursday?$AA@ 1001f36c     LIBCMT:nlsdata.obj
 0002:00003378       ??_C@_06JECMNKMI@Friday?$AA@ 1001f378     LIBCMT:nlsdata.obj
 0002:00003380       ??_C@_08INBOOONO@Saturday?$AA@ 1001f380     LIBCMT:nlsdata.obj
 0002:0000338c       ??_C@_03JIHJHPIE@Jan?$AA@  1001f38c     LIBCMT:nlsdata.obj
 0002:00003390       ??_C@_03HJBDCHOM@Feb?$AA@  1001f390     LIBCMT:nlsdata.obj
 0002:00003394       ??_C@_03ODNJBKGA@Mar?$AA@  1001f394     LIBCMT:nlsdata.obj
 0002:00003398       ??_C@_03LEOLGMJP@Apr?$AA@  1001f398     LIBCMT:nlsdata.obj
 0002:0000339c       ??_C@_03CNMDKL@May?$AA@    1001f39c     LIBCMT:nlsdata.obj
 0002:000033a0       ??_C@_03IDFGHECI@Jun?$AA@  1001f3a0     LIBCMT:nlsdata.obj
 0002:000033a4       ??_C@_03LBGABGKK@Jul?$AA@  1001f3a4     LIBCMT:nlsdata.obj
 0002:000033a8       ??_C@_03IFJFEIGA@Aug?$AA@  1001f3a8     LIBCMT:nlsdata.obj
 0002:000033ac       ??_C@_03GGCAPAJC@Sep?$AA@  1001f3ac     LIBCMT:nlsdata.obj
 0002:000033b0       ??_C@_03BMAOKBAD@Oct?$AA@  1001f3b0     LIBCMT:nlsdata.obj
 0002:000033b4       ??_C@_03JPJOFNIA@Nov?$AA@  1001f3b4     LIBCMT:nlsdata.obj
 0002:000033b8       ??_C@_03MKABNOCG@Dec?$AA@  1001f3b8     LIBCMT:nlsdata.obj
 0002:000033bc       ??_C@_07CGJPFGJA@January?$AA@ 1001f3bc     LIBCMT:nlsdata.obj
 0002:000033c4       ??_C@_08GNJGEPFN@February?$AA@ 1001f3c4     LIBCMT:nlsdata.obj
 0002:000033d0       ??_C@_05HPCKOFNC@March?$AA@ 1001f3d0     LIBCMT:nlsdata.obj
 0002:000033d8       ??_C@_05DMJDNLEJ@April?$AA@ 1001f3d8     LIBCMT:nlsdata.obj
 0002:000033e0       ??_C@_04CNLMGBGM@June?$AA@ 1001f3e0     LIBCMT:nlsdata.obj
 0002:000033e8       ??_C@_04MIEPOIFP@July?$AA@ 1001f3e8     LIBCMT:nlsdata.obj
 0002:000033f0       ??_C@_06LBBHFDDG@August?$AA@ 1001f3f0     LIBCMT:nlsdata.obj
 0002:000033f8       ??_C@_09BHHEALKD@September?$AA@ 1001f3f8     LIBCMT:nlsdata.obj
 0002:00003404       ??_C@_07JJNFCEND@October?$AA@ 1001f404     LIBCMT:nlsdata.obj
 0002:0000340c       ??_C@_08HCHEGEOA@November?$AA@ 1001f40c     LIBCMT:nlsdata.obj
 0002:00003418       ??_C@_08EDHMEBNP@December?$AA@ 1001f418     LIBCMT:nlsdata.obj
 0002:00003424       ??_C@_02DEDBPAFC@AM?$AA@   1001f424     LIBCMT:nlsdata.obj
 0002:00003428       ??_C@_02CJNFDJBF@PM?$AA@   1001f428     LIBCMT:nlsdata.obj
 0002:0000342c       ??_C@_08BPBNCDIB@MM?1dd?1yy?$AA@ 1001f42c     LIBCMT:nlsdata.obj
 0002:00003438       ??_C@_0BE@CKGJFCPC@dddd?0?5MMMM?5dd?0?5yyyy?$AA@ 1001f438     LIBCMT:nlsdata.obj
 0002:0000344c       ??_C@_08JCCMCCIL@HH?3mm?3ss?$AA@ 1001f44c     LIBCMT:nlsdata.obj
 0002:00003458       ??_C@_17MBGCMIPB@?$AAS?$AAu?$AAn?$AA?$AA@ 1001f458     LIBCMT:nlsdata.obj
 0002:00003460       ??_C@_17KBOMKBF@?$AAM?$AAo?$AAn?$AA?$AA@ 1001f460     LIBCMT:nlsdata.obj
 0002:00003468       ??_C@_17BMKGEGOJ@?$AAT?$AAu?$AAe?$AA?$AA@ 1001f468     LIBCMT:nlsdata.obj
 0002:00003470       ??_C@_17CJEDCEPE@?$AAW?$AAe?$AAd?$AA?$AA@ 1001f470     LIBCMT:nlsdata.obj
 0002:00003478       ??_C@_17PDPHAADD@?$AAT?$AAh?$AAu?$AA?$AA@ 1001f478     LIBCMT:nlsdata.obj
 0002:00003480       ??_C@_17HFOLPPLP@?$AAF?$AAr?$AAi?$AA?$AA@ 1001f480     LIBCMT:nlsdata.obj
 0002:00003488       ??_C@_17GGIBDPIH@?$AAS?$AAa?$AAt?$AA?$AA@ 1001f488     LIBCMT:nlsdata.obj
 0002:00003490       ??_C@_1O@IHNHDHPB@?$AAS?$AAu?$AAn?$AAd?$AAa?$AAy?$AA?$AA@ 1001f490     LIBCMT:nlsdata.obj
 0002:000034a0       ??_C@_1O@MMNBFLIA@?$AAM?$AAo?$AAn?$AAd?$AAa?$AAy?$AA?$AA@ 1001f4a0     LIBCMT:nlsdata.obj
 0002:000034b0       ??_C@_1BA@ENFBFFEK@?$AAT?$AAu?$AAe?$AAs?$AAd?$AAa?$AAy?$AA?$AA@ 1001f4b0     LIBCMT:nlsdata.obj
 0002:000034c0       ??_C@_1BE@EBOGMDOH@?$AAW?$AAe?$AAd?$AAn?$AAe?$AAs?$AAd?$AAa?$AAy?$AA?$AA@ 1001f4c0     LIBCMT:nlsdata.obj
 0002:000034d4       ??_C@_1BC@HHMNLIHE@?$AAT?$AAh?$AAu?$AAr?$AAs?$AAd?$AAa?$AAy?$AA?$AA@ 1001f4d4     LIBCMT:nlsdata.obj
 0002:000034e8       ??_C@_1O@PDICJHAG@?$AAF?$AAr?$AAi?$AAd?$AAa?$AAy?$AA?$AA@ 1001f4e8     LIBCMT:nlsdata.obj
 0002:000034f8       ??_C@_1BC@ENMNNPAJ@?$AAS?$AAa?$AAt?$AAu?$AAr?$AAd?$AAa?$AAy?$AA?$AA@ 1001f4f8     LIBCMT:nlsdata.obj
 0002:0000350c       ??_C@_17DKNBKCHM@?$AAJ?$AAa?$AAn?$AA?$AA@ 1001f50c     LIBCMT:nlsdata.obj
 0002:00003514       ??_C@_17LMDJEKJN@?$AAF?$AAe?$AAb?$AA?$AA@ 1001f514     LIBCMT:nlsdata.obj
 0002:0000351c       ??_C@_17CKNLEDEC@?$AAM?$AAa?$AAr?$AA?$AA@ 1001f51c     LIBCMT:nlsdata.obj
 0002:00003524       ??_C@_17LFPOIHDD@?$AAA?$AAp?$AAr?$AA?$AA@ 1001f524     LIBCMT:nlsdata.obj
 0002:0000352c       ??_C@_17PNNKMEED@?$AAM?$AAa?$AAy?$AA?$AA@ 1001f52c     LIBCMT:nlsdata.obj
 0002:00003534       ??_C@_17KCJGOCPB@?$AAJ?$AAu?$AAn?$AA?$AA@ 1001f534     LIBCMT:nlsdata.obj
 0002:0000353c       ??_C@_17IJPCKHK@?$AAJ?$AAu?$AAl?$AA?$AA@ 1001f53c     LIBCMT:nlsdata.obj
 0002:00003544       ??_C@_17ICPELBCN@?$AAA?$AAu?$AAg?$AA?$AA@ 1001f544     LIBCMT:nlsdata.obj
 0002:0000354c       ??_C@_17HCHCOKMG@?$AAS?$AAe?$AAp?$AA?$AA@ 1001f54c     LIBCMT:nlsdata.obj
 0002:00003554       ??_C@_17FNLKOI@?$AAO?$AAc?$AAt?$AA?$AA@ 1001f554     LIBCMT:nlsdata.obj
 0002:0000355c       ??_C@_17BBDMLCIG@?$AAN?$AAo?$AAv?$AA?$AA@ 1001f55c     LIBCMT:nlsdata.obj
 0002:00003564       ??_C@_17EGKACKIF@?$AAD?$AAe?$AAc?$AA?$AA@ 1001f564     LIBCMT:nlsdata.obj
 0002:0000356c       ??_C@_1BA@EFMEIEBA@?$AAJ?$AAa?$AAn?$AAu?$AAa?$AAr?$AAy?$AA?$AA@ 1001f56c     LIBCMT:nlsdata.obj
 0002:0000357c       ??_C@_1BC@JGDDFFAM@?$AAF?$AAe?$AAb?$AAr?$AAu?$AAa?$AAr?$AAy?$AA?$AA@ 1001f57c     LIBCMT:nlsdata.obj
 0002:00003590       ??_C@_1M@IKEENEDF@?$AAM?$AAa?$AAr?$AAc?$AAh?$AA?$AA@ 1001f590     LIBCMT:nlsdata.obj
 0002:0000359c       ??_C@_1M@GJNLMHFD@?$AAA?$AAp?$AAr?$AAi?$AAl?$AA?$AA@ 1001f59c     LIBCMT:nlsdata.obj
 0002:000035a8       ??_C@_19EPFLPGAP@?$AAJ?$AAu?$AAn?$AAe?$AA?$AA@ 1001f5a8     LIBCMT:nlsdata.obj
 0002:000035b4       ??_C@_19BIFMLPCD@?$AAJ?$AAu?$AAl?$AAy?$AA?$AA@ 1001f5b4     LIBCMT:nlsdata.obj
 0002:000035c0       ??_C@_1O@PAHLKOAC@?$AAA?$AAu?$AAg?$AAu?$AAs?$AAt?$AA?$AA@ 1001f5c0     LIBCMT:nlsdata.obj
 0002:000035d0       ??_C@_1BE@DKAAMBJL@?$AAS?$AAe?$AAp?$AAt?$AAe?$AAm?$AAb?$AAe?$AAr?$AA?$AA@ 1001f5d0     LIBCMT:nlsdata.obj
 0002:000035e4       ??_C@_1BA@EPANDLNG@?$AAO?$AAc?$AAt?$AAo?$AAb?$AAe?$AAr?$AA?$AA@ 1001f5e4     LIBCMT:nlsdata.obj
 0002:000035f4       ??_C@_1BC@BGLIFPF@?$AAN?$AAo?$AAv?$AAe?$AAm?$AAb?$AAe?$AAr?$AA?$AA@ 1001f5f4     LIBCMT:nlsdata.obj
 0002:00003608       ??_C@_1BC@FEMKIFH@?$AAD?$AAe?$AAc?$AAe?$AAm?$AAb?$AAe?$AAr?$AA?$AA@ 1001f608     LIBCMT:nlsdata.obj
 0002:0000361c       ??_C@_15ODEHAHHF@?$AAA?$AAM?$AA?$AA@ 1001f61c     LIBCMT:nlsdata.obj
 0002:00003624       ??_C@_15CLMNNGEL@?$AAP?$AAM?$AA?$AA@ 1001f624     LIBCMT:nlsdata.obj
 0002:0000362c       ??_C@_1BC@IEBCMHCM@?$AAM?$AAM?$AA?1?$AAd?$AAd?$AA?1?$AAy?$AAy?$AA?$AA@ 1001f62c     LIBCMT:nlsdata.obj
 0002:00003640       ??_C@_1CI@KNAKOEBC@?$AAd?$AAd?$AAd?$AAd?$AA?0?$AA?5?$AAM?$AAM?$AAM?$AAM?$AA?5?$AAd?$AAd?$AA?0?$AA?5?$AAy?$AAy?$AAy?$AAy?$AA?$AA@ 1001f640     LIBCMT:nlsdata.obj
 0002:00003668       ??_C@_1BC@GDGBMEMK@?$AAH?$AAH?$AA?3?$AAm?$AAm?$AA?3?$AAs?$AAs?$AA?$AA@ 1001f668     LIBCMT:nlsdata.obj
 0002:0000367c       ??_C@_1M@BMHNFIME@?$AAe?$AAn?$AA?9?$AAU?$AAS?$AA?$AA@ 1001f67c     LIBCMT:nlsdata.obj
 0002:00003710       __OP_ATAN2jmptab           1001f710     LIBCMT:87triga.obj
 0002:000037f8       ??_C@_03MGHMBJCF@log?$AA@  1001f7f8     LIBCMT:libm_error.obj
 0002:000037fc       ??_C@_05HGHHAHAP@log10?$AA@ 1001f7fc     LIBCMT:libm_error.obj
 0002:00003804       ??_C@_03KHJOGHMM@exp?$AA@  1001f804     LIBCMT:libm_error.obj
 0002:00003808       ??_C@_03JGHBODFD@pow?$AA@  1001f808     LIBCMT:libm_error.obj
 0002:0000380c       ??_C@_04FIHNOPOL@asin?$AA@ 1001f80c     LIBCMT:libm_error.obj
 0002:00003814       ??_C@_04PDIFKINK@acos?$AA@ 1001f814     LIBCMT:libm_error.obj
 0002:0000381c       ??_C@_05EOHGHCHD@exp10?$AA@ 1001f81c     LIBCMT:libm_error.obj
 0002:00003824       ??_C@_04MLLJIGOK@atan?$AA@ 1001f824     LIBCMT:libm_error.obj
 0002:0000382c       ??_C@_04GFPJNGEK@ceil?$AA@ 1001f82c     LIBCMT:libm_error.obj
 0002:00003834       ??_C@_05PBJFFIGL@floor?$AA@ 1001f834     LIBCMT:libm_error.obj
 0002:0000383c       ??_C@_04EHEDPDJG@modf?$AA@ 1001f83c     LIBCMT:libm_error.obj
 0002:00003844       ??_C@_03BLEJJJBH@sin?$AA@  1001f844     LIBCMT:libm_error.obj
 0002:00003848       ??_C@_03LALBNOCG@cos?$AA@  1001f848     LIBCMT:libm_error.obj
 0002:0000384c       ??_C@_03IIINPABG@tan?$AA@  1001f84c     LIBCMT:libm_error.obj
 0002:00003850       ??_C@_04EIAKFFMI@sqrt?$AA@ 1001f850     LIBCMT:libm_error.obj
 0002:00003858       ??_C@_1BK@MGMFAEKH@?$AAk?$AAe?$AAr?$AAn?$AAe?$AAl?$AA3?$AA2?$AA?4?$AAd?$AAl?$AAl?$AA?$AA@ 1001f858     LIBCMT:winapisupp.obj
 0002:00003874       ??_C@_08KNHFBNJ@FlsAlloc?$AA@ 1001f874     LIBCMT:winapisupp.obj
 0002:00003880       ??_C@_07PEJMOBNF@FlsFree?$AA@ 1001f880     LIBCMT:winapisupp.obj
 0002:00003888       ??_C@_0M@GDNOONDI@FlsGetValue?$AA@ 1001f888     LIBCMT:winapisupp.obj
 0002:00003894       ??_C@_0M@JCPCPOEF@FlsSetValue?$AA@ 1001f894     LIBCMT:winapisupp.obj
 0002:000038a0       ??_C@_0BM@HCFOFFN@InitializeCriticalSectionEx?$AA@ 1001f8a0     LIBCMT:winapisupp.obj
 0002:000038bc       ??_C@_0BD@KIEEOEEH@CreateSemaphoreExW?$AA@ 1001f8bc     LIBCMT:winapisupp.obj
 0002:000038d0       ??_C@_0BI@BKLFFAPO@SetThreadStackGuarantee?$AA@ 1001f8d0     LIBCMT:winapisupp.obj
 0002:000038e8       ??_C@_0BG@OGFAJCKC@CreateThreadpoolTimer?$AA@ 1001f8e8     LIBCMT:winapisupp.obj
 0002:00003900       ??_C@_0BD@LPLEMMDI@SetThreadpoolTimer?$AA@ 1001f900     LIBCMT:winapisupp.obj
 0002:00003914       ??_C@_0CA@FMNJENH@WaitForThreadpoolTimerCallbacks?$AA@ 1001f914     LIBCMT:winapisupp.obj
 0002:00003934       ??_C@_0BF@DCFCCNOC@CloseThreadpoolTimer?$AA@ 1001f934     LIBCMT:winapisupp.obj
 0002:0000394c       ??_C@_0BF@FLABGKKM@CreateThreadpoolWait?$AA@ 1001f94c     LIBCMT:winapisupp.obj
 0002:00003964       ??_C@_0BC@MGCOHNA@SetThreadpoolWait?$AA@ 1001f964     LIBCMT:winapisupp.obj
 0002:00003978       ??_C@_0BE@OCIOMIMP@CloseThreadpoolWait?$AA@ 1001f978     LIBCMT:winapisupp.obj
 0002:0000398c       ??_C@_0BJ@LKGHFHBO@FlushProcessWriteBuffers?$AA@ 1001f98c     LIBCMT:winapisupp.obj
 0002:000039a8       ??_C@_0BP@KALKKPMO@FreeLibraryWhenCallbackReturns?$AA@ 1001f9a8     LIBCMT:winapisupp.obj
 0002:000039c8       ??_C@_0BK@DFNBACLA@GetCurrentProcessorNumber?$AA@ 1001f9c8     LIBCMT:winapisupp.obj
 0002:000039e4       ??_C@_0BP@KHGALBC@GetLogicalProcessorInformation?$AA@ 1001f9e4     LIBCMT:winapisupp.obj
 0002:00003a04       ??_C@_0BE@FKKLLFLM@CreateSymbolicLinkW?$AA@ 1001fa04     LIBCMT:winapisupp.obj
 0002:00003a18       ??_C@_0BJ@OHNKDLIJ@SetDefaultDllDirectories?$AA@ 1001fa18     LIBCMT:winapisupp.obj
 0002:00003a34       ??_C@_0BE@LJANKFHF@EnumSystemLocalesEx?$AA@ 1001fa34     LIBCMT:winapisupp.obj
 0002:00003a48       ??_C@_0BA@IHGNDAEB@CompareStringEx?$AA@ 1001fa48     LIBCMT:winapisupp.obj
 0002:00003a58       ??_C@_0BA@EPCJIIPD@GetDateFormatEx?$AA@ 1001fa58     LIBCMT:winapisupp.obj
 0002:00003a68       ??_C@_0BA@ONOKGCMP@GetLocaleInfoEx?$AA@ 1001fa68     LIBCMT:winapisupp.obj
 0002:00003a78       ??_C@_0BA@CIJJKCJJ@GetTimeFormatEx?$AA@ 1001fa78     LIBCMT:winapisupp.obj
 0002:00003a88       ??_C@_0BJ@PBCCBIPI@GetUserDefaultLocaleName?$AA@ 1001fa88     LIBCMT:winapisupp.obj
 0002:00003aa4       ??_C@_0BC@CELBKLLA@IsValidLocaleName?$AA@ 1001faa4     LIBCMT:winapisupp.obj
 0002:00003ab8       ??_C@_0O@KKBNKAPF@LCMapStringEx?$AA@ 1001fab8     LIBCMT:winapisupp.obj
 0002:00003ac8       ??_C@_0BE@JOGNEJCI@GetCurrentPackageId?$AA@ 1001fac8     LIBCMT:winapisupp.obj
 0002:00003ae0       ??_C@_1FE@LLNEDJMD@?$AAR?$AA6?$AA0?$AA0?$AA8?$AA?$AN?$AA?6?$AA?9?$AA?5?$AAn?$AAo?$AAt?$AA?5?$AAe?$AAn?$AAo?$AAu?$AAg?$AAh?$AA?5?$AAs?$AAp?$AAa?$AAc?$AAe?$AA?5?$AAf?$AAo?$AAr?$AA?5?$AAa?$AAr@ 1001fae0     LIBCMT:crt0msg.obj
 0002:00003b38       ??_C@_1FI@HONFMGBI@?$AAR?$AA6?$AA0?$AA0?$AA9?$AA?$AN?$AA?6?$AA?9?$AA?5?$AAn?$AAo?$AAt?$AA?5?$AAe?$AAn?$AAo?$AAu?$AAg?$AAh?$AA?5?$AAs?$AAp?$AAa?$AAc?$AAe?$AA?5?$AAf?$AAo?$AAr?$AA?5?$AAe?$AAn@ 1001fb38     LIBCMT:crt0msg.obj
 0002:00003b90       ??_C@_1EG@BEHAGFJD@?$AAR?$AA6?$AA0?$AA1?$AA0?$AA?$AN?$AA?6?$AA?9?$AA?5?$AAa?$AAb?$AAo?$AAr?$AAt?$AA?$CI?$AA?$CJ?$AA?5?$AAh?$AAa?$AAs?$AA?5?$AAb?$AAe?$AAe?$AAn?$AA?5?$AAc?$AAa?$AAl?$AAl?$AAe?$AAd@ 1001fb90     LIBCMT:crt0msg.obj
 0002:00003bd8       ??_C@_1FI@LOGNIKDM@?$AAR?$AA6?$AA0?$AA1?$AA6?$AA?$AN?$AA?6?$AA?9?$AA?5?$AAn?$AAo?$AAt?$AA?5?$AAe?$AAn?$AAo?$AAu?$AAg?$AAh?$AA?5?$AAs?$AAp?$AAa?$AAc?$AAe?$AA?5?$AAf?$AAo?$AAr?$AA?5?$AAt?$AAh@ 1001fbd8     LIBCMT:crt0msg.obj
 0002:00003c30       ??_C@_1FK@BEOGODMC@?$AAR?$AA6?$AA0?$AA1?$AA7?$AA?$AN?$AA?6?$AA?9?$AA?5?$AAu?$AAn?$AAe?$AAx?$AAp?$AAe?$AAc?$AAt?$AAe?$AAd?$AA?5?$AAm?$AAu?$AAl?$AAt?$AAi?$AAt?$AAh?$AAr?$AAe?$AAa?$AAd?$AA?5@ 1001fc30     LIBCMT:crt0msg.obj
 0002:00003c90       ??_C@_1EC@JIBHAOPH@?$AAR?$AA6?$AA0?$AA1?$AA8?$AA?$AN?$AA?6?$AA?9?$AA?5?$AAu?$AAn?$AAe?$AAx?$AAp?$AAe?$AAc?$AAt?$AAe?$AAd?$AA?5?$AAh?$AAe?$AAa?$AAp?$AA?5?$AAe?$AAr?$AAr?$AAo?$AAr?$AA?$AN?$AA?6@ 1001fc90     LIBCMT:crt0msg.obj
 0002:00003cd8       ??_C@_1FC@ECHBIFBC@?$AAR?$AA6?$AA0?$AA1?$AA9?$AA?$AN?$AA?6?$AA?9?$AA?5?$AAu?$AAn?$AAa?$AAb?$AAl?$AAe?$AA?5?$AAt?$AAo?$AA?5?$AAo?$AAp?$AAe?$AAn?$AA?5?$AAc?$AAo?$AAn?$AAs?$AAo?$AAl?$AAe?$AA?5@ 1001fcd8     LIBCMT:crt0msg.obj
 0002:00003d30       ??_C@_1GK@FHCKBEFA@?$AAR?$AA6?$AA0?$AA2?$AA4?$AA?$AN?$AA?6?$AA?9?$AA?5?$AAn?$AAo?$AAt?$AA?5?$AAe?$AAn?$AAo?$AAu?$AAg?$AAh?$AA?5?$AAs?$AAp?$AAa?$AAc?$AAe?$AA?5?$AAf?$AAo?$AAr?$AA?5?$AA_?$AAo@ 1001fd30     LIBCMT:crt0msg.obj
 0002:00003da0       ??_C@_1EM@MAADIHMB@?$AAR?$AA6?$AA0?$AA2?$AA5?$AA?$AN?$AA?6?$AA?9?$AA?5?$AAp?$AAu?$AAr?$AAe?$AA?5?$AAv?$AAi?$AAr?$AAt?$AAu?$AAa?$AAl?$AA?5?$AAf?$AAu?$AAn?$AAc?$AAt?$AAi?$AAo?$AAn?$AA?5?$AAc@ 1001fda0     LIBCMT:crt0msg.obj
 0002:00003df0       ??_C@_1GK@MCAAGJMO@?$AAR?$AA6?$AA0?$AA2?$AA6?$AA?$AN?$AA?6?$AA?9?$AA?5?$AAn?$AAo?$AAt?$AA?5?$AAe?$AAn?$AAo?$AAu?$AAg?$AAh?$AA?5?$AAs?$AAp?$AAa?$AAc?$AAe?$AA?5?$AAf?$AAo?$AAr?$AA?5?$AAs?$AAt@ 1001fdf0     LIBCMT:crt0msg.obj
 0002:00003e60       ??_C@_1GK@MFGOKLAG@?$AAR?$AA6?$AA0?$AA2?$AA7?$AA?$AN?$AA?6?$AA?9?$AA?5?$AAn?$AAo?$AAt?$AA?5?$AAe?$AAn?$AAo?$AAu?$AAg?$AAh?$AA?5?$AAs?$AAp?$AAa?$AAc?$AAe?$AA?5?$AAf?$AAo?$AAr?$AA?5?$AAl?$AAo@ 1001fe60     LIBCMT:crt0msg.obj
 0002:00003ed0       ??_C@_1EK@HHFLMAOL@?$AAR?$AA6?$AA0?$AA2?$AA8?$AA?$AN?$AA?6?$AA?9?$AA?5?$AAu?$AAn?$AAa?$AAb?$AAl?$AAe?$AA?5?$AAt?$AAo?$AA?5?$AAi?$AAn?$AAi?$AAt?$AAi?$AAa?$AAl?$AAi?$AAz?$AAe?$AA?5?$AAh?$AAe@ 1001fed0     LIBCMT:crt0msg.obj
 0002:00003f1c       ??_C@_1DO@BMFCDCD@?$AAR?$AA6?$AA0?$AA3?$AA0?$AA?$AN?$AA?6?$AA?9?$AA?5?$AAC?$AAR?$AAT?$AA?5?$AAn?$AAo?$AAt?$AA?5?$AAi?$AAn?$AAi?$AAt?$AAi?$AAa?$AAl?$AAi?$AAz?$AAe?$AAd?$AA?$AN?$AA?6?$AA?$AA@ 1001ff1c     LIBCMT:crt0msg.obj
 0002:00003f60       ??_C@_1MG@ENCOOIDF@?$AAR?$AA6?$AA0?$AA3?$AA1?$AA?$AN?$AA?6?$AA?9?$AA?5?$AAA?$AAt?$AAt?$AAe?$AAm?$AAp?$AAt?$AA?5?$AAt?$AAo?$AA?5?$AAi?$AAn?$AAi?$AAt?$AAi?$AAa?$AAl?$AAi?$AAz?$AAe?$AA?5?$AAt@ 1001ff60     LIBCMT:crt0msg.obj
 0002:00004028       ??_C@_1GG@GOPILAJP@?$AAR?$AA6?$AA0?$AA3?$AA2?$AA?$AN?$AA?6?$AA?9?$AA?5?$AAn?$AAo?$AAt?$AA?5?$AAe?$AAn?$AAo?$AAu?$AAg?$AAh?$AA?5?$AAs?$AAp?$AAa?$AAc?$AAe?$AA?5?$AAf?$AAo?$AAr?$AA?5?$AAl?$AAo@ 10020028     LIBCMT:crt0msg.obj
 0002:00004090       ??_C@_1BOO@KGEDBGAJ@?$AAR?$AA6?$AA0?$AA3?$AA3?$AA?$AN?$AA?6?$AA?9?$AA?5?$AAA?$AAt?$AAt?$AAe?$AAm?$AAp?$AAt?$AA?5?$AAt?$AAo?$AA?5?$AAu?$AAs?$AAe?$AA?5?$AAM?$AAS?$AAI?$AAL?$AA?5?$AAc?$AAo?$AAd@ 10020090     LIBCMT:crt0msg.obj
 0002:00004280       ??_C@_1GG@MKFPEKFO@?$AAR?$AA6?$AA0?$AA3?$AA4?$AA?$AN?$AA?6?$AA?9?$AA?5?$AAi?$AAn?$AAc?$AAo?$AAn?$AAs?$AAi?$AAs?$AAt?$AAe?$AAn?$AAt?$AA?5?$AAo?$AAn?$AAe?$AAx?$AAi?$AAt?$AA?5?$AAb?$AAe?$AAg@ 10020280     LIBCMT:crt0msg.obj
 0002:000042e8       ??_C@_1BO@BFCDCGC@?$AAD?$AAO?$AAM?$AAA?$AAI?$AAN?$AA?5?$AAe?$AAr?$AAr?$AAo?$AAr?$AA?$AN?$AA?6?$AA?$AA@ 100202e8     LIBCMT:crt0msg.obj
 0002:00004308       ??_C@_1BK@KMOMNAAI@?$AAS?$AAI?$AAN?$AAG?$AA?5?$AAe?$AAr?$AAr?$AAo?$AAr?$AA?$AN?$AA?6?$AA?$AA@ 10020308     LIBCMT:crt0msg.obj
 0002:00004324       ??_C@_1BM@JBBEPPHI@?$AAT?$AAL?$AAO?$AAS?$AAS?$AA?5?$AAe?$AAr?$AAr?$AAo?$AAr?$AA?$AN?$AA?6?$AA?$AA@ 10020324     LIBCMT:crt0msg.obj
 0002:00004340       ??_C@_15JNBOKNOG@?$AA?$AN?$AA?6?$AA?$AA@ 10020340     LIBCMT:crt0msg.obj
 0002:00004348       ??_C@_1BO@BKOMIGKJ@?$AAr?$AAu?$AAn?$AAt?$AAi?$AAm?$AAe?$AA?5?$AAe?$AAr?$AAr?$AAo?$AAr?$AA?5?$AA?$AA@ 10020348     LIBCMT:crt0msg.obj
 0002:00004420       ??_C@_1FK@PGACCAFB@?$AAR?$AA6?$AA0?$AA0?$AA2?$AA?$AN?$AA?6?$AA?9?$AA?5?$AAf?$AAl?$AAo?$AAa?$AAt?$AAi?$AAn?$AAg?$AA?5?$AAp?$AAo?$AAi?$AAn?$AAt?$AA?5?$AAs?$AAu?$AAp?$AAp?$AAo?$AAr?$AAt?$AA?5@ 10020420     LIBCMT:crt0msg.obj
 0002:0000447c       ??_C@_1DE@JNGNBFGO@?$AAR?$AAu?$AAn?$AAt?$AAi?$AAm?$AAe?$AA?5?$AAE?$AAr?$AAr?$AAo?$AAr?$AA?$CB?$AA?6?$AA?6?$AAP?$AAr?$AAo?$AAg?$AAr?$AAa?$AAm?$AA?3?$AA?5?$AA?$AA@ 1002047c     LIBCMT:crt0msg.obj
 0002:000044b0       ??_C@_1CO@EAEJAADC@?$AA?$DM?$AAp?$AAr?$AAo?$AAg?$AAr?$AAa?$AAm?$AA?5?$AAn?$AAa?$AAm?$AAe?$AA?5?$AAu?$AAn?$AAk?$AAn?$AAo?$AAw?$AAn?$AA?$DO?$AA?$AA@ 100204b0     LIBCMT:crt0msg.obj
 0002:000044e0       ??_C@_17LGKOMLJ@?$AA?4?$AA?4?$AA?4?$AA?$AA@ 100204e0     LIBCMT:crt0msg.obj
 0002:000044e8       ??_C@_15IABLJNFO@?$AA?6?$AA?6?$AA?$AA@ 100204e8     LIBCMT:crt0msg.obj
 0002:000044f0       ??_C@_1EK@MBDPDCGA@?$AAM?$AAi?$AAc?$AAr?$AAo?$AAs?$AAo?$AAf?$AAt?$AA?5?$AAV?$AAi?$AAs?$AAu?$AAa?$AAl?$AA?5?$AAC?$AA?$CL?$AA?$CL?$AA?5?$AAR?$AAu?$AAn?$AAt?$AAi?$AAm?$AAe?$AA?5?$AAL?$AAi?$AAb@ 100204f0     LIBCMT:crt0msg.obj
 0002:00004540       __XcptActTab               10020540     LIBCMT:winxfltr.obj
 0002:000045d0       __XcptActTabCount          100205d0     LIBCMT:winxfltr.obj
 0002:000045d4       __XcptActTabSize           100205d4     LIBCMT:winxfltr.obj
 0002:000045d8       __First_FPE_Indx           100205d8     LIBCMT:winxfltr.obj
 0002:000045dc       __Num_FPE                  100205dc     LIBCMT:winxfltr.obj
 0002:000045e0       __indefinite               100205e0     LIBCMT:87disp.obj
 0002:000045ea       __piby2                    100205ea     LIBCMT:87disp.obj
 0002:00004618       __DEFAULT_CW_in_mem        10020618     LIBCMT:common.obj
 0002:0000461a       __pi_by_2_to_61            1002061a     LIBCMT:common.obj
 0002:00009e50       ___newctype                10025e50     LIBCMT:ctype.obj
 0002:0000a150       __wctype                   10026150     LIBCMT:ctype.obj
 0002:0000a358       ___newclmap                10026358     LIBCMT:ctype.obj
 0002:0000a4d8       ___newcumap                100264d8     LIBCMT:ctype.obj
 0002:0000a658       ??_C@_15PJPFLCCM@?$AAu?$AAk?$AA?$AA@ 10026658     LIBCMT:getqloc.obj
 0002:0000a660       ___rg_language_count       10026660     LIBCMT:getqloc.obj
 0002:0000a664       ___rg_country_count        10026664     LIBCMT:getqloc.obj
 0002:0000a668       _LcidToLocaleNameTable     10026668     LIBCMT:winapinls.obj
 0002:0000ad88       _LocaleNameToIndexTable    10026d88     LIBCMT:winapinls.obj
 0002:0000b4a8       ??_C@_15EMKDOKLE@?$AAa?$AAr?$AA?$AA@ 100274a8     LIBCMT:winapinls.obj
 0002:0000b4b0       ??_C@_15KNPADPLH@?$AAb?$AAg?$AA?$AA@ 100274b0     LIBCMT:winapinls.obj
 0002:0000b4b8       ??_C@_15EDMHLDMO@?$AAc?$AAa?$AA?$AA@ 100274b8     LIBCMT:winapinls.obj
 0002:0000b4c0       ??_C@_1O@BPEAJADD@?$AAz?$AAh?$AA?9?$AAC?$AAH?$AAS?$AA?$AA@ 100274c0     LIBCMT:winapinls.obj
 0002:0000b4d0       ??_C@_15LJNHCMNK@?$AAc?$AAs?$AA?$AA@ 100274d0     LIBCMT:winapinls.obj
 0002:0000b4d8       ??_C@_15FOMCIDHG@?$AAd?$AAa?$AA?$AA@ 100274d8     LIBCMT:winapinls.obj
 0002:0000b4e0       ??_C@_15NBKABECB@?$AAd?$AAe?$AA?$AA@ 100274e0     LIBCMT:winapinls.obj
 0002:0000b4e8       ??_C@_15GHPEIIAO@?$AAe?$AAl?$AA?$AA@ 100274e8     LIBCMT:winapinls.obj
 0002:0000b4f0       ??_C@_15MNPNEAIF@?$AAe?$AAn?$AA?$AA@ 100274f0     LIBCMT:winapinls.obj
 0002:0000b4f8       ??_C@_15GPIOMPMH@?$AAe?$AAs?$AA?$AA@ 100274f8     LIBCMT:winapinls.obj
 0002:0000b500       ??_C@_15NGLOAKJC@?$AAf?$AAi?$AA?$AA@ 10027500     LIBCMT:winapinls.obj
 0002:0000b508       ??_C@_15FBKGNKAM@?$AAf?$AAr?$AA?$AA@ 10027508     LIBCMT:winapinls.obj
 0002:0000b510       ??_C@_15KGGCNEFK@?$AAh?$AAe?$AA?$AA@ 10027510     LIBCMT:winapinls.obj
 0002:0000b518       ??_C@_15PGHLIDMF@?$AAh?$AAu?$AA?$AA@ 10027518     LIBCMT:winapinls.obj
 0002:0000b520       ??_C@_15BIEMAPLM@?$AAi?$AAs?$AA?$AA@ 10027520     LIBCMT:winapinls.obj
 0002:0000b528       ??_C@_15IFJLDHAF@?$AAi?$AAt?$AA?$AA@ 10027528     LIBCMT:winapinls.obj
 0002:0000b530       ??_C@_15GEMIOCAG@?$AAj?$AAa?$AA?$AA@ 10027530     LIBCMT:winapinls.obj
 0002:0000b538       ??_C@_15EPELEGJA@?$AAk?$AAo?$AA?$AA@ 10027538     LIBCMT:winapinls.obj
 0002:0000b540       ??_C@_15NDDHIMN@?$AAn?$AAl?$AA?$AA@ 10027540     LIBCMT:winapinls.obj
 0002:0000b548       ??_C@_15BPIGNHCD@?$AAn?$AAo?$AA?$AA@ 10027548     LIBCMT:winapinls.obj
 0002:0000b550       ??_C@_15DEOPBLCG@?$AAp?$AAl?$AA?$AA@ 10027550     LIBCMT:winapinls.obj
 0002:0000b558       ??_C@_15KBECGEFG@?$AAp?$AAt?$AA?$AA@ 10027558     LIBCMT:winapinls.obj
 0002:0000b560       ??_C@_15GLJCBFMD@?$AAr?$AAo?$AA?$AA@ 10027560     LIBCMT:winapinls.obj
 0002:0000b568       ??_C@_15FEDGKCDI@?$AAr?$AAu?$AA?$AA@ 10027568     LIBCMT:winapinls.obj
 0002:0000b570       ??_C@_15GLKMLLHM@?$AAh?$AAr?$AA?$AA@ 10027570     LIBCMT:winapinls.obj
 0002:0000b578       ??_C@_15CPKMFBDB@?$AAs?$AAk?$AA?$AA@ 10027578     LIBCMT:winapinls.obj
 0002:0000b580       ??_C@_15BAAIOGMK@?$AAs?$AAq?$AA?$AA@ 10027580     LIBCMT:winapinls.obj
 0002:0000b588       ??_C@_15INNPNOHD@?$AAs?$AAv?$AA?$AA@ 10027588     LIBCMT:winapinls.obj
 0002:0000b590       ??_C@_15CABMMOGH@?$AAt?$AAh?$AA?$AA@ 10027590     LIBCMT:winapinls.obj
 0002:0000b598       ??_C@_15BPLIHJJM@?$AAt?$AAr?$AA?$AA@ 10027598     LIBCMT:winapinls.obj
 0002:0000b5a0       ??_C@_15NEOEKKDJ@?$AAu?$AAr?$AA?$AA@ 100275a0     LIBCMT:winapinls.obj
 0002:0000b5a8       ??_C@_15NFICGAJK@?$AAi?$AAd?$AA?$AA@ 100275a8     LIBCMT:winapinls.obj
 0002:0000b5b0       ??_C@_15HPJPHDM@?$AAb?$AAe?$AA?$AA@ 100275b0     LIBCMT:winapinls.obj
 0002:0000b5b8       ??_C@_15LCHLGJII@?$AAs?$AAl?$AA?$AA@ 100275b8     LIBCMT:winapinls.obj
 0002:0000b5c0       ??_C@_15PCFJPHHO@?$AAe?$AAt?$AA?$AA@ 100275c0     LIBCMT:winapinls.obj
 0002:0000b5c8       ??_C@_15HPFPGODN@?$AAl?$AAv?$AA?$AA@ 100275c8     LIBCMT:winapinls.obj
 0002:0000b5d0       ??_C@_15NFFGKGLG@?$AAl?$AAt?$AA?$AA@ 100275d0     LIBCMT:winapinls.obj
 0002:0000b5d8       ??_C@_15BDAKCCHN@?$AAf?$AAa?$AA?$AA@ 100275d8     LIBCMT:winapinls.obj
 0002:0000b5e0       ??_C@_15NFGIAIAJ@?$AAv?$AAi?$AA?$AA@ 100275e0     LIBCMT:winapinls.obj
 0002:0000b5e8       ??_C@_15LMKNDMHN@?$AAh?$AAy?$AA?$AA@ 100275e8     LIBCMT:winapinls.obj
 0002:0000b5f0       ??_C@_15IJBHMCFL@?$AAa?$AAz?$AA?$AA@ 100275f0     LIBCMT:winapinls.obj
 0002:0000b5f8       ??_C@_15EKOFJABL@?$AAe?$AAu?$AA?$AA@ 100275f8     LIBCMT:winapinls.obj
 0002:0000b600       ??_C@_15BGHADCNK@?$AAm?$AAk?$AA?$AA@ 10027600     LIBCMT:winapinls.obj
 0002:0000b608       ??_C@_15JDNICKHM@?$AAa?$AAf?$AA?$AA@ 10027608     LIBCMT:winapinls.obj
 0002:0000b610       ??_C@_15KPJEDBKD@?$AAk?$AAa?$AA?$AA@ 10027610     LIBCMT:winapinls.obj
 0002:0000b618       ??_C@_15PDNFFFEO@?$AAf?$AAo?$AA?$AA@ 10027618     LIBCMT:winapinls.obj
 0002:0000b620       ??_C@_15OMLEGLOC@?$AAh?$AAi?$AA?$AA@ 10027620     LIBCMT:winapinls.obj
 0002:0000b628       ??_C@_15IDNNENKK@?$AAm?$AAs?$AA?$AA@ 10027628     LIBCMT:winapinls.obj
 0002:0000b630       ??_C@_15MACJNBMH@?$AAk?$AAk?$AA?$AA@ 10027630     LIBCMT:winapinls.obj
 0002:0000b638       ??_C@_15DKDJEOND@?$AAk?$AAy?$AA?$AA@ 10027638     LIBCMT:winapinls.obj
 0002:0000b640       ??_C@_15DFGDLJBG@?$AAs?$AAw?$AA?$AA@ 10027640     LIBCMT:winapinls.obj
 0002:0000b648       ??_C@_15BBFAICNG@?$AAu?$AAz?$AA?$AA@ 10027648     LIBCMT:winapinls.obj
 0002:0000b650       ??_C@_15DKNDCGEA@?$AAt?$AAt?$AA?$AA@ 10027650     LIBCMT:winapinls.obj
 0002:0000b658       ??_C@_15MGIFMDPL@?$AAp?$AAa?$AA?$AA@ 10027658     LIBCMT:winapinls.obj
 0002:0000b660       ??_C@_15HCNDBBA@?$AAg?$AAu?$AA?$AA@ 10027660     LIBCMT:winapinls.obj
 0002:0000b668       ??_C@_15FNBEIBON@?$AAt?$AAa?$AA?$AA@ 10027668     LIBCMT:winapinls.obj
 0002:0000b670       ??_C@_15NCHGBGLK@?$AAt?$AAe?$AA?$AA@ 10027670     LIBCMT:winapinls.obj
 0002:0000b678       ??_C@_15PHPHCBPF@?$AAk?$AAn?$AA?$AA@ 10027678     LIBCMT:winapinls.obj
 0002:0000b680       ??_C@_15DLGBCKMP@?$AAm?$AAr?$AA?$AA@ 10027680     LIBCMT:winapinls.obj
[...]
 0002:000037a0       _BIG                       1001f7a0     LIBCMT:libm_error.obj
 0002:000037b0       _ZERO                      1001f7b0     LIBCMT:libm_error.obj
 0002:000037c0       _INF_32                    1001f7c0     LIBCMT:libm_error.obj
 0002:000037c8       _NAN_32                    1001f7c8     LIBCMT:libm_error.obj
 0002:000037d0       _ZERO_32                   1001f7d0     LIBCMT:libm_error.obj
 0002:000037d8       _libm_largef               1001f7d8     LIBCMT:libm_error.obj
 0002:000037e0       _libm_smallf               1001f7e0     LIBCMT:libm_error.obj
 0002:000037e8       _libm_small                1001f7e8     LIBCMT:libm_error.obj
 0002:00004368       _rterrs                    10020368     LIBCMT:crt0msg.obj
 0002:000045f4       One                        100205f4     LIBCMT:87disp.obj
 0002:000045fc       XAMtoTagTab                100205fc     LIBCMT:87disp.obj
 0002:00004610       One                        10020610     LIBCMT:common.obj
 0002:00004624       DblMax                     10020624     LIBCMT:common.obj
 0002:0000462c       DblMin                     1002062c     LIBCMT:common.obj
 0002:00004634       IeeeAdjO                   10020634     LIBCMT:common.obj
 0002:0000463c       IeeeAdjU                   1002063c     LIBCMT:common.obj
 0002:00004644       _infinity                  10020644     LIBCMT:common.obj
 0002:0000464c       _zero                      1002064c     LIBCMT:common.obj
 0002:00004660       Shifter                    10020660     LIBCMT:asin_pentium4.obj
 0002:00004670       Tbl_addr                   10020670     LIBCMT:asin_pentium4.obj
 0002:00005570       T_table                    10021570     LIBCMT:asin_pentium4.obj
 0002:00005d70       PI_BY_2                    10021d70     LIBCMT:asin_pentium4.obj
 0002:00005d80       SIGNMASK                   10021d80     LIBCMT:asin_pentium4.obj
 0002:00005d90       HALFMASK                   10021d90     LIBCMT:asin_pentium4.obj
 0002:00005da0       HALFMASK2                  10021da0     LIBCMT:asin_pentium4.obj
 0002:00005da8       cv                         10021da8     LIBCMT:asin_pentium4.obj
 0002:00005dc0       cv2                        10021dc0     LIBCMT:asin_pentium4.obj
 0002:00005e00       ABSVALMASK                 10021e00     LIBCMT:asin_pentium4.obj
 0002:00005e08       TMASK                      10021e08     LIBCMT:asin_pentium4.obj
 0002:00005e10       ONEMASK                    10021e10     LIBCMT:asin_pentium4.obj
 0002:00005e18       EMIN                       10021e18     LIBCMT:asin_pentium4.obj
 0002:00005e20       MAX_ARG                    10021e20     LIBCMT:asin_pentium4.obj
 0002:00005e28       MIN_ARG                    10021e28     LIBCMT:asin_pentium4.obj
 0002:00005e30       INF                        10021e30     LIBCMT:asin_pentium4.obj
 0002:00005e38       ZERO                       10021e38     LIBCMT:asin_pentium4.obj
 0002:00005e40       Shifter                    10021e40     LIBCMT:acos_pentium4.obj
 0002:00005e50       Tbl_addr                   10021e50     LIBCMT:acos_pentium4.obj
 0002:00006d50       T_table                    10022d50     LIBCMT:acos_pentium4.obj
 0002:00007550       PI_BY_2                    10023550     LIBCMT:acos_pentium4.obj
 0002:00007560       NEG_PI                     10023560     LIBCMT:acos_pentium4.obj
 0002:00007570       PI                         10023570     LIBCMT:acos_pentium4.obj
 0002:00007580       SIGNMASK                   10023580     LIBCMT:acos_pentium4.obj
 0002:00007590       HALFMASK                   10023590     LIBCMT:acos_pentium4.obj
 0002:000075a0       HALFMASK2                  100235a0     LIBCMT:acos_pentium4.obj
 0002:000075b0       cv                         100235b0     LIBCMT:acos_pentium4.obj
 0002:000075d0       cv2                        100235d0     LIBCMT:acos_pentium4.obj
 0002:00007610       ABSVALMASK                 10023610     LIBCMT:acos_pentium4.obj
 0002:00007618       TMASK                      10023618     LIBCMT:acos_pentium4.obj
 0002:00007620       ONEMASK                    10023620     LIBCMT:acos_pentium4.obj
 0002:00007628       ONE_BY_2                   10023628     LIBCMT:acos_pentium4.obj
 0002:00007630       EMIN                       10023630     LIBCMT:acos_pentium4.obj
 0002:00007638       MAX_ARG                    10023638     LIBCMT:acos_pentium4.obj
 0002:00007640       MIN_ARG                    10023640     LIBCMT:acos_pentium4.obj
 0002:00007648       INF                        10023648     LIBCMT:acos_pentium4.obj
 0002:00007650       ZERO                       10023650     LIBCMT:acos_pentium4.obj
 0002:00007658       ALPHA                      10023658     LIBCMT:acos_pentium4.obj
 0002:00007660       Ctable                     10023660     LIBCMT:sin_pentium4.obj
 0002:00007e60       SC_1                       10023e60     LIBCMT:sin_pentium4.obj
 0002:00007e70       SC_2                       10023e70     LIBCMT:sin_pentium4.obj
 0002:00007e80       SC_3                       10023e80     LIBCMT:sin_pentium4.obj
 0002:00007e90       SC_4                       10023e90     LIBCMT:sin_pentium4.obj
 0002:00007ea0       PI32INV                    10023ea0     LIBCMT:sin_pentium4.obj
 0002:00007ea8       SHIFTER                    10023ea8     LIBCMT:sin_pentium4.obj
 0002:00007eb0       P_2                        10023eb0     LIBCMT:sin_pentium4.obj
 0002:00007ec0       P_1                        10023ec0     LIBCMT:sin_pentium4.obj
 0002:00007ec8       P_3                        10023ec8     LIBCMT:sin_pentium4.obj
 0002:00007ed0       TWO_POW_55                 10023ed0     LIBCMT:sin_pentium4.obj
 0002:00007ed8       TWO_POW_M55                10023ed8     LIBCMT:sin_pentium4.obj
 0002:00007ee0       ALL_ONES                   10023ee0     LIBCMT:sin_pentium4.obj
 0002:00007ee8       NEG_ZERO                   10023ee8     LIBCMT:sin_pentium4.obj
 0002:00007ef0       ONE                        10023ef0     LIBCMT:sin_pentium4.obj
 0002:00007f00       Ctable                     10023f00     LIBCMT:cos_pentium4.obj
 0002:00008700       SC_1                       10024700     LIBCMT:cos_pentium4.obj
 0002:00008710       SC_2                       10024710     LIBCMT:cos_pentium4.obj
 0002:00008720       SC_3                       10024720     LIBCMT:cos_pentium4.obj
 0002:00008730       SC_4                       10024730     LIBCMT:cos_pentium4.obj
 0002:00008740       PI32INV                    10024740     LIBCMT:cos_pentium4.obj
 0002:00008748       SHIFTER                    10024748     LIBCMT:cos_pentium4.obj
 0002:00008750       P_2                        10024750     LIBCMT:cos_pentium4.obj
 0002:00008760       P_1                        10024760     LIBCMT:cos_pentium4.obj
 0002:00008768       P_3                        10024768     LIBCMT:cos_pentium4.obj
 0002:00008770       TWO_POW_55                 10024770     LIBCMT:cos_pentium4.obj
 0002:00008778       TWO_POW_M55                10024778     LIBCMT:cos_pentium4.obj
 0002:00008780       ALL_ONES                   10024780     LIBCMT:cos_pentium4.obj
 0002:00008788       NEG_ZERO                   10024788     LIBCMT:cos_pentium4.obj
 0002:00008790       ONE                        10024790     LIBCMT:cos_pentium4.obj
 0002:000087a0       SIGN_MASK                  100247a0     LIBCMT:cos_pentium4.obj
 0002:000087b0       Ctable                     100247b0     LIBCMT:tan_pentium4.obj
 0002:00009db0       PI32INV                    10025db0     LIBCMT:tan_pentium4.obj
 0002:00009dc0       SHIFTER                    10025dc0     LIBCMT:tan_pentium4.obj
 0002:00009dd0       P_1                        10025dd0     LIBCMT:tan_pentium4.obj
 0002:00009de0       P_2                        10025de0     LIBCMT:tan_pentium4.obj
 0002:00009df0       P_3                        10025df0     LIBCMT:tan_pentium4.obj
 0002:00009e00       QQ_2                       10025e00     LIBCMT:tan_pentium4.obj
 0002:00009e08       ONE                        10025e08     LIBCMT:tan_pentium4.obj
 0002:00009e10       MASK_35                    10025e10     LIBCMT:tan_pentium4.obj
 0002:00009e20       sign_mask                  10025e20     LIBCMT:tan_pentium4.obj
 0002:00009e28       TWO_POW_55                 10025e28     LIBCMT:tan_pentium4.obj
 0002:00009e30       TWO_POW_M55                10025e30     LIBCMT:tan_pentium4.obj
 0002:00009e38       TWO_POW_M53                10025e38     LIBCMT:tan_pentium4.obj
 0002:00009e40       INF                        10025e40     LIBCMT:tan_pentium4.obj
 0002:0000c8c0       __sehtable$_printf         100288c0     LIBCMT:printf.obj
 0002:0000c8e0       __sehtable$_doexit         100288e0     LIBCMT:crt0dat.obj
 0002:0000c900       __sehtable$__CRT_INIT@12   10028900     LIBCMT:dllcrt0.obj
 0002:0000c920       __sehtable$___DllMainCRTStartup 10028920     LIBCMT:dllcrt0.obj
 0002:0000c940       __sehtable$___updatetlocinfo 10028940     LIBCMT:localref.obj
 0002:0000c960       __sehtable$___updatetmbcinfo 10028960     LIBCMT:mbctype.obj
 0002:0000c980       __sehtable$__setmbcp       10028980     LIBCMT:mbctype.obj
 0002:0000c9a0       __sehtable$__freefls@4     100289a0     LIBCMT:tidtable.obj
 0002:0000c9c8       __sehtable$__initptd       100289c8     LIBCMT:tidtable.obj
 0002:0000c9f0       __sehtable$__locterm       100289f0     LIBCMT:wsetloca.obj
 0002:0000ca10       __sehtable$__mtinitlocknum 10028a10     LIBCMT:mlock.obj
 0002:0000ca30       __sehtable$__IsNonwritableInCurrentImage 10028a30     LIBCMT:pesect.obj
 0002:0000ca50       __sehtable$__onexit        10028a50     LIBCMT:onexit.obj
 0002:0000ca70       __sehtable$?terminate@@YAXXZ 10028a70     LIBCMT:hooks.obj
 0002:0000ca90       __sehtable$_raise          10028a90     LIBCMT:winsig.obj
 0002:0000cab0       __sehtable$__ioinit        10028ab0     LIBCMT:ioinit.obj
 0002:0000cad0       __sehtable$__fcloseall     10028ad0     LIBCMT:closeall.obj
 0002:0000caf0       __sehtable$_flsall         10028af0     LIBCMT:fflush.obj
 0002:0000cb18       __sehtable$__write         10028b18     LIBCMT:write.obj
 0002:0000cb38       __sehtable$__lseeki64      10028b38     LIBCMT:lseeki64.obj
 0002:0000cb58       __sehtable$_fclose         10028b58     LIBCMT:fclose.obj
 0002:0000cb78       __sehtable$__commit        10028b78     LIBCMT:commit.obj
 0002:0000cb98       __sehtable$___lock_fhandle 10028b98     LIBCMT:osfinfo.obj
 0002:0000cbb8       __sehtable$___set_fpsr_sse2 10028bb8     LIBCMT:fpctrl.obj
 0002:0000cbd8       __sehtable$__close         10028bd8     LIBCMT:close.obj
 0002:0000cf14       .idata$6                   10028f14     tgf:tgf.dll
 0002:0000cfac       .idata$6                   10028fac     robottools:robottools.dll
 0002:0000d462       .idata$6                   10029462     kernel32:KERNEL32.dll
 0002:0000d470       .edata                     10029470     track.exp
 0002:0000d498       rgpv                       10029498     track.exp
 0002:0000d49c       rgszName                   1002949c     track.exp
 0002:0000d4a0       rgwOrd                     100294a0     track.exp
 0002:0000d4a2       szName                     100294a2     track.exp
 0002:0000d4ac       $N00001                    100294ac     track.exp
 0003:00000000       _DEGPRAD                   1002a000     track.obj
 0003:00000004       _KeySideSurface            1002a004     track3.obj
 0003:0000000c       _KeySideWidth              1002a00c     track3.obj
 0003:00000014       _KeySideStartWidth         1002a014     track3.obj
 0003:0000001c       _KeySideEndWidth           1002a01c     track3.obj
 0003:00000024       _KeySideBankType           1002a024     track3.obj
 0003:0000002c       _KeyBorderSurface          1002a02c     track3.obj
 0003:00000034       _KeyBorderWidth            1002a034     track3.obj
 0003:0000003c       _KeyBorderStyle            1002a03c     track3.obj
 0003:00000044       _KeyBorderHeight           1002a044     track3.obj
 0003:0000004c       _KeyBarrierSurface         1002a04c     track3.obj
 0003:00000054       _KeyBarrierWidth           1002a054     track3.obj
 0003:0000005c       _KeyBarrierStyle           1002a05c     track3.obj
 0003:00000064       _KeyBarrierHeight          1002a064     track3.obj
 0003:0000006c       _ValStyle                  1002a06c     track3.obj
 0003:0000007c       _SectSide                  1002a07c     track4.obj
 0003:00000084       _SectBorder                1002a084     track4.obj
 0003:0000008c       _SectBarrier               1002a08c     track4.obj
 0003:00000094       _ValStyle                  1002a094     track4.obj
 0003:000000a8       _DoVfactor                 1002a0a8     track4.obj
 0003:000000c8       __ulSeverityText           1002a0c8     ul_vs2008_32:ulError.obj
 0003:000000f0       _NAME_                     1002a0f0     LIBCMT:sqrt.obj
 0003:00000100       _NAME_                     1002a100     LIBCMT:asin.obj
 0003:00000110       _NAME_                     1002a110     LIBCMT:acos.obj
 0003:00000120       _NAME_                     1002a120     LIBCMT:sin.obj
 0003:00000130       _NAME_                     1002a130     LIBCMT:cos.obj
 0003:00000140       _NAME_                     1002a140     LIBCMT:tan.obj
 0003:000003d0       _errtable                  1002a3d0     LIBCMT:dosmap.obj
 0003:00000538       _ErrnoNoMem                1002a538     LIBCMT:dosmap.obj
 0003:0000053c       _DoserrorNoMem             1002a53c     LIBCMT:dosmap.obj
 0003:00000574       ___rgctypeflag             1002a574     LIBCMT:mbctype.obj
 0003:00000578       ___rgcode_page_info        1002a578     LIBCMT:mbctype.obj
 0003:00000cc8       __ctype_loc_style          1002acc8     LIBCMT:wsetloca.obj
 0003:00000ce0       __locktable                1002ace0     LIBCMT:mlock.obj
 0003:00000e00       ?isPackaged@?1??__crtIsPackagedApp@@9@9 1002ae00     LIBCMT:winapisupp.obj
 0003:00000ed0       _DoubleFormat              1002aed0     LIBCMT:intrncvt.obj
 0003:00000ee8       _FloatFormat               1002aee8     LIBCMT:intrncvt.obj
 0003:00000f10       ?_names@?1??_get_fname@@9@9 1002af10     LIBCMT:fpexcept.obj
 0003:00000ff8       _over                      1002aff8     LIBCMT:fpctrl.obj
 0003:00001004       _under                     1002b004     LIBCMT:fpctrl.obj
 0003:00001010       ?__DAZ_ENABLED@?1??__set_fpsr_sse2@@9@9 1002b010     LIBCMT:fpctrl.obj
 0003:00001300       _theTrack                  1002b300     track.obj
 0003:00001304       _theCamList                1002b304     track.obj
 0003:00001308       _TrackHandle               1002b308     track.obj
 0003:0000130c       _GlobalStepLen             1002b30c     track3.obj
 0003:00001310       _xmin                      1002b310     track3.obj
 0003:00001314       _xmax                      1002b314     track3.obj
 0003:00001318       _ymin                      1002b318     track3.obj
 0003:0000131c       _ymax                      1002b31c     track3.obj
 0003:00001320       _zmin                      1002b320     track3.obj
 0003:00001324       _zmax                      1002b324     track3.obj
 0003:00001328       _sideEndWidth              1002b328     track3.obj
 0003:00001330       _sideStartWidth            1002b330     track3.obj
 0003:00001338       _sideBankType              1002b338     track3.obj
 0003:00001340       _sideMaterial              1002b340     track3.obj
 0003:00001348       _sideSurface               1002b348     track3.obj
 0003:00001350       _envIndex                  1002b350     track3.obj
 0003:00001354       _borderWidth               1002b354     track3.obj
 0003:0000135c       _borderHeight              1002b35c     track3.obj
 0003:00001364       _borderStyle               1002b364     track3.obj
 0003:0000136c       _borderMaterial            1002b36c     track3.obj
 0003:00001374       _borderSurface             1002b374     track3.obj
 0003:0000137c       _barrierWidth              1002b37c     track3.obj
 0003:00001384       _barrierHeight             1002b384     track3.obj
 0003:0000138c       _barrierStyle              1002b38c     track3.obj
 0003:00001394       _barrierMaterial           1002b394     track3.obj
 0003:0000139c       _barrierSurface            1002b39c     track3.obj
 0003:000013a4       _GlobalStepLen             1002b3a4     track4.obj
 0003:000013a8       _xmin                      1002b3a8     track4.obj
 0003:000013ac       _xmax                      1002b3ac     track4.obj
 0003:000013b0       _ymin                      1002b3b0     track4.obj
 0003:000013b4       _ymax                      1002b3b4     track4.obj
 0003:000013b8       _zmin                      1002b3b8     track4.obj
 0003:000013bc       _zmax                      1002b3bc     track4.obj
 0003:000013c0       _sideEndWidth              1002b3c0     track4.obj
 0003:000013c8       _sideStartWidth            1002b3c8     track4.obj
 0003:000013d0       _sideBankType              1002b3d0     track4.obj
 0003:000013d8       _sideMaterial              1002b3d8     track4.obj
 0003:000013e0       _sideSurface               1002b3e0     track4.obj
 0003:000013e8       _envIndex                  1002b3e8     track4.obj
 0003:000013ec       _borderWidth               1002b3ec     track4.obj
 0003:000013f4       _borderHeight              1002b3f4     track4.obj
 0003:000013fc       _borderStyle               1002b3fc     track4.obj
 0003:00001404       _borderMaterial            1002b404     track4.obj
 0003:0000140c       _borderSurface             1002b40c     track4.obj
 0003:00001414       _barrierWidth              1002b414     track4.obj
 0003:0000141c       _barrierHeight             1002b41c     track4.obj
 0003:00001424       _barrierStyle              1002b424     track4.obj
 0003:0000142c       _barrierMaterial           1002b42c     track4.obj
 0003:00001434       _barrierSurface            1002b434     track4.obj
 0003:00001440       __ulErrorBuffer            1002b440     ul_vs2008_32:ulError.obj
 0003:00001840       __ulErrorCB                1002b840     ul_vs2008_32:ulError.obj
 0003:00001848       ___enable_percent_n        1002b848     LIBCMT:printf.obj
 0003:00001880       ___proc_attached           1002b880     LIBCMT:dllcrt0.obj
 0003:000018b4       _fSystemSet                1002b8b4     LIBCMT:mbctype.obj
 0003:000018c8       _GS_ExceptionRecord        1002b8c8     LIBCMT:gs_report.obj
 0003:00001918       _GS_ContextRecord          1002b918     LIBCMT:gs_report.obj
 0003:00001be4       _DebuggerWasPresent        1002bbe4     LIBCMT:gs_report.obj
 0003:00001be8       __pmatherr_set             1002bbe8     LIBCMT:libm_error.obj
 0003:00001bf0       _lclcritsects              1002bbf0     LIBCMT:mlock.obj
 0003:00001d48       ?outmsg@?8??_NMSG_WRITE@@9@9 1002bd48     LIBCMT:crt0msg.obj
 0003:00002380       _g_pfnRtlGenRandom         1002c380     LIBCMT:rand_s.obj
 0003:00002384       _ctrlc_action              1002c384     LIBCMT:winsig.obj
 0003:00002388       _ctrlbreak_action          1002c388     LIBCMT:winsig.obj
 0003:0000238c       _abort_action              1002c38c     LIBCMT:winsig.obj
 0003:00002390       _term_action               1002c390     LIBCMT:winsig.obj
 0003:00002394       _ConsoleCtrlHandler_Installed 1002c394     LIBCMT:winsig.obj
 0003:000024a0       ?_pgmname@?1??_setargv@@9@9 1002c4a0     LIBCMT:stdargv.obj
 0003:000025b4       ___crtCallProc             1002c5b4     LIBCMT:winapinls.obj
 0003:000025bc       ?pfnMessageBox@?1??__crtMessageBoxW@@9@9 1002c5bc     LIBCMT:crtmboxw.obj
 0003:000025c0       ?pfnGetActiveWindow@?1??__crtMessageBoxW@@9@9 1002c5c0     LIBCMT:crtmboxw.obj
 0003:000025c4       ?pfnGetLastActivePopup@?1??__crtMessageBoxW@@9@9 1002c5c4     LIBCMT:crtmboxw.obj
 0003:000025c8       ?pfnGetProcessWindowStation@?1??__crtMessageBoxW@@9@9 1002c5c8     LIBCMT:crtmboxw.obj
 0003:000025cc       ?pfnGetUserObjectInformation@?1??__crtMessageBoxW@@9@9 1002c5cc     LIBCMT:crtmboxw.obj
