 trackgen

 Timestamp is 5176605c (Tue Apr 23 12:20:12 2013)

 Preferred load address is 00400000

 Start         Length     Name                   Class
 0001:00000000 0006facaH .text                   CODE
 0001:0006fad0 000018a4H .text$x                 CODE
 0001:00071380 0000073aH .text$yc                CODE
 0001:00071ac0 000000eaH .text$yd                CODE
 0002:00000000 000002e4H .idata$5                DATA
 0002:000002e4 00000004H .CRT$XCA                DATA
 0002:000002e8 00000050H .CRT$XCU                DATA
 0002:00000338 00000004H .CRT$XCZ                DATA
 0002:0000033c 00000004H .CRT$XIA                DATA
 0002:00000340 00000014H .CRT$XIC                DATA
 0002:00000354 00000004H .CRT$XIY                DATA
 0002:00000358 00000004H .CRT$XIZ                DATA
 0002:0000035c 00000004H .CRT$XPA                DATA
 0002:00000360 00000008H .CRT$XPX                DATA
 0002:00000368 00000004H .CRT$XPXA               DATA
 0002:0000036c 00000004H .CRT$XPZ                DATA
 0002:00000370 00000004H .CRT$XTA                DATA
 0002:00000374 00000004H .CRT$XTZ                DATA
 0002:00000380 00016ca0H .rdata                  DATA
 0002:00017020 00001208H .rdata$r                DATA
 0002:00018230 000001b4H .rdata$sxdata           DATA
 0002:000183e4 00000004H .rtc$IAA                DATA
 0002:000183e8 00000004H .rtc$IZZ                DATA
 0002:000183ec 00000004H .rtc$TAA                DATA
 0002:000183f0 00000004H .rtc$TZZ                DATA
 0002:000183f8 00002414H .xdata$x                DATA
 0002:0001a80c 0000008cH .idata$2                DATA
 0002:0001a898 00000014H .idata$3                DATA
 0002:0001a8ac 000002e4H .idata$4                DATA
 0002:0001ab90 00000cd2H .idata$6                DATA
 0002:0001b862 00000000H .edata                  DATA
 0003:00000000 00003bc0H .data                   DATA
 0003:00003bc0 0090aee0H .bss                    DATA

  Address         Publics by Value              Rva+Base       Lib:Object

 0000:00000000       __except_list              00000000     <absolute>
 0000:0000006d       ___safe_se_handler_count   0000006d     <absolute>
 0000:00000000       ___ImageBase               00400000     <linker-defined>
 0001:00000010       ?Ac3dOpen@@YAPAU_iobuf@@PADH@Z 00401010 f   ac3d.obj
 0001:00000080       ?Ac3dGroup@@YAHPAU_iobuf@@PBDH@Z 00401080 f   ac3d.obj
 0001:000000c0       ?Ac3dClose@@YAXPAU_iobuf@@@Z 004010c0 f   ac3d.obj
 0001:000000e0       ?GenerateTerrain@@YAXPAUtTrack@@PAXPADPAU_iobuf@@H@Z 004010e0 f   easymesh.obj
 0001:00000410       ?swap_side@@YAXH@Z         00401410 f   easymesh.obj
 0001:000008a0       ?area@@YANPAUnod@@00@Z     004018a0 f   easymesh.obj
 0001:00000900       ?dist@@YANPAUnod@@0@Z      00401900 f   easymesh.obj
 0001:00000940       ?in_elem@@YAHPAUnod@@@Z    00401940 f   easymesh.obj
 0001:00000a10       ?bowyer@@YAXHH@Z           00401a10 f   easymesh.obj
 0001:00000b40       ?circles@@YAXH@Z           00401b40 f   easymesh.obj
 0001:00000dc0       ?spacing@@YAXHH@Z          00401dc0 f   easymesh.obj
 0001:00000ee0       ?insert_node@@YAHNNNHHHHHH@Z 00401ee0 f   easymesh.obj
 0001:00001400       ?erase@@YAXXZ              00402400 f   easymesh.obj
 0001:00001630       ?diamond@@YAXXZ            00402630 f   easymesh.obj
 0001:000017a0       ?classify@@YAXXZ           004027a0 f   easymesh.obj
 0001:00001a00       ?new_node@@YAXXZ           00402a00 f   easymesh.obj
 0001:00001d30       ?neighbours@@YAXXZ         00402d30 f   easymesh.obj
 0001:00001d80       ?materials@@YAXXZ          00402d80 f   easymesh.obj
 0001:00001ed0       ?relax@@YAXXZ              00402ed0 f   easymesh.obj
 0001:00001fd0       ?smooth@@YAHXZ             00402fd0 f   easymesh.obj
 0001:00002130       ?renum@@YAXXZ              00403130 f   easymesh.obj
 0001:000024d0       ?load@@YAHXZ               004034d0 f   easymesh.obj
 0001:000051e0       ?LoadElevation@@YAXPAUtTrack@@PAXPAD@Z 004061e0 f   elevation.obj
 0001:00005360       ?GetElevation@@YAMMMM@Z    00406360 f   elevation.obj
 0001:000053e0       ?SaveElevation@@YAXPAUtTrack@@PAXPAD2H@Z 004063e0 f   elevation.obj
 0001:000059d0       ??0ssgLoaderOptions@@QAE@XZ 004069d0 f i elevation.obj
 0001:00005ad0       ??0ssgSimpleList@@QAE@HHPAD@Z 00406ad0 f i elevation.obj
 0001:00005b70       ??0ssgSimpleStateArray@@QAE@H@Z 00406b70 f i elevation.obj
 0001:00005bf0       ??1ssgLoaderOptions@@UAE@XZ 00406bf0 f i elevation.obj
 0001:00005cb0       ??1ssgSimpleList@@UAE@XZ   00406cb0 f i elevation.obj
 0001:00005cb0       ??1ssgSimpleStateArray@@UAE@XZ 00406cb0 f i elevation.obj
 0001:00005ce0       ??_EmyLoaderOptions@@UAEPAXI@Z 00406ce0 f i objects.obj
 0001:00005ce0       ??_GssgLoaderOptions@@UAEPAXI@Z 00406ce0 f i elevation.obj
 0001:00005ce0       ??_GmyLoaderOptions@@UAEPAXI@Z 00406ce0 f i objects.obj
 0001:00005ce0       ??_GssgLoaderOptionsEx@@UAEPAXI@Z 00406ce0 f i elevation.obj
 0001:00005ce0       ??_EssgLoaderOptions@@UAEPAXI@Z 00406ce0 f i elevation.obj
 0001:00005ce0       ??_EssgLoaderOptionsEx@@UAEPAXI@Z 00406ce0 f i elevation.obj
 0001:00005d10       ??_GssgSimpleStateArray@@UAEPAXI@Z 00406d10 f i elevation.obj
 0001:00005d10       ??_GssgSimpleList@@UAEPAXI@Z 00406d10 f i elevation.obj
 0001:00005d10       ??_EssgTextureArray@@UAEPAXI@Z 00406d10 f i elevation.obj
 0001:00005d10       ??_EssgSimpleList@@UAEPAXI@Z 00406d10 f i elevation.obj
 0001:00005d10       ??_GssgTextureArray@@UAEPAXI@Z 00406d10 f i elevation.obj
 0001:00005d10       ??_EssgSimpleStateArray@@UAEPAXI@Z 00406d10 f i elevation.obj
 0001:00005d60       ?createBranch@ssgLoaderOptions@@UBEPAVssgBranch@@PAD@Z 00406d60 f i elevation.obj
 0001:00005d80       ?createSimpleState@ssgLoaderOptions@@UBEPAVssgSimpleState@@PAD@Z 00406d80 f i elevation.obj
 0001:00005db0       ?createState@ssgLoaderOptions@@UBEPAVssgState@@PAD@Z 00406db0 f i elevation.obj
 0001:00005dd0       ?endLoad@ssgLoaderOptions@@UAEXXZ 00406dd0 f i elevation.obj
 0001:00005df0       ?makeModelPath@myLoaderOptions@@UBEXPADPBD@Z 00406df0 f i objects.obj
 0001:00005df0       ?makeModelPath@ssgLoaderOptionsEx@@UBEXPADPBD@Z 00406df0 f i elevation.obj
 0001:00006310       ?usage@@YAXXZ              00407310 f   maintrackgen.obj
 0001:000064a0       ?init_args@@YAXHPAPAD@Z    004074a0 f   maintrackgen.obj
 0001:00006790       _main                      00407790 f   maintrackgen.obj
 0001:000067e0       ?GenerateObjects@@YAXPAUtTrack@@PAX1PAU_iobuf@@PAD@Z 004077e0 f   objects.obj
 0001:00006bb0       ?GetObjectsNb@@YAHPAX@Z    00407bb0 f   objects.obj
 0001:00007900       ??1myLoaderOptions@@UAE@XZ 00408900 f i objects.obj
 0001:00007900       ??1ssgLoaderOptionsEx@@UAE@XZ 00408900 f i elevation.obj
 0001:00007910       ?getKid@ssgBranch@@QAEPAVssgEntity@@H@Z 00408910 f i objects.obj
 0001:00007940       ?makeTexturePath@myLoaderOptions@@UBEXPADPBD@Z 00408940 f i objects.obj
 0001:00007940       ?makeTexturePath@ssgLoaderOptionsEx@@UBEXPADPBD@Z 00408940 f i elevation.obj
 0001:00007960       ?sgMakeRotMat4@@YAXQAY03MMMM@Z 00408960 f i objects.obj
 0001:00008530       ?generateRaceLine@@YAXPAUtTrack@@NN@Z 00409530 f   raceline.obj
 0001:000085b0       ?getTexureOffset@@YANN@Z   004095b0 f   raceline.obj
 0001:00008660       ?LoadRelief@@YAXPAXPAD@Z   00409660 f   relief.obj
 0001:00008730       ?CountRelief@@YAXHPAH0@Z   00409730 f   relief.obj
 0001:00008800       ?GenRelief@@YAXH@Z         00409800 f   relief.obj
 0001:00008b40       ?GenerateTrack@@YAXPAUtTrack@@PAXPADPAU_iobuf@@HH@Z 00409b40 f   track.obj
 0001:00008be0       ?CalculateTrack@@YAXPAUtTrack@@PAX@Z 00409be0 f   track.obj
 0001:00008e50       ?newTextureId@@YAIXZ       00409e50 f   track.obj
 0001:00008e60       ?setTexture@@YAXPAPAUtexElt@@0AAIPBD22@Z 00409e60 f   track.obj
 0001:00008fd0       ?newDispList@@YAXHHHAAHPBDHPAPAUdispElt@@PAUtexElt@@@Z 00409fd0 f   track.obj
 0001:000090d0       ?checkDispList@@YAXPAUtTrack@@PAXPBD2HMHHPAPAUtexElt@@3PAPAUdispElt@@AAI5AAH66AAM7@Z 0040a0d0 f   track.obj
 0001:00009350       ?checkDispList2@@YAXPBD0HHHPAPAUtexElt@@1PAPAUdispElt@@AAI3AAH@Z 0040a350 f   track.obj
 0001:000093d0       ?checkDispList3@@YAXPBD0HHHPAPAUtexElt@@1PAPAUdispElt@@AAI3AAH@Z 0040a3d0 f   track.obj
 0001:00009430       ?setPoint@@YAXPAUtexElt@@MMMMMAAI@Z 0040a430 f   track.obj
 0001:000094b0       ?pitCapCCW@@YAXPAUtexElt@@AAIMMMABUt3Dd@@@Z 0040a4b0 f   track.obj
 0001:000096c0       ?pitCapCW@@YAXPAUtexElt@@AAIMMMABUt3Dd@@@Z 0040a6c0 f   track.obj
 0001:000098d0       ?InitScene@@YAHPAUtTrack@@PAXHH@Z 0040a8d0 f   track.obj
 0001:00014ab0       ?GetFilename@@YAHPBD0PADH@Z 00415ab0 f   util.obj
 0001:00014be0       ?getHOT@@YAMPAVssgRoot@@MM@Z 00415be0 f   util.obj
 0001:00014d50       ?sgMakeIdentMat4@@YAXQAY03M@Z 00415d50 f i util.obj
 0001:00015b40       ?WindowsSpecInit@@YAXXZ    00416b40 f   windowsspec.obj
 0001:00015bf0       ??_Eerror_category@std@@UAEPAXI@Z 00416bf0 f i windowsspec.obj
 0001:00015bf0       ??_E_System_error_category@std@@UAEPAXI@Z 00416bf0 f i windowsspec.obj
 0001:00015bf0       ??_Gerror_category@std@@UAEPAXI@Z 00416bf0 f i windowsspec.obj
 0001:00015bf0       ??_E_Generic_error_category@std@@UAEPAXI@Z 00416bf0 f i windowsspec.obj
 0001:00015bf0       ??_E_Iostream_error_category@std@@UAEPAXI@Z 00416bf0 f i windowsspec.obj
 0001:00015bf0       ??_G_Iostream_error_category@std@@UAEPAXI@Z 00416bf0 f i windowsspec.obj
 0001:00015bf0       ??_G_System_error_category@std@@UAEPAXI@Z 00416bf0 f i windowsspec.obj
 0001:00015bf0       ??_G_Generic_error_category@std@@UAEPAXI@Z 00416bf0 f i windowsspec.obj
 0001:00015c20       ?_Copy@?$basic_string@DU?$char_traits@D@std@@V?$allocator@D@2@@std@@QAEXII@Z 00416c20 f i windowsspec.obj
 0001:00015d70       ?allocate@?$_Wrap_alloc@V?$allocator@D@std@@@std@@QAEPADI@Z 00416d70 f i windowsspec.obj
 0001:00015da0       ?assign@?$basic_string@DU?$char_traits@D@std@@V?$allocator@D@2@@std@@QAEAAV12@ABV12@II@Z 00416da0 f i windowsspec.obj
 0001:00015ed0       ?assign@?$basic_string@DU?$char_traits@D@std@@V?$allocator@D@2@@std@@QAEAAV12@PBDI@Z 00416ed0 f i windowsspec.obj
 0001:00015fd0       ?default_error_condition@_System_error_category@std@@UBE?AVerror_condition@2@H@Z 00416fd0 f i windowsspec.obj
 0001:00016010       ?default_error_condition@error_category@std@@UBE?AVerror_condition@2@H@Z 00417010 f i windowsspec.obj
 0001:00016030       ?equivalent@error_category@std@@UBE_NABVerror_code@2@H@Z 00417030 f i windowsspec.obj
 0001:00016050       ?equivalent@error_category@std@@UBE_NHABVerror_condition@2@@Z 00417050 f i windowsspec.obj
 0001:00016090       ?erase@?$basic_string@DU?$char_traits@D@std@@V?$allocator@D@2@@std@@QAEAAV12@II@Z 00417090 f i windowsspec.obj
 0001:00016130       ?message@_Generic_error_category@std@@UBE?AV?$basic_string@DU?$char_traits@D@std@@V?$allocator@D@2@@2@H@Z 00417130 f i windowsspec.obj
 0001:000161a0       ?message@_Iostream_error_category@std@@UBE?AV?$basic_string@DU?$char_traits@D@std@@V?$allocator@D@2@@2@H@Z 004171a0 f i windowsspec.obj
 0001:000161f0       ?message@_System_error_category@std@@UBE?AV?$basic_string@DU?$char_traits@D@std@@V?$allocator@D@2@@2@H@Z 004171f0 f i windowsspec.obj
 0001:00016260       ?name@_Generic_error_category@std@@UBEPBDXZ 00417260 f i windowsspec.obj
 0001:00016270       ?name@_Iostream_error_category@std@@UBEPBDXZ 00417270 f i windowsspec.obj
 0001:00016280       ?name@_System_error_category@std@@UBEPBDXZ 00417280 f i windowsspec.obj
 0001:00016286       ?GfImgReadPng@@YAPAEPBDPAH1M@Z 00417286 f   client:client.dll
 0001:0001628c       ?GfImgWritePng@@YAHPAEPBDHH@Z 0041728c f   client:client.dll
 0001:00016292       _ssggraph                  00417292 f   client:client.dll
 0001:00016298       ?RtTrackGetWidth@@YAMPAUtrackSeg@@M@Z 00417298 f   robottools:robottools.dll
 0001:0001629e       ?RtTrackLocal2Global@@YAXPAUtTrkLocPos@@PAM1H@Z 0041729e f   robottools:robottools.dll
 0001:000162a4       ?RtTrackHeightL@@YAMPAUtTrkLocPos@@@Z 004172a4 f   robottools:robottools.dll
 0001:000162aa       ?RtTrackHeightG@@YAMPAUtrackSeg@@MM@Z 004172aa f   robottools:robottools.dll
 0001:000162b0       ?RtTrackSideNormalG@@YAXPAUtrackSeg@@MMHPAUt3Dd@@@Z 004172b0 f   robottools:robottools.dll
 0001:000162c0       ?sgAbs@@YAMM@Z             004172c0 f i sg_vs2008_32:sg.obj
 0001:000162e0       ?sgSubVec3@@YAXQAMQBM1@Z   004172e0 f i sg_vs2008_32:sg.obj
 0001:00016310       ?sgScalarProductVec3@@YAMQBM0@Z 00417310 f i sg_vs2008_32:sg.obj
 0001:00016340       ?sgDistanceVec3@@YAMQBM0@Z 00417340 f i sg_vs2008_32:sg.obj
 0001:000163b0       ?sgLengthVec3@@YAMQBM@Z    004173b0 f i sg_vs2008_32:sg.obj
 0001:000163f0       ?sgNormaliseVec3@@YAXQAM@Z 004173f0 f i sg_vs2008_32:sg.obj
 0001:00016450       ?sgNormaliseVec3@@YAXQAMQBM@Z 00417450 f i sg_vs2008_32:sg.obj
 0001:000164b0       ?sgCopyMat4@@YAXQAY03MQAY03$$CBM@Z 004174b0 f i sg_vs2008_32:sg.obj
 0001:00016520       ?sgVectorProductVec3@@YAXQAMQBM1@Z 00417520 f   sg_vs2008_32:sg.obj
 0001:00016560       ?sgMakeRotMat4@@YAXQAY03MMQBM@Z 00417560 f   sg_vs2008_32:sg.obj
 0001:00016670       ?extend@sgBox@@QAEXQBM@Z   00417670 f   sg_vs2008_32:sg.obj
 0001:00016750       ?extend@sgSphere@@QAEXQBM@Z 00417750 f   sg_vs2008_32:sg.obj
 0001:00016800       ?extend@sgSphere@@QAEXPBVsgBox@@@Z 00417800 f   sg_vs2008_32:sg.obj
 0001:00016980       ?extend@sgSphere@@QAEXPBV1@@Z 00417980 f   sg_vs2008_32:sg.obj
 0001:00016a60       ?update@sgFrustum@@AAEXXZ  00417a60 f   sg_vs2008_32:sg.obj
 0001:00016e80       ?contains@sgFrustum@@QBEHPBVsgSphere@@@Z 00417e80 f   sg_vs2008_32:sg.obj
 0001:00017020       ?sgMakeCoordMat4@@YAXQAY03MMMMMMM@Z 00418020 f   sg_vs2008_32:sg.obj
 0001:00017210       ?sgMakeTransMat4@@YAXQAY03MQBM@Z 00418210 f   sg_vs2008_32:sg.obj
 0001:00017260       ?sgMakeTransMat4@@YAXQAY03MMMM@Z 00418260 f   sg_vs2008_32:sg.obj
 0001:000172b0       ?sgMakeNormal@@YAXQAMQBM11@Z 004182b0 f   sg_vs2008_32:sg.obj
 0001:00017320       ?sgMultMat4@@YAXQAY03MQAY03$$CBM1@Z 00418320 f   sg_vs2008_32:sg.obj
 0001:000173d0       ?sgXformVec3@@YAXQAMQBMQAY03$$CBM@Z 004183d0 f   sg_vs2008_32:sg.obj
 0001:00017450       ?sgXformPnt3@@YAXQAMQBMQAY03$$CBM@Z 00418450 f   sg_vs2008_32:sg.obj
 0001:000174e0       ?sgClassifyMat4@@YAHQAY03$$CBM@Z 004184e0 f   sg_vs2008_32:sg.obj
 0001:00017810       ?sgPreMultMat4@@YAXQAY03MQAY03$$CBM@Z 00418810 f   sg_vs2008_32:sg.obj
 0001:00017840       ?sgPostMultMat4@@YAXQAY03MQAY03$$CBM@Z 00418840 f   sg_vs2008_32:sg.obj
 0001:00017870       ??2ssgBase@@SAPAXI@Z       00418870 f   ssg_vs2008_32:ssgBase.obj
 0001:00017880       ??3ssgBase@@SAXPAX@Z       00418880 f   ssg_vs2008_32:ssgBase.obj
 0001:00017890       ?clone@ssgBase@@UAEPAV1@H@Z 00418890 f   ssg_vs2008_32:ssgBase.obj
 0001:000178b0       ??0ssgBase@@QAE@XZ         004188b0 f   ssg_vs2008_32:ssgBase.obj
 0001:000178e0       ??1ssgBase@@UAE@XZ         004188e0 f   ssg_vs2008_32:ssgBase.obj
 0001:00017910       ?setName@ssgBase@@QAEXPBD@Z 00418910 f   ssg_vs2008_32:ssgBase.obj
 0001:00017940       ?zeroSpareRecursive@ssgBase@@UAEXXZ 00418940 f   ssg_vs2008_32:ssgBase.obj
 0001:00017950       ?zeroSpare@ssgBase@@UAEXXZ 00418950 f   ssg_vs2008_32:ssgBase.obj
 0001:00017960       ?incSpare@ssgBase@@UAEXXZ  00418960 f   ssg_vs2008_32:ssgBase.obj
 0001:00017970       ?setSpare@ssgBase@@UAEXH@Z 00418970 f   ssg_vs2008_32:ssgBase.obj
 0001:00017980       ?getSpare@ssgBase@@UAEHXZ  00418980 f   ssg_vs2008_32:ssgBase.obj
 0001:00017990       ?print@ssgBase@@UAEXPAU_iobuf@@PADH@Z 00418990 f   ssg_vs2008_32:ssgBase.obj
 0001:00017a30       ?load@ssgBase@@UAEHPAU_iobuf@@@Z 00418a30 f   ssg_vs2008_32:ssgBase.obj
 0001:00017a60       ?save@ssgBase@@UAEHPAU_iobuf@@@Z 00418a60 f   ssg_vs2008_32:ssgBase.obj
 0001:00017a80       ?copy_from@ssgBase@@MAEXPAV1@H@Z 00418a80 f   ssg_vs2008_32:ssgBase.obj
 0001:00017af0       ??_GssgBase@@UAEPAXI@Z     00418af0 f i ssg_vs2008_32:ssgBase.obj
 0001:00017af0       ??_EssgBase@@UAEPAXI@Z     00418af0 f i ssg_vs2008_32:ssgBase.obj
 0001:00017b10       ??0ssgVertexArray@@QAE@HPAY02M@Z 00418b10 f i ssg_vs2008_32:ssgSimpleList.obj
 0001:00017b40       ?get@dxfVertArray@@QAEPAVdxfVert@@I@Z 00418b40 f i ssg_vs2008_32:ssgLoadDXF.obj
 0001:00017b40       ?get@ssgIndexArray@@QAEPAFI@Z 00418b40 f i ssg_vs2008_32:ssgSimpleList.obj
 0001:00017b40       ?get@ssgVertexArray@@QAEPAMI@Z 00418b40 f i ssg_vs2008_32:ssgSimpleList.obj
 0001:00017b40       ?get@ssgTexCoordArray@@QAEPAMI@Z 00418b40 f i ssg_vs2008_32:ssgSimpleList.obj
 0001:00017b60       ??0ssgNormalArray@@QAE@HPAY02M@Z 00418b60 f i ssg_vs2008_32:ssgSimpleList.obj
 0001:00017b90       ??0ssgTexCoordArray@@QAE@HPAY01M@Z 00418b90 f i ssg_vs2008_32:ssgSimpleList.obj
 0001:00017bc0       ??0ssgColourArray@@QAE@HPAY03M@Z 00418bc0 f i ssg_vs2008_32:ssgSimpleList.obj
 0001:00017bf0       ??1ssgTransformArray@@UAE@XZ 00418bf0 f i ssg_vs2008_32:ssg.obj
 0001:00017bf0       ??1ssgIndexArray@@UAE@XZ   00418bf0 f i ssg_vs2008_32:ssgSimpleList.obj
 0001:00017c00       ?copy_from@ssgSimpleList@@MAEXPAV1@H@Z 00418c00 f   ssg_vs2008_32:ssgSimpleList.obj
 0001:00017c70       ?clone@ssgSimpleList@@UAEPAVssgBase@@H@Z 00418c70 f   ssg_vs2008_32:ssgSimpleList.obj
 0001:00017d00       ?clone@ssgNormalArray@@UAEPAVssgBase@@H@Z 00418d00 f   ssg_vs2008_32:ssgSimpleList.obj
 0001:00017dc0       ?clone@ssgVertexArray@@UAEPAVssgBase@@H@Z 00418dc0 f   ssg_vs2008_32:ssgSimpleList.obj
 0001:00017e80       ?clone@ssgTexCoordArray@@UAEPAVssgBase@@H@Z 00418e80 f   ssg_vs2008_32:ssgSimpleList.obj
 0001:00017f40       ?clone@ssgColourArray@@UAEPAVssgBase@@H@Z 00418f40 f   ssg_vs2008_32:ssgSimpleList.obj
 0001:00018000       ?clone@ssgIndexArray@@UAEPAVssgBase@@H@Z 00419000 f   ssg_vs2008_32:ssgSimpleList.obj
 0001:000180c0       ?print@ssgSimpleList@@UAEXPAU_iobuf@@PADH@Z 004190c0 f   ssg_vs2008_32:ssgSimpleList.obj
 0001:00018110       ?load@ssgSimpleList@@UAEHPAU_iobuf@@@Z 00419110 f   ssg_vs2008_32:ssgSimpleList.obj
 0001:00018170       ?save@ssgSimpleList@@UAEHPAU_iobuf@@@Z 00419170 f   ssg_vs2008_32:ssgSimpleList.obj
 0001:000181b0       ??_EssgTransformArray@@UAEPAXI@Z 004191b0 f i ssg_vs2008_32:ssg.obj
 0001:000181b0       ??_EssgListOfNodes@@UAEPAXI@Z 004191b0 f i ssg_vs2008_32:ssgLoadIV.obj
 0001:000181b0       ??_GssgColourArray@@UAEPAXI@Z 004191b0 f i ssg_vs2008_32:ssgSimpleList.obj
 0001:000181b0       ??_GssgSimpleStateList@@UAEPAXI@Z 004191b0 f i ssg_vs2008_32:ssgLoadX.obj
 0001:000181b0       ??_EdxfVertArray@@UAEPAXI@Z 004191b0 f i ssg_vs2008_32:ssgLoadDXF.obj
 0001:000181b0       ??_EssgVertexArray@@UAEPAXI@Z 004191b0 f i ssg_vs2008_32:ssgSimpleList.obj
 0001:000181b0       ??_GssgIndexArray@@UAEPAXI@Z 004191b0 f i ssg_vs2008_32:ssgSimpleList.obj
 0001:000181b0       ??_GdxfVertArray@@UAEPAXI@Z 004191b0 f i ssg_vs2008_32:ssgLoadDXF.obj
 0001:000181b0       ??_GssgInterleavedArray@@UAEPAXI@Z 004191b0 f i ssg_vs2008_32:ssg.obj
 0001:000181b0       ??_GssgNormalArray@@UAEPAXI@Z 004191b0 f i ssg_vs2008_32:ssgSimpleList.obj
 0001:000181b0       ??_EssgTexCoordArray@@UAEPAXI@Z 004191b0 f i ssg_vs2008_32:ssgSimpleList.obj
 0001:000181b0       ??_EssgColourArray@@UAEPAXI@Z 004191b0 f i ssg_vs2008_32:ssgSimpleList.obj
 0001:000181b0       ??_EssgInterleavedArray@@UAEPAXI@Z 004191b0 f i ssg_vs2008_32:ssg.obj
 0001:000181b0       ??_GssgTransformArray@@UAEPAXI@Z 004191b0 f i ssg_vs2008_32:ssg.obj
 0001:000181b0       ??_EssgIndexArray@@UAEPAXI@Z 004191b0 f i ssg_vs2008_32:ssgSimpleList.obj
 0001:000181b0       ??_GssgListOfLists@@UAEPAXI@Z 004191b0 f i ssg_vs2008_32:ssgLoaderWriterStuff.obj
 0001:000181b0       ??_EssgListOfLists@@UAEPAXI@Z 004191b0 f i ssg_vs2008_32:ssgLoaderWriterStuff.obj
 0001:000181b0       ??_GssgTexCoordArray@@UAEPAXI@Z 004191b0 f i ssg_vs2008_32:ssgSimpleList.obj
 0001:000181b0       ??_GssgListOfNodes@@UAEPAXI@Z 004191b0 f i ssg_vs2008_32:ssgLoadIV.obj
 0001:000181b0       ??_EssgNormalArray@@UAEPAXI@Z 004191b0 f i ssg_vs2008_32:ssgSimpleList.obj
 0001:000181b0       ??_GssgVertexArray@@UAEPAXI@Z 004191b0 f i ssg_vs2008_32:ssgSimpleList.obj
 0001:000181b0       ??_EssgSimpleStateList@@UAEPAXI@Z 004191b0 f i ssg_vs2008_32:ssgLoadX.obj
 0001:000181d0       ?print@ssgVertexArray@@UAEXPAU_iobuf@@PADH@Z 004191d0 f   ssg_vs2008_32:ssgSimpleList.obj
 0001:00018270       ?print@ssgNormalArray@@UAEXPAU_iobuf@@PADH@Z 00419270 f   ssg_vs2008_32:ssgSimpleList.obj
 0001:00018310       ?print@ssgIndexArray@@UAEXPAU_iobuf@@PADH@Z 00419310 f   ssg_vs2008_32:ssgSimpleList.obj
 0001:00018370       ?print@ssgTexCoordArray@@UAEXPAU_iobuf@@PADH@Z 00419370 f   ssg_vs2008_32:ssgSimpleList.obj
 0001:000183f0       ?print@ssgColourArray@@UAEXPAU_iobuf@@PADH@Z 004193f0 f   ssg_vs2008_32:ssgSimpleList.obj
 0001:000184c0       ?ssgGetFrameCounter@@YAHXZ 004194c0 f   ssg_vs2008_32:ssg.obj
 0001:000184d0       ?ssgDeRefDelete@@YAXPAVssgBase@@@Z 004194d0 f   ssg_vs2008_32:ssg.obj
 0001:000184f0       ?ssgInit@@YAXXZ            004194f0 f   ssg_vs2008_32:ssg.obj
 0001:000189c0       ?getTypeName@ssgAxisTransform@@UAEPBDXZ 004199c0 f   ssg_vs2008_32:ssg.obj
 0001:000189d0       ?getTypeName@ssgBase@@UAEPBDXZ 004199d0 f   ssg_vs2008_32:ssg.obj
 0001:000189e0       ?getTypeName@ssgTexture@@UAEPBDXZ 004199e0 f   ssg_vs2008_32:ssg.obj
 0001:000189f0       ?getTypeName@ssgState@@UAEPBDXZ 004199f0 f   ssg_vs2008_32:ssg.obj
 0001:00018a00       ?getTypeName@ssgSimpleState@@UAEPBDXZ 00419a00 f   ssg_vs2008_32:ssg.obj
 0001:00018a10       ?getTypeName@ssgStateSelector@@UAEPBDXZ 00419a10 f   ssg_vs2008_32:ssg.obj
 0001:00018a20       ?getTypeName@ssgEntity@@UAEPBDXZ 00419a20 f   ssg_vs2008_32:ssg.obj
 0001:00018a30       ?getTypeName@ssgLeaf@@UAEPBDXZ 00419a30 f   ssg_vs2008_32:ssg.obj
 0001:00018a40       ?getTypeName@ssgVTable@@UAEPBDXZ 00419a40 f   ssg_vs2008_32:ssg.obj
 0001:00018a50       ?getTypeName@ssgVtxTable@@UAEPBDXZ 00419a50 f   ssg_vs2008_32:ssg.obj
 0001:00018a60       ?getTypeName@ssgVtxArray@@UAEPBDXZ 00419a60 f   ssg_vs2008_32:ssg.obj
 0001:00018a70       ?getTypeName@ssgBranch@@UAEPBDXZ 00419a70 f   ssg_vs2008_32:ssg.obj
 0001:00018a80       ?getTypeName@ssgSelector@@UAEPBDXZ 00419a80 f   ssg_vs2008_32:ssg.obj
 0001:00018a90       ?getTypeName@ssgRangeSelector@@UAEPBDXZ 00419a90 f   ssg_vs2008_32:ssg.obj
 0001:00018aa0       ?getTypeName@ssgTimedSelector@@UAEPBDXZ 00419aa0 f   ssg_vs2008_32:ssg.obj
 0001:00018ab0       ?getTypeName@ssgBaseTransform@@UAEPBDXZ 00419ab0 f   ssg_vs2008_32:ssg.obj
 0001:00018ac0       ?getTypeName@ssgTransform@@UAEPBDXZ 00419ac0 f   ssg_vs2008_32:ssg.obj
 0001:00018ad0       ?getTypeName@ssgTexTrans@@UAEPBDXZ 00419ad0 f   ssg_vs2008_32:ssg.obj
 0001:00018ae0       ?getTypeName@ssgCutout@@UAEPBDXZ 00419ae0 f   ssg_vs2008_32:ssg.obj
 0001:00018af0       ?getTypeName@ssgRoot@@UAEPBDXZ 00419af0 f   ssg_vs2008_32:ssg.obj
 0001:00018b00       ?getTypeName@ssgSimpleList@@UAEPBDXZ 00419b00 f   ssg_vs2008_32:ssg.obj
 0001:00018b10       ?getTypeName@ssgColourArray@@UAEPBDXZ 00419b10 f   ssg_vs2008_32:ssg.obj
 0001:00018b20       ?getTypeName@ssgIndexArray@@UAEPBDXZ 00419b20 f   ssg_vs2008_32:ssg.obj
 0001:00018b30       ?getTypeName@ssgTransformArray@@UAEPBDXZ 00419b30 f   ssg_vs2008_32:ssg.obj
 0001:00018b40       ?getTypeName@ssgTexCoordArray@@UAEPBDXZ 00419b40 f   ssg_vs2008_32:ssg.obj
 0001:00018b50       ?getTypeName@ssgVertexArray@@UAEPBDXZ 00419b50 f   ssg_vs2008_32:ssg.obj
 0001:00018b60       ?getTypeName@ssgNormalArray@@UAEPBDXZ 00419b60 f   ssg_vs2008_32:ssg.obj
 0001:00018b70       ?getTypeName@ssgInterleavedArray@@UAEPBDXZ 00419b70 f   ssg_vs2008_32:ssg.obj
 0001:00019850       ?ssgCreateOfType@@YAPAVssgBase@@H@Z 0041a850 f   ssg_vs2008_32:ssg.obj
 0001:00019960       ?ssgIsExtensionSupported@@YA_NPAD@Z 0041a960 f   ssg_vs2008_32:ssg.obj
 0001:00019980       ?sizeChk@ssgSimpleList@@IAEXI@Z 0041a980 f i ssg_vs2008_32:ssgTexture.obj
 0001:00019a00       ?removeAll@ssgSimpleList@@QAEXXZ 0041aa00 f i ssg_vs2008_32:ssgTexture.obj
 0001:00019a30       ?setDefaultGlParams@ssgTexture@@IAEXHHH@Z 0041aa30 f   ssg_vs2008_32:ssgTexture.obj
 0001:00019ad0       ??0ssgTexture@@QAE@XZ      0041aad0 f   ssg_vs2008_32:ssgTexture.obj
 0001:00019b10       ?free_handle@ssgTexture@@IAEXXZ 0041ab10 f   ssg_vs2008_32:ssgTexture.obj
 0001:00019b40       ?setHandle@ssgTexture@@QAEXI@Z 0041ab40 f   ssg_vs2008_32:ssgTexture.obj
 0001:00019b60       ?print@ssgTexture@@UAEXPAU_iobuf@@PADH@Z 0041ab60 f   ssg_vs2008_32:ssgTexture.obj
 0001:00019b90       ?save@ssgTexture@@UAEHPAU_iobuf@@@Z 0041ab90 f   ssg_vs2008_32:ssgTexture.obj
 0001:00019bd0       ?add@ssgTextureArray@@QAEXPAVssgTexture@@@Z 0041abd0 f   ssg_vs2008_32:ssgTexture.obj
 0001:00019bd0       ?add@ssgSimpleStateArray@@QAEXPAVssgSimpleState@@@Z 0041abd0 f   ssg_vs2008_32:ssgSimpleState.obj
 0001:00019c10       ?removeAll@ssgTextureArray@@QAEXXZ 0041ac10 f   ssg_vs2008_32:ssgTexture.obj
 0001:00019c10       ?removeAll@ssgSimpleStateArray@@QAEXXZ 0041ac10 f   ssg_vs2008_32:ssgSimpleState.obj
 0001:00019c70       ?findByFilename@ssgTextureArray@@QAEPAVssgTexture@@PBD@Z 0041ac70 f   ssg_vs2008_32:ssgTexture.obj
 0001:00019cd0       ?clone@ssgTexture@@UAEPAVssgBase@@H@Z 0041acd0 f   ssg_vs2008_32:ssgTexture.obj
 0001:00019d40       ??1ssgTexture@@UAE@XZ      0041ad40 f   ssg_vs2008_32:ssgTexture.obj
 0001:00019db0       ?alloc_handle@ssgTexture@@IAEXXZ 0041adb0 f   ssg_vs2008_32:ssgTexture.obj
 0001:00019de0       ?load@ssgTexture@@UAEHPAU_iobuf@@@Z 0041ade0 f   ssg_vs2008_32:ssgTexture.obj
 0001:00019e70       ?copy_from@ssgTexture@@MAEXPAV1@H@Z 0041ae70 f   ssg_vs2008_32:ssgTexture.obj
 0001:00019f00       ??_EssgTexture@@UAEPAXI@Z  0041af00 f i ssg_vs2008_32:ssgTexture.obj
 0001:00019f00       ??_GssgTexture@@UAEPAXI@Z  0041af00 f i ssg_vs2008_32:ssgTexture.obj
 0001:00019f20       ??0ssgTexture@@QAE@PBDHHH@Z 0041af20 f   ssg_vs2008_32:ssgTexture.obj
 0001:00019ff0       ?sgEqualVec3@@YAHQBM0@Z    0041aff0 f i ssg_vs2008_32:ssgSimpleState.obj
 0001:0001a030       ?sgEqualVec4@@YAHQBM0@Z    0041b030 f i ssg_vs2008_32:ssgSimpleState.obj
 0001:0001a080       ?setShadeModel@ssgSimpleState@@UAEXI@Z 0041b080 f i ssg_vs2008_32:ssgSimpleState.obj
 0001:0001a0a0       ?copy_from@ssgSimpleState@@UAEXPAV1@H@Z 0041b0a0 f   ssg_vs2008_32:ssgSimpleState.obj
 0001:0001a1a0       ?_ssgForceLineState@@YAXXZ 0041b1a0 f   ssg_vs2008_32:ssgSimpleState.obj
 0001:0001a1e0       ??0ssgSimpleState@@QAE@XZ  0041b1e0 f   ssg_vs2008_32:ssgSimpleState.obj
 0001:0001a210       ?isTranslucent@ssgState@@UAEHXZ 0041b210 f i ssg_vs2008_32:ssgSimpleState.obj
 0001:0001a220       ?setTranslucent@ssgState@@UAEXXZ 0041b220 f i ssg_vs2008_32:ssgSimpleState.obj
 0001:0001a230       ?setOpaque@ssgState@@UAEXXZ 0041b230 f i ssg_vs2008_32:ssgSimpleState.obj
 0001:0001a240       ?care_about@ssgSimpleState@@UAEXH@Z 0041b240 f i ssg_vs2008_32:ssgSimpleState.obj
 0001:0001a260       ?dont_care_about@ssgSimpleState@@UAEXH@Z 0041b260 f i ssg_vs2008_32:ssgSimpleState.obj
 0001:0001a280       ?getCareAbout@ssgSimpleState@@UAEHH@Z 0041b280 f i ssg_vs2008_32:ssgSimpleState.obj
 0001:0001a2a0       ?set@ssgSimpleState@@UAEXIH@Z 0041b2a0 f i ssg_vs2008_32:ssgSimpleState.obj
 0001:0001a2d0       ?getTextureHandle@ssgSimpleState@@UAEIXZ 0041b2d0 f i ssg_vs2008_32:ssgSimpleState.obj
 0001:0001a2e0       ?getTextureFilename@ssgSimpleState@@UAEPADXZ 0041b2e0 f i ssg_vs2008_32:ssgSimpleState.obj
 0001:0001a2f0       ?getTexture@ssgSimpleState@@UAEPAVssgTexture@@XZ 0041b2f0 f i ssg_vs2008_32:ssgSimpleState.obj
 0001:0001a300       ?setTexture@ssgSimpleState@@UAEXPAVssgTexture@@@Z 0041b300 f i ssg_vs2008_32:ssgSimpleState.obj
 0001:0001a340       ?setTexture@ssgSimpleState@@UAEXPBDHHH@Z 0041b340 f i ssg_vs2008_32:ssgSimpleState.obj
 0001:0001a3c0       ?setTexture@ssgSimpleState@@UAEXI@Z 0041b3c0 f i ssg_vs2008_32:ssgSimpleState.obj
 0001:0001a450       ?setTextureFilename@ssgSimpleState@@UAEXPBD@Z 0041b450 f i ssg_vs2008_32:ssgSimpleState.obj
 0001:0001a4f0       ?getColourMaterial@ssgSimpleState@@UAEIXZ 0041b4f0 f i ssg_vs2008_32:ssgSimpleState.obj
 0001:0001a500       ?setColourMaterial@ssgSimpleState@@UAEXI@Z 0041b500 f i ssg_vs2008_32:ssgSimpleState.obj
 0001:0001a520       ?setMaterial@ssgSimpleState@@UAEXIMMMM@Z 0041b520 f i ssg_vs2008_32:ssgSimpleState.obj
 0001:0001a560       ?setMaterial@ssgSimpleState@@UAEXIQAM@Z 0041b560 f i ssg_vs2008_32:ssgSimpleState.obj
 0001:0001a670       ?getMaterial@ssgSimpleState@@UAEPAMI@Z 0041b670 f i ssg_vs2008_32:ssgSimpleState.obj
 0001:0001a6b0       ?getShininess@ssgSimpleState@@UAEMXZ 0041b6b0 f i ssg_vs2008_32:ssgSimpleState.obj
 0001:0001a6c0       ?setShininess@ssgSimpleState@@UAEXM@Z 0041b6c0 f i ssg_vs2008_32:ssgSimpleState.obj
 0001:0001a6e0       ?setAlphaClamp@ssgSimpleState@@UAEXM@Z 0041b6e0 f i ssg_vs2008_32:ssgSimpleState.obj
 0001:0001a700       ??1ssgSimpleState@@UAE@XZ  0041b700 f   ssg_vs2008_32:ssgSimpleState.obj
 0001:0001a760       ?apply@ssgSimpleState@@UAEXXZ 0041b760 f   ssg_vs2008_32:ssgSimpleState.obj
 0001:0001ab20       ?force@ssgSimpleState@@UAEXXZ 0041bb20 f   ssg_vs2008_32:ssgSimpleState.obj
 0001:0001adc0       ?isEnabled@ssgSimpleState@@UAEHI@Z 0041bdc0 f   ssg_vs2008_32:ssgSimpleState.obj
 0001:0001ae30       ?disable@ssgSimpleState@@UAEXI@Z 0041be30 f   ssg_vs2008_32:ssgSimpleState.obj
 0001:0001aef0       ?enable@ssgSimpleState@@UAEXI@Z 0041bef0 f   ssg_vs2008_32:ssgSimpleState.obj
 0001:0001afb0       ?load@ssgSimpleState@@UAEHPAU_iobuf@@@Z 0041bfb0 f   ssg_vs2008_32:ssgSimpleState.obj
 0001:0001b060       ?save@ssgSimpleState@@UAEHPAU_iobuf@@@Z 0041c060 f   ssg_vs2008_32:ssgSimpleState.obj
 0001:0001b190       ?print@ssgSimpleState@@UAEXPAU_iobuf@@PADH@Z 0041c190 f   ssg_vs2008_32:ssgSimpleState.obj
 0001:0001b390       ?findIndex@ssgSimpleStateArray@@QAEHPAVssgSimpleState@@@Z 0041c390 f   ssg_vs2008_32:ssgSimpleState.obj
 0001:0001b3d0       ?findMatch@ssgSimpleStateArray@@QAEPAVssgSimpleState@@PAV2@@Z 0041c3d0 f   ssg_vs2008_32:ssgSimpleState.obj
 0001:0001b660       ?clone@ssgSimpleState@@UAEPAVssgBase@@H@Z 0041c660 f   ssg_vs2008_32:ssgSimpleState.obj
 0001:0001b6d0       ??0ssgSimpleState@@QAE@H@Z 0041c6d0 f   ssg_vs2008_32:ssgSimpleState.obj
 0001:0001b780       ??_GssgSimpleState@@UAEPAXI@Z 0041c780 f i ssg_vs2008_32:ssgSimpleState.obj
 0001:0001b780       ??_EssgSimpleState@@UAEPAXI@Z 0041c780 f i ssg_vs2008_32:ssgSimpleState.obj
 0001:0001b7a0       ?collect_recursive@ssgSimpleStateArray@@AAEXPAVssgEntity@@@Z 0041c7a0 f   ssg_vs2008_32:ssgSimpleState.obj
 0001:0001b830       ?collect@ssgSimpleStateArray@@QAEXPAVssgEntity@@@Z 0041c830 f   ssg_vs2008_32:ssgSimpleState.obj
 0001:0001b850       ?make_path@ssgLoaderOptions@@IBEPADPADPBD1@Z 0041c850 f   ssg_vs2008_32:ssgLoad.obj
 0001:0001b920       ?makeModelPath@ssgLoaderOptions@@UBEXPADPBD@Z 0041c920 f   ssg_vs2008_32:ssgLoad.obj
 0001:0001b940       ?makeTexturePath@ssgLoaderOptions@@UBEXPADPBD@Z 0041c940 f   ssg_vs2008_32:ssgLoad.obj
 0001:0001b9b0       ?createLeaf@ssgLoaderOptions@@UAEPAVssgLeaf@@PAV2@PBD@Z 0041c9b0 f   ssg_vs2008_32:ssgLoad.obj
 0001:0001ba00       ?createTexture@ssgLoaderOptions@@UAEPAVssgTexture@@PADHHH@Z 0041ca00 f   ssg_vs2008_32:ssgLoad.obj
 0001:0001bad0       ?createTransform@ssgLoaderOptions@@UBEPAVssgTransform@@PAV2@PAVssgTransformArray@@@Z 0041cad0 f   ssg_vs2008_32:ssgLoad.obj
 0001:0001bb00       ?createSelector@ssgLoaderOptions@@UBEPAVssgSelector@@PAV2@@Z 0041cb00 f   ssg_vs2008_32:ssgLoad.obj
 0001:0001bb10       ?setModelDir@ssgLoaderOptions@@QAEXPBD@Z 0041cb10 f   ssg_vs2008_32:ssgLoad.obj
 0001:0001bb30       ?setTextureDir@ssgLoaderOptions@@QAEXPBD@Z 0041cb30 f   ssg_vs2008_32:ssgLoad.obj
 0001:0001bb80       ?ssgAddModelFormat@@YAXPBDP6APAVssgEntity@@0PBVssgLoaderOptions@@@ZP6AH0PAV1@@Z@Z 0041cb80 f   ssg_vs2008_32:ssgLoad.obj
 0001:0001bc20       ?ssgLoad@@YAPAVssgEntity@@PBDPBVssgLoaderOptions@@@Z 0041cc20 f   ssg_vs2008_32:ssgLoad.obj
 0001:0001bce0       ?add@ssgTexCoordArray@@QAEXQAM@Z 0041cce0 f i ssg_vs2008_32:ssgLoadAC.obj
 0001:0001bce0       ?add@ssgNormalArray@@QAEXQAM@Z 0041cce0 f i ssg_vs2008_32:ssgLoadAC.obj
 0001:0001bce0       ?add@ssgVertexArray@@QAEXQAM@Z 0041cce0 f i ssg_vs2008_32:ssgLoadAC.obj
 0001:0001bce0       ?add@ssgSimpleStateList@@QAEXPAPAVssgSimpleState@@@Z 0041cce0 f i ssg_vs2008_32:ssgLoadX.obj
 0001:0001bce0       ?add@dxfVertArray@@QAEXPBVdxfVert@@@Z 0041cce0 f i ssg_vs2008_32:ssgLoadDXF.obj
 0001:0001bd10       ?add@ssgIndexArray@@QAEXF@Z 0041cd10 f i ssg_vs2008_32:ssgLoadAC.obj
 0001:0001ddd0       ?ssgLoadAC@@YAPAVssgEntity@@PBDPBVssgLoaderOptions@@@Z 0041edd0 f   ssg_vs2008_32:ssgLoadAC.obj
 0001:0001e030       ?ssgLoadAC3D@@YAPAVssgEntity@@PBDPBVssgLoaderOptions@@@Z 0041f030 f   ssg_vs2008_32:ssgLoadAC.obj
 0001:0001e0c0       ?getIndex@ssgVtxArray@@QAEPAFH@Z 0041f0c0 f i ssg_vs2008_32:ssgBranch.obj
 0001:0001e100       ??0ssgBranch@@QAE@XZ       0041f100 f   ssg_vs2008_32:ssgBranch.obj
 0001:0001e160       ?getNumKids@ssgBranch@@UAEHXZ 0041f160 f i ssg_vs2008_32:ssgBranch.obj
 0001:0001e170       ?zeroSpareRecursive@ssgBranch@@UAEXXZ 0041f170 f   ssg_vs2008_32:ssgBranch.obj
 0001:0001e1c0       ?recalcBSphere@ssgBranch@@UAEXXZ 0041f1c0 f   ssg_vs2008_32:ssgBranch.obj
 0001:0001e240       ?addKid@ssgBranch@@QAEXPAVssgEntity@@@Z 0041f240 f   ssg_vs2008_32:ssgBranch.obj
 0001:0001e270       ?removeKid@ssgBranch@@QAEXH@Z 0041f270 f   ssg_vs2008_32:ssgBranch.obj
 0001:0001e2d0       ?removeKid@ssgBranch@@QAEXPAVssgEntity@@@Z 0041f2d0 f   ssg_vs2008_32:ssgBranch.obj
 0001:0001e2f0       ?removeAllKids@ssgBranch@@QAEXXZ 0041f2f0 f   ssg_vs2008_32:ssgBranch.obj
 0001:0001e320       ?replaceKid@ssgBranch@@QAEXHPAVssgEntity@@@Z 0041f320 f   ssg_vs2008_32:ssgBranch.obj
 0001:0001e3a0       ?replaceKid@ssgBranch@@QAEXPAVssgEntity@@0@Z 0041f3a0 f   ssg_vs2008_32:ssgBranch.obj
 0001:0001e3d0       ?print@ssgBranch@@UAEXPAU_iobuf@@PADH@Z 0041f3d0 f   ssg_vs2008_32:ssgBranch.obj
 0001:0001e4d0       ?getStats@ssgBranch@@UAEXPAH000@Z 0041f4d0 f   ssg_vs2008_32:ssgBranch.obj
 0001:0001e590       ?getByName@ssgBranch@@UAEPAVssgEntity@@PAD@Z 0041f590 f   ssg_vs2008_32:ssgBranch.obj
 0001:0001e620       ?getByPath@ssgBranch@@UAEPAVssgEntity@@PAD@Z 0041f620 f   ssg_vs2008_32:ssgBranch.obj
 0001:0001e710       ?cull@ssgBranch@@UAEXPAVsgFrustum@@QAY03MH@Z 0041f710 f   ssg_vs2008_32:ssgBranch.obj
 0001:0001e7a0       ?hot@ssgBranch@@UAEXQAMQAY03MH@Z 0041f7a0 f   ssg_vs2008_32:ssgBranch.obj
 0001:0001e840       ?los@ssgBranch@@UAEXQAMQAY03MH@Z 0041f840 f   ssg_vs2008_32:ssgBranch.obj
 0001:0001e8e0       ?isect@ssgBranch@@UAEXPAVsgSphere@@QAY03MH@Z 0041f8e0 f   ssg_vs2008_32:ssgBranch.obj
 0001:0001e980       ?load@ssgBranch@@UAEHPAU_iobuf@@@Z 0041f980 f   ssg_vs2008_32:ssgBranch.obj
 0001:0001e9f0       ?save@ssgBranch@@UAEHPAU_iobuf@@@Z 0041f9f0 f   ssg_vs2008_32:ssgBranch.obj
 0001:0001ea80       ?copy_from@ssgBranch@@MAEXPAV1@H@Z 0041fa80 f   ssg_vs2008_32:ssgBranch.obj
 0001:0001eaf0       ?clone@ssgBranch@@UAEPAVssgBase@@H@Z 0041faf0 f   ssg_vs2008_32:ssgBranch.obj
 0001:0001eb60       ??1ssgBranch@@UAE@XZ       0041fb60 f   ssg_vs2008_32:ssgBranch.obj
 0001:0001ebc0       ??_EssgBranch@@UAEPAXI@Z   0041fbc0 f i ssg_vs2008_32:ssgBranch.obj
 0001:0001ebc0       ??_GssgBranch@@UAEPAXI@Z   0041fbc0 f i ssg_vs2008_32:ssgBranch.obj
 0001:0001ebe0       ??0ssgRoot@@QAE@XZ         0041fbe0 f   ssg_vs2008_32:ssgRoot.obj
 0001:0001ec00       ??1ssgRoot@@UAE@XZ         0041fc00 f   ssg_vs2008_32:ssgRoot.obj
 0001:0001ec10       ?clone@ssgRoot@@UAEPAVssgBase@@H@Z 0041fc10 f   ssg_vs2008_32:ssgRoot.obj
 0001:0001ec80       ??_EssgRoot@@UAEPAXI@Z     0041fc80 f i ssg_vs2008_32:ssgRoot.obj
 0001:0001ec80       ??_GssgRoot@@UAEPAXI@Z     0041fc80 f i ssg_vs2008_32:ssgRoot.obj
 0001:0001eca0       ?sgCompareFloat@@YAHMMM@Z  0041fca0 f i ssg_vs2008_32:ssgOptimiser.obj
 0001:0001ece0       ?sgCompareVec2@@YAHQBM0M@Z 0041fce0 f i ssg_vs2008_32:ssgOptimiser.obj
 0001:0001ed70       ?sgCompareVec3@@YAHQBM0M@Z 0041fd70 f i ssg_vs2008_32:ssgOptimiser.obj
 0001:0001f0a0       ?flatten@@YAXPAVssgBranch@@PAVssgEntity@@QAY03M@Z 004200a0 f   ssg_vs2008_32:ssgOptimiser.obj
 0001:0001f340       ?ssgFlatten@@YAXPAVssgEntity@@@Z 00420340 f   ssg_vs2008_32:ssgOptimiser.obj
 0001:0001f430       ?_ssgPushPath@@YAXPAVssgEntity@@@Z 00420430 f   ssg_vs2008_32:ssgIsect.obj
 0001:0001f450       ?_ssgPopPath@@YAXXZ        00420450 f   ssg_vs2008_32:ssgIsect.obj
 0001:0001f460       ?_ssgAddHit@@YAXPAVssgLeaf@@HQAY03MQAM@Z 00420460 f   ssg_vs2008_32:ssgIsect.obj
 0001:0001f500       ?ssgHOT@@YAHPAVssgBranch@@QAMQAY03MPAPAVssgHit@@@Z 00420500 f   ssg_vs2008_32:ssgIsect.obj
 0001:0001f550       ?_ssgReadError@@YAHXZ      00420550 f   ssg_vs2008_32:ssgIO.obj
 0001:0001f560       ?_ssgWriteError@@YAHXZ     00420560 f   ssg_vs2008_32:ssgIO.obj
 0001:0001f570       ?_ssgWriteUInt@@YAXPAU_iobuf@@I@Z 00420570 f   ssg_vs2008_32:ssgIO.obj
 0001:0001f570       ?_ssgWriteFloat@@YAXPAU_iobuf@@M@Z 00420570 f   ssg_vs2008_32:ssgIO.obj
 0001:0001f570       ?_ssgWriteInt@@YAXPAU_iobuf@@H@Z 00420570 f   ssg_vs2008_32:ssgIO.obj
 0001:0001f5a0       ?_ssgReadFloat@@YAXPAU_iobuf@@PAM@Z 004205a0 f   ssg_vs2008_32:ssgIO.obj
 0001:0001f5a0       ?_ssgReadInt@@YAXPAU_iobuf@@PAH@Z 004205a0 f   ssg_vs2008_32:ssgIO.obj
 0001:0001f5a0       ?_ssgReadUInt@@YAXPAU_iobuf@@PAI@Z 004205a0 f   ssg_vs2008_32:ssgIO.obj
 0001:0001f5d0       ?_ssgReadFloat@@YAXPAU_iobuf@@IPAM@Z 004205d0 f   ssg_vs2008_32:ssgIO.obj
 0001:0001f600       ?_ssgWriteFloat@@YAXPAU_iobuf@@IPBM@Z 00420600 f   ssg_vs2008_32:ssgIO.obj
 0001:0001f630       ?_ssgReadBytes@@YAXPAU_iobuf@@IPAX@Z 00420630 f   ssg_vs2008_32:ssgIO.obj
 0001:0001f660       ?_ssgWriteBytes@@YAXPAU_iobuf@@IPBX@Z 00420660 f   ssg_vs2008_32:ssgIO.obj
 0001:0001f690       ?_ssgReadUShort@@YAXPAU_iobuf@@IPAG@Z 00420690 f   ssg_vs2008_32:ssgIO.obj
 0001:0001f6c0       ?_ssgWriteUShort@@YAXPAU_iobuf@@IPBG@Z 004206c0 f   ssg_vs2008_32:ssgIO.obj
 0001:0001f6f0       ?_ssgReadString@@YAXPAU_iobuf@@PAPAD@Z 004206f0 f   ssg_vs2008_32:ssgIO.obj
 0001:0001f770       ?_ssgWriteString@@YAXPAU_iobuf@@PBD@Z 00420770 f   ssg_vs2008_32:ssgIO.obj
 0001:0001f7a0       ?_ssgReadVec3@@YAXPAU_iobuf@@QAM@Z 004207a0 f   ssg_vs2008_32:ssgIO.obj
 0001:0001f7c0       ?_ssgWriteVec3@@YAXPAU_iobuf@@QBM@Z 004207c0 f   ssg_vs2008_32:ssgIO.obj
 0001:0001f7e0       ?_ssgReadVec4@@YAXPAU_iobuf@@QAM@Z 004207e0 f   ssg_vs2008_32:ssgIO.obj
 0001:0001f800       ?_ssgWriteVec4@@YAXPAU_iobuf@@QBM@Z 00420800 f   ssg_vs2008_32:ssgIO.obj
 0001:0001f820       ?_ssgReadMat4@@YAXPAU_iobuf@@QAY03M@Z 00420820 f   ssg_vs2008_32:ssgIO.obj
 0001:0001f840       ?_ssgWriteMat4@@YAXPAU_iobuf@@QAY03$$CBM@Z 00420840 f   ssg_vs2008_32:ssgIO.obj
 0001:0001f860       ?setFOV@sgFrustum@@QAEXMM@Z 00420860 f i ssg_vs2008_32:ssgContext.obj
 0001:0001f8d0       ?makeCurrent@ssgContext@@QAEXXZ 004208d0 f   ssg_vs2008_32:ssgContext.obj
 0001:0001f8e0       ??0ssgContext@@QAE@XZ      004208e0 f   ssg_vs2008_32:ssgContext.obj
 0001:0001fb40       ??0ObjLoader@@QAE@PBVssgLoaderOptions@@@Z 00420b40 f   ssg_vs2008_32:ssgLoadXPlaneObj.obj
 0001:0001fb70       ?get_state@ObjLoader@@AAEPAVssgState@@PBD@Z 00420b70 f   ssg_vs2008_32:ssgLoadXPlaneObj.obj
 0001:0001fd40       ?fgets@ObjLoader@@AAEPADPADHPAU_iobuf@@@Z 00420d40 f   ssg_vs2008_32:ssgLoadXPlaneObj.obj
 0001:0001fdb0       ?getline@ObjLoader@@AAEPADPADIPAU_iobuf@@@Z 00420db0 f   ssg_vs2008_32:ssgLoadXPlaneObj.obj
 0001:0001fe20       ?getTextureName@ObjLoader@@AAEPADPBDPADI@Z 00420e20 f   ssg_vs2008_32:ssgLoadXPlaneObj.obj
 0001:0001feb0       ?load@ObjLoader@@QAEPAVssgEntity@@PBD@Z 00420eb0 f   ssg_vs2008_32:ssgLoadXPlaneObj.obj
 0001:00020900       ?ssgLoadXPlaneOBJ@@YAPAVssgEntity@@PBDPBVssgLoaderOptions@@@Z 00421900 f   ssg_vs2008_32:ssgLoadXPlaneObj.obj
 0001:00020930       ?ssgLoadMDLTexture@@YA_NPBDPAUssgTextureInfo@@@Z 00421930 f   ssg_vs2008_32:ssgLoadMDL_BGLTexture.obj
 0001:00020ac0       ?makeConsistant@ssgSGIHeader@@QAEXXZ 00421ac0 f   ssg_vs2008_32:ssgLoadSGI.obj
 0001:00020b90       ?swab_short@ssgSGIHeader@@IAEXPAG@Z 00421b90 f   ssg_vs2008_32:ssgLoadSGI.obj
 0001:00020bc0       ?swab_int@ssgSGIHeader@@IAEXPAI@Z 00421bc0 f   ssg_vs2008_32:ssgLoadSGI.obj
 0001:00020c00       ?swab_int_array@ssgSGIHeader@@IAEXPAHH@Z 00421c00 f   ssg_vs2008_32:ssgLoadSGI.obj
 0001:00020c60       ?readByte@ssgSGIHeader@@IAEEXZ 00421c60 f   ssg_vs2008_32:ssgLoadSGI.obj
 0001:00020c80       ?readShort@ssgSGIHeader@@IAEGXZ 00421c80 f   ssg_vs2008_32:ssgLoadSGI.obj
 0001:00020cb0       ?readInt@ssgSGIHeader@@IAEIXZ 00421cb0 f   ssg_vs2008_32:ssgLoadSGI.obj
 0001:00020ce0       ?getRow@ssgSGIHeader@@QAEXPAEHH@Z 00421ce0 f   ssg_vs2008_32:ssgLoadSGI.obj
 0001:00020de0       ??1ssgSGIHeader@@QAE@XZ    00421de0 f   ssg_vs2008_32:ssgLoadSGI.obj
 0001:00020e30       ?readHeader@ssgSGIHeader@@QAEXXZ 00421e30 f   ssg_vs2008_32:ssgLoadSGI.obj
 0001:00020fb0       ?openFile@ssgSGIHeader@@QAE_NPBD@Z 00421fb0 f   ssg_vs2008_32:ssgLoadSGI.obj
 0001:00021110       ??0ssgSGIHeader@@QAE@PBDPAUssgTextureInfo@@@Z 00422110 f   ssg_vs2008_32:ssgLoadSGI.obj
 0001:00021450       ?ssgLoadSGI@@YA_NPBDPAUssgTextureInfo@@@Z 00422450 f   ssg_vs2008_32:ssgLoadSGI.obj
 0001:000215b0       ?ReadFileIntoBuffer@@YAHPBDAAPAE1AAK@Z 004225b0 f   ssg_vs2008_32:ssgLoadPCX.obj
 0001:00021640       ?ssgLoadPCX@@YA_NPBDPAUssgTextureInfo@@@Z 00422640 f   ssg_vs2008_32:ssgLoadPCX.obj
 0001:00021a40       ?ssgLoadBMP@@YA_NPBDPAUssgTextureInfo@@@Z 00422a40 f   ssg_vs2008_32:ssgLoadBMP.obj
 0001:00021f60       ?ssgMakeMipMaps@@YA_NPAEHHH_N@Z 00422f60 f   ssg_vs2008_32:ssgLoadTexture.obj
 0001:00022470       ?ssgAddTextureFormat@@YAXPBDP6A_N0PAUssgTextureInfo@@@Z@Z 00423470 f   ssg_vs2008_32:ssgLoadTexture.obj
 0001:00022550       ?ssgConvertTexture@@YA_NPADPBD@Z 00423550 f   ssg_vs2008_32:ssgLoadTexture.obj
 0001:00022670       ?ssgLoadTexture@@YA_NPBDPAUssgTextureInfo@@@Z 00423670 f   ssg_vs2008_32:ssgLoadTexture.obj
 0001:000227b0       ?ssgLoadTGA@@YA_NPBDPAUssgTextureInfo@@@Z 004237b0 f   ssg_vs2008_32:ssgLoadTGA.obj
 0001:00022e30       ?ulEndianReadLittle16@@YAGPAU_iobuf@@@Z 00423e30 f i ssg_vs2008_32:ssgLoadMDL.obj
 0001:00022e50       ?ulEndianReadLittle32@@YAIPAU_iobuf@@@Z 00423e50 f i ssg_vs2008_32:ssgLoadMDL.obj
 0001:00022e70       ?ulEndianReadLittleFloat@@YAMPAU_iobuf@@@Z 00423e70 f i ssg_vs2008_32:ssgLoadMDL.obj
 0001:00024650       ?ParseBGL@@YAXPAU_iobuf@@@Z 00425650 f   ssg_vs2008_32:ssgLoadMDL.obj
 0001:00025f60       ?FindBGLBeginRIFF@@YAXPAU_iobuf@@@Z 00426f60 f   ssg_vs2008_32:ssgLoadMDL.obj
 0001:00026090       ?FindBGLBeginOldVersion@@YAXPAU_iobuf@@@Z 00427090 f   ssg_vs2008_32:ssgLoadMDL.obj
 0001:00026100       ?ssgLoadMDL@@YAPAVssgEntity@@PBDPBVssgLoaderOptions@@@Z 00427100 f   ssg_vs2008_32:ssgLoadMDL.obj
 0001:00026710       ?AscLinePreProcessor@@YAXPAD@Z 00427710 f   ssg_vs2008_32:ssgLoadASC.obj
 0001:00026760       ?set_sName@MeshStatusType@@QAEXPAD@Z 00427760 f   ssg_vs2008_32:ssgLoadASC.obj
 0001:000267b0       ?CheckIndex@@YAXAAHH@Z     004277b0 f   ssg_vs2008_32:ssgLoadASC.obj
 0001:00027060       ?SetOrGetMaterial@@YAHPAD@Z 00428060 f   ssg_vs2008_32:ssgLoadASC.obj
 0001:00027790       ?CheckWhetherMeshHasEnded@@YAXXZ 00428790 f   ssg_vs2008_32:ssgLoadASC.obj
 0001:00027ac0       ?ssgLoadASC@@YAPAVssgEntity@@PBDPBVssgLoaderOptions@@@Z 00428ac0 f   ssg_vs2008_32:ssgLoadASC.obj
 0001:00028130       ?ssgSaveASC@@YAHPAU_iobuf@@PAVssgEntity@@@Z 00429130 f   ssg_vs2008_32:ssgSaveASC.obj
 0001:00028190       ?ssgSaveASC@@YAHPBDPAVssgEntity@@@Z 00429190 f   ssg_vs2008_32:ssgSaveASC.obj
 0001:000281e0       ?select@ssgSelector@@QAEXI@Z 004291e0 f i ssg_vs2008_32:ssgLoadIV.obj
 0001:00028220       ??0ssgListOfNodes@@QAE@H@Z 00429220 f i ssg_vs2008_32:ssgLoadIV.obj
 0001:000282a0       ??0_nodeIndex@@QAE@XZ      004292a0 f i ssg_vs2008_32:ssgLoadIV.obj
 0001:00028310       ??1_nodeIndex@@QAE@XZ      00429310 f i ssg_vs2008_32:ssgLoadIV.obj
 0001:00028350       ?insert@_nodeIndex@@QAEXPAVssgBase@@@Z 00429350 f i ssg_vs2008_32:ssgLoadIV.obj
 0001:00028af0       ?ssgLoadIV@@YAPAVssgEntity@@PBDPBVssgLoaderOptions@@@Z 00429af0 f   ssg_vs2008_32:ssgLoadIV.obj
 0001:000297e0       ?ssgSaveIV@@YAHPBDPAVssgEntity@@@Z 0042a7e0 f   ssg_vs2008_32:ssgSaveIV.obj
 0001:00029840       ?extract@_nodeIndex@@QAEPAVssgBase@@PAD@Z 0042a840 f i ssg_vs2008_32:ssgLoadVRML1.obj
 0001:000298b0       ?parseVec@@YA_NPAMH@Z      0042a8b0 f   ssg_vs2008_32:ssgLoadVRML1.obj
 0001:00029900       ?parseIndexArray@@YAPAVssgIndexArray@@PAV_traversalState@@@Z 0042a900 f   ssg_vs2008_32:ssgLoadVRML1.obj
 0001:00029b90       ?vrml1_parseCoordinate3@@YA_NPAVssgBranch@@PAV_traversalState@@PAD@Z 0042ab90 f   ssg_vs2008_32:ssgLoadVRML1.obj
 0001:00029e00       ?vrml1_parseTextureCoordinate2@@YA_NPAVssgBranch@@PAV_traversalState@@PAD@Z 0042ae00 f   ssg_vs2008_32:ssgLoadVRML1.obj
 0001:0002a300       ?vrml1_parseShapeHints@@YA_NPAVssgBranch@@PAV_traversalState@@PAD@Z 0042b300 f   ssg_vs2008_32:ssgLoadVRML1.obj
 0001:0002a4e0       ?vrml1_parseUseDirective@@YA_NPAVssgBranch@@PAV_traversalState@@PAD2@Z 0042b4e0 f   ssg_vs2008_32:ssgLoadVRML1.obj
 0001:0002a530       ?parseUnidentified@@YA_NXZ 0042b530 f   ssg_vs2008_32:ssgLoadVRML1.obj
 0001:0002a5d0       ?vrml1_parseCoordIndex@@YA_NPAVssgLoaderWriterMesh@@PAV_traversalState@@@Z 0042b5d0 f   ssg_vs2008_32:ssgLoadVRML1.obj
 0001:0002a720       ?vrml1_parseTextureCoordIndex@@YA_NPAVssgLoaderWriterMesh@@PAV_traversalState@@@Z 0042b720 f   ssg_vs2008_32:ssgLoadVRML1.obj
 0001:0002aa90       ?mergeTransformNodes@@YAXPAVssgTransform@@00@Z 0042ba90 f   ssg_vs2008_32:ssgLoadVRML1.obj
 0001:0002b5f0       ?applyTransform@@YAXPAVssgTransform@@PAV_traversalState@@@Z 0042c5f0 f   ssg_vs2008_32:ssgLoadVRML1.obj
 0001:0002b6a0       ?ssgLoadVRML1@@YAPAVssgEntity@@PBDPBVssgLoaderOptions@@@Z 0042c6a0 f   ssg_vs2008_32:ssgLoadVRML1.obj
 0001:0002b8a0       ?vrml1_parseMatrixTransform@@YA_NPAVssgBranch@@PAV_traversalState@@PAD@Z 0042c8a0 f   ssg_vs2008_32:ssgLoadVRML1.obj
 0001:0002b9b0       ?vrml1_parseScale@@YA_NPAVssgBranch@@PAV_traversalState@@PAD@Z 0042c9b0 f   ssg_vs2008_32:ssgLoadVRML1.obj
 0001:0002bae0       ?vrml1_parseRotation@@YA_NPAVssgBranch@@PAV_traversalState@@PAD@Z 0042cae0 f   ssg_vs2008_32:ssgLoadVRML1.obj
 0001:0002bc20       ?vrml1_parseTranslation@@YA_NPAVssgBranch@@PAV_traversalState@@PAD@Z 0042cc20 f   ssg_vs2008_32:ssgLoadVRML1.obj
 0001:0002c1a0       ?ssgSaveVRML1@@YAHPBDPAVssgEntity@@@Z 0042d1a0 f   ssg_vs2008_32:ssgSaveVRML1.obj
 0001:0002cb20       ?ssgSaveQHI@@YAHPBDPAVssgEntity@@@Z 0042db20 f   ssg_vs2008_32:ssgSaveQHI.obj
 0001:0002d920       ?ssgLoadATG@@YAPAVssgEntity@@PBDPBVssgLoaderOptions@@@Z 0042e920 f   ssg_vs2008_32:ssgLoadATG.obj
 0001:0002dac0       ?ssgSaveATG@@YAHPBDPAVssgEntity@@@Z 0042eac0 f   ssg_vs2008_32:ssgSaveATG.obj
 0001:0002ebe0       ?ssgLoadOFF@@YAPAVssgEntity@@PBDPBVssgLoaderOptions@@@Z 0042fbe0 f   ssg_vs2008_32:ssgLoadOFF.obj
 0001:0002ecc0       ?ssgSaveOFF@@YAHPBDPAVssgEntity@@@Z 0042fcc0 f   ssg_vs2008_32:ssgSaveOFF.obj
 0001:0002f000       ?ssgLoadM@@YAPAVssgEntity@@PBDPBVssgLoaderOptions@@@Z 00430000 f   ssg_vs2008_32:ssgLoadM.obj
 0001:0002f830       ?ssgSaveM@@YAHPBDPAVssgEntity@@@Z 00430830 f   ssg_vs2008_32:ssgSaveM.obj
 0001:0002fb70       ?ssgLoadStrip@@YAPAVssgEntity@@PBDPBVssgLoaderOptions@@@Z 00430b70 f   ssg_vs2008_32:ssgLoadStrip.obj
 0001:00030260       ?setRanges@ssgRangeSelector@@QAEXPAMI@Z 00431260 f i ssg_vs2008_32:ssgLoadFLT.obj
 0001:00030290       ?compute_loop_time@ssgTimedSelector@@IAEXXZ 00431290 f i ssg_vs2008_32:ssgLoadFLT.obj
 0001:000302d0       ?get_time@ssgTimedSelector@@IBENXZ 004312d0 f i ssg_vs2008_32:ssgLoadFLT.obj
 0001:00030300       ?setDuration@ssgTimedSelector@@QAEXMHW4ssgAnimTimeMode@@@Z 00431300 f i ssg_vs2008_32:ssgLoadFLT.obj
 0001:00030450       ?get32u@@YAIPBX@Z          00431450 f i ssg_vs2008_32:ssgLoadFLT.obj
 0001:00030820       ??1fltState@@QAE@XZ        00431820 f i ssg_vs2008_32:ssgLoadFLT.obj
 0001:00035730       ?ssgLoadFLT@@YAPAVssgEntity@@PBDPBVssgLoaderOptions@@@Z 00436730 f   ssg_vs2008_32:ssgLoadFLT.obj
 0001:00036760       ?ssgSaveFLT@@YAHPBDPAVssgEntity@@@Z 00437760 f   ssg_vs2008_32:ssgSaveFLT.obj
 0001:000368d0       ??0ssgSimpleStateList@@QAE@H@Z 004378d0 f i ssg_vs2008_32:ssgLoadX.obj
 0001:00036950       ?clone@ssgListOfLists@@UAEPAVssgBase@@H@Z 00437950 f i ssg_vs2008_32:ssgLoaderWriterStuff.obj
 0001:00036950       ?clone@ssgListOfNodes@@UAEPAVssgBase@@H@Z 00437950 f i ssg_vs2008_32:ssgLoadIV.obj
 0001:00036950       ?clone@ssgSimpleStateList@@UAEPAVssgBase@@H@Z 00437950 f i ssg_vs2008_32:ssgLoadX.obj
 0001:00037dc0       ?ssgLoadX@@YAPAVssgEntity@@PBDPBVssgLoaderOptions@@@Z 00438dc0 f   ssg_vs2008_32:ssgLoadX.obj
 0001:00037ec0       ?ssgSaveX@@YAHPBDPAVssgEntity@@@Z 00438ec0 f   ssg_vs2008_32:ssgSaveX.obj
 0001:00037ee0       ?selectStep@ssgSelector@@QAEXI@Z 00438ee0 f i ssg_vs2008_32:ssgLoadMD2.obj
 0001:00038770       ?ssgLoadMD2@@YAPAVssgEntity@@PBDPBVssgLoaderOptions@@@Z 00439770 f   ssg_vs2008_32:ssgLoadMD2.obj
 0001:00038890       ?ssgLoadTRI@@YAPAVssgEntity@@PBDPBVssgLoaderOptions@@@Z 00439890 f   ssg_vs2008_32:ssgLoadTRI.obj
 0001:00038ce0       ?ssgSaveTRI@@YAHPBDPAVssgEntity@@@Z 00439ce0 f   ssg_vs2008_32:ssgSaveTRI.obj
 0001:0003a050       ?ssgLoadOBJ@@YAPAVssgEntity@@PBDPBVssgLoaderOptions@@@Z 0043b050 f   ssg_vs2008_32:ssgLoadOBJ.obj
 0001:0003a4e0       ?ssgSaveOBJ@@YAHPBDPAVssgEntity@@@Z 0043b4e0 f   ssg_vs2008_32:ssgSaveOBJ.obj
 0001:0003a590       ?sgScaleVec4@@YAXQAMM@Z    0043b590 f i ssg_vs2008_32:ssgLoadDXF.obj
 0001:0003a5c0       ?isEqual@dxfVert@@QAEHPAV1@@Z 0043b5c0 f   ssg_vs2008_32:ssgLoadDXF.obj
 0001:0003ba90       ?ssgLoadDXF@@YAPAVssgEntity@@PBDPBVssgLoaderOptions@@@Z 0043ca90 f   ssg_vs2008_32:ssgLoadDXF.obj
 0001:0003c090       ?ssgSaveDXF@@YAHPBDPAVssgEntity@@@Z 0043d090 f   ssg_vs2008_32:ssgSaveDXF.obj
 0001:0003cf50       ?ssgLoadDOF@@YAPAVssgEntity@@PBDPBVssgLoaderOptions@@@Z 0043df50 f   ssg_vs2008_32:ssgLoadDOF.obj
 0001:0003d110       ?sgSubVec3@@YAXQAMQBM@Z    0043e110 f i ssg_vs2008_32:ssgLoadASE.obj
 0001:0003d140       ?setNum@ssgSimpleList@@QAEXI@Z 0043e140 f i ssg_vs2008_32:ssgLoadASE.obj
 0001:0003d180       ??0aseMesh@@QAE@XZ         0043e180 f   ssg_vs2008_32:ssgLoadASE.obj
 0001:0003d1a0       ??1aseMesh@@QAE@XZ         0043e1a0 f   ssg_vs2008_32:ssgLoadASE.obj
 0001:0003d1d0       ??0aseObject@@QAE@W4Type@0@@Z 0043e1d0 f   ssg_vs2008_32:ssgLoadASE.obj
 0001:0003fe60       ??1aseObject@@QAE@XZ       00440e60 f   ssg_vs2008_32:ssgLoadASE.obj
 0001:00040d80       ?ssgLoadASE@@YAPAVssgEntity@@PBDPBVssgLoaderOptions@@@Z 00441d80 f   ssg_vs2008_32:ssgLoadASE.obj
 0001:00041890       ?ssgSaveASE@@YAHPAU_iobuf@@PAVssgEntity@@@Z 00442890 f   ssg_vs2008_32:ssgSaveASE.obj
 0001:00041990       ?ssgSaveASE@@YAHPBDPAVssgEntity@@@Z 00442990 f   ssg_vs2008_32:ssgSaveASE.obj
 0001:00041e70       ?ssgSaveAC@@YAHPBDPAVssgEntity@@@Z 00442e70 f   ssg_vs2008_32:ssgSaveAC.obj
 0001:00043cd0       ?ssgLoad3ds@@YAPAVssgEntity@@PBDPBVssgLoaderOptions@@@Z 00444cd0 f   ssg_vs2008_32:ssgLoad3ds.obj
 0001:000442f0       ?size@_ssgSave3dsData@@QAEIXZ 004452f0 f i ssg_vs2008_32:ssgSave3ds.obj
 0001:00044310       ?write@_ssgSave3dsData@@QAEXXZ 00445310 f i ssg_vs2008_32:ssgSave3ds.obj
 0001:00044340       ??_G_ssgSave3dsData@@QAEPAXI@Z 00445340 f i ssg_vs2008_32:ssgSave3ds.obj
 0001:00044380       ??1_ssgSave3dsChunk@@QAE@XZ 00445380 f i ssg_vs2008_32:ssgSave3ds.obj
 0001:000443e0       ?addKid@_ssgSave3dsChunk@@QAEXPAV1@@Z 004453e0 f i ssg_vs2008_32:ssgSave3ds.obj
 0001:00044400       ?size@_ssgSave3dsChunk@@QAEIXZ 00445400 f i ssg_vs2008_32:ssgSave3ds.obj
 0001:00044450       ?write@_ssgSave3dsChunk@@QAEXXZ 00445450 f i ssg_vs2008_32:ssgSave3ds.obj
 0001:00045530       ?ssgSave3ds@@YAHPBDPAVssgEntity@@@Z 00446530 f   ssg_vs2008_32:ssgSave3ds.obj
 0001:000456b0       ??0_ssgBaseList@@QAE@XZ    004466b0 f i ssg_vs2008_32:ssgLoadSSG.obj
 0001:00045720       ??_G_ssgBaseList@@UAEPAXI@Z 00446720 f i ssg_vs2008_32:ssgLoadSSG.obj
 0001:00045720       ??_E_ssgBaseList@@UAEPAXI@Z 00446720 f i ssg_vs2008_32:ssgLoadSSG.obj
 0001:00045750       ?_ssgLoadObject@@YAHPAU_iobuf@@PAPAVssgBase@@H@Z 00446750 f   ssg_vs2008_32:ssgLoadSSG.obj
 0001:000458d0       ?_ssgSaveObject@@YAHPAU_iobuf@@PAVssgBase@@@Z 004468d0 f   ssg_vs2008_32:ssgLoadSSG.obj
 0001:00045990       ?ssgLoadSSG@@YAPAVssgEntity@@PBDPBVssgLoaderOptions@@@Z 00446990 f   ssg_vs2008_32:ssgLoadSSG.obj
 0001:00045bd0       ?ssgSaveSSG@@YAHPBDPAVssgEntity@@@Z 00446bd0 f   ssg_vs2008_32:ssgLoadSSG.obj
 0001:00045cf0       ?_ssgSetTweenState@@YAXMH@Z 00446cf0 f   ssg_vs2008_32:ssgDList.obj
 0001:00045d40       ?_ssgPopMatrix@@YAXXZ      00446d40 f   ssg_vs2008_32:ssgDList.obj
 0001:00045d90       ?_ssgLoadTexMatrix@@YAXQAY03M@Z 00446d90 f   ssg_vs2008_32:ssgDList.obj
 0001:00045e10       ?_ssgUnloadTexMatrix@@YAXXZ 00446e10 f   ssg_vs2008_32:ssgDList.obj
 0001:00045e70       ?_ssgLoadMatrix@@YAXQAY03M@Z 00446e70 f   ssg_vs2008_32:ssgDList.obj
 0001:00045ee0       ?_ssgDrawLeaf@@YAXPAVssgLeaf@@@Z 00446ee0 f   ssg_vs2008_32:ssgDList.obj
 0001:00045f20       ?_ssgPushMatrix@@YAXQAY03M@Z 00446f20 f   ssg_vs2008_32:ssgDList.obj
 0001:00045f90       ?preApply@ssgState@@IAEXXZ 00446f90 f   ssg_vs2008_32:ssgState.obj
 0001:00045fc0       ?preDraw@ssgState@@IAEXXZ  00446fc0 f   ssg_vs2008_32:ssgState.obj
 0001:00045fe0       ?copy_from@ssgState@@UAEXPAV1@H@Z 00446fe0 f   ssg_vs2008_32:ssgState.obj
 0001:00046030       ??0ssgState@@QAE@XZ        00447030 f   ssg_vs2008_32:ssgState.obj
 0001:00046060       ??1ssgState@@UAE@XZ        00447060 f   ssg_vs2008_32:ssgState.obj
 0001:00046080       ?print@ssgState@@UAEXPAU_iobuf@@PADH@Z 00447080 f   ssg_vs2008_32:ssgState.obj
 0001:000460e0       ?load@ssgState@@UAEHPAU_iobuf@@@Z 004470e0 f   ssg_vs2008_32:ssgState.obj
 0001:00046120       ?save@ssgState@@UAEHPAU_iobuf@@@Z 00447120 f   ssg_vs2008_32:ssgState.obj
 0001:00046150       ??_GssgState@@UAEPAXI@Z    00447150 f i ssg_vs2008_32:ssgState.obj
 0001:00046150       ??_EssgState@@UAEPAXI@Z    00447150 f i ssg_vs2008_32:ssgState.obj
 0001:00046170       ?copy_from@ssgVTable@@MAEXPAV1@H@Z 00447170 f   ssg_vs2008_32:ssgVTable.obj
 0001:00046260       ??1ssgVTable@@UAE@XZ       00447260 f   ssg_vs2008_32:ssgVTable.obj
 0001:00046270       ?getCallback@ssgLeaf@@UAEP6AHPAVssgEntity@@@ZH@Z 00447270 f i ssg_vs2008_32:ssgVTable.obj
 0001:00046290       ?setCallback@ssgLeaf@@UAEXHP6AHPAVssgEntity@@@Z@Z 00447290 f i ssg_vs2008_32:ssgVTable.obj
 0001:000462b0       ?setPrimitiveType@ssgLeaf@@UAEXI@Z 004472b0 f i ssg_vs2008_32:ssgVTable.obj
 0001:000462c0       ?getPrimitiveType@ssgLeaf@@UAEIXZ 004472c0 f i ssg_vs2008_32:ssgVTable.obj
 0001:000462d0       ?getNumVertices@ssgVTable@@UAEHXZ 004472d0 f i ssg_vs2008_32:ssgVTable.obj
 0001:000462e0       ?getSelectStep@ssgStateSelector@@QAEIXZ 004472e0 f i ssg_vs2008_32:ssgStateSelector.obj
 0001:000462e0       ?getNumNormals@ssgVTable@@UAEHXZ 004472e0 f i ssg_vs2008_32:ssgVTable.obj
 0001:000462f0       ?getNumColours@ssgVTable@@UAEHXZ 004472f0 f i ssg_vs2008_32:ssgVTable.obj
 0001:00046300       ?getNumTexCoords@ssgVTable@@UAEHXZ 00447300 f i ssg_vs2008_32:ssgVTable.obj
 0001:00046310       ?getVertex@ssgVTable@@UAEPAMH@Z 00447310 f i ssg_vs2008_32:ssgVTable.obj
 0001:00046360       ?getColour@ssgVTable@@UAEPAMH@Z 00447360 f i ssg_vs2008_32:ssgVTable.obj
 0001:000463a0       ?getNormal@ssgVTable@@UAEPAMH@Z 004473a0 f i ssg_vs2008_32:ssgVTable.obj
 0001:000463f0       ?getTexCoord@ssgVTable@@UAEPAMH@Z 004473f0 f i ssg_vs2008_32:ssgVTable.obj
 0001:00046440       ?getTriangle@ssgVTable@@UAEXHPAF00@Z 00447440 f   ssg_vs2008_32:ssgVTable.obj
 0001:00046500       ?getNumTriangles@ssgVTable@@UAEHXZ 00447500 f   ssg_vs2008_32:ssgVTable.obj
 0001:000465a0       ?getLine@ssgVTable@@UAEXHPAF0@Z 004475a0 f   ssg_vs2008_32:ssgVTable.obj
 0001:000465a0       ?getLine@ssgVtxTable@@UAEXHPAF0@Z 004475a0 f   ssg_vs2008_32:ssgVtxTable.obj
 0001:00046640       ?transform@ssgVTable@@UAEXQAY03$$CBM@Z 00447640 f   ssg_vs2008_32:ssgVTable.obj
 0001:000466c0       ?recalcBSphere@ssgVTable@@UAEXXZ 004476c0 f   ssg_vs2008_32:ssgVTable.obj
 0001:00046770       ?draw@ssgVTable@@UAEXXZ    00447770 f   ssg_vs2008_32:ssgVTable.obj
 0001:000467e0       ?drawHighlight@ssgVTable@@UAEXQAMH@Z 004477e0 f   ssg_vs2008_32:ssgVTable.obj
 0001:000467f0       ?drawHighlight@ssgVTable@@UAEXQAM@Z 004477f0 f   ssg_vs2008_32:ssgVTable.obj
 0001:00046800       ?pick@ssgVTable@@UAEXH@Z   00447800 f   ssg_vs2008_32:ssgVTable.obj
 0001:00046970       ?draw_geometry@ssgVTable@@MAEXXZ 00447970 f   ssg_vs2008_32:ssgVTable.obj
 0001:00046ba0       ?hot_triangles@ssgVTable@@UAEXQAMQAY03MH@Z 00447ba0 f   ssg_vs2008_32:ssgVTable.obj
 0001:00046ba0       ?hot_triangles@ssgVtxTable@@UAEXQAMQAY03MH@Z 00447ba0 f   ssg_vs2008_32:ssgVtxTable.obj
 0001:00046ff0       ?isect_triangles@ssgVtxTable@@UAEXPAVsgSphere@@QAY03MH@Z 00447ff0 f   ssg_vs2008_32:ssgVtxTable.obj
 0001:00046ff0       ?isect_triangles@ssgVTable@@UAEXPAVsgSphere@@QAY03MH@Z 00447ff0 f   ssg_vs2008_32:ssgVTable.obj
 0001:00047450       ?print@ssgVTable@@UAEXPAU_iobuf@@PADH@Z 00448450 f   ssg_vs2008_32:ssgVTable.obj
 0001:00047460       ?load@ssgVTable@@UAEHPAU_iobuf@@@Z 00448460 f   ssg_vs2008_32:ssgVTable.obj
 0001:000477c0       ?save@ssgVTable@@UAEHPAU_iobuf@@@Z 004487c0 f   ssg_vs2008_32:ssgVTable.obj
 0001:000479d0       ??0ssgVTable@@QAE@XZ       004489d0 f   ssg_vs2008_32:ssgVTable.obj
 0001:00047a60       ??_GssgVTable@@UAEPAXI@Z   00448a60 f i ssg_vs2008_32:ssgVTable.obj
 0001:00047a60       ??_EssgVTable@@UAEPAXI@Z   00448a60 f i ssg_vs2008_32:ssgVTable.obj
 0001:00047a80       ?clone@ssgVTable@@UAEPAVssgBase@@H@Z 00448a80 f   ssg_vs2008_32:ssgVTable.obj
 0001:00047af0       ?setVertices@ssgVtxTable@@UAEXPAVssgVertexArray@@@Z 00448af0 f   ssg_vs2008_32:ssgVtxTable.obj
 0001:00047b20       ?setNormals@ssgVtxTable@@UAEXPAVssgNormalArray@@@Z 00448b20 f   ssg_vs2008_32:ssgVtxTable.obj
 0001:00047b50       ?setTexCoords@ssgVtxTable@@UAEXPAVssgTexCoordArray@@@Z 00448b50 f   ssg_vs2008_32:ssgVtxTable.obj
 0001:00047b80       ?setColours@ssgVtxTable@@UAEXPAVssgColourArray@@@Z 00448b80 f   ssg_vs2008_32:ssgVtxTable.obj
 0001:00047bb0       ??1ssgVtxTable@@UAE@XZ     00448bb0 f   ssg_vs2008_32:ssgVtxTable.obj
 0001:00047c30       ?getNumVertices@ssgVtxTable@@UAEHXZ 00448c30 f i ssg_vs2008_32:ssgVtxTable.obj
 0001:00047c40       ?getNumNormals@ssgVtxTable@@UAEHXZ 00448c40 f i ssg_vs2008_32:ssgVtxTable.obj
 0001:00047c50       ?getNumColours@ssgVtxTable@@UAEHXZ 00448c50 f i ssg_vs2008_32:ssgVtxTable.obj
 0001:00047c60       ?getNumTexCoords@ssgVtxTable@@UAEHXZ 00448c60 f i ssg_vs2008_32:ssgVtxTable.obj
 0001:00047c70       ?getVertex@ssgVtxTable@@UAEPAMH@Z 00448c70 f i ssg_vs2008_32:ssgVtxTable.obj
 0001:00047cc0       ?getNormal@ssgVtxTable@@UAEPAMH@Z 00448cc0 f i ssg_vs2008_32:ssgVtxTable.obj
 0001:00047d10       ?getTexCoord@ssgVtxTable@@UAEPAMH@Z 00448d10 f i ssg_vs2008_32:ssgVtxTable.obj
 0001:00047d60       ?getColour@ssgVtxTable@@UAEPAMH@Z 00448d60 f i ssg_vs2008_32:ssgVtxTable.obj
 0001:00047db0       ?getTriangle@ssgVtxTable@@UAEXHPAF00@Z 00448db0 f   ssg_vs2008_32:ssgVtxTable.obj
 0001:00047e90       ?getNumTriangles@ssgVtxTable@@UAEHXZ 00448e90 f   ssg_vs2008_32:ssgVtxTable.obj
 0001:00047f40       ?getNumLines@ssgVTable@@UAEHXZ 00448f40 f   ssg_vs2008_32:ssgVTable.obj
 0001:00047f40       ?getNumLines@ssgVtxTable@@UAEHXZ 00448f40 f   ssg_vs2008_32:ssgVtxTable.obj
 0001:00047fb0       ?transform@ssgVtxTable@@UAEXQAY03$$CBM@Z 00448fb0 f   ssg_vs2008_32:ssgVtxTable.obj
 0001:00048270       ?recalcBSphere@ssgVtxTable@@UAEXXZ 00449270 f   ssg_vs2008_32:ssgVtxTable.obj
 0001:00048300       ?drawHighlight@ssgVtxTable@@UAEXQAM@Z 00449300 f   ssg_vs2008_32:ssgVtxTable.obj
 0001:00048390       ?drawHighlight@ssgVtxTable@@UAEXQAMH@Z 00449390 f   ssg_vs2008_32:ssgVtxTable.obj
 0001:000484f0       ?draw@ssgVtxTable@@UAEXXZ  004494f0 f   ssg_vs2008_32:ssgVtxTable.obj
 0001:00048560       ?pick@ssgVtxTable@@UAEXH@Z 00449560 f   ssg_vs2008_32:ssgVtxTable.obj
 0001:00048610       ?draw_geometry@ssgVtxTable@@MAEXXZ 00449610 f   ssg_vs2008_32:ssgVtxTable.obj
 0001:000487a0       ?los_triangles@ssgVtxTable@@UAEXQAMQAY03MH@Z 004497a0 f   ssg_vs2008_32:ssgVtxTable.obj
 0001:000487a0       ?los_triangles@ssgVTable@@UAEXQAMQAY03MH@Z 004497a0 f   ssg_vs2008_32:ssgVTable.obj
 0001:00048ac0       ?print@ssgVtxTable@@UAEXPAU_iobuf@@PADH@Z 00449ac0 f   ssg_vs2008_32:ssgVtxTable.obj
 0001:00048bd0       ?load@ssgVtxTable@@UAEHPAU_iobuf@@@Z 00449bd0 f   ssg_vs2008_32:ssgVtxTable.obj
 0001:00048cf0       ?save@ssgVtxTable@@UAEHPAU_iobuf@@@Z 00449cf0 f   ssg_vs2008_32:ssgVtxTable.obj
 0001:00048d90       ??0ssgVtxTable@@QAE@XZ     00449d90 f   ssg_vs2008_32:ssgVtxTable.obj
 0001:00048df0       ??_EssgVtxTable@@UAEPAXI@Z 00449df0 f i ssg_vs2008_32:ssgVtxTable.obj
 0001:00048df0       ??_GssgVtxTable@@UAEPAXI@Z 00449df0 f i ssg_vs2008_32:ssgVtxTable.obj
 0001:00048e10       ??0ssgVtxTable@@QAE@IPAVssgVertexArray@@PAVssgNormalArray@@PAVssgTexCoordArray@@PAVssgColourArray@@@Z 00449e10 f   ssg_vs2008_32:ssgVtxTable.obj
 0001:00049090       ?clone@ssgVtxTable@@UAEPAVssgBase@@H@Z 0044a090 f   ssg_vs2008_32:ssgVtxTable.obj
 0001:00049100       ?copy_from@ssgVtxArray@@MAEXPAV1@H@Z 0044a100 f   ssg_vs2008_32:ssgVtxArray.obj
 0001:00049160       ??0ssgVtxArray@@QAE@XZ     0044a160 f   ssg_vs2008_32:ssgVtxArray.obj
 0001:00049190       ??0ssgVtxArray@@QAE@IPAVssgVertexArray@@PAVssgNormalArray@@PAVssgTexCoordArray@@PAVssgColourArray@@PAVssgIndexArray@@@Z 0044a190 f   ssg_vs2008_32:ssgVtxArray.obj
 0001:00049280       ??1ssgVtxArray@@UAE@XZ     0044a280 f   ssg_vs2008_32:ssgVtxArray.obj
 0001:000492e0       ?drawHighlight@ssgVtxArray@@UAEXQAM@Z 0044a2e0 f   ssg_vs2008_32:ssgVtxArray.obj
 0001:000493a0       ?drawHighlight@ssgVtxArray@@UAEXQAMH@Z 0044a3a0 f   ssg_vs2008_32:ssgVtxArray.obj
 0001:00049520       ?pick@ssgVtxArray@@UAEXH@Z 0044a520 f   ssg_vs2008_32:ssgVtxArray.obj
 0001:00049610       ?removeUnusedVertices@ssgVtxArray@@QAEXXZ 0044a610 f   ssg_vs2008_32:ssgVtxArray.obj
 0001:00049b50       ?draw_geometry@ssgVtxArray@@MAEXXZ 0044ab50 f   ssg_vs2008_32:ssgVtxArray.obj
 0001:00049cf0       ?getTriangle@ssgVtxArray@@UAEXHPAF00@Z 0044acf0 f   ssg_vs2008_32:ssgVtxArray.obj
 0001:00049da0       ?getNumTriangles@ssgVtxArray@@UAEHXZ 0044ada0 f   ssg_vs2008_32:ssgVtxArray.obj
 0001:00049e40       ?getNumLines@ssgVtxArray@@UAEHXZ 0044ae40 f   ssg_vs2008_32:ssgVtxArray.obj
 0001:00049eb0       ?getLine@ssgVtxArray@@UAEXHPAF0@Z 0044aeb0 f   ssg_vs2008_32:ssgVtxArray.obj
 0001:0004a010       ?print@ssgVtxArray@@UAEXPAU_iobuf@@PADH@Z 0044b010 f   ssg_vs2008_32:ssgVtxArray.obj
 0001:0004a070       ?load@ssgVtxArray@@UAEHPAU_iobuf@@@Z 0044b070 f   ssg_vs2008_32:ssgVtxArray.obj
 0001:0004a0c0       ?save@ssgVtxArray@@UAEHPAU_iobuf@@@Z 0044b0c0 f   ssg_vs2008_32:ssgVtxArray.obj
 0001:0004a100       ?clone@ssgVtxArray@@UAEPAVssgBase@@H@Z 0044b100 f   ssg_vs2008_32:ssgVtxArray.obj
 0001:0004a170       ??_EssgVtxArray@@UAEPAXI@Z 0044b170 f i ssg_vs2008_32:ssgVtxArray.obj
 0001:0004a170       ??_GssgVtxArray@@UAEPAXI@Z 0044b170 f i ssg_vs2008_32:ssgVtxArray.obj
 0001:0004a190       ?getTypeName@ssgTween@@UAEPBDXZ 0044b190 f   ssg_vs2008_32:ssgTween.obj
 0001:0004a1a0       ?_ssgGetCurrentTweenMode@@YAHXZ 0044b1a0 f   ssg_vs2008_32:ssgTween.obj
 0001:0004a1b0       ?_ssgGetCurrentTweenState@@YAMXZ 0044b1b0 f   ssg_vs2008_32:ssgTween.obj
 0001:0004a1c0       ?_ssgSetRealCurrentTweenSettings@@YAXMH@Z 0044b1c0 f   ssg_vs2008_32:ssgTween.obj
 0001:0004a1e0       ?copy_from@ssgVtxTable@@MAEXPAV1@H@Z 0044b1e0 f   ssg_vs2008_32:ssgVtxTable.obj
 0001:0004a1e0       ?copy_from@ssgTween@@EAEXPAV1@H@Z 0044b1e0 f   ssg_vs2008_32:ssgTween.obj
 0001:0004a2d0       ?init@ssgTween@@AAEXXZ     0044b2d0 f   ssg_vs2008_32:ssgTween.obj
 0001:0004a610       ??0ssgTween@@QAE@XZ        0044b610 f   ssg_vs2008_32:ssgTween.obj
 0001:0004a660       ?setBank@ssgTween@@QAEXH@Z 0044b660 f   ssg_vs2008_32:ssgTween.obj
 0001:0004a700       ?setVertices@ssgTween@@UAEXPAVssgVertexArray@@@Z 0044b700 f   ssg_vs2008_32:ssgTween.obj
 0001:0004a740       ?setNormals@ssgTween@@UAEXPAVssgNormalArray@@@Z 0044b740 f   ssg_vs2008_32:ssgTween.obj
 0001:0004a780       ?setTexCoords@ssgTween@@UAEXPAVssgTexCoordArray@@@Z 0044b780 f   ssg_vs2008_32:ssgTween.obj
 0001:0004a7c0       ?setColours@ssgTween@@UAEXPAVssgColourArray@@@Z 0044b7c0 f   ssg_vs2008_32:ssgTween.obj
 0001:0004a800       ??1ssgTween@@UAE@XZ        0044b800 f   ssg_vs2008_32:ssgTween.obj
 0001:0004a9a0       ?recalcBSphere@ssgTween@@UAEXXZ 0044b9a0 f   ssg_vs2008_32:ssgTween.obj
 0001:0004aa60       ?draw@ssgTween@@UAEXXZ     0044ba60 f   ssg_vs2008_32:ssgTween.obj
 0001:0004b750       ?transform@ssgTween@@UAEXQAY03$$CBM@Z 0044c750 f   ssg_vs2008_32:ssgTween.obj
 0001:0004b800       ?save@ssgTween@@UAEHPAU_iobuf@@@Z 0044c800 f   ssg_vs2008_32:ssgTween.obj
 0001:0004b8d0       ?print@ssgTween@@UAEXPAU_iobuf@@PADH@Z 0044c8d0 f   ssg_vs2008_32:ssgTween.obj
 0001:0004b960       ?_ssgSetCurrentTweenSettings@@YAXMH@Z 0044c960 f   ssg_vs2008_32:ssgTween.obj
 0001:0004b990       ?clone@ssgTween@@UAEPAVssgBase@@H@Z 0044c990 f   ssg_vs2008_32:ssgTween.obj
 0001:0004ba00       ??_GssgTween@@UAEPAXI@Z    0044ca00 f i ssg_vs2008_32:ssgTween.obj
 0001:0004ba00       ??_EssgTween@@UAEPAXI@Z    0044ca00 f i ssg_vs2008_32:ssgTween.obj
 0001:0004ba20       ?newBank@ssgTween@@QAEHPAVssgVertexArray@@PAVssgNormalArray@@PAVssgTexCoordArray@@PAVssgColourArray@@@Z 0044ca20 f   ssg_vs2008_32:ssgTween.obj
 0001:0004bb40       ?load@ssgTween@@UAEHPAU_iobuf@@@Z 0044cb40 f   ssg_vs2008_32:ssgTween.obj
 0001:0004bc80       ??0ssgTransform@@QAE@XZ    0044cc80 f   ssg_vs2008_32:ssgTransform.obj
 0001:0004bca0       ??1ssgTransform@@UAE@XZ    0044cca0 f   ssg_vs2008_32:ssgTransform.obj
 0001:0004bcb0       ?recalcBSphere@ssgTransform@@UAEXXZ 0044ccb0 f   ssg_vs2008_32:ssgTransform.obj
 0001:0004bce0       ?cull@ssgTransform@@UAEXPAVsgFrustum@@QAY03MH@Z 0044cce0 f   ssg_vs2008_32:ssgTransform.obj
 0001:0004bdc0       ?hot@ssgTransform@@UAEXQAMQAY03MH@Z 0044cdc0 f   ssg_vs2008_32:ssgTransform.obj
 0001:0004be80       ?los@ssgTransform@@UAEXQAMQAY03MH@Z 0044ce80 f   ssg_vs2008_32:ssgTransform.obj
 0001:0004bf40       ?isect@ssgTransform@@UAEXPAVsgSphere@@QAY03MH@Z 0044cf40 f   ssg_vs2008_32:ssgTransform.obj
 0001:0004c000       ?setTransform@ssgTransform@@UAEXQAM@Z 0044d000 f   ssg_vs2008_32:ssgTransform.obj
 0001:0004c030       ?setTransform@ssgTransform@@UAEXPAUsgCoord@@@Z 0044d030 f   ssg_vs2008_32:ssgTransform.obj
 0001:0004c090       ?setTransform@ssgTransform@@UAEXPAUsgCoord@@MMM@Z 0044d090 f   ssg_vs2008_32:ssgTransform.obj
 0001:0004c160       ?getNetTransform@ssgTransform@@UAEXQAY03M@Z 0044d160 f   ssg_vs2008_32:ssgTransform.obj
 0001:0004c1b0       ?getLastNetTransform@ssgTransform@@UAEXQAY03M@Z 0044d1b0 f   ssg_vs2008_32:ssgTransform.obj
 0001:0004c250       ?load@ssgTransform@@UAEHPAU_iobuf@@@Z 0044d250 f   ssg_vs2008_32:ssgTransform.obj
 0001:0004c250       ?load@ssgTexTrans@@UAEHPAU_iobuf@@@Z 0044d250 f   ssg_vs2008_32:ssgTexTrans.obj
 0001:0004c260       ?clone@ssgTransform@@UAEPAVssgBase@@H@Z 0044d260 f   ssg_vs2008_32:ssgTransform.obj
 0001:0004c2d0       ??_EssgTransform@@UAEPAXI@Z 0044d2d0 f i ssg_vs2008_32:ssgTransform.obj
 0001:0004c2d0       ??_GssgTransform@@UAEPAXI@Z 0044d2d0 f i ssg_vs2008_32:ssgTransform.obj
 0001:0004c2f0       ?setTransform@ssgTransform@@UAEXQAY03M@Z 0044d2f0 f   ssg_vs2008_32:ssgTransform.obj
 0001:0004c3e0       ?copy_from@ssgTransform@@MAEXPAV1@H@Z 0044d3e0 f   ssg_vs2008_32:ssgTransform.obj
 0001:0004c3e0       ?copy_from@ssgTexTrans@@MAEXPAV1@H@Z 0044d3e0 f   ssg_vs2008_32:ssgTexTrans.obj
 0001:0004c3f0       ??0ssgTexTrans@@QAE@XZ     0044d3f0 f   ssg_vs2008_32:ssgTexTrans.obj
 0001:0004c410       ??1ssgTexTrans@@UAE@XZ     0044d410 f   ssg_vs2008_32:ssgTexTrans.obj
 0001:0004c420       ?setTransform@ssgTexTrans@@UAEXQAM@Z 0044d420 f   ssg_vs2008_32:ssgTexTrans.obj
 0001:0004c440       ?setTransform@ssgTexTrans@@UAEXPAUsgCoord@@MMM@Z 0044d440 f   ssg_vs2008_32:ssgTexTrans.obj
 0001:0004c4f0       ?setTransform@ssgTexTrans@@UAEXPAUsgCoord@@@Z 0044d4f0 f   ssg_vs2008_32:ssgTexTrans.obj
 0001:0004c530       ?setTransform@ssgTexTrans@@UAEXQAY03M@Z 0044d530 f   ssg_vs2008_32:ssgTexTrans.obj
 0001:0004c550       ?cull@ssgTexTrans@@UAEXPAVsgFrustum@@QAY03MH@Z 0044d550 f   ssg_vs2008_32:ssgTexTrans.obj
 0001:0004c630       ?save@ssgTransform@@UAEHPAU_iobuf@@@Z 0044d630 f   ssg_vs2008_32:ssgTransform.obj
 0001:0004c630       ?save@ssgTexTrans@@UAEHPAU_iobuf@@@Z 0044d630 f   ssg_vs2008_32:ssgTexTrans.obj
 0001:0004c640       ?clone@ssgTexTrans@@UAEPAVssgBase@@H@Z 0044d640 f   ssg_vs2008_32:ssgTexTrans.obj
 0001:0004c6b0       ??_EssgTexTrans@@UAEPAXI@Z 0044d6b0 f i ssg_vs2008_32:ssgTexTrans.obj
 0001:0004c6b0       ??_GssgTexTrans@@UAEPAXI@Z 0044d6b0 f i ssg_vs2008_32:ssgTexTrans.obj
 0001:0004c6d0       ?getTypeName@ssgAnimTransform@@UAEPBDXZ 0044d6d0 f   ssg_vs2008_32:ssgAnimTransform.obj
 0001:0004c6e0       ?copy_from@ssgAnimTransform@@MAEXPAV1@H@Z 0044d6e0 f   ssg_vs2008_32:ssgAnimTransform.obj
 0001:0004c710       ??0ssgAnimTransform@@QAE@XZ 0044d710 f   ssg_vs2008_32:ssgAnimTransform.obj
 0001:0004c7d0       ??1ssgAnimTransform@@UAE@XZ 0044d7d0 f   ssg_vs2008_32:ssgAnimTransform.obj
 0001:0004c830       ?cull@ssgAnimTransform@@UAEXPAVsgFrustum@@QAY03MH@Z 0044d830 f   ssg_vs2008_32:ssgAnimTransform.obj
 0001:0004c9d0       ?load@ssgAnimTransform@@UAEHPAU_iobuf@@@Z 0044d9d0 f   ssg_vs2008_32:ssgAnimTransform.obj
 0001:0004ca20       ?save@ssgAnimTransform@@UAEHPAU_iobuf@@@Z 0044da20 f   ssg_vs2008_32:ssgAnimTransform.obj
 0001:0004ca70       ?print@ssgAnimTransform@@UAEXPAU_iobuf@@PADH@Z 0044da70 f   ssg_vs2008_32:ssgAnimTransform.obj
 0001:0004cae0       ?clone@ssgAnimTransform@@UAEPAVssgBase@@H@Z 0044dae0 f   ssg_vs2008_32:ssgAnimTransform.obj
 0001:0004cb50       ??_EssgAnimTransform@@UAEPAXI@Z 0044db50 f i ssg_vs2008_32:ssgAnimTransform.obj
 0001:0004cb50       ??_GssgAnimTransform@@UAEPAXI@Z 0044db50 f i ssg_vs2008_32:ssgAnimTransform.obj
 0001:0004cb70       ?copy_from@ssgAxisTransform@@MAEXPAV1@H@Z 0044db70 f   ssg_vs2008_32:ssgAxisTransform.obj
 0001:0004cbf0       ??0ssgAxisTransform@@QAE@XZ 0044dbf0 f   ssg_vs2008_32:ssgAxisTransform.obj
 0001:0004cc30       ??1ssgAxisTransform@@UAE@XZ 0044dc30 f   ssg_vs2008_32:ssgAxisTransform.obj
 0001:0004cc40       ?setAxis@ssgAxisTransform@@UAEXQAM@Z 0044dc40 f   ssg_vs2008_32:ssgAxisTransform.obj
 0001:0004cc70       ?getAxis@ssgAxisTransform@@UAEPAMXZ 0044dc70 f   ssg_vs2008_32:ssgAxisTransform.obj
 0001:0004cc80       ?setCenter@ssgAxisTransform@@UAEXQAM@Z 0044dc80 f   ssg_vs2008_32:ssgAxisTransform.obj
 0001:0004ccb0       ?getCenter@ssgAxisTransform@@UAEPAMXZ 0044dcb0 f   ssg_vs2008_32:ssgAxisTransform.obj
 0001:0004ccc0       ?setRotation@ssgAxisTransform@@UAEXM@Z 0044dcc0 f   ssg_vs2008_32:ssgAxisTransform.obj
 0001:0004cd70       ?setRotationLimits@ssgAxisTransform@@UAEXMM@Z 0044dd70 f   ssg_vs2008_32:ssgAxisTransform.obj
 0001:0004cd90       ?setLinearRotation@ssgAxisTransform@@UAEXM@Z 0044dd90 f   ssg_vs2008_32:ssgAxisTransform.obj
 0001:0004cdc0       ?load@ssgAxisTransform@@UAEHPAU_iobuf@@@Z 0044ddc0 f   ssg_vs2008_32:ssgAxisTransform.obj
 0001:0004ce10       ?save@ssgAxisTransform@@UAEHPAU_iobuf@@@Z 0044de10 f   ssg_vs2008_32:ssgAxisTransform.obj
 0001:0004ce70       ?clone@ssgAxisTransform@@UAEPAVssgBase@@H@Z 0044de70 f   ssg_vs2008_32:ssgAxisTransform.obj
 0001:0004cee0       ??_GssgAxisTransform@@UAEPAXI@Z 0044dee0 f i ssg_vs2008_32:ssgAxisTransform.obj
 0001:0004cee0       ??_EssgAxisTransform@@UAEPAXI@Z 0044dee0 f i ssg_vs2008_32:ssgAxisTransform.obj
 0001:0004cf00       ?copy_from@ssgSelector@@MAEXPAV1@H@Z 0044df00 f   ssg_vs2008_32:ssgSelector.obj
 0001:0004cf40       ??0ssgSelector@@QAE@H@Z    0044df40 f   ssg_vs2008_32:ssgSelector.obj
 0001:0004cfb0       ??1ssgSelector@@UAE@XZ     0044dfb0 f   ssg_vs2008_32:ssgSelector.obj
 0001:0004d010       ?cull@ssgSelector@@UAEXPAVsgFrustum@@QAY03MH@Z 0044e010 f   ssg_vs2008_32:ssgSelector.obj
 0001:0004d0b0       ?hot@ssgSelector@@UAEXQAMQAY03MH@Z 0044e0b0 f   ssg_vs2008_32:ssgSelector.obj
 0001:0004d170       ?los@ssgSelector@@UAEXQAMQAY03MH@Z 0044e170 f   ssg_vs2008_32:ssgSelector.obj
 0001:0004d230       ?isect@ssgSelector@@UAEXPAVsgSphere@@QAY03MH@Z 0044e230 f   ssg_vs2008_32:ssgSelector.obj
 0001:0004d2f0       ?load@ssgSelector@@UAEHPAU_iobuf@@@Z 0044e2f0 f   ssg_vs2008_32:ssgSelector.obj
 0001:0004d350       ?save@ssgSelector@@UAEHPAU_iobuf@@@Z 0044e350 f   ssg_vs2008_32:ssgSelector.obj
 0001:0004d3a0       ?clone@ssgSelector@@UAEPAVssgBase@@H@Z 0044e3a0 f   ssg_vs2008_32:ssgSelector.obj
 0001:0004d410       ??_EssgSelector@@UAEPAXI@Z 0044e410 f i ssg_vs2008_32:ssgSelector.obj
 0001:0004d410       ??_GssgSelector@@UAEPAXI@Z 0044e410 f i ssg_vs2008_32:ssgSelector.obj
 0001:0004d430       ?copy_from@ssgRangeSelector@@MAEXPAV1@H@Z 0044e430 f   ssg_vs2008_32:ssgRangeSelector.obj
 0001:0004d4c0       ??0ssgRangeSelector@@QAE@XZ 0044e4c0 f   ssg_vs2008_32:ssgRangeSelector.obj
 0001:0004d5b0       ??1ssgRangeSelector@@UAE@XZ 0044e5b0 f   ssg_vs2008_32:ssgRangeSelector.obj
 0001:0004d5c0       ?cull@ssgRangeSelector@@UAEXPAVsgFrustum@@QAY03MH@Z 0044e5c0 f   ssg_vs2008_32:ssgRangeSelector.obj
 0001:0004d730       ?hot@ssgRangeSelector@@UAEXQAMQAY03MH@Z 0044e730 f   ssg_vs2008_32:ssgRangeSelector.obj
 0001:0004d7c0       ?los@ssgRangeSelector@@UAEXQAMQAY03MH@Z 0044e7c0 f   ssg_vs2008_32:ssgRangeSelector.obj
 0001:0004d850       ?isect@ssgRangeSelector@@UAEXPAVsgSphere@@QAY03MH@Z 0044e850 f   ssg_vs2008_32:ssgRangeSelector.obj
 0001:0004d8e0       ?load@ssgRangeSelector@@UAEHPAU_iobuf@@@Z 0044e8e0 f   ssg_vs2008_32:ssgRangeSelector.obj
 0001:0004d910       ?save@ssgRangeSelector@@UAEHPAU_iobuf@@@Z 0044e910 f   ssg_vs2008_32:ssgRangeSelector.obj
 0001:0004d940       ?clone@ssgRangeSelector@@UAEPAVssgBase@@H@Z 0044e940 f   ssg_vs2008_32:ssgRangeSelector.obj
 0001:0004d9b0       ??_EssgRangeSelector@@UAEPAXI@Z 0044e9b0 f i ssg_vs2008_32:ssgRangeSelector.obj
 0001:0004d9b0       ??_GssgRangeSelector@@UAEPAXI@Z 0044e9b0 f i ssg_vs2008_32:ssgRangeSelector.obj
 0001:0004d9d0       ?copy_from@ssgTimedSelector@@MAEXPAV1@H@Z 0044e9d0 f   ssg_vs2008_32:ssgAnimation.obj
 0001:0004daa0       ??0ssgTimedSelector@@QAE@H@Z 0044eaa0 f   ssg_vs2008_32:ssgAnimation.obj
 0001:0004dbf0       ?getStep@ssgTimedSelector@@QAEHXZ 0044ebf0 f   ssg_vs2008_32:ssgAnimation.obj
 0001:0004dd30       ??1ssgTimedSelector@@UAE@XZ 0044ed30 f   ssg_vs2008_32:ssgAnimation.obj
 0001:0004dd90       ?load@ssgTimedSelector@@UAEHPAU_iobuf@@@Z 0044ed90 f   ssg_vs2008_32:ssgAnimation.obj
 0001:0004de40       ?save@ssgTimedSelector@@UAEHPAU_iobuf@@@Z 0044ee40 f   ssg_vs2008_32:ssgAnimation.obj
 0001:0004dec0       ?clone@ssgTimedSelector@@UAEPAVssgBase@@H@Z 0044eec0 f   ssg_vs2008_32:ssgAnimation.obj
 0001:0004df30       ??_GssgTimedSelector@@UAEPAXI@Z 0044ef30 f i ssg_vs2008_32:ssgAnimation.obj
 0001:0004df30       ??_EssgTimedSelector@@UAEPAXI@Z 0044ef30 f i ssg_vs2008_32:ssgAnimation.obj
 0001:0004df50       ?cull@ssgTimedSelector@@UAEXPAVsgFrustum@@QAY03MH@Z 0044ef50 f   ssg_vs2008_32:ssgAnimation.obj
 0001:0004dfa0       ?hot@ssgTimedSelector@@UAEXQAMQAY03MH@Z 0044efa0 f   ssg_vs2008_32:ssgAnimation.obj
 0001:0004dfe0       ?los@ssgTimedSelector@@UAEXQAMQAY03MH@Z 0044efe0 f   ssg_vs2008_32:ssgAnimation.obj
 0001:0004e020       ?isect@ssgTimedSelector@@UAEXPAVsgSphere@@QAY03MH@Z 0044f020 f   ssg_vs2008_32:ssgAnimation.obj
 0001:0004e060       ?getTypeName@ssgTweenController@@UAEPBDXZ 0044f060 f   ssg_vs2008_32:ssgTweenController.obj
 0001:0004e070       ?copy_from@ssgTweenController@@MAEXPAV1@H@Z 0044f070 f   ssg_vs2008_32:ssgTweenController.obj
 0001:0004e090       ??0ssgTweenController@@QAE@XZ 0044f090 f   ssg_vs2008_32:ssgTweenController.obj
 0001:0004e0b0       ??1ssgTweenController@@UAE@XZ 0044f0b0 f   ssg_vs2008_32:ssgTweenController.obj
 0001:0004e100       ?cull@ssgTweenController@@UAEXPAVsgFrustum@@QAY03MH@Z 0044f100 f   ssg_vs2008_32:ssgTweenController.obj
 0001:0004e160       ?save@ssgTweenController@@UAEHPAU_iobuf@@@Z 0044f160 f   ssg_vs2008_32:ssgTweenController.obj
 0001:0004e190       ?print@ssgTweenController@@UAEXPAU_iobuf@@PADH@Z 0044f190 f   ssg_vs2008_32:ssgTweenController.obj
 0001:0004e1d0       ?clone@ssgTweenController@@UAEPAVssgBase@@H@Z 0044f1d0 f   ssg_vs2008_32:ssgTweenController.obj
 0001:0004e240       ??_EssgTweenController@@UAEPAXI@Z 0044f240 f i ssg_vs2008_32:ssgTweenController.obj
 0001:0004e240       ??_GssgTweenController@@UAEPAXI@Z 0044f240 f i ssg_vs2008_32:ssgTweenController.obj
 0001:0004e260       ?copy_from@ssgCutout@@MAEXPAV1@H@Z 0044f260 f   ssg_vs2008_32:ssgCutout.obj
 0001:0004e280       ??0ssgCutout@@QAE@H@Z      0044f280 f   ssg_vs2008_32:ssgCutout.obj
 0001:0004e2b0       ??1ssgCutout@@UAE@XZ       0044f2b0 f   ssg_vs2008_32:ssgCutout.obj
 0001:0004e2c0       ?cull@ssgCutout@@UAEXPAVsgFrustum@@QAY03MH@Z 0044f2c0 f   ssg_vs2008_32:ssgCutout.obj
 0001:0004e410       ?hot@ssgCutout@@UAEXQAMQAY03MH@Z 0044f410 f   ssg_vs2008_32:ssgCutout.obj
 0001:0004e420       ?los@ssgCutout@@UAEXQAMQAY03MH@Z 0044f420 f   ssg_vs2008_32:ssgCutout.obj
 0001:0004e430       ?isect@ssgCutout@@UAEXPAVsgSphere@@QAY03MH@Z 0044f430 f   ssg_vs2008_32:ssgCutout.obj
 0001:0004e440       ?load@ssgTweenController@@UAEHPAU_iobuf@@@Z 0044f440 f   ssg_vs2008_32:ssgTweenController.obj
 0001:0004e440       ?load@ssgCutout@@UAEHPAU_iobuf@@@Z 0044f440 f   ssg_vs2008_32:ssgCutout.obj
 0001:0004e470       ?save@ssgCutout@@UAEHPAU_iobuf@@@Z 0044f470 f   ssg_vs2008_32:ssgCutout.obj
 0001:0004e4a0       ?clone@ssgCutout@@UAEPAVssgBase@@H@Z 0044f4a0 f   ssg_vs2008_32:ssgCutout.obj
 0001:0004e510       ??_EssgCutout@@UAEPAXI@Z   0044f510 f i ssg_vs2008_32:ssgCutout.obj
 0001:0004e510       ??_GssgCutout@@UAEPAXI@Z   0044f510 f i ssg_vs2008_32:ssgCutout.obj
 0001:0004e530       ?copy_from@ssgRoot@@MAEXPAV1@H@Z 0044f530 f   ssg_vs2008_32:ssgRoot.obj
 0001:0004e530       ?copy_from@ssgInvisible@@MAEXPAV1@H@Z 0044f530 f   ssg_vs2008_32:ssgInvisible.obj
 0001:0004e540       ??0ssgInvisible@@QAE@XZ    0044f540 f   ssg_vs2008_32:ssgInvisible.obj
 0001:0004e560       ??1ssgInvisible@@UAE@XZ    0044f560 f   ssg_vs2008_32:ssgInvisible.obj
 0001:0004e570       ?load@ssgRoot@@UAEHPAU_iobuf@@@Z 0044f570 f   ssg_vs2008_32:ssgRoot.obj
 0001:0004e570       ?load@ssgInvisible@@UAEHPAU_iobuf@@@Z 0044f570 f   ssg_vs2008_32:ssgInvisible.obj
 0001:0004e580       ?save@ssgInvisible@@UAEHPAU_iobuf@@@Z 0044f580 f   ssg_vs2008_32:ssgInvisible.obj
 0001:0004e580       ?save@ssgRoot@@UAEHPAU_iobuf@@@Z 0044f580 f   ssg_vs2008_32:ssgRoot.obj
 0001:0004e590       ?clone@ssgInvisible@@UAEPAVssgBase@@H@Z 0044f590 f   ssg_vs2008_32:ssgInvisible.obj
 0001:0004e600       ??_EssgInvisible@@UAEPAXI@Z 0044f600 f i ssg_vs2008_32:ssgInvisible.obj
 0001:0004e600       ??_GssgInvisible@@UAEPAXI@Z 0044f600 f i ssg_vs2008_32:ssgInvisible.obj
 0001:0004e620       ??0ssgStateSelector@@QAE@XZ 0044f620 f   ssg_vs2008_32:ssgStateSelector.obj
 0001:0004e660       ??0ssgStateSelector@@QAE@H@Z 0044f660 f   ssg_vs2008_32:ssgStateSelector.obj
 0001:0004e710       ??1ssgStateSelector@@UAE@XZ 0044f710 f   ssg_vs2008_32:ssgStateSelector.obj
 0001:0004e790       ?selectStep@ssgStateSelector@@QAEXI@Z 0044f790 f   ssg_vs2008_32:ssgStateSelector.obj
 0001:0004e7a0       ?getCurrentStep@ssgStateSelector@@QAEPAVssgSimpleState@@XZ 0044f7a0 f   ssg_vs2008_32:ssgStateSelector.obj
 0001:0004e7d0       ?getStep@ssgStateSelector@@QAEPAVssgSimpleState@@H@Z 0044f7d0 f   ssg_vs2008_32:ssgStateSelector.obj
 0001:0004e800       ?setStep@ssgStateSelector@@QAEXHPAVssgSimpleState@@@Z 0044f800 f   ssg_vs2008_32:ssgStateSelector.obj
 0001:0004e840       ?isTranslucent@ssgStateSelector@@UAEHXZ 0044f840 f   ssg_vs2008_32:ssgStateSelector.obj
 0001:0004e850       ?setTranslucent@ssgStateSelector@@UAEXXZ 0044f850 f   ssg_vs2008_32:ssgStateSelector.obj
 0001:0004e860       ?setOpaque@ssgStateSelector@@UAEXXZ 0044f860 f   ssg_vs2008_32:ssgStateSelector.obj
[...]
 0003:006588f0       _curr_norm_                00ae78f0     ssg_vs2008_32:ssgLoadMDL.obj
 0003:006588f4       _curr_part_                00ae78f4     ssg_vs2008_32:ssgLoadMDL.obj
 0003:006588f8       _tex_coords_               00ae78f8     ssg_vs2008_32:ssgLoadMDL.obj
 0003:006588fc       _curr_xfm_                 00ae78fc     ssg_vs2008_32:ssgLoadMDL.obj
 0003:00658900       _stack_                    00ae7900     ssg_vs2008_32:ssgLoadMDL.obj
 0003:00658b00       _spoilers_grp_             00ae7b00     ssg_vs2008_32:ssgLoadMDL.obj
 0003:00658b04       _normal_array_             00ae7b04     ssg_vs2008_32:ssgLoadMDL.obj
 0003:00658b08       _curr_var_                 00ae7b08     ssg_vs2008_32:ssgLoadMDL.obj
 0003:00658b20       ?tex_filename@?KD@??ParseBGL@@YAXPAU_iobuf@@@Z@4PADA 00ae7b20     ssg_vs2008_32:ssgLoadMDL.obj
 0003:00658b60       ?tex_filename@?HH@??ParseBGL@@YAXPAU_iobuf@@@Z@4PADA 00ae7b60     ssg_vs2008_32:ssgLoadMDL.obj
 0003:00658be0       ?tex_filename@?HC@??ParseBGL@@YAXPAU_iobuf@@@Z@4PADA 00ae7be0     ssg_vs2008_32:ssgLoadMDL.obj
 0003:00658bf0       _top_branch                00ae7bf0     ssg_vs2008_32:ssgLoadASC.obj
 0003:00658c10       _currentState              00ae7c10     ssg_vs2008_32:ssgLoadASC.obj
 0003:00658c14       _curr_branch_              00ae7c14     ssg_vs2008_32:ssgLoadASC.obj
 0003:00658c18       _parser                    00ae7c18     ssg_vs2008_32:ssgLoadASC.obj
 0003:006b1810       _current_options           00b40810     ssg_vs2008_32:ssgLoadASC.obj
 0003:006b1814       _noOfAscmaterials          00b40814     ssg_vs2008_32:ssgLoadASC.obj
 0003:006b1818       _untexturedState           00b40818     ssg_vs2008_32:ssgLoadASC.obj
 0003:006b181c       _currentMesh               00b4081c     ssg_vs2008_32:ssgLoadASC.obj
 0003:006b183c       _save_fd                   00b4083c     ssg_vs2008_32:ssgSaveASC.obj
 0003:006b1844       _gSSL                      00b40844     ssg_vs2008_32:ssgSaveASC.obj
 0003:006b1874       _currentOptions            00b40874     ssg_vs2008_32:ssgLoadIV.obj
 0003:006b1878       _definedNodes              00b40878     ssg_vs2008_32:ssgLoadIV.obj
 0003:006b187c       _indentLevel               00b4087c     ssg_vs2008_32:ssgSaveIV.obj
 0003:00708474       _currentOptions            00b97474     ssg_vs2008_32:ssgLoadVRML1.obj
 0003:00708478       _definedNodes              00b97478     ssg_vs2008_32:ssgLoadVRML1.obj
 0003:00708480       _top_branch                00b97480     ssg_vs2008_32:ssgLoadATG.obj
 0003:00708484       __ssgNoVertexNormals       00b97484     ssg_vs2008_32:ssgLoadATG.obj
 0003:00708488       _reduce_numbers            00b97488     ssg_vs2008_32:ssgLoadATG.obj
 0003:0070848c       __ssgNoVertexTC            00b9748c     ssg_vs2008_32:ssgLoadATG.obj
 0003:00708490       __ssgNoFaces               00b97490     ssg_vs2008_32:ssgLoadATG.obj
 0003:00708494       __ssgNoVertices            00b97494     ssg_vs2008_32:ssgLoadATG.obj
 0003:00708498       _parser                    00b97498     ssg_vs2008_32:ssgLoadATG.obj
 0003:0075f08c       _current_options           00bee08c     ssg_vs2008_32:ssgLoadATG.obj
 0003:0075f090       _linearListTCPFAV          00bee090     ssg_vs2008_32:ssgLoadATG.obj
 0003:0075f094       __current_usemtl           00bee094     ssg_vs2008_32:ssgLoadATG.obj
 0003:0075f098       __last_usemtl              00bee098     ssg_vs2008_32:ssgLoadATG.obj
 0003:0075f0a0       __ssg_gbs_x                00bee0a0     ssg_vs2008_32:ssgLoadATG.obj
 0003:0075f0a8       __ssg_gbs_y                00bee0a8     ssg_vs2008_32:ssgLoadATG.obj
 0003:0075f0b0       __ssg_gbs_r                00bee0b0     ssg_vs2008_32:ssgLoadATG.obj
 0003:0075f0b8       __theMesh                  00bee0b8     ssg_vs2008_32:ssgLoadATG.obj
 0003:0075f0d8       _top_branch                00bee0d8     ssg_vs2008_32:ssgLoadOFF.obj
 0003:0075f0dc       _dimension                 00bee0dc     ssg_vs2008_32:ssgLoadOFF.obj
 0003:0075f0e0       _parser                    00bee0e0     ssg_vs2008_32:ssgLoadOFF.obj
 0003:007b5cd4       __ssgNoVerticesToRead      00c44cd4     ssg_vs2008_32:ssgLoadOFF.obj
 0003:007b5cd8       _current_options           00c44cd8     ssg_vs2008_32:ssgLoadOFF.obj
 0003:007b5cdc       _thereIs_ST                00c44cdc     ssg_vs2008_32:ssgLoadOFF.obj
 0003:007b5ce0       _thereIs_C                 00c44ce0     ssg_vs2008_32:ssgLoadOFF.obj
 0003:007b5ce4       _thereIs_N                 00c44ce4     ssg_vs2008_32:ssgLoadOFF.obj
 0003:007b5ce8       _thereIs_4                 00c44ce8     ssg_vs2008_32:ssgLoadOFF.obj
 0003:007b5cec       _theMesh                   00c44cec     ssg_vs2008_32:ssgLoadOFF.obj
 0003:007b5d0c       _current_options           00c44d0c     ssg_vs2008_32:ssgLoadM.obj
 0003:007b5d10       _current_options           00c44d10     ssg_vs2008_32:ssgLoadStrip.obj
 0003:007b5d14       _TexCache                  00c44d14     ssg_vs2008_32:ssgLoadFLT.obj
 0003:007b5d18       _FltCache                  00c44d18     ssg_vs2008_32:ssgLoadFLT.obj
 0003:007b5d1c       _ObsoleteFlag              00c44d1c     ssg_vs2008_32:ssgLoadFLT.obj
 0003:007b5d20       _StateCache                00c44d20     ssg_vs2008_32:ssgLoadFLT.obj
 0003:007b5d24       _NotImplementedFlag        00c44d24     ssg_vs2008_32:ssgLoadFLT.obj
 0003:007b5d28       _LoaderOptions             00c44d28     ssg_vs2008_32:ssgLoadFLT.obj
 0003:007b5d2c       _Inited                    00c44d2c     ssg_vs2008_32:ssgLoadFLT.obj
 0003:007b5d30       _NoTextures                00c44d30     ssg_vs2008_32:ssgLoadFLT.obj
 0003:007b5d34       _NoMipmaps                 00c44d34     ssg_vs2008_32:ssgLoadFLT.obj
 0003:007b5d38       _NoExternals               00c44d38     ssg_vs2008_32:ssgLoadFLT.obj
 0003:007b5d3c       _NoClean                   00c44d3c     ssg_vs2008_32:ssgLoadFLT.obj
 0003:007b5d40       ?path@?1??FindFile@@YAPBDPBD@Z@4PADA 00c44d40     ssg_vs2008_32:ssgLoadFLT.obj
 0003:007b6140       ?depth@?1??ssgLoadFLT@@YAPAVssgEntity@@PBDPBVssgLoaderOptions@@@Z@4HA 00c45140     ssg_vs2008_32:ssgLoadFLT.obj
 0003:007b6144       _texList                   00c45144     ssg_vs2008_32:ssgSaveFLT.obj
 0003:007b6148       _vtxList                   00c45148     ssg_vs2008_32:ssgSaveFLT.obj
 0003:007b614c       _save_fd                   00c4514c     ssg_vs2008_32:ssgSaveFLT.obj
 0003:007b6150       _curr_bank                 00c45150     ssg_vs2008_32:ssgSaveFLT.obj
 0003:007b6154       ?next_name@?1??writeObject@@YAXXZ@4HA 00c45154     ssg_vs2008_32:ssgSaveFLT.obj
 0003:007b6158       ?next_name@?1??writeFace@@YAXPAVssgLeaf@@H@Z@4HA 00c45158     ssg_vs2008_32:ssgSaveFLT.obj
 0003:007b615c       ?next_name@?1??writeVanillaGroup@@YAXXZ@4HA 00c4515c     ssg_vs2008_32:ssgSaveFLT.obj
 0003:007b6160       ?next_name@?1??writeGroup@@YAXPAVssgBranch@@@Z@4HA 00c45160     ssg_vs2008_32:ssgSaveFLT.obj
 0003:007b6168       _top_branch                00c45168     ssg_vs2008_32:ssgLoadX.obj
 0003:007b616c       _currentState              00c4516c     ssg_vs2008_32:ssgLoadX.obj
 0003:007b6170       _parser                    00c45170     ssg_vs2008_32:ssgLoadX.obj
 0003:0080cd64       _globalMaterialList        00c9bd64     ssg_vs2008_32:ssgLoadX.obj
 0003:0080cd68       _curr_branch_              00c9bd68     ssg_vs2008_32:ssgLoadX.obj
 0003:0080cd6c       _current_options           00c9bd6c     ssg_vs2008_32:ssgLoadX.obj
 0003:0080cd70       _currentMesh               00c9bd70     ssg_vs2008_32:ssgLoadX.obj
 0003:0080cd90       _header                    00c9bd90     ssg_vs2008_32:ssgLoadMD2.obj
 0003:0080cdd4       _uvs                       00c9bdd4     ssg_vs2008_32:ssgLoadMD2.obj
 0003:0080cdd8       _skins                     00c9bdd8     ssg_vs2008_32:ssgLoadMD2.obj
 0003:00814dd8       _is_little_endian          00ca3dd8     ssg_vs2008_32:ssgLoadMD2.obj
 0003:00814ddc       _frames                    00ca3ddc     ssg_vs2008_32:ssgLoadMD2.obj
 0003:00814de0       _triangles                 00ca3de0     ssg_vs2008_32:ssgLoadMD2.obj
 0003:00814de4       _loader_fd                 00ca3de4     ssg_vs2008_32:ssgLoadMD2.obj
 0003:00814de8       _vertices                  00ca3de8     ssg_vs2008_32:ssgLoadMD2.obj
 0003:00814dec       _current_options           00ca3dec     ssg_vs2008_32:ssgLoadMD2.obj
 0003:00814df0       _fileout                   00ca3df0     ssg_vs2008_32:ssgSaveTRI.obj
 0003:00814df8       _vert_normal               00ca3df8     ssg_vs2008_32:ssgLoadOBJ.obj
 0003:00814dfc       _vert                      00ca3dfc     ssg_vs2008_32:ssgLoadOBJ.obj
 0003:00814e00       _num_mat                   00ca3e00     ssg_vs2008_32:ssgLoadOBJ.obj
 0003:00814e04       _num_vert                  00ca3e04     ssg_vs2008_32:ssgLoadOBJ.obj
 0003:00814e08       _materials                 00ca3e08     ssg_vs2008_32:ssgLoadOBJ.obj
 0003:00814e0c       _vert_tex                  00ca3e0c     ssg_vs2008_32:ssgLoadOBJ.obj
 0003:00814e10       _face                      00ca3e10     ssg_vs2008_32:ssgLoadOBJ.obj
 0003:00814e14       _num_face                  00ca3e14     ssg_vs2008_32:ssgLoadOBJ.obj
 0003:00814e18       _num_vert_normal           00ca3e18     ssg_vs2008_32:ssgLoadOBJ.obj
 0003:00814e1c       _num_vert_tex              00ca3e1c     ssg_vs2008_32:ssgLoadOBJ.obj
 0003:00814e20       _filename                  00ca3e20     ssg_vs2008_32:ssgLoadOBJ.obj
 0003:00815220       _num_line                  00ca4220     ssg_vs2008_32:ssgLoadOBJ.obj
 0003:00815224       _line_dex                  00ca4224     ssg_vs2008_32:ssgLoadOBJ.obj
 0003:00815228       _current_branch            00ca4228     ssg_vs2008_32:ssgLoadOBJ.obj
 0003:0081522c       _fileout                   00ca422c     ssg_vs2008_32:ssgSaveOBJ.obj
 0003:00815230       _total_vert                00ca4230     ssg_vs2008_32:ssgSaveOBJ.obj
 0003:00815234       _total_normal              00ca4234     ssg_vs2008_32:ssgSaveOBJ.obj
 0003:00815238       _cvec                      00ca4238     ssg_vs2008_32:ssgLoadDXF.obj
 0003:00815244       _color_index               00ca4244     ssg_vs2008_32:ssgLoadDXF.obj
 0003:00815248       _block_name                00ca4248     ssg_vs2008_32:ssgLoadDXF.obj
 0003:0081524c       _mesh                      00ca424c     ssg_vs2008_32:ssgLoadDXF.obj
 0003:0081526c       _scale_vec                 00ca426c     ssg_vs2008_32:ssgLoadDXF.obj
 0003:00815278       _num_face                  00ca4278     ssg_vs2008_32:ssgLoadDXF.obj
 0003:0081527c       _cflags                    00ca427c     ssg_vs2008_32:ssgLoadDXF.obj
 0003:00815280       _rot_angle                 00ca4280     ssg_vs2008_32:ssgLoadDXF.obj
 0003:00815284       _num_line                  00ca4284     ssg_vs2008_32:ssgLoadDXF.obj
 0003:00815288       _ent_type                  00ca4288     ssg_vs2008_32:ssgLoadDXF.obj
 0003:0081528c       _current_options           00ca428c     ssg_vs2008_32:ssgLoadDXF.obj
 0003:00815290       _current_state             00ca4290     ssg_vs2008_32:ssgLoadDXF.obj
 0003:00815294       _top_branch                00ca4294     ssg_vs2008_32:ssgLoadDXF.obj
 0003:00815298       _current_block             00ca4298     ssg_vs2008_32:ssgLoadDXF.obj
 0003:0081529c       _blocks                    00ca429c     ssg_vs2008_32:ssgLoadDXF.obj
 0003:008152a0       _facevert                  00ca42a0     ssg_vs2008_32:ssgLoadDXF.obj
 0003:008152d0       _tempvert                  00ca42d0     ssg_vs2008_32:ssgLoadDXF.obj
 0003:00815300       _meshvert                  00ca4300     ssg_vs2008_32:ssgLoadDXF.obj
 0003:00815330       _linevert                  00ca4330     ssg_vs2008_32:ssgLoadDXF.obj
 0003:00815360       ?color@?6??get_color@@YAAAY03MH@Z@4PAMA 00ca4360     ssg_vs2008_32:ssgLoadDXF.obj
 0003:00815370       _fileout                   00ca4370     ssg_vs2008_32:ssgSaveDXF.obj
 0003:00815374       _materials                 00ca4374     ssg_vs2008_32:ssgLoadDOF.obj
 0003:00815378       _current_options           00ca4378     ssg_vs2008_32:ssgLoadDOF.obj
 0003:00815380       _top_branch                00ca4380     ssg_vs2008_32:ssgLoadASE.obj
 0003:00815384       _num_materials             00ca4384     ssg_vs2008_32:ssgLoadASE.obj
 0003:00815388       _materials                 00ca4388     ssg_vs2008_32:ssgLoadASE.obj
 0003:0081538c       _ticks_per_frame           00ca438c     ssg_vs2008_32:ssgLoadASE.obj
 0003:00815390       _frame_speed               00ca4390     ssg_vs2008_32:ssgLoadASE.obj
 0003:00815394       _first_frame               00ca4394     ssg_vs2008_32:ssgLoadASE.obj
 0003:00815398       _parser                    00ca4398     ssg_vs2008_32:ssgLoadASE.obj
 0003:0086bf8c       _last_frame                00cfaf8c     ssg_vs2008_32:ssgLoadASE.obj
 0003:0086bf90       _current_options           00cfaf90     ssg_vs2008_32:ssgLoadASE.obj
 0003:0086bf94       _num_frames                00cfaf94     ssg_vs2008_32:ssgLoadASE.obj
 0003:0086bf98       _save_fd                   00cfaf98     ssg_vs2008_32:ssgSaveASE.obj
 0003:0086bf9c       _gSSL                      00cfaf9c     ssg_vs2008_32:ssgSaveASE.obj
 0003:0086bfcc       _save_fd                   00cfafcc     ssg_vs2008_32:ssgSaveAC.obj
 0003:0086bfd0       _tlist                     00cfafd0     ssg_vs2008_32:ssgSaveAC.obj
 0003:0086bfd4       _vlist                     00cfafd4     ssg_vs2008_32:ssgSaveAC.obj
 0003:0086bfd8       _gSSL                      00cfafd8     ssg_vs2008_32:ssgSaveAC.obj
 0003:0086c008       _smooth_list               00cfb008     ssg_vs2008_32:ssgLoad3ds.obj
 0003:0086c00c       _num_faces                 00cfb00c     ssg_vs2008_32:ssgLoad3ds.obj
 0003:0086c010       _face_normals              00cfb010     ssg_vs2008_32:ssgLoad3ds.obj
 0003:0086c014       _face_lists                00cfb014     ssg_vs2008_32:ssgLoad3ds.obj
 0003:0086c018       _num_objects               00cfb018     ssg_vs2008_32:ssgLoad3ds.obj
 0003:0086c01c       _current_transform         00cfb01c     ssg_vs2008_32:ssgLoad3ds.obj
 0003:0086c020       _num_materials             00cfb020     ssg_vs2008_32:ssgLoad3ds.obj
 0003:0086c024       _materials                 00cfb024     ssg_vs2008_32:ssgLoad3ds.obj
 0003:0086c028       _texcrd_list               00cfb028     ssg_vs2008_32:ssgLoad3ds.obj
 0003:0086c02c       _model                     00cfb02c     ssg_vs2008_32:ssgLoad3ds.obj
 0003:0086c030       _facemat_found             00cfb030     ssg_vs2008_32:ssgLoad3ds.obj
 0003:0086c034       _normal_index              00cfb034     ssg_vs2008_32:ssgLoad3ds.obj
 0003:0086c038       _vertex_normals            00cfb038     ssg_vs2008_32:ssgLoad3ds.obj
 0003:0086c03c       _last_dummy_object         00cfb03c     ssg_vs2008_32:ssgLoad3ds.obj
 0003:0086c040       _double_sided              00cfb040     ssg_vs2008_32:ssgLoad3ds.obj
 0003:0086c044       _colour_mode               00cfb044     ssg_vs2008_32:ssgLoad3ds.obj
 0003:0086c048       _current_branch            00cfb048     ssg_vs2008_32:ssgLoad3ds.obj
 0003:0086c04c       _smooth_found              00cfb04c     ssg_vs2008_32:ssgLoad3ds.obj
 0003:0086c050       _top_object                00cfb050     ssg_vs2008_32:ssgLoad3ds.obj
 0003:0086c054       _num_vertices              00cfb054     ssg_vs2008_32:ssgLoad3ds.obj
 0003:0086c058       _current_material          00cfb058     ssg_vs2008_32:ssgLoad3ds.obj
 0003:0086c05c       _vertex_list               00cfb05c     ssg_vs2008_32:ssgLoad3ds.obj
 0003:0086c060       _vertex_index              00cfb060     ssg_vs2008_32:ssgLoad3ds.obj
 0003:0086c064       _num_textures              00cfb064     ssg_vs2008_32:ssgLoad3ds.obj
 0003:0086c068       _current_options           00cfb068     ssg_vs2008_32:ssgLoad3ds.obj
 0003:0086c06c       _object_list               00cfb06c     ssg_vs2008_32:ssgLoad3ds.obj
 0003:0086c070       _dummy_id                  00cfb070     ssg_vs2008_32:ssgLoad3ds.obj
 0003:0086c074       _last_id                   00cfb074     ssg_vs2008_32:ssgLoad3ds.obj
 0003:0086c080       _save_fd                   00cfb080     ssg_vs2008_32:ssgSave3ds.obj
 0003:0086c084       _mat_count                 00cfb084     ssg_vs2008_32:ssgSave3ds.obj
 0003:0086c088       _mat                       00cfb088     ssg_vs2008_32:ssgSave3ds.obj
 0003:0086c288       ?matnamebuff@?1??get_material_name@@YAPADPAVssgSimpleState@@@Z@4PADA 00cfb288     ssg_vs2008_32:ssgSave3ds.obj
 0003:0086c298       __ssgInstanceList          00cfb298     ssg_vs2008_32:ssgLoadSSG.obj
 0003:0086c2a0       _next_dlist                00cfb2a0     ssg_vs2008_32:ssgDList.obj
 0003:0086c2a8       _dlist                     00cfb2a8     ssg_vs2008_32:ssgDList.obj
 0003:0090c2a8       __ssgPendingPostDrawCB     00d9b2a8     ssg_vs2008_32:ssgState.obj
 0003:0090c2ac       __ssgPreviousState         00d9b2ac     ssg_vs2008_32:ssgState.obj
 0003:0090c2b0       _current_tween_state       00d9b2b0     ssg_vs2008_32:ssgTween.obj
 0003:0090c2b4       _current_tween_mode        00d9b2b4     ssg_vs2008_32:ssgTween.obj
 0003:0090c2e8       _stats_string              00d9b2e8     ssg_vs2008_32:ssgStats.obj
 0003:0090c748       __ulErrorBuffer            00d9b748     ul_vs2008_32:ulError.obj
 0003:0090cb48       __ulErrorCB                00d9bb48     ul_vs2008_32:ulError.obj
 0003:0090cb58       __Tuple_alloc              00d9bb58     libcpmt:xthrow.obj
 0003:0090cb59       _ignore                    00d9bb59     libcpmt:xthrow.obj
 0003:0090cb5a       _allocator_arg             00d9bb5a     libcpmt:xthrow.obj
 0003:0090cb5b       _piecewise_construct       00d9bb5b     libcpmt:xthrow.obj
 0003:0090cb5c       _allocator_arg             00d9bb5c     libcpmt:syserror.obj
 0003:0090cb5d       _piecewise_construct       00d9bb5d     libcpmt:syserror.obj
 0003:0090cb64       ___enable_percent_n        00d9bb64     LIBCMT:printf.obj
 0003:0090ccb8       __pmatherr_set             00d9bcb8     LIBCMT:libm_error.obj
 0003:0090ccc0       _lclcritsects              00d9bcc0     LIBCMT:mlock.obj
 0003:0090ce20       ?outmsg@?8??_NMSG_WRITE@@9@9 00d9be20     LIBCMT:crt0msg.obj
 0003:0090d454       _g_pfnRtlGenRandom         00d9c454     LIBCMT:rand_s.obj
 0003:0090d458       _ctrlc_action              00d9c458     LIBCMT:winsig.obj
 0003:0090d45c       _ctrlbreak_action          00d9c45c     LIBCMT:winsig.obj
 0003:0090d460       _abort_action              00d9c460     LIBCMT:winsig.obj
 0003:0090d464       _term_action               00d9c464     LIBCMT:winsig.obj
 0003:0090d468       _ConsoleCtrlHandler_Installed 00d9c468     LIBCMT:winsig.obj
 0003:0090d484       _fSystemSet                00d9c484     LIBCMT:mbctype.obj
 0003:0090d494       ___type_info_root_node     00d9c494     LIBCMT:typname.obj
 0003:0090d4a0       ?_pgmname@?1??_setargv@@9@9 00d9c4a0     LIBCMT:stdargv.obj
 0003:0090d5b0       _GS_ExceptionRecord        00d9c5b0     LIBCMT:gs_report.obj
 0003:0090d600       _GS_ContextRecord          00d9c600     LIBCMT:gs_report.obj
 0003:0090d8cc       _DebuggerWasPresent        00d9c8cc     LIBCMT:gs_report.obj
 0003:0090d8d4       ?pfnMessageBox@?1??__crtMessageBoxW@@9@9 00d9c8d4     LIBCMT:crtmboxw.obj
 0003:0090d8d8       ?pfnGetActiveWindow@?1??__crtMessageBoxW@@9@9 00d9c8d8     LIBCMT:crtmboxw.obj
 0003:0090d8dc       ?pfnGetLastActivePopup@?1??__crtMessageBoxW@@9@9 00d9c8dc     LIBCMT:crtmboxw.obj
 0003:0090d8e0       ?pfnGetProcessWindowStation@?1??__crtMessageBoxW@@9@9 00d9c8e0     LIBCMT:crtmboxw.obj
 0003:0090d8e4       ?pfnGetUserObjectInformation@?1??__crtMessageBoxW@@9@9 00d9c8e4     LIBCMT:crtmboxw.obj
 0003:0090d8e8       ___crtCallProc             00d9c8e8     LIBCMT:winapinls.obj
 0003:0090d920       _heap                      00d9c920     LIBCMT:undname.obj
 0003:0090d938       _lastTZ                    00d9c938     LIBCMT:tzset.obj
 0003:0090d93c       ?first_time@?1??__tzset@@9@9 00d9c93c     LIBCMT:tzset.obj
 0003:0090d940       _tzapiused                 00d9c940     LIBCMT:tzset.obj
 0003:0090d948       _tzinfo                    00d9c948     LIBCMT:tzset.obj
