 olethros

 Timestamp is 5183046f (Fri May 03 02:27:27 2013)

 Preferred load address is 10000000

 Start         Length     Name                   Class
 0001:00000000 000788f4H .text                   CODE
 0001:00078900 00000fb3H .text$x                 CODE
 0001:000798c0 000003edH .text$yc                CODE
 0001:00079cb0 0000006fH .text$yd                CODE
 0002:00000000 000001a4H .idata$5                DATA
 0002:000001a4 00000004H .CRT$XCA                DATA
 0002:000001a8 00000004H .CRT$XCC                DATA
 0002:000001ac 00000078H .CRT$XCU                DATA
 0002:00000224 00000004H .CRT$XCZ                DATA
 0002:00000228 00000004H .CRT$XIA                DATA
 0002:0000022c 00000018H .CRT$XIC                DATA
 0002:00000244 00000004H .CRT$XIZ                DATA
 0002:00000248 00000004H .CRT$XPA                DATA
 0002:0000024c 00000008H .CRT$XPX                DATA
 0002:00000254 00000004H .CRT$XPXA               DATA
 0002:00000258 00000004H .CRT$XPZ                DATA
 0002:0000025c 00000004H .CRT$XTA                DATA
 0002:00000260 00000004H .CRT$XTZ                DATA
 0002:00000270 0001e418H .rdata                  DATA
 0002:0001e688 00000088H .rdata$debug            DATA
 0002:0001e710 00000860H .rdata$r                DATA
 0002:0001ef70 0000014cH .rdata$sxdata           DATA
 0002:0001f0bc 00000004H .rtc$IAA                DATA
 0002:0001f0c0 00000030H .rtc$IMZ                DATA
 0002:0001f0f0 00000004H .rtc$IZZ                DATA
 0002:0001f0f4 00000004H .rtc$TAA                DATA
 0002:0001f0f8 00000030H .rtc$TMZ                DATA
 0002:0001f128 00000004H .rtc$TZZ                DATA
 0002:0001f130 00001f6cH .xdata$x                DATA
 0002:0002109c 00000050H .idata$2                DATA
 0002:000210ec 00000014H .idata$3                DATA
 0002:00021100 000001a4H .idata$4                DATA
 0002:000212a4 00000774H .idata$6                DATA
 0002:00021a20 00000048H .edata                  DATA
 0003:00000000 00001810H .data                   DATA
 0003:00001820 00002480H .bss                    DATA

  Address         Publics by Value              Rva+Base       Lib:Object

 0000:00000000       __except_list              00000000     <absolute>
 0000:00000053       ___safe_se_handler_count   00000053     <absolute>
 0000:00000000       ___ImageBase               10000000     <linker-defined>
 0001:00000000       ?update@SingleCardata@@QAEXXZ 10001000 f   cardata.obj
 0001:00000190       ?getSpeed@SingleCardata@@KAMPAUCarElt@@M@Z 10001190 f   cardata.obj
 0001:00000270       ??0Cardata@@QAE@PAUSituation@@@Z 10001270 f   cardata.obj
 0001:00000390       ??1Cardata@@QAE@XZ         10001390 f   cardata.obj
 0001:000003d0       ?update@Cardata@@QAEXXZ    100013d0 f   cardata.obj
 0001:00000430       ?findCar@Cardata@@QAEPAVSingleCardata@@PAUCarElt@@@Z 10001430 f   cardata.obj
 0001:000004a0       ??0SingleCardata@@QAE@XZ   100014a0 f i cardata.obj
 0001:00000500       ??0v2d@@QAE@XZ             10001500 f i cardata.obj
 0001:00000520       ??Dv2d@@QBEMABV0@@Z        10001520 f i cardata.obj
 0001:00000570       ??_H@YGXPAXIHP6EPAX0@Z@Z   10001570 f i cardata.obj
 0001:000005b0       ?cos@@YAMM@Z               100015b0 f i cardata.obj
 0001:000005d0       ?init@SingleCardata@@QAEXPAUCarElt@@@Z 100015d0 f i cardata.obj
 0001:000005f0       ?sgdMakeCoordMat4@@YAXQAY03NPBUsgdCoord@@@Z 100015f0 f i cardata.obj
 0001:00000620       ?sgdMakeCoordMat4@@YAXQAY03NQBN1@Z 10001620 f i cardata.obj
 0001:000006d0       ?sin@@YAMM@Z               100016d0 f i cardata.obj
 0001:000006f0       ?thisCar@SingleCardata@@QAE_NPAUCarElt@@@Z 100016f0 f i cardata.obj
 0001:00000730       _cosf                      10001730 f i cardata.obj
 0001:00000790       _sinf                      10001790 f i cardata.obj
 0001:000007f0       ??0Driver@@QAE@H@Z         100017f0 f   driver.obj
 0001:000008b0       ??1Driver@@QAE@XZ          100018b0 f   driver.obj
 0001:00000bc0       ?initTrack@Driver@@QAEXPAUtTrack@@PAXPAPAXPAUSituation@@@Z 10001bc0 f   driver.obj
 0001:00000eb0       ?newRace@Driver@@QAEXPAUCarElt@@PAUSituation@@@Z 10001eb0 f   driver.obj
 0001:000014b0       ?drive@Driver@@QAEXPAUSituation@@@Z 100024b0 f   driver.obj
 0001:00001c10       ?pitCommand@Driver@@QAEHPAUSituation@@@Z 10002c10 f   driver.obj
 0001:00001cb0       ?endRace@Driver@@QAEXPAUSituation@@@Z 10002cb0 f   driver.obj
 0001:00001cd0       ?isStuck@Driver@@IAE_NXZ   10002cd0 f   driver.obj
 0001:00001de0       ?update@Driver@@IAEXPAUSituation@@@Z 10002de0 f   driver.obj
 0001:00002180       ?prepareTrack@Driver@@IAEXXZ 10003180 f   driver.obj
 0001:00002d80       ?getAllowedSpeed@Driver@@IAEMPAUtrackSeg@@@Z 10003d80 f   driver.obj
 0001:000033d0       ?getAccel@Driver@@IAEMXZ   100043d0 f   driver.obj
 0001:00003770       ?getDistToSegEnd@Driver@@IAEMXZ 10004770 f   driver.obj
 0001:00003810       ?getBrake@Driver@@IAEMXZ   10004810 f   driver.obj
 0001:000039f0       ?getGear@Driver@@IAEHXZ    100049f0 f   driver.obj
 0001:00003cb0       ?EstimateTorque@Driver@@IAEMM@Z 10004cb0 f   driver.obj
 0001:00003ee0       ?getSteer@Driver@@IAEMXZ   10004ee0 f   driver.obj
 0001:00004190       ?getClutch@Driver@@IAEMXZ  10005190 f   driver.obj
 0001:00004490       ?getTargetPoint@Driver@@IAE?AVv2d@@XZ 10005490 f   driver.obj
 0001:000050b0       ?getOffset@Driver@@IAEMXZ  100060b0 f   driver.obj
 0001:000058b0       ?brakedist@Driver@@IAEMMM@Z 100068b0 f   driver.obj
 0001:00005a10       ?filterOverlap@Driver@@IAEMM@Z 10006a10 f   driver.obj
 0001:00005ac0       ?filterBColl@Driver@@IAEMM@Z 10006ac0 f   driver.obj
 0001:00005d00       ?filterABS@Driver@@IAEMM@Z 10006d00 f   driver.obj
 0001:00005e30       ?filterBPit@Driver@@IAEMM@Z 10006e30 f   driver.obj
 0001:00006240       ?filterBrakeSpeed@Driver@@IAEMM@Z 10007240 f   driver.obj
 0001:000062f0       ?filterTCL@Driver@@IAEMM@Z 100072f0 f   driver.obj
 0001:00006430       ?filterTrk@Driver@@IAEMPAUSituation@@M@Z 10007430 f   driver.obj
 0001:000071d0       ?filterAPit@Driver@@IAEMM@Z 100081d0 f   driver.obj
 0001:000073f0       ?filterSColl@Driver@@IAEMM@Z 100083f0 f   driver.obj
 0001:00007ab0       ?filterTCL_RWD@Driver@@IAEMXZ 10008ab0 f   driver.obj
 0001:00007b30       ?filterTCL_FWD@Driver@@IAEMXZ 10008b30 f   driver.obj
 0001:00007bb0       ?filterTCL_4WD@Driver@@IAEMXZ 10008bb0 f   driver.obj
 0001:00007c80       ?initTCLfilter@Driver@@IAEXXZ 10008c80 f   driver.obj
 0001:00007d50       ?initCa@Driver@@IAEXXZ     10008d50 f   driver.obj
 0001:00007ff0       ?initCw@Driver@@IAEXXZ     10008ff0 f   driver.obj
 0001:000080b0       ?initTireMu@Driver@@IAEXXZ 100090b0 f   driver.obj
 0001:000081f0       ?computeRadius@Driver@@IAEXPAM@Z 100091f0 f   driver.obj
 0001:00008540       ?isAlone@Driver@@IAEHXZ    10009540 f   driver.obj
 0001:000085f0       ?EstimateRadius2@Driver@@IAEMPAUtrackSeg@@@Z 100095f0 f   driver.obj
 0001:000087f0       ?EstimateRadius@Driver@@IAEMPAUtrackSeg@@00@Z 100097f0 f   driver.obj
 0001:00008a50       ?FindCurveTarget@Driver@@IAEMPAUtrackSeg@@PAVVector@@M@Z 10009a50 f   driver.obj
 0001:00008dd0       ?FindStraightTarget@Driver@@IAEMPAUtrackSeg@@0PAVVector@@MAA_N@Z 10009dd0 f   driver.obj
 0001:000090e0       ?AdjustRadi@Driver@@IAEXPAUtrackSeg@@0PAM@Z 1000a0e0 f   driver.obj
 0001:00009380       ?ShowPaths@Driver@@IAEXXZ  1000a380 f   driver.obj
 0001:00009590       ??$_Allocate@M@std@@YAPAMIPAM@Z 1000a590 f i driver.obj
 0001:000095f0       ??$_Allocate@U_Container_proxy@std@@@std@@YAPAU_Container_proxy@0@IPAU10@@Z 1000a5f0 f i driver.obj
 0001:00009650       ??$_Allocate@VSegment@@@std@@YAPAVSegment@@IPAV1@@Z 1000a650 f i driver.obj
 0001:000096b0       ??$_Allocate@VVector@@@std@@YAPAVVector@@IPAV1@@Z 1000a6b0 f i driver.obj
 0001:00009710       ??$_Debug_pointer@M@std@@YAXPAMPB_WI@Z 1000a710 f i driver.obj
 0001:00009740       ??$_Debug_pointer@V?$_Vector_const_iterator@V?$_Vector_val@U?$_Simple_types@VSegment@@@std@@@std@@@std@@@std@@YAXAAV?$_Vector_const_iterator@V?$_Vector_val@U?$_Simple_types@VSegment@@@std@@@std@@@0@PB_WI@Z 1000a740 f i driver.obj
 0001:00009750       ??$_Debug_pointer@V?$_Vector_const_iterator@V?$_Vector_val@U?$_Simple_types@VVector@@@std@@@std@@@std@@@std@@YAXAAV?$_Vector_const_iterator@V?$_Vector_val@U?$_Simple_types@VVector@@@std@@@std@@@0@PB_WI@Z 1000a750 f i driver.obj
 0001:00009760       ??$_Debug_pointer@VSegment@@@std@@YAXPAVSegment@@PB_WI@Z 1000a760 f i driver.obj
 0001:00009790       ??$_Debug_pointer@VVector@@@std@@YAXPAVVector@@PB_WI@Z 1000a790 f i driver.obj
 0001:000097c0       ??$_Debug_range2@PAM@std@@YAXPAM0PB_WIUrandom_access_iterator_tag@0@@Z 1000a7c0 f i driver.obj
 0001:00009820       ??$_Debug_range2@PAVSegment@@@std@@YAXPAVSegment@@0PB_WIUrandom_access_iterator_tag@0@@Z 1000a820 f i driver.obj
 0001:00009880       ??$_Debug_range2@PAVVector@@@std@@YAXPAVVector@@0PB_WIUrandom_access_iterator_tag@0@@Z 1000a880 f i driver.obj
 0001:000098e0       ??$_Debug_range2@V?$_Vector_const_iterator@V?$_Vector_val@U?$_Simple_types@VSegment@@@std@@@std@@@std@@@std@@YAXV?$_Vector_const_iterator@V?$_Vector_val@U?$_Simple_types@VSegment@@@std@@@std@@@0@0PB_WIUrandom_access_iterator_tag@0@@Z 1000a8e0 f i driver.obj
 0001:000099a0       ??$_Debug_range2@V?$_Vector_const_iterator@V?$_Vector_val@U?$_Simple_types@VVector@@@std@@@std@@@std@@@std@@YAXV?$_Vector_const_iterator@V?$_Vector_val@U?$_Simple_types@VVector@@@std@@@std@@@0@0PB_WIUrandom_access_iterator_tag@0@@Z 1000a9a0 f i driver.obj
 0001:00009a60       ??$_Debug_range@PAM@std@@YAXPAM0PB_WI@Z 1000aa60 f i driver.obj
 0001:00009ab0       ??$_Debug_range@PAVSegment@@@std@@YAXPAVSegment@@0PB_WI@Z 1000aab0 f i driver.obj
 0001:00009b00       ??$_Debug_range@PAVVector@@@std@@YAXPAVVector@@0PB_WI@Z 1000ab00 f i driver.obj
 0001:00009b50       ??$_Debug_range@V?$_Vector_const_iterator@V?$_Vector_val@U?$_Simple_types@VSegment@@@std@@@std@@@std@@@std@@YAXV?$_Vector_const_iterator@V?$_Vector_val@U?$_Simple_types@VSegment@@@std@@@std@@@0@0PB_WI@Z 1000ab50 f i driver.obj
 0001:00009c30       ??$_Debug_range@V?$_Vector_const_iterator@V?$_Vector_val@U?$_Simple_types@VVector@@@std@@@std@@@std@@@std@@YAXV?$_Vector_const_iterator@V?$_Vector_val@U?$_Simple_types@VVector@@@std@@@std@@@0@0PB_WI@Z 1000ac30 f i driver.obj
 0001:00009d10       ??$_Destroy_range@U?$_Wrap_alloc@V?$allocator@H@std@@@std@@@std@@YAXPAH0AAU?$_Wrap_alloc@V?$allocator@H@std@@@0@@Z 1000ad10 f i driver.obj
 0001:00009d60       ??$_Destroy_range@U?$_Wrap_alloc@V?$allocator@H@std@@@std@@@std@@YAXPAH0AAU?$_Wrap_alloc@V?$allocator@H@std@@@0@U_Scalar_ptr_iterator_tag@0@@Z 1000ad60 f i driver.obj
 0001:00009d70       ??$_Destroy_range@U?$_Wrap_alloc@V?$allocator@M@std@@@std@@@std@@YAXPAM0AAU?$_Wrap_alloc@V?$allocator@M@std@@@0@@Z 1000ad70 f i driver.obj
 0001:00009dc0       ??$_Destroy_range@U?$_Wrap_alloc@V?$allocator@M@std@@@std@@@std@@YAXPAM0AAU?$_Wrap_alloc@V?$allocator@M@std@@@0@U_Scalar_ptr_iterator_tag@0@@Z 1000adc0 f i driver.obj
 0001:00009dd0       ??$_Destroy_range@U?$_Wrap_alloc@V?$allocator@VSegment@@@std@@@std@@@std@@YAXPAVSegment@@0AAU?$_Wrap_alloc@V?$allocator@VSegment@@@std@@@0@@Z 1000add0 f i driver.obj
 0001:00009e20       ??$_Destroy_range@U?$_Wrap_alloc@V?$allocator@VSegment@@@std@@@std@@@std@@YAXPAVSegment@@0AAU?$_Wrap_alloc@V?$allocator@VSegment@@@std@@@0@U_Nonscalar_ptr_iterator_tag@0@@Z 1000ae20 f i driver.obj
 0001:00009e50       ??$_Destroy_range@U?$_Wrap_alloc@V?$allocator@VVector@@@std@@@std@@@std@@YAXPAVVector@@0AAU?$_Wrap_alloc@V?$allocator@VVector@@@std@@@0@@Z 1000ae50 f i driver.obj
 0001:00009ea0       ??$_Destroy_range@U?$_Wrap_alloc@V?$allocator@VVector@@@std@@@std@@@std@@YAXPAVVector@@0AAU?$_Wrap_alloc@V?$allocator@VVector@@@std@@@0@U_Nonscalar_ptr_iterator_tag@0@@Z 1000aea0 f i driver.obj
 0001:00009ed0       ??$_Fill_n@PAMIM@std@@YAPAMPAMIABM@Z 1000aed0 f i driver.obj
 0001:00009f00       ??$_Iter_cat@PAM@std@@YA?AUrandom_access_iterator_tag@0@ABQAM@Z 1000af00 f i driver.obj
 0001:00009f60       ??$_Iter_cat@PAVSegment@@@std@@YA?AUrandom_access_iterator_tag@0@ABQAVSegment@@@Z 1000af60 f i driver.obj
 0001:00009fc0       ??$_Iter_cat@PAVVector@@@std@@YA?AUrandom_access_iterator_tag@0@ABQAVVector@@@Z 1000afc0 f i driver.obj
 0001:0000a020       ??$_Iter_cat@V?$_Vector_const_iterator@V?$_Vector_val@U?$_Simple_types@VSegment@@@std@@@std@@@std@@@std@@YA?AUrandom_access_iterator_tag@0@ABV?$_Vector_const_iterator@V?$_Vector_val@U?$_Simple_types@VSegment@@@std@@@std@@@0@@Z 1000b020 f i driver.obj
 0001:0000a080       ??$_Iter_cat@V?$_Vector_const_iterator@V?$_Vector_val@U?$_Simple_types@VVector@@@std@@@std@@@std@@@std@@YA?AUrandom_access_iterator_tag@0@ABV?$_Vector_const_iterator@V?$_Vector_val@U?$_Simple_types@VVector@@@std@@@std@@@0@@Z 1000b080 f i driver.obj
 0001:0000a0e0       ??$_Move@PAMPAM@std@@YAPAMPAM00@Z 1000b0e0 f i driver.obj
 0001:0000a130       ??$_Move@PAMPAM@std@@YAPAMPAM00U_Scalar_ptr_iterator_tag@0@@Z 1000b130 f i driver.obj
 0001:0000a180       ??$_Ptr_cat@HH@std@@YA?AU_Scalar_ptr_iterator_tag@0@PAH0@Z 1000b180 f i driver.obj
 0001:0000a1d0       ??$_Ptr_cat@MM@std@@YA?AU_Scalar_ptr_iterator_tag@0@PAM0@Z 1000b1d0 f i driver.obj
 0001:0000a220       ??$_Ptr_cat@V?$_Vector_const_iterator@V?$_Vector_val@U?$_Simple_types@VSegment@@@std@@@std@@@std@@PAVSegment@@@std@@YA?AU_Nonscalar_ptr_iterator_tag@0@AAV?$_Vector_const_iterator@V?$_Vector_val@U?$_Simple_types@VSegment@@@std@@@std@@@0@AAPAVSegment@@@Z 1000b220 f i driver.obj
 0001:0000a270       ??$_Ptr_cat@V?$_Vector_const_iterator@V?$_Vector_val@U?$_Simple_types@VVector@@@std@@@std@@@std@@PAVVector@@@std@@YA?AU_Nonscalar_ptr_iterator_tag@0@AAV?$_Vector_const_iterator@V?$_Vector_val@U?$_Simple_types@VVector@@@std@@@std@@@0@AAPAVVector@@@Z 1000b270 f i driver.obj
 0001:0000a2c0       ??$_Ptr_cat@VSegment@@V1@@std@@YA?AU_Nonscalar_ptr_iterator_tag@0@PAVSegment@@0@Z 1000b2c0 f i driver.obj
 0001:0000a310       ??$_Ptr_cat@VVector@@V1@@std@@YA?AU_Nonscalar_ptr_iterator_tag@0@PAVVector@@0@Z 1000b310 f i driver.obj
 0001:0000a360       ??$_Ucopy@V?$_Vector_const_iterator@V?$_Vector_val@U?$_Simple_types@VSegment@@@std@@@std@@@std@@@?$vector@VSegment@@V?$allocator@VSegment@@@std@@@std@@IAEPAVSegment@@V?$_Vector_const_iterator@V?$_Vector_val@U?$_Simple_types@VSegment@@@std@@@std@@@1@0PAV2@@Z 1000b360 f i driver.obj
 0001:0000a470       ??$_Ucopy@V?$_Vector_const_iterator@V?$_Vector_val@U?$_Simple_types@VVector@@@std@@@std@@@std@@@?$vector@VVector@@V?$allocator@VVector@@@std@@@std@@IAEPAVVector@@V?$_Vector_const_iterator@V?$_Vector_val@U?$_Simple_types@VVector@@@std@@@std@@@1@0PAV2@@Z 1000b470 f i driver.obj
 0001:0000a580       ??$_Umove@PAM@?$vector@MV?$allocator@M@std@@@std@@IAEPAMPAM00@Z 1000b580 f i driver.obj
 0001:0000a600       ??$_Umove@PAVSegment@@@?$vector@VSegment@@V?$allocator@VSegment@@@std@@@std@@IAEPAVSegment@@PAV2@00@Z 1000b600 f i driver.obj
 0001:0000a680       ??$_Umove@PAVVector@@@?$vector@VVector@@V?$allocator@VVector@@@std@@@std@@IAEPAVVector@@PAV2@00@Z 1000b680 f i driver.obj
 0001:0000a700       ??$_Uninit_copy@V?$_Vector_const_iterator@V?$_Vector_val@U?$_Simple_types@VSegment@@@std@@@std@@@std@@PAVSegment@@V?$allocator@VSegment@@@2@@std@@YAPAVSegment@@V?$_Vector_const_iterator@V?$_Vector_val@U?$_Simple_types@VSegment@@@std@@@std@@@0@0PAV1@AAU?$_Wrap_alloc@V?$allocator@VSegment@@@std@@@0@U_Nonscalar_ptr_iterator_tag@0@@Z 1000b700 f i driver.obj
 0001:0000a890       ??$_Uninit_copy@V?$_Vector_const_iterator@V?$_Vector_val@U?$_Simple_types@VVector@@@std@@@std@@@std@@PAVVector@@V?$allocator@VVector@@@2@@std@@YAPAVVector@@V?$_Vector_const_iterator@V?$_Vector_val@U?$_Simple_types@VVector@@@std@@@std@@@0@0PAV1@AAU?$_Wrap_alloc@V?$allocator@VVector@@@std@@@0@U_Nonscalar_ptr_iterator_tag@0@@Z 1000b890 f i driver.obj
 0001:0000aa20       ??$_Uninit_def_fill_n@MIM@std@@YAXPAMIAAU?$_Wrap_alloc@V?$allocator@M@std@@@0@0U_Scalar_ptr_iterator_tag@0@@Z 1000ba20 f i driver.obj
 0001:0000aa60       ??$_Uninit_move@MMM@std@@YAPAMPAM00AAU?$_Wrap_alloc@V?$allocator@M@std@@@0@0U_Scalar_ptr_iterator_tag@0@@Z 1000ba60 f i driver.obj
 0001:0000aae0       ??$_Uninit_move@PAVSegment@@PAV1@V?$allocator@VSegment@@@std@@V1@@std@@YAPAVSegment@@PAV1@00AAU?$_Wrap_alloc@V?$allocator@VSegment@@@std@@@0@0U_Nonscalar_ptr_iterator_tag@0@@Z 1000bae0 f i driver.obj
 0001:0000abe0       ??$_Uninit_move@PAVVector@@PAV1@V?$allocator@VVector@@@std@@V1@@std@@YAPAVVector@@PAV1@00AAU?$_Wrap_alloc@V?$allocator@VVector@@@std@@@0@0U_Nonscalar_ptr_iterator_tag@0@@Z 1000bbe0 f i driver.obj
 0001:0000ace0       ??$_Uninitialized_copy@V?$_Vector_const_iterator@V?$_Vector_val@U?$_Simple_types@VSegment@@@std@@@std@@@std@@PAVSegment@@U?$_Wrap_alloc@V?$allocator@VSegment@@@std@@@2@@std@@YAPAVSegment@@V?$_Vector_const_iterator@V?$_Vector_val@U?$_Simple_types@VSegment@@@std@@@std@@@0@0PAV1@AAU?$_Wrap_alloc@V?$allocator@VSegment@@@std@@@0@@Z 1000bce0 f i driver.obj
 0001:0000add0       ??$_Uninitialized_copy@V?$_Vector_const_iterator@V?$_Vector_val@U?$_Simple_types@VVector@@@std@@@std@@@std@@PAVVector@@U?$_Wrap_alloc@V?$allocator@VVector@@@std@@@2@@std@@YAPAVVector@@V?$_Vector_const_iterator@V?$_Vector_val@U?$_Simple_types@VVector@@@std@@@std@@@0@0PAV1@AAU?$_Wrap_alloc@V?$allocator@VVector@@@std@@@0@@Z 1000bdd0 f i driver.obj
 0001:0000aec0       ??$_Uninitialized_default_fill_n@PAMIU?$_Wrap_alloc@V?$allocator@M@std@@@std@@@std@@YAXPAMIAAU?$_Wrap_alloc@V?$allocator@M@std@@@0@@Z 1000bec0 f i driver.obj
 0001:0000af20       ??$_Uninitialized_move@PAMPAMU?$_Wrap_alloc@V?$allocator@M@std@@@std@@@std@@YAPAMPAM00AAU?$_Wrap_alloc@V?$allocator@M@std@@@0@@Z 1000bf20 f i driver.obj
 0001:0000af80       ??$_Uninitialized_move@PAVSegment@@PAV1@U?$_Wrap_alloc@V?$allocator@VSegment@@@std@@@std@@@std@@YAPAVSegment@@PAV1@00AAU?$_Wrap_alloc@V?$allocator@VSegment@@@std@@@0@@Z 1000bf80 f i driver.obj
 0001:0000afe0       ??$_Uninitialized_move@PAVVector@@PAV1@U?$_Wrap_alloc@V?$allocator@VVector@@@std@@@std@@@std@@YAPAVVector@@PAV1@00AAU?$_Wrap_alloc@V?$allocator@VVector@@@std@@@0@@Z 1000bfe0 f i driver.obj
 0001:0000b040       ??$_Val_type@PAM@std@@YAPAMPAM@Z 1000c040 f i driver.obj
 0001:0000b050       ??$_Val_type@PAVSegment@@@std@@YAPAVSegment@@PAV1@@Z 1000c050 f i driver.obj
 0001:0000b060       ??$_Val_type@PAVVector@@@std@@YAPAVVector@@PAV1@@Z 1000c060 f i driver.obj
 0001:0000b070       ??$addressof@$$CBVSegment@@@std@@YAPBVSegment@@ABV1@@Z 1000c070 f i driver.obj
 0001:0000b080       ??$addressof@$$CBVVector@@@std@@YAPBVVector@@ABV1@@Z 1000c080 f i driver.obj
 0001:0000b090       ??$construct@U_Container_proxy@std@@U12@@?$allocator@U_Container_proxy@std@@@std@@QAEXPAU_Container_proxy@1@$$QAU21@@Z 1000c090 f i driver.obj
 0001:0000b140       ??$construct@VSegment@@AAV1@@?$_Wrap_alloc@V?$allocator@VSegment@@@std@@@std@@QAEXPAVSegment@@AAV2@@Z 1000c140 f i driver.obj
 0001:0000b180       ??$construct@VSegment@@AAV1@@?$allocator@VSegment@@@std@@QAEXPAVSegment@@AAV2@@Z 1000c180 f i driver.obj
 0001:0000b230       ??$construct@VSegment@@AAV1@@?$allocator_traits@V?$allocator@VSegment@@@std@@@std@@SAXAAV?$allocator@VSegment@@@1@PAVSegment@@AAV3@@Z 1000c230 f i driver.obj
 0001:0000b260       ??$construct@VSegment@@ABV1@@?$_Wrap_alloc@V?$allocator@VSegment@@@std@@@std@@QAEXPAVSegment@@ABV2@@Z 1000c260 f i driver.obj
 0001:0000b2a0       ??$construct@VSegment@@ABV1@@?$allocator_traits@V?$allocator@VSegment@@@std@@@std@@SAXAAV?$allocator@VSegment@@@1@PAVSegment@@ABV3@@Z 1000c2a0 f i driver.obj
 0001:0000b2d0       ??$construct@VSegment@@V1@@?$_Wrap_alloc@V?$allocator@VSegment@@@std@@@std@@QAEXPAVSegment@@$$QAV2@@Z 1000c2d0 f i driver.obj
 0001:0000b310       ??$construct@VSegment@@V1@@?$allocator@VSegment@@@std@@QAEXPAVSegment@@$$QAV2@@Z 1000c310 f i driver.obj
 0001:0000b3c0       ??$construct@VSegment@@V1@@?$allocator_traits@V?$allocator@VSegment@@@std@@@std@@SAXAAV?$allocator@VSegment@@@1@PAVSegment@@$$QAV3@@Z 1000c3c0 f i driver.obj
 0001:0000b3f0       ??$construct@VVector@@AAV1@@?$_Wrap_alloc@V?$allocator@VVector@@@std@@@std@@QAEXPAVVector@@AAV2@@Z 1000c3f0 f i driver.obj
 0001:0000b430       ??$construct@VVector@@AAV1@@?$allocator@VVector@@@std@@QAEXPAVVector@@AAV2@@Z 1000c430 f i driver.obj
 0001:0000b4d0       ??$construct@VVector@@AAV1@@?$allocator_traits@V?$allocator@VVector@@@std@@@std@@SAXAAV?$allocator@VVector@@@1@PAVVector@@AAV3@@Z 1000c4d0 f i driver.obj
 0001:0000b500       ??$construct@VVector@@ABV1@@?$_Wrap_alloc@V?$allocator@VVector@@@std@@@std@@QAEXPAVVector@@ABV2@@Z 1000c500 f i driver.obj
 0001:0000b540       ??$construct@VVector@@ABV1@@?$allocator_traits@V?$allocator@VVector@@@std@@@std@@SAXAAV?$allocator@VVector@@@1@PAVVector@@ABV3@@Z 1000c540 f i driver.obj
 0001:0000b570       ??$construct@VVector@@V1@@?$_Wrap_alloc@V?$allocator@VVector@@@std@@@std@@QAEXPAVVector@@$$QAV2@@Z 1000c570 f i driver.obj
 0001:0000b5b0       ??$construct@VVector@@V1@@?$allocator@VVector@@@std@@QAEXPAVVector@@$$QAV2@@Z 1000c5b0 f i driver.obj
 0001:0000b650       ??$construct@VVector@@V1@@?$allocator_traits@V?$allocator@VVector@@@std@@@std@@SAXAAV?$allocator@VVector@@@1@PAVVector@@$$QAV3@@Z 1000c650 f i driver.obj
 0001:0000b680       ??$destroy@U_Container_proxy@std@@@?$allocator@U_Container_proxy@std@@@std@@QAEXPAU_Container_proxy@1@@Z 1000c680 f i driver.obj
 0001:0000b6a0       ??$destroy@VSegment@@@?$_Wrap_alloc@V?$allocator@VSegment@@@std@@@std@@QAEXPAVSegment@@@Z 1000c6a0 f i driver.obj
 0001:0000b6d0       ??$destroy@VSegment@@@?$allocator@VSegment@@@std@@QAEXPAVSegment@@@Z 1000c6d0 f i driver.obj
 0001:0000b6f0       ??$destroy@VSegment@@@?$allocator_traits@V?$allocator@VSegment@@@std@@@std@@SAXAAV?$allocator@VSegment@@@1@PAVSegment@@@Z 1000c6f0 f i driver.obj
 0001:0000b710       ??$destroy@VVector@@@?$_Wrap_alloc@V?$allocator@VVector@@@std@@@std@@QAEXPAVVector@@@Z 1000c710 f i driver.obj
 0001:0000b740       ??$destroy@VVector@@@?$allocator@VVector@@@std@@QAEXPAVVector@@@Z 1000c740 f i driver.obj
 0001:0000b770       ??$destroy@VVector@@@?$allocator_traits@V?$allocator@VVector@@@std@@@std@@SAXAAV?$allocator@VVector@@@1@PAVVector@@@Z 1000c770 f i driver.obj
 0001:0000b790       ??$forward@AAVSegment@@@std@@YAAAVSegment@@AAV1@@Z 1000c790 f i driver.obj
 0001:0000b7a0       ??$forward@AAVVector@@@std@@YAAAVVector@@AAV1@@Z 1000c7a0 f i driver.obj
 0001:0000b7b0       ??$forward@ABVSegment@@@std@@YAABVSegment@@ABV1@@Z 1000c7b0 f i driver.obj
 0001:0000b7c0       ??$forward@ABVVector@@@std@@YAABVVector@@ABV1@@Z 1000c7c0 f i driver.obj
 0001:0000b7d0       ??$forward@U_Container_proxy@std@@@std@@YA$$QAU_Container_proxy@0@AAU10@@Z 1000c7d0 f i driver.obj
 0001:0000b7e0       ??$forward@VSegment@@@std@@YA$$QAVSegment@@AAV1@@Z 1000c7e0 f i driver.obj
 0001:0000b7f0       ??$forward@VVector@@@std@@YA$$QAVVector@@AAV1@@Z 1000c7f0 f i driver.obj
 0001:0000b800       ??0?$_Iterator012@Urandom_access_iterator_tag@std@@MHPBMABMU_Iterator_base12@2@@std@@QAE@ABU01@@Z 1000c800 f i driver.obj
 0001:0000b830       ??0?$_Iterator012@Urandom_access_iterator_tag@std@@MHPBMABMU_Iterator_base12@2@@std@@QAE@XZ 1000c830 f i driver.obj
 0001:0000b860       ??0?$_Iterator012@Urandom_access_iterator_tag@std@@VSegment@@HPBV3@ABV3@U_Iterator_base12@2@@std@@QAE@ABU01@@Z 1000c860 f i driver.obj
 0001:0000b890       ??0?$_Iterator012@Urandom_access_iterator_tag@std@@VSegment@@HPBV3@ABV3@U_Iterator_base12@2@@std@@QAE@XZ 1000c890 f i driver.obj
 0001:0000b8c0       ??0?$_Iterator012@Urandom_access_iterator_tag@std@@VVector@@HPBV3@ABV3@U_Iterator_base12@2@@std@@QAE@ABU01@@Z 1000c8c0 f i driver.obj
 0001:0000b8f0       ??0?$_Iterator012@Urandom_access_iterator_tag@std@@VVector@@HPBV3@ABV3@U_Iterator_base12@2@@std@@QAE@XZ 1000c8f0 f i driver.obj
 0001:0000b920       ??0?$_Vector_alloc@$0A@U?$_Vec_base_types@HV?$allocator@H@std@@@std@@@std@@QAE@ABV?$allocator@H@1@@Z 1000c920 f i driver.obj
 0001:0000b990       ??0?$_Vector_alloc@$0A@U?$_Vec_base_types@MV?$allocator@M@std@@@std@@@std@@QAE@ABV?$allocator@M@1@@Z 1000c990 f i driver.obj
 0001:0000ba00       ??0?$_Vector_alloc@$0A@U?$_Vec_base_types@VSegment@@V?$allocator@VSegment@@@std@@@std@@@std@@QAE@ABV?$allocator@VSegment@@@1@@Z 1000ca00 f i driver.obj
 0001:0000ba70       ??0?$_Vector_alloc@$0A@U?$_Vec_base_types@VVector@@V?$allocator@VVector@@@std@@@std@@@std@@QAE@ABV?$allocator@VVector@@@1@@Z 1000ca70 f i driver.obj
 0001:0000bae0       ??0?$_Vector_const_iterator@V?$_Vector_val@U?$_Simple_types@M@std@@@std@@@std@@QAE@ABV01@@Z 1000cae0 f i driver.obj
 0001:0000bb20       ??0?$_Vector_const_iterator@V?$_Vector_val@U?$_Simple_types@M@std@@@std@@@std@@QAE@PAMPBU_Container_base12@1@@Z 1000cb20 f i driver.obj
 0001:0000bba0       ??0?$_Vector_const_iterator@V?$_Vector_val@U?$_Simple_types@VSegment@@@std@@@std@@@std@@QAE@ABV01@@Z 1000cba0 f i driver.obj
 0001:0000bbe0       ??0?$_Vector_const_iterator@V?$_Vector_val@U?$_Simple_types@VSegment@@@std@@@std@@@std@@QAE@PAVSegment@@PBU_Container_base12@1@@Z 1000cbe0 f i driver.obj
 0001:0000bc60       ??0?$_Vector_const_iterator@V?$_Vector_val@U?$_Simple_types@VVector@@@std@@@std@@@std@@QAE@ABV01@@Z 1000cc60 f i driver.obj
 0001:0000bca0       ??0?$_Vector_const_iterator@V?$_Vector_val@U?$_Simple_types@VVector@@@std@@@std@@@std@@QAE@PAVVector@@PBU_Container_base12@1@@Z 1000cca0 f i driver.obj
 0001:0000bd20       ??0?$_Vector_iterator@V?$_Vector_val@U?$_Simple_types@M@std@@@std@@@std@@QAE@ABV01@@Z 1000cd20 f i driver.obj
 0001:0000bd50       ??0?$_Vector_iterator@V?$_Vector_val@U?$_Simple_types@M@std@@@std@@@std@@QAE@PAMPBU_Container_base12@1@@Z 1000cd50 f i driver.obj
 0001:0000bd90       ??0?$_Vector_val@U?$_Simple_types@H@std@@@std@@QAE@XZ 1000cd90 f i driver.obj
 0001:0000bde0       ??0?$_Vector_val@U?$_Simple_types@M@std@@@std@@QAE@XZ 1000cde0 f i driver.obj
 0001:0000be30       ??0?$_Vector_val@U?$_Simple_types@VSegment@@@std@@@std@@QAE@XZ 1000ce30 f i driver.obj
 0001:0000be80       ??0?$_Vector_val@U?$_Simple_types@VVector@@@std@@@std@@QAE@XZ 1000ce80 f i driver.obj
 0001:0000bed0       ??0?$_Wrap_alloc@V?$allocator@H@std@@@std@@QAE@XZ 1000ced0 f i driver.obj
 0001:0000bf00       ??0?$_Wrap_alloc@V?$allocator@M@std@@@std@@QAE@XZ 1000cf00 f i driver.obj
 0001:0000bf30       ??0?$_Wrap_alloc@V?$allocator@VSegment@@@std@@@std@@QAE@ABV?$allocator@VSegment@@@1@@Z 1000cf30 f i driver.obj
 0001:0000bf60       ??0?$_Wrap_alloc@V?$allocator@VSegment@@@std@@@std@@QAE@XZ 1000cf60 f i driver.obj
 0001:0000bf90       ??0?$_Wrap_alloc@V?$allocator@VVector@@@std@@@std@@QAE@ABV?$allocator@VVector@@@1@@Z 1000cf90 f i driver.obj
 0001:0000bfc0       ??0?$_Wrap_alloc@V?$allocator@VVector@@@std@@@std@@QAE@XZ 1000cfc0 f i driver.obj
 0001:0000bff0       ??0?$allocator@H@std@@QAE@XZ 1000cff0 f i driver.obj
 0001:0000c010       ??0?$allocator@M@std@@QAE@XZ 1000d010 f i driver.obj
 0001:0000c030       ??0?$allocator@U_Container_proxy@std@@@std@@QAE@XZ 1000d030 f i driver.obj
 0001:0000c050       ??0?$allocator@VSegment@@@std@@QAE@ABV01@@Z 1000d050 f i driver.obj
 0001:0000c070       ??0?$allocator@VSegment@@@std@@QAE@XZ 1000d070 f i driver.obj
 0001:0000c090       ??0?$allocator@VVector@@@std@@QAE@ABV01@@Z 1000d090 f i driver.obj
 0001:0000c0b0       ??0?$allocator@VVector@@@std@@QAE@XZ 1000d0b0 f i driver.obj
 0001:0000c0d0       ??0?$vector@HV?$allocator@H@std@@@std@@QAE@XZ 1000d0d0 f i driver.obj
 0001:0000c110       ??0?$vector@MV?$allocator@M@std@@@std@@QAE@XZ 1000d110 f i driver.obj
 0001:0000c150       ??0?$vector@VSegment@@V?$allocator@VSegment@@@std@@@std@@QAE@ABV01@@Z 1000d150 f i driver.obj
 0001:0000c270       ??0?$vector@VSegment@@V?$allocator@VSegment@@@std@@@std@@QAE@XZ 1000d270 f i driver.obj
 0001:0000c2b0       ??0?$vector@VVector@@V?$allocator@VVector@@@std@@@std@@QAE@ABV01@@Z 1000d2b0 f i driver.obj
 0001:0000c3d0       ??0?$vector@VVector@@V?$allocator@VVector@@@std@@@std@@QAE@XZ 1000d3d0 f i driver.obj
 0001:0000c410       ??0Point@@QAE@MMM@Z        1000d410 f i driver.obj
 0001:0000c460       ??0Point@@QAE@XZ           1000d460 f i driver.obj
 0001:0000c490       ??0Segment@@QAE@VPoint@@0@Z 1000d490 f i driver.obj
 0001:0000c4e0       ??0SegmentList@@QAE@ABV0@@Z 1000d4e0 f i driver.obj
 0001:0000c510       ??0SegmentList@@QAE@XZ     1000d510 f i driver.obj
 0001:0000c540       ??0Trajectory@@QAE@XZ      1000d540 f i driver.obj
 0001:0000c5e0       ??0_Container_base12@std@@QAE@XZ 1000d5e0 f i driver.obj
 0001:0000c600       ??0_Container_proxy@std@@QAE@XZ 1000d600 f i driver.obj
 0001:0000c630       ??0_Iterator_base12@std@@QAE@ABU01@@Z 1000d630 f i driver.obj
 0001:0000c670       ??0_Iterator_base12@std@@QAE@XZ 1000d670 f i driver.obj
 0001:0000c6a0       ??0v2d@@QAE@MM@Z           1000d6a0 f i driver.obj
 0001:0000c6d0       ??1?$_Iterator012@Urandom_access_iterator_tag@std@@MHPBMABMU_Iterator_base12@2@@std@@QAE@XZ 1000d6d0 f i driver.obj
 0001:0000c700       ??1?$_Iterator012@Urandom_access_iterator_tag@std@@VSegment@@HPBV3@ABV3@U_Iterator_base12@2@@std@@QAE@XZ 1000d700 f i driver.obj
 0001:0000c730       ??1?$_Iterator012@Urandom_access_iterator_tag@std@@VVector@@HPBV3@ABV3@U_Iterator_base12@2@@std@@QAE@XZ 1000d730 f i driver.obj
 0001:0000c760       ??1?$_Vector_alloc@$0A@U?$_Vec_base_types@HV?$allocator@H@std@@@std@@@std@@QAE@XZ 1000d760 f i driver.obj
 0001:0000c790       ??1?$_Vector_alloc@$0A@U?$_Vec_base_types@MV?$allocator@M@std@@@std@@@std@@QAE@XZ 1000d790 f i driver.obj
 0001:0000c7c0       ??1?$_Vector_alloc@$0A@U?$_Vec_base_types@VSegment@@V?$allocator@VSegment@@@std@@@std@@@std@@QAE@XZ 1000d7c0 f i driver.obj
 0001:0000c7f0       ??1?$_Vector_alloc@$0A@U?$_Vec_base_types@VVector@@V?$allocator@VVector@@@std@@@std@@@std@@QAE@XZ 1000d7f0 f i driver.obj
 0001:0000c820       ??1?$_Vector_const_iterator@V?$_Vector_val@U?$_Simple_types@M@std@@@std@@@std@@QAE@XZ 1000d820 f i driver.obj
 0001:0000c850       ??1?$_Vector_const_iterator@V?$_Vector_val@U?$_Simple_types@VSegment@@@std@@@std@@@std@@QAE@XZ 1000d850 f i driver.obj
 0001:0000c880       ??1?$_Vector_const_iterator@V?$_Vector_val@U?$_Simple_types@VVector@@@std@@@std@@@std@@QAE@XZ 1000d880 f i driver.obj
 0001:0000c8b0       ??1?$_Vector_iterator@V?$_Vector_val@U?$_Simple_types@M@std@@@std@@@std@@QAE@XZ 1000d8b0 f i driver.obj
 0001:0000c8e0       ??1?$_Vector_val@U?$_Simple_types@H@std@@@std@@QAE@XZ 1000d8e0 f i driver.obj
 0001:0000c910       ??1?$_Vector_val@U?$_Simple_types@M@std@@@std@@QAE@XZ 1000d910 f i driver.obj
 0001:0000c940       ??1?$_Vector_val@U?$_Simple_types@VSegment@@@std@@@std@@QAE@XZ 1000d940 f i driver.obj
 0001:0000c970       ??1?$_Vector_val@U?$_Simple_types@VVector@@@std@@@std@@QAE@XZ 1000d970 f i driver.obj
 0001:0000c9a0       ??1?$vector@HV?$allocator@H@std@@@std@@QAE@XZ 1000d9a0 f i driver.obj
 0001:0000c9d0       ??1?$vector@MV?$allocator@M@std@@@std@@QAE@XZ 1000d9d0 f i driver.obj
 0001:0000ca00       ??1?$vector@VSegment@@V?$allocator@VSegment@@@std@@@std@@QAE@XZ 1000da00 f i driver.obj
 0001:0000ca30       ??1?$vector@VVector@@V?$allocator@VVector@@@std@@@std@@QAE@XZ 1000da30 f i driver.obj
 0001:0000ca60       ??1SegmentList@@QAE@XZ     1000da60 f i driver.obj
 0001:0000ca90       ??1Trajectory@@QAE@XZ      1000da90 f i driver.obj
 0001:0000cae0       ??1_Container_base12@std@@QAE@XZ 1000dae0 f i driver.obj
 0001:0000cb10       ??1_Iterator_base12@std@@QAE@XZ 1000db10 f i driver.obj
 0001:0000cb80       ??2@YAPAXIPAX@Z            1000db80 f i driver.obj
 0001:0000cb90       ??3@YAXPAX0@Z              1000db90 f i driver.obj
 0001:0000cba0       ??4Point@@QAEAAV0@ABV0@@Z  1000dba0 f i driver.obj
 0001:0000cbe0       ??4_Iterator_base12@std@@QAEAAU01@ABU01@@Z 1000dbe0 f i driver.obj
 0001:0000ccc0       ??4v2d@@QAEAAV0@ABV0@@Z    1000dcc0 f i driver.obj
 0001:0000ccf0       ??8?$_Vector_const_iterator@V?$_Vector_val@U?$_Simple_types@M@std@@@std@@@std@@QBE_NABV01@@Z 1000dcf0 f i driver.obj
 0001:0000cd50       ??8?$_Vector_const_iterator@V?$_Vector_val@U?$_Simple_types@VSegment@@@std@@@std@@@std@@QBE_NABV01@@Z 1000dd50 f i driver.obj
 0001:0000cdb0       ??8?$_Vector_const_iterator@V?$_Vector_val@U?$_Simple_types@VVector@@@std@@@std@@@std@@QBE_NABV01@@Z 1000ddb0 f i driver.obj
 0001:0000ce10       ??9?$_Vector_const_iterator@V?$_Vector_val@U?$_Simple_types@M@std@@@std@@@std@@QBE_NABV01@@Z 1000de10 f i driver.obj
 0001:0000ce60       ??9?$_Vector_const_iterator@V?$_Vector_val@U?$_Simple_types@VSegment@@@std@@@std@@@std@@QBE_NABV01@@Z 1000de60 f i driver.obj
 0001:0000ceb0       ??9?$_Vector_const_iterator@V?$_Vector_val@U?$_Simple_types@VVector@@@std@@@std@@@std@@QBE_NABV01@@Z 1000deb0 f i driver.obj
 0001:0000cf00       ??A?$vector@MV?$allocator@M@std@@@std@@QAEAAMI@Z 1000df00 f i driver.obj
 0001:0000cfa0       ??D?$_Vector_const_iterator@V?$_Vector_val@U?$_Simple_types@VSegment@@@std@@@std@@@std@@QBEABVSegment@@XZ 1000dfa0 f i driver.obj
 0001:0000d060       ??D?$_Vector_const_iterator@V?$_Vector_val@U?$_Simple_types@VVector@@@std@@@std@@@std@@QBEABVVector@@XZ 1000e060 f i driver.obj
 0001:0000d120       ??D@YA?AVv2d@@MABV0@@Z     1000e120 f i driver.obj
 0001:0000d160       ??Dv2d@@QBE?AV0@M@Z        1000e160 f i driver.obj
 0001:0000d1b0       ??E?$_Vector_const_iterator@V?$_Vector_val@U?$_Simple_types@VSegment@@@std@@@std@@@std@@QAEAAV01@XZ 1000e1b0 f i driver.obj
 0001:0000d270       ??E?$_Vector_const_iterator@V?$_Vector_val@U?$_Simple_types@VVector@@@std@@@std@@@std@@QAEAAV01@XZ 1000e270 f i driver.obj
 0001:0000d330       ??Gv2d@@QBE?AV0@ABV0@@Z    1000e330 f i driver.obj
 0001:0000d390       ??H?$_Vector_iterator@V?$_Vector_val@U?$_Simple_types@M@std@@@std@@@std@@QBE?AV01@H@Z 1000e390 f i driver.obj
 0001:0000d470       ??Hv2d@@QBE?AV0@ABV0@@Z    1000e470 f i driver.obj
 0001:0000d4d0       ??M?$_Vector_const_iterator@V?$_Vector_val@U?$_Simple_types@M@std@@@std@@@std@@QBE_NABV01@@Z 1000e4d0 f i driver.obj
 0001:0000d530       ??M?$_Vector_const_iterator@V?$_Vector_val@U?$_Simple_types@VSegment@@@std@@@std@@@std@@QBE_NABV01@@Z 1000e530 f i driver.obj
 0001:0000d590       ??M?$_Vector_const_iterator@V?$_Vector_val@U?$_Simple_types@VVector@@@std@@@std@@@std@@QBE_NABV01@@Z 1000e590 f i driver.obj
 0001:0000d5f0       ??Y?$_Vector_const_iterator@V?$_Vector_val@U?$_Simple_types@M@std@@@std@@@std@@QAEAAV01@H@Z 1000e5f0 f i driver.obj
 0001:0000d6d0       ??Y?$_Vector_iterator@V?$_Vector_val@U?$_Simple_types@M@std@@@std@@@std@@QAEAAV01@H@Z 1000e6d0 f i driver.obj
 0001:0000d700       ??_GCardata@@QAEPAXI@Z     1000e700 f i driver.obj
 0001:0000d740       ??_GOpponents@@QAEPAXI@Z   1000e740 f i driver.obj
 0001:0000d780       ??_GPit@@QAEPAXI@Z         1000e780 f i driver.obj
 0001:0000d7c0       ??_GSegLearn@@QAEPAXI@Z    1000e7c0 f i driver.obj
 0001:0000d800       ??_GVector@@QAEPAXI@Z      1000e800 f i driver.obj
 0001:0000d840       ?Add@SegmentList@@QAEXVSegment@@@Z 1000e840 f i driver.obj
 0001:0000d870       ?GetFrictionDm@SegLearn@@QAEMPAUtrackSeg@@@Z 1000e870 f i driver.obj
 0001:0000d8b0       ?SetSafetyThreshold@SegLearn@@QAEXM@Z 1000e8b0 f i driver.obj
 0001:0000d8d0       ?Size@Vector@@QAEHXZ       1000e8d0 f i driver.obj
 0001:0000d8f0       ?_Adopt@_Iterator_base12@std@@QAEXPBU_Container_base12@2@@Z 1000e8f0 f i driver.obj
 0001:0000da20       ?_Alloc_proxy@?$_Vector_alloc@$0A@U?$_Vec_base_types@HV?$allocator@H@std@@@std@@@std@@QAEXXZ 1000ea20 f i driver.obj
 0001:0000dac0       ?_Alloc_proxy@?$_Vector_alloc@$0A@U?$_Vec_base_types@MV?$allocator@M@std@@@std@@@std@@QAEXXZ 1000eac0 f i driver.obj
 0001:0000db60       ?_Alloc_proxy@?$_Vector_alloc@$0A@U?$_Vec_base_types@VSegment@@V?$allocator@VSegment@@@std@@@std@@@std@@QAEXXZ 1000eb60 f i driver.obj
 0001:0000dc00       ?_Alloc_proxy@?$_Vector_alloc@$0A@U?$_Vec_base_types@VVector@@V?$allocator@VVector@@@std@@@std@@@std@@QAEXXZ 1000ec00 f i driver.obj
 0001:0000dca0       ?_Buy@?$vector@VSegment@@V?$allocator@VSegment@@@std@@@std@@IAE_NI@Z 1000eca0 f i driver.obj
 0001:0000dd50       ?_Buy@?$vector@VVector@@V?$allocator@VVector@@@std@@@std@@IAE_NI@Z 1000ed50 f i driver.obj
 0001:0000de00       ?_Clrcont@_Iterator_base12@std@@QAEXXZ 1000ee00 f i driver.obj
 0001:0000de20       ?_Compat@?$_Vector_const_iterator@V?$_Vector_val@U?$_Simple_types@M@std@@@std@@@std@@QBEXABV12@@Z 1000ee20 f i driver.obj
 0001:0000ded0       ?_Compat@?$_Vector_const_iterator@V?$_Vector_val@U?$_Simple_types@VSegment@@@std@@@std@@@std@@QBEXABV12@@Z 1000eed0 f i driver.obj
 0001:0000df80       ?_Compat@?$_Vector_const_iterator@V?$_Vector_val@U?$_Simple_types@VVector@@@std@@@std@@@std@@QBEXABV12@@Z 1000ef80 f i driver.obj
 0001:0000e030       ?_Destroy@?$vector@HV?$allocator@H@std@@@std@@IAEXPAH0@Z 1000f030 f i driver.obj
 0001:0000e0b0       ?_Destroy@?$vector@MV?$allocator@M@std@@@std@@IAEXPAM0@Z 1000f0b0 f i driver.obj
 0001:0000e130       ?_Destroy@?$vector@VSegment@@V?$allocator@VSegment@@@std@@@std@@IAEXPAVSegment@@0@Z 1000f130 f i driver.obj
 0001:0000e1b0       ?_Destroy@?$vector@VVector@@V?$allocator@VVector@@@std@@@std@@IAEXPAVVector@@0@Z 1000f1b0 f i driver.obj
 0001:0000e230       ?_Free_proxy@?$_Vector_alloc@$0A@U?$_Vec_base_types@HV?$allocator@H@std@@@std@@@std@@QAEXXZ 1000f230 f i driver.obj
 0001:0000e2c0       ?_Free_proxy@?$_Vector_alloc@$0A@U?$_Vec_base_types@MV?$allocator@M@std@@@std@@@std@@QAEXXZ 1000f2c0 f i driver.obj
 0001:0000e350       ?_Free_proxy@?$_Vector_alloc@$0A@U?$_Vec_base_types@VSegment@@V?$allocator@VSegment@@@std@@@std@@@std@@QAEXXZ 1000f350 f i driver.obj
 0001:0000e3e0       ?_Free_proxy@?$_Vector_alloc@$0A@U?$_Vec_base_types@VVector@@V?$allocator@VVector@@@std@@@std@@@std@@QAEXXZ 1000f3e0 f i driver.obj
 0001:0000e470       ?_Getal@?$_Vector_alloc@$0A@U?$_Vec_base_types@HV?$allocator@H@std@@@std@@@std@@QBE?AU?$_Wrap_alloc@V?$allocator@H@std@@@2@XZ 1000f470 f i driver.obj
 0001:0000e4a0       ?_Getal@?$_Vector_alloc@$0A@U?$_Vec_base_types@MV?$allocator@M@std@@@std@@@std@@QBE?AU?$_Wrap_alloc@V?$allocator@M@std@@@2@XZ 1000f4a0 f i driver.obj
 0001:0000e4d0       ?_Getal@?$_Vector_alloc@$0A@U?$_Vec_base_types@VSegment@@V?$allocator@VSegment@@@std@@@std@@@std@@QBE?AU?$_Wrap_alloc@V?$allocator@VSegment@@@std@@@2@XZ 1000f4d0 f i driver.obj
 0001:0000e500       ?_Getal@?$_Vector_alloc@$0A@U?$_Vec_base_types@VVector@@V?$allocator@VVector@@@std@@@std@@@std@@QBE?AU?$_Wrap_alloc@V?$allocator@VVector@@@std@@@2@XZ 1000f500 f i driver.obj
 0001:0000e530       ?_Getcont@_Iterator_base12@std@@QBEPBU_Container_base12@2@XZ 1000f530 f i driver.obj
 0001:0000e570       ?_Getpfirst@_Container_base12@std@@QBEPAPAU_Iterator_base12@2@XZ 1000f570 f i driver.obj
 0001:0000e5b0       ?_Getpnext@_Iterator_base12@std@@QAEPAPAU12@XZ 1000f5b0 f i driver.obj
 0001:0000e5d0       ?_Grow_to@?$vector@MV?$allocator@M@std@@@std@@IBEII@Z 1000f5d0 f i driver.obj
 0001:0000e650       ?_Grow_to@?$vector@VSegment@@V?$allocator@VSegment@@@std@@@std@@IBEII@Z 1000f650 f i driver.obj
 0001:0000e6d0       ?_Grow_to@?$vector@VVector@@V?$allocator@VVector@@@std@@@std@@IBEII@Z 1000f6d0 f i driver.obj
 0001:0000e750       ?_Inside@?$vector@VSegment@@V?$allocator@VSegment@@@std@@@std@@IBE_NPBVSegment@@@Z 1000f750 f i driver.obj
 0001:0000e7a0       ?_Inside@?$vector@VVector@@V?$allocator@VVector@@@std@@@std@@IBE_NPBVVector@@@Z 1000f7a0 f i driver.obj
 0001:0000e7f0       ?_Make_iter@?$vector@MV?$allocator@M@std@@@std@@QBE?AV?$_Vector_iterator@V?$_Vector_val@U?$_Simple_types@M@std@@@std@@@2@V?$_Vector_const_iterator@V?$_Vector_val@U?$_Simple_types@M@std@@@std@@@2@@Z 1000f7f0 f i driver.obj
 0001:0000e880       ?_Orphan_all@_Container_base12@std@@QAEXXZ 1000f880 f i driver.obj
 0001:0000e930       ?_Orphan_me@_Iterator_base12@std@@QAEXXZ 1000f930 f i driver.obj
 0001:0000e9c0       ?_Orphan_range@?$vector@MV?$allocator@M@std@@@std@@IBEXPAM0@Z 1000f9c0 f i driver.obj
 0001:0000ead0       ?_Orphan_range@?$vector@VSegment@@V?$allocator@VSegment@@@std@@@std@@IBEXPAVSegment@@0@Z 1000fad0 f i driver.obj
 0001:0000ebe0       ?_Orphan_range@?$vector@VVector@@V?$allocator@VVector@@@std@@@std@@IBEXPAVVector@@0@Z 1000fbe0 f i driver.obj
 0001:0000ecf0       ?_Reallocate@?$vector@MV?$allocator@M@std@@@std@@IAEXI@Z 1000fcf0 f i driver.obj
 0001:0000ee50       ?_Reallocate@?$vector@VSegment@@V?$allocator@VSegment@@@std@@@std@@IAEXI@Z 1000fe50 f i driver.obj
 0001:0000efb0       ?_Reallocate@?$vector@VVector@@V?$allocator@VVector@@@std@@@std@@IAEXI@Z 1000ffb0 f i driver.obj
 0001:0000f110       ?_Reserve@?$vector@MV?$allocator@M@std@@@std@@IAEXI@Z 10010110 f i driver.obj
 0001:0000f180       ?_Reserve@?$vector@VSegment@@V?$allocator@VSegment@@@std@@@std@@IAEXI@Z 10010180 f i driver.obj
 0001:0000f1f0       ?_Reserve@?$vector@VVector@@V?$allocator@VVector@@@std@@@std@@IAEXI@Z 100101f0 f i driver.obj
 0001:0000f260       ?_Tidy@?$vector@HV?$allocator@H@std@@@std@@IAEXXZ 10010260 f i driver.obj
 0001:0000f300       ?_Tidy@?$vector@MV?$allocator@M@std@@@std@@IAEXXZ 10010300 f i driver.obj
 0001:0000f3a0       ?_Tidy@?$vector@VSegment@@V?$allocator@VSegment@@@std@@@std@@IAEXXZ 100103a0 f i driver.obj
 0001:0000f440       ?_Tidy@?$vector@VVector@@V?$allocator@VVector@@@std@@@std@@IAEXXZ 10010440 f i driver.obj
 0001:0000f4e0       ?_Unused_capacity@?$vector@MV?$allocator@M@std@@@std@@QBEIXZ 100104e0 f i driver.obj
 0001:0000f510       ?_Unused_capacity@?$vector@VSegment@@V?$allocator@VSegment@@@std@@@std@@QBEIXZ 10010510 f i driver.obj
 0001:0000f540       ?_Unused_capacity@?$vector@VVector@@V?$allocator@VVector@@@std@@@std@@QBEIXZ 10010540 f i driver.obj
 0001:0000f570       ?_Xlen@?$vector@MV?$allocator@M@std@@@std@@IBEXXZ 10010570 f i driver.obj
 0001:0000f5a0       ?_Xlen@?$vector@VSegment@@V?$allocator@VSegment@@@std@@@std@@IBEXXZ 100105a0 f i driver.obj
 0001:0000f5d0       ?_Xlen@?$vector@VVector@@V?$allocator@VVector@@@std@@@std@@IBEXXZ 100105d0 f i driver.obj
 0001:0000f600       ?allocate@?$_Wrap_alloc@V?$allocator@M@std@@@std@@QAEPAMI@Z 10010600 f i driver.obj
 0001:0000f630       ?allocate@?$_Wrap_alloc@V?$allocator@VSegment@@@std@@@std@@QAEPAVSegment@@I@Z 10010630 f i driver.obj
 0001:0000f660       ?allocate@?$_Wrap_alloc@V?$allocator@VVector@@@std@@@std@@QAEPAVVector@@I@Z 10010660 f i driver.obj
 0001:0000f690       ?allocate@?$allocator@M@std@@QAEPAMI@Z 10010690 f i driver.obj
 0001:0000f6c0       ?allocate@?$allocator@U_Container_proxy@std@@@std@@QAEPAU_Container_proxy@2@I@Z 100106c0 f i driver.obj
 0001:0000f6f0       ?allocate@?$allocator@VSegment@@@std@@QAEPAVSegment@@I@Z 100106f0 f i driver.obj
 0001:0000f720       ?allocate@?$allocator@VVector@@@std@@QAEPAVVector@@I@Z 10010720 f i driver.obj
 0001:0000f750       ?atan2@@YAMMM@Z            10010750 f i driver.obj
 0001:0000f780       ?begin@?$vector@MV?$allocator@M@std@@@std@@QAE?AV?$_Vector_iterator@V?$_Vector_val@U?$_Simple_types@M@std@@@std@@@2@XZ 10010780 f i driver.obj
 0001:0000f7c0       ?begin@?$vector@VSegment@@V?$allocator@VSegment@@@std@@@std@@QBE?AV?$_Vector_const_iterator@V?$_Vector_val@U?$_Simple_types@VSegment@@@std@@@std@@@2@XZ 100107c0 f i driver.obj
 0001:0000f800       ?begin@?$vector@VVector@@V?$allocator@VVector@@@std@@@std@@QBE?AV?$_Vector_const_iterator@V?$_Vector_val@U?$_Simple_types@VVector@@@std@@@std@@@2@XZ 10010800 f i driver.obj
 0001:0000f840       ?brakeForCollision@Opponent@@QAEXXZ 10010840 f i driver.obj
 0001:0000f870       ?capacity@?$vector@MV?$allocator@M@std@@@std@@QBEIXZ 10010870 f i driver.obj
 0001:0000f8a0       ?capacity@?$vector@VSegment@@V?$allocator@VSegment@@@std@@@std@@QBEIXZ 100108a0 f i driver.obj
 0001:0000f8d0       ?capacity@?$vector@VVector@@V?$allocator@VVector@@@std@@@std@@QBEIXZ 100108d0 f i driver.obj
 0001:0000f900       ?clear@?$vector@MV?$allocator@M@std@@@std@@QAEXXZ 10010900 f i driver.obj
 0001:0000f950       ?construct@?$allocator@VSegment@@@std@@QAEXPAVSegment@@ABV3@@Z 10010950 f i driver.obj
 0001:0000f9c0       ?construct@?$allocator@VVector@@@std@@QAEXPAVVector@@ABV3@@Z 100109c0 f i driver.obj
 0001:0000fa60       ?deallocate@?$_Wrap_alloc@V?$allocator@H@std@@@std@@QAEXPAHI@Z 10010a60 f i driver.obj
 0001:0000fa90       ?deallocate@?$_Wrap_alloc@V?$allocator@M@std@@@std@@QAEXPAMI@Z 10010a90 f i driver.obj
 0001:0000fac0       ?deallocate@?$_Wrap_alloc@V?$allocator@VSegment@@@std@@@std@@QAEXPAVSegment@@I@Z 10010ac0 f i driver.obj
 0001:0000faf0       ?deallocate@?$_Wrap_alloc@V?$allocator@VVector@@@std@@@std@@QAEXPAVVector@@I@Z 10010af0 f i driver.obj
 0001:0000fb20       ?deallocate@?$allocator@H@std@@QAEXPAHI@Z 10010b20 f i driver.obj
 0001:0000fb50       ?deallocate@?$allocator@M@std@@QAEXPAMI@Z 10010b50 f i driver.obj
 0001:0000fb80       ?deallocate@?$allocator@U_Container_proxy@std@@@std@@QAEXPAU_Container_proxy@2@I@Z 10010b80 f i driver.obj
 0001:0000fbb0       ?deallocate@?$allocator@VSegment@@@std@@QAEXPAVSegment@@I@Z 10010bb0 f i driver.obj
 0001:0000fbe0       ?deallocate@?$allocator@VVector@@@std@@QAEXPAVVector@@I@Z 10010be0 f i driver.obj
 0001:0000fc10       ?end@?$vector@MV?$allocator@M@std@@@std@@QAE?AV?$_Vector_iterator@V?$_Vector_val@U?$_Simple_types@M@std@@@std@@@2@XZ 10010c10 f i driver.obj
 0001:0000fc50       ?end@?$vector@VSegment@@V?$allocator@VSegment@@@std@@@std@@QBE?AV?$_Vector_const_iterator@V?$_Vector_val@U?$_Simple_types@VSegment@@@std@@@std@@@2@XZ 10010c50 f i driver.obj
 0001:0000fc90       ?end@?$vector@VVector@@V?$allocator@VVector@@@std@@@std@@QBE?AV?$_Vector_const_iterator@V?$_Vector_val@U?$_Simple_types@VVector@@@std@@@std@@@2@XZ 10010c90 f i driver.obj
 0001:0000fcd0       ?erase@?$vector@MV?$allocator@M@std@@@std@@QAE?AV?$_Vector_iterator@V?$_Vector_val@U?$_Simple_types@M@std@@@std@@@2@V?$_Vector_const_iterator@V?$_Vector_val@U?$_Simple_types@M@std@@@std@@@2@0@Z 10010cd0 f i driver.obj
 0001:0000ffd0       ?fabs@@YAMM@Z              10010fd0 f i driver.obj
 0001:0000fff0       ?getBrakeOvertake@Opponent@@QAEMXZ 10010ff0 f i driver.obj
 0001:00010010       ?getCarAngle@SingleCardata@@QAEMXZ 10011010 f i driver.obj
 0001:00010030       ?getCarPtr@Opponent@@QAEPAUCarElt@@XZ 10011030 f i driver.obj
 0001:00010050       ?getCatchDist@Opponent@@QAEMXZ 10011050 f i driver.obj
 0001:00010070       ?getDistance@Opponent@@QAEMXZ 10011070 f i driver.obj
 0001:00010090       ?getInPit@Pit@@QAE_NXZ     10011090 f i driver.obj
 0001:000100b0       ?getNOpponents@Opponents@@QAEHXZ 100110b0 f i driver.obj
 0001:000100d0       ?getNPitEnd@Pit@@QAEMXZ    100110d0 f i driver.obj
 0001:00010100       ?getNPitLoc@Pit@@QAEMXZ    10011100 f i driver.obj
 0001:00010130       ?getNPitStart@Pit@@QAEMXZ  10011130 f i driver.obj
 0001:00010160       ?getOpponentPtr@Opponents@@QAEPAVOpponent@@XZ 10011160 f i driver.obj
 0001:00010180       ?getPitstop@Pit@@QAE_NXZ   10011180 f i driver.obj
 0001:000101a0       ?getRadius@SegLearn@@QAEMPAUtrackSeg@@@Z 100111a0 f i driver.obj
 0001:000101d0       ?getSideDist@Opponent@@QAEMXZ 100111d0 f i driver.obj
 0001:000101f0       ?getSpeed@Driver@@QAEMXZ   100111f0 f i driver.obj
 0001:00010220       ?getSpeed@Opponent@@QAEMXZ 10011220 f i driver.obj
 0001:00010250       ?getSpeedInTrackDirection@SingleCardata@@QAEMXZ 10011250 f i driver.obj
 0001:00010270       ?getSpeedlimit@Pit@@QAEMXZ 10011270 f i driver.obj
 0001:00010290       ?getSpeedlimitSqr@Pit@@QAEMXZ 10011290 f i driver.obj
 0001:000102b0       ?getState@Opponent@@QAEHXZ 100112b0 f i driver.obj
 0001:000102d0       ?getState@Pit@@QAE?AW4PitState@@XZ 100112d0 f i driver.obj
 0001:000102f0       ?getTrackangle@SingleCardata@@QAEMXZ 100112f0 f i driver.obj
 0001:00010310       ?getWidth@Opponent@@QAEMXZ 10011310 f i driver.obj
 0001:00010340       ?getWidthOnTrack@SingleCardata@@QAEMXZ 10011340 f i driver.obj
 0001:00010360       ?len@v2d@@QBEMXZ           10011360 f i driver.obj
 0001:000103b0       ?log@@YAMM@Z               100113b0 f i driver.obj
 0001:000103d0       ?max_size@?$_Wrap_alloc@V?$allocator@M@std@@@std@@QBEIXZ 100113d0 f i driver.obj
 0001:00010400       ?max_size@?$_Wrap_alloc@V?$allocator@VSegment@@@std@@@std@@QBEIXZ 10011400 f i driver.obj
 0001:00010430       ?max_size@?$_Wrap_alloc@V?$allocator@VVector@@@std@@@std@@QBEIXZ 10011430 f i driver.obj
 0001:00010460       ?max_size@?$allocator@M@std@@QBEIXZ 10011460 f i driver.obj
 0001:00010480       ?max_size@?$allocator@VSegment@@@std@@QBEIXZ 10011480 f i driver.obj
 0001:000104a0       ?max_size@?$allocator@VVector@@@std@@QBEIXZ 100114a0 f i driver.obj
 0001:000104c0       ?max_size@?$allocator_traits@V?$allocator@M@std@@@std@@SAIABV?$allocator@M@2@@Z 100114c0 f i driver.obj
 0001:000104e0       ?max_size@?$allocator_traits@V?$allocator@VSegment@@@std@@@std@@SAIABV?$allocator@VSegment@@@2@@Z 100114e0 f i driver.obj
 0001:00010500       ?max_size@?$allocator_traits@V?$allocator@VVector@@@std@@@std@@SAIABV?$allocator@VVector@@@2@@Z 10011500 f i driver.obj
 0001:00010520       ?max_size@?$vector@MV?$allocator@M@std@@@std@@QBEIXZ 10011520 f i driver.obj
 0001:00010560       ?max_size@?$vector@VSegment@@V?$allocator@VSegment@@@std@@@std@@QBEIXZ 10011560 f i driver.obj
 0001:000105a0       ?max_size@?$vector@VVector@@V?$allocator@VVector@@@std@@@std@@QBEIXZ 100115a0 f i driver.obj
 0001:000105e0       ?normalize@v2d@@QAEXXZ     100115e0 f i driver.obj
 0001:00010640       ?push_back@?$vector@VSegment@@V?$allocator@VSegment@@@std@@@std@@QAEXABVSegment@@@Z 10011640 f i driver.obj
 0001:00010770       ?push_back@?$vector@VVector@@V?$allocator@VVector@@@std@@@std@@QAEXABVVector@@@Z 10011770 f i driver.obj
 0001:000108a0       ?resize@?$vector@MV?$allocator@M@std@@@std@@QAEXI@Z 100118a0 f i driver.obj
 0001:00010ab0       ?rotate@v2d@@QBE?AV1@ABV1@M@Z 10011ab0 f i driver.obj
 0001:00010bb0       ?select_on_container_copy_construction@?$_Wrap_alloc@V?$allocator@VSegment@@@std@@@std@@QBE?AU12@XZ 10011bb0 f i driver.obj
 0001:00010c00       ?select_on_container_copy_construction@?$_Wrap_alloc@V?$allocator@VVector@@@std@@@std@@QBE?AU12@XZ 10011c00 f i driver.obj
 0001:00010c50       ?select_on_container_copy_construction@?$allocator@VSegment@@@std@@QBE?AV12@XZ 10011c50 f i driver.obj
 0001:00010c80       ?select_on_container_copy_construction@?$allocator@VVector@@@std@@QBE?AV12@XZ 10011c80 f i driver.obj
 0001:00010cb0       ?select_on_container_copy_construction@?$allocator_traits@V?$allocator@VSegment@@@std@@@std@@SA?AV?$allocator@VSegment@@@2@ABV32@@Z 10011cb0 f i driver.obj
 0001:00010cd0       ?select_on_container_copy_construction@?$allocator_traits@V?$allocator@VVector@@@std@@@std@@SA?AV?$allocator@VVector@@@2@ABV32@@Z 10011cd0 f i driver.obj
 0001:00010cf0       ?setState@Pit@@QAEXW4PitState@@@Z 10011cf0 f i driver.obj
 0001:00010d10       ?size@?$vector@MV?$allocator@M@std@@@std@@QBEIXZ 10011d10 f i driver.obj
 0001:00010d40       ?size@?$vector@VSegment@@V?$allocator@VSegment@@@std@@@std@@QBEIXZ 10011d40 f i driver.obj
 0001:00010d70       ?size@?$vector@VVector@@V?$allocator@VVector@@@std@@@std@@QBEIXZ 10011d70 f i driver.obj
 0001:00010da0       ?sqrt@@YAMM@Z              10011da0 f i driver.obj
 0001:00010dc0       ?strrchr@@YAPADPADH@Z      10011dc0 f i driver.obj
 0001:00010de0       ?tanh@@YAMM@Z              10011de0 f i driver.obj
 0001:00010e00       _atan2f                    10011e00 f i driver.obj
 0001:00010e60       _fabsf                     10011e60 f i driver.obj
 0001:00010ec0       _logf                      10011ec0 f i driver.obj
 0001:00010f20       _sqrtf                     10011f20 f i driver.obj
 0001:00010f80       _tanhf                     10011f80 f i driver.obj
 0001:00010fe0       ??0Vector@@QAE@HW4BoundsCheckingStatus@0@@Z 10011fe0 f   geometry.obj
 0001:00011090       ??0Vector@@QAE@ABV0@@Z     10012090 f   geometry.obj
 0001:00011150       ??1Vector@@QAE@XZ          10012150 f   geometry.obj
 0001:00011190       ??4Vector@@QAEAAV0@ABV0@@Z 10012190 f   geometry.obj
 0001:00011210       ?Resize@Vector@@QAEXH@Z    10012210 f   geometry.obj
 0001:00011290       ??AVector@@QAEAAMH@Z       10012290 f   geometry.obj
 0001:00011300       ??AVector@@QBEABMH@Z       10012300 f   geometry.obj
 0001:00011370       ?DotProd@@YAMPAVVector@@0@Z 10012370 f   geometry.obj
 0001:000113f0       ?Sub@@YAXPAVVector@@00@Z   100123f0 f   geometry.obj
 0001:00011450       ??0ParametricLine@@QAE@PAVVector@@0@Z 10012450 f   geometry.obj
 0001:000115c0       ??1ParametricLine@@QAE@XZ  100125c0 f   geometry.obj
 0001:00011650       ?PointCoords@ParametricLine@@QAEXMPAVVector@@@Z 10012650 f   geometry.obj
 0001:000116c0       ??0ParametricSphere@@QAE@PAVVector@@M@Z 100126c0 f   geometry.obj
 0001:000117c0       ??0ParametricSphere@@QAE@H@Z 100127c0 f   geometry.obj
 0001:00011870       ??1ParametricSphere@@QAE@XZ 10012870 f   geometry.obj
 0001:000118d0       ?GetNormalToLine@@YAPAVVector@@PAV1@@Z 100128d0 f   geometry.obj
 0001:00011ac0       ?IntersectLineLine@@YAMPAVParametricLine@@0@Z 10012ac0 f   geometry.obj
 0001:00011d70       ?CalculateRadiusPoints@@YAMV?$vector@VVector@@V?$allocator@VVector@@@std@@@std@@@Z 10012d70 f   geometry.obj
 0001:000121e0       ?IntersectSphereLine@@YAPAVVector@@PAVParametricLine@@PAV1@M@Z 100131e0 f   geometry.obj
 0001:000124c0       ?EstimateSphere@@YAXV?$vector@VVector@@V?$allocator@VVector@@@std@@@std@@PAVParametricSphere@@@Z 100134c0 f   geometry.obj
 0001:00012cf0       ??0invalid_argument@std@@QAE@ABV01@@Z 10013cf0 f i geometry.obj
 0001:00012d30       ??0invalid_argument@std@@QAE@PBD@Z 10013d30 f i geometry.obj
 0001:00012d70       ??0logic_error@std@@QAE@ABV01@@Z 10013d70 f i geometry.obj
 0001:00012db0       ??0logic_error@std@@QAE@PBD@Z 10013db0 f i geometry.obj
 0001:00012df0       ??0out_of_range@std@@QAE@ABV01@@Z 10013df0 f i geometry.obj
 0001:00012e30       ??0out_of_range@std@@QAE@PBD@Z 10013e30 f i geometry.obj
 0001:00012e70       ??1invalid_argument@std@@UAE@XZ 10013e70 f i geometry.obj
 0001:00012ea0       ??1logic_error@std@@UAE@XZ 10013ea0 f i geometry.obj
 0001:00012ed0       ??1out_of_range@std@@UAE@XZ 10013ed0 f i geometry.obj
 0001:00012f00       ??A?$vector@VVector@@V?$allocator@VVector@@@std@@@std@@QAEAAVVector@@I@Z 10013f00 f i geometry.obj
 0001:00012fa0       ??_Einvalid_argument@std@@UAEPAXI@Z 10013fa0 f i geometry.obj
 0001:00012fa0       ??_Ginvalid_argument@std@@UAEPAXI@Z 10013fa0 f i geometry.obj
 0001:00012fe0       ??_Elogic_error@std@@UAEPAXI@Z 10013fe0 f i geometry.obj
 0001:00012fe0       ??_Glogic_error@std@@UAEPAXI@Z 10013fe0 f i geometry.obj
 0001:00013020       ??_Eout_of_range@std@@UAEPAXI@Z 10014020 f i geometry.obj
 0001:00013020       ??_Gout_of_range@std@@UAEPAXI@Z 10014020 f i geometry.obj
 0001:00013060       ??0SegLearn@@QAE@PAUtTrack@@@Z 10014060 f   learn.obj
 0001:00013540       ??1SegLearn@@QAE@XZ        10014540 f   learn.obj
 0001:00013620       ?update@SegLearn@@QAEXPAUSituation@@PAUtTrack@@PAUCarElt@@HMMPAMMMM@Z 10014620 f   learn.obj
 0001:000141a0       ?updateAccel@SegLearn@@QAEMPAUSituation@@PAUCarElt@@MMM@Z 100151a0 f   learn.obj
 0001:00014570       ?predictedError@SegLearn@@QAEMPAUCarElt@@@Z 10015570 f   learn.obj
 0001:000145c0       ?predictedAccel@SegLearn@@QAEMPAUtrackSeg@@@Z 100155c0 f   learn.obj
 0001:000145e0       ?AdjustFriction@SegLearn@@QAEXPAUtrackSeg@@MMMMMMM@Z 100155e0 f   learn.obj
 0001:00014970       ?loadParameters@SegLearn@@QAEXPAD@Z 10015970 f   learn.obj
 0001:00014bd0       ?saveParameters@SegLearn@@QAEXPAD@Z 10015bd0 f   learn.obj
 0001:00014da0       ?LoadParameter@SegLearn@@AAE_NPAMHPAU_iobuf@@@Z 10015da0 f   learn.obj
 0001:00014e70       ?PropagateUpdateBackwards@SegLearn@@AAEXPAUtrackSeg@@MMM@Z 10015e70 f   learn.obj
 0001:00014f50       ?segQuantum@SegLearn@@AAEHH@Z 10015f50 f   learn.obj
 0001:00014f80       ??0Averages@SegLearn@@QAE@XZ 10015f80 f i learn.obj
 0001:00014fd0       ?CheckMatchingToken@@YA_NPBDPAUStringBuffer_@@PAU_iobuf@@@Z 10015fd0 f i learn.obj
 0001:00015080       ?Measure@Averages@SegLearn@@QAEXMMM@Z 10016080 f i learn.obj
 0001:00015140       ?WriteToken@@YAXPBDPAU_iobuf@@@Z 10016140 f i learn.obj
 0001:00015170       ?exp@@YAMM@Z               10016170 f i learn.obj
 0001:00015190       ?tand@SegLearn@@AAEMM@Z    10016190 f i learn.obj
 0001:000151e0       ?tand_der@SegLearn@@AAEMM@Z 100161e0 f i learn.obj
 0001:00015230       _expf                      10016230 f i learn.obj
 0001:00015290       ?ArgMin@@YAHHPAM@Z         10016290 f   MathFunctions.obj
 0001:00015320       ?ArgMax@@YAHHPAM@Z         10016320 f   MathFunctions.obj
 0001:000153b0       ?SmoothMaxGamma@@YAMMMMM@Z 100163b0 f   MathFunctions.obj
 0001:00015520       ?SmoothMaxPNorm@@YAMMMM@Z  10016520 f   MathFunctions.obj
 0001:000155f0       ?SoftMax@@YAXHPAM0M@Z      100165f0 f   MathFunctions.obj
 0001:000156c0       ?SoftMin@@YAXHPAM0M@Z      100166c0 f   MathFunctions.obj
 0001:000157a0       ?Normalise@@YAXPAM0H@Z     100167a0 f   MathFunctions.obj
 0001:000158a0       ?EuclideanNorm@@YAMPAM0H@Z 100168a0 f   MathFunctions.obj
 0001:00015940       ?SquareNorm@@YAMPAM0H@Z    10016940 f   MathFunctions.obj
 0001:000159d0       ?LNorm@@YAMPAM0HM@Z        100169d0 f   MathFunctions.obj
 0001:00015ab0       ?Sum@@YAMPAMH@Z            10016ab0 f   MathFunctions.obj
 0001:00015b10       ?pow@@YAMMM@Z              10016b10 f i MathFunctions.obj
 0001:00015b40       _powf                      10016b40 f i MathFunctions.obj
 0001:00015db0       _olethros                  10016db0 f   olethros.obj
 0001:00015e70       ??_GDriver@@QAEPAXI@Z      10016e70 f i olethros.obj
 0001:00015eb0       ??0Opponent@@QAE@XZ        10016eb0 f   opponent.obj
 0001:00015ee0       ?update@Opponent@@QAEXPAUSituation@@PAVDriver@@@Z 10016ee0 f   opponent.obj
 0001:00016740       ?getDistToSegStart@Opponent@@AAEMXZ 10017740 f   opponent.obj
 0001:000167b0       ?updateOverlapTimer@Opponent@@AAEXPAUSituation@@PAUCarElt@@@Z 100177b0 f   opponent.obj
 0001:00016900       ??0Opponents@@QAE@PAUSituation@@PAVDriver@@PAVCardata@@@Z 10017900 f   opponent.obj
 0001:00016a80       ??1Opponents@@QAE@XZ       10017a80 f   opponent.obj
 0001:00016ac0       ?update@Opponents@@QAEXPAUSituation@@PAVDriver@@@Z 10017ac0 f   opponent.obj
 0001:00016b90       ??0Straight@@QAE@MMMM@Z    10017b90 f i opponent.obj
 0001:00016c10       ?dist@Straight@@QBEMABVv2d@@@Z 10017c10 f i opponent.obj
 0001:00016cc0       ?getCarPtr@Driver@@QAEPAUCarElt@@XZ 10017cc0 f i opponent.obj
 0001:00016ce0       ?getTrackPtr@Driver@@QAEPAUtTrack@@XZ 10017ce0 f i opponent.obj
 0001:00016d00       ?setCarDataPtr@Opponent@@QAEXPAVSingleCardata@@@Z 10017d00 f i opponent.obj
 0001:00016d20       ?setCarPtr@Opponent@@QAEXPAUCarElt@@@Z 10017d20 f i opponent.obj
 0001:00016d40       ?setTrackPtr@Opponent@@SAXPAUtTrack@@@Z 10017d40 f i opponent.obj
 0001:00016d50       ??0Pit@@QAE@PAUSituation@@PAVDriver@@@Z 10017d50 f   pit.obj
 0001:00017250       ??1Pit@@QAE@XZ             10018250 f   pit.obj
 0001:000172a0       ?setPitstop@Pit@@QAEX_N@Z  100182a0 f   pit.obj
 0001:00017330       ?getPitOffset@Pit@@QAEMMM@Z 10018330 f   pit.obj
 0001:000173c0       ?isBetween@Pit@@QAE_NM@Z   100183c0 f   pit.obj
 0001:00017440       ?isTimeout@Pit@@QAE_NM@Z   10018440 f   pit.obj
 0001:00017500       ?toSplineCoord@Pit@@QAEMM@Z 10018500 f   pit.obj
 0001:00017560       ?getSpeedLimitBrake@Pit@@QAEMM@Z 10018560 f   pit.obj
 0001:000175b0       ?update@Pit@@QAEXXZ        100185b0 f   pit.obj
 0001:00017640       ?setInPit@Pit@@QAEX_N@Z    10018640 f i pit.obj
 0001:00017660       ??0Spline@@QAE@HPAVSplinePoint@@@Z 10018660 f   spline.obj
 0001:00017690       ?evaluate@Spline@@QAEMM@Z  10018690 f   spline.obj
 0001:00017820       ??0SimpleStrategy@@QAE@XZ  10018820 f   strategy.obj
 0001:00017880       ??1SimpleStrategy@@UAE@XZ  10018880 f   strategy.obj
 0001:000178b0       ?setFuelAtRaceStart@SimpleStrategy@@UAEXPAUtTrack@@PAPAXPAUSituation@@@Z 100188b0 f   strategy.obj
 0001:000179f0       ?update@SimpleStrategy@@UAEXPAUCarElt@@PAUSituation@@@Z 100189f0 f   strategy.obj
 0001:00017af0       ?needPitstop@SimpleStrategy@@UAE_NPAUCarElt@@PAUSituation@@PAVOpponents@@@Z 10018af0 f   strategy.obj
 0001:00017bc0       ?pitRefuel@SimpleStrategy@@UAEMPAUCarElt@@PAUSituation@@@Z 10018bc0 f   strategy.obj
 0001:00017da0       ?pitRepair@SimpleStrategy@@UAEHPAUCarElt@@PAUSituation@@@Z 10018da0 f   strategy.obj
 0001:00017dc0       ?getSpeedFactor@SimpleStrategy@@UAEMPAUCarElt@@PAUSituation@@PAVOpponents@@@Z 10018dc0 f   strategy.obj
 0001:00017de0       ??0ManagedStrategy@@QAE@XZ 10018de0 f   strategy.obj
 0001:00017e20       ??1ManagedStrategy@@UAE@XZ 10018e20 f   strategy.obj
 0001:00017e50       ?needPitstop@ManagedStrategy@@UAE_NPAUCarElt@@PAUSituation@@PAVOpponents@@@Z 10018e50 f   strategy.obj
 0001:00017f30       ?getSpeedFactor@ManagedStrategy@@UAEMPAUCarElt@@PAUSituation@@PAVOpponents@@@Z 10018f30 f   strategy.obj
 0001:00018050       ?RepairDamage@ManagedStrategy@@MAE_NPAUCarElt@@PAVOpponents@@@Z 10019050 f   strategy.obj
 0001:00018360       ??0AbstractStrategy@@QAE@XZ 10019360 f i strategy.obj
 0001:00018380       ??1AbstractStrategy@@UAE@XZ 10019380 f i strategy.obj
 0001:000183a0       ??_EAbstractStrategy@@UAEPAXI@Z 100193a0 f i strategy.obj
 0001:000183a0       ??_GAbstractStrategy@@UAEPAXI@Z 100193a0 f i strategy.obj
 0001:000183e0       ??_EManagedStrategy@@UAEPAXI@Z 100193e0 f i strategy.obj
 0001:000183e0       ??_GManagedStrategy@@UAEPAXI@Z 100193e0 f i strategy.obj
 0001:00018420       ??_ESimpleStrategy@@UAEPAXI@Z 10019420 f i strategy.obj
 0001:00018420       ??_GSimpleStrategy@@UAEPAXI@Z 10019420 f i strategy.obj
 0001:00018460       ?floor@@YAMM@Z             10019460 f i strategy.obj
 0001:00018480       ?getNOpponentsBehind@Opponents@@QAEHXZ 10019480 f i strategy.obj
 0001:000184a0       _floorf                    100194a0 f i strategy.obj
 0001:00018500       ??0TrackData@@QAE@XZ       10019500 f   TrackData.obj
 0001:000185a0       ?setWidth@TrackData@@QAEXM@Z 100195a0 f   TrackData.obj
 0001:00018630       ?setLeftWidth@TrackData@@QAEXM@Z 10019630 f   TrackData.obj
 0001:00018690       ?setRightWidth@TrackData@@QAEXM@Z 10019690 f   TrackData.obj
 0001:000186f0       ?setStep@TrackData@@QAEXM@Z 100196f0 f   TrackData.obj
 0001:00018740       ?AddStraight@TrackData@@QAEXAAVSegmentList@@MMM@Z 10019740 f   TrackData.obj
 0001:00018a80       ?AddCurve@TrackData@@QAEXAAVSegmentList@@MMMM@Z 10019a80 f   TrackData.obj
 0001:00018e60       ?GetPoint@Trajectory@@SA?AVPoint@@AAVSegment@@M@Z 10019e60 f   Trajectory.obj
 0001:00018f10       ?Optimise@Trajectory@@QAEXVSegmentList@@HMPBD_N@Z 10019f10 f   Trajectory.obj
 0001:0001a2a0       ??$_Allocate@H@std@@YAPAHIPAH@Z 1001b2a0 f i Trajectory.obj
 0001:0001a300       ??$_Debug_pointer@H@std@@YAXPAHPB_WI@Z 1001b300 f i Trajectory.obj
 0001:0001a330       ??$_Debug_range2@PAH@std@@YAXPAH0PB_WIUrandom_access_iterator_tag@0@@Z 1001b330 f i Trajectory.obj
 0001:0001a390       ??$_Debug_range@PAH@std@@YAXPAH0PB_WI@Z 1001b390 f i Trajectory.obj
 0001:0001a3e0       ??$_Fill_n@PAHIH@std@@YAPAHPAHIABH@Z 1001b3e0 f i Trajectory.obj
 0001:0001a410       ??$_Iter_cat@PAH@std@@YA?AUrandom_access_iterator_tag@0@ABQAH@Z 1001b410 f i Trajectory.obj
 0001:0001a470       ??$_Move@PAHPAH@std@@YAPAHPAH00@Z 1001b470 f i Trajectory.obj
 0001:0001a4c0       ??$_Move@PAHPAH@std@@YAPAHPAH00U_Scalar_ptr_iterator_tag@0@@Z 1001b4c0 f i Trajectory.obj
 0001:0001a510       ??$_Umove@PAH@?$vector@HV?$allocator@H@std@@@std@@IAEPAHPAH00@Z 1001b510 f i Trajectory.obj
 0001:0001a590       ??$_Uninit_def_fill_n@HIH@std@@YAXPAHIAAU?$_Wrap_alloc@V?$allocator@H@std@@@0@0U_Scalar_ptr_iterator_tag@0@@Z 1001b590 f i Trajectory.obj
 0001:0001a5d0       ??$_Uninit_move@HHH@std@@YAPAHPAH00AAU?$_Wrap_alloc@V?$allocator@H@std@@@0@0U_Scalar_ptr_iterator_tag@0@@Z 1001b5d0 f i Trajectory.obj
 0001:0001a650       ??$_Uninitialized_default_fill_n@PAHIU?$_Wrap_alloc@V?$allocator@H@std@@@std@@@std@@YAXPAHIAAU?$_Wrap_alloc@V?$allocator@H@std@@@0@@Z 1001b650 f i Trajectory.obj
 0001:0001a6b0       ??$_Uninitialized_move@PAHPAHU?$_Wrap_alloc@V?$allocator@H@std@@@std@@@std@@YAPAHPAH00AAU?$_Wrap_alloc@V?$allocator@H@std@@@0@@Z 1001b6b0 f i Trajectory.obj
 0001:0001a710       ??$_Val_type@PAH@std@@YAPAHPAH@Z 1001b710 f i Trajectory.obj
 0001:0001a720       ??0?$_Iterator012@Urandom_access_iterator_tag@std@@HHPBHABHU_Iterator_base12@2@@std@@QAE@ABU01@@Z 1001b720 f i Trajectory.obj
 0001:0001a750       ??0?$_Iterator012@Urandom_access_iterator_tag@std@@HHPBHABHU_Iterator_base12@2@@std@@QAE@XZ 1001b750 f i Trajectory.obj
 0001:0001a780       ??0?$_Vector_const_iterator@V?$_Vector_val@U?$_Simple_types@H@std@@@std@@@std@@QAE@ABV01@@Z 1001b780 f i Trajectory.obj
 0001:0001a7c0       ??0?$_Vector_const_iterator@V?$_Vector_val@U?$_Simple_types@H@std@@@std@@@std@@QAE@PAHPBU_Container_base12@1@@Z 1001b7c0 f i Trajectory.obj
 0001:0001a840       ??0?$_Vector_iterator@V?$_Vector_val@U?$_Simple_types@H@std@@@std@@@std@@QAE@ABV01@@Z 1001b840 f i Trajectory.obj
 0001:0001a870       ??0?$_Vector_iterator@V?$_Vector_val@U?$_Simple_types@H@std@@@std@@@std@@QAE@PAHPBU_Container_base12@1@@Z 1001b870 f i Trajectory.obj
 0001:0001a8b0       ??1?$_Iterator012@Urandom_access_iterator_tag@std@@HHPBHABHU_Iterator_base12@2@@std@@QAE@XZ 1001b8b0 f i Trajectory.obj
 0001:0001a8e0       ??1?$_Vector_const_iterator@V?$_Vector_val@U?$_Simple_types@H@std@@@std@@@std@@QAE@XZ 1001b8e0 f i Trajectory.obj
 0001:0001a910       ??1?$_Vector_iterator@V?$_Vector_val@U?$_Simple_types@H@std@@@std@@@std@@QAE@XZ 1001b910 f i Trajectory.obj
 0001:0001a940       ??8?$_Vector_const_iterator@V?$_Vector_val@U?$_Simple_types@H@std@@@std@@@std@@QBE_NABV01@@Z 1001b940 f i Trajectory.obj
 0001:0001a9a0       ??9?$_Vector_const_iterator@V?$_Vector_val@U?$_Simple_types@H@std@@@std@@@std@@QBE_NABV01@@Z 1001b9a0 f i Trajectory.obj
 0001:0001a9f0       ??A?$vector@HV?$allocator@H@std@@@std@@QAEAAHI@Z 1001b9f0 f i Trajectory.obj
 0001:0001aa90       ??A?$vector@VSegment@@V?$allocator@VSegment@@@std@@@std@@QAEAAVSegment@@I@Z 1001ba90 f i Trajectory.obj
 0001:0001ab30       ??ASegmentList@@QAEAAVSegment@@H@Z 1001bb30 f i Trajectory.obj
 0001:0001ab60       ??GPoint@@QAE?AV0@ABV0@@Z  1001bb60 f i Trajectory.obj
 0001:0001ac20       ??H?$_Vector_iterator@V?$_Vector_val@U?$_Simple_types@H@std@@@std@@@std@@QBE?AV01@H@Z 1001bc20 f i Trajectory.obj
 0001:0001ad00       ??KPoint@@QAE?AV0@ABM@Z    1001bd00 f i Trajectory.obj
 0001:0001adc0       ??M?$_Vector_const_iterator@V?$_Vector_val@U?$_Simple_types@H@std@@@std@@@std@@QBE_NABV01@@Z 1001bdc0 f i Trajectory.obj
 0001:0001ae20       ??Y?$_Vector_const_iterator@V?$_Vector_val@U?$_Simple_types@H@std@@@std@@@std@@QAEAAV01@H@Z 1001be20 f i Trajectory.obj
 0001:0001af00       ??Y?$_Vector_iterator@V?$_Vector_val@U?$_Simple_types@H@std@@@std@@@std@@QAEAAV01@H@Z 1001bf00 f i Trajectory.obj
 0001:0001af30       ?Length@Point@@QAEMXZ      1001bf30 f i Trajectory.obj
 0001:0001afb0       ?Normalise@Point@@QAEXXZ   1001bfb0 f i Trajectory.obj
 0001:0001b050       ?_Compat@?$_Vector_const_iterator@V?$_Vector_val@U?$_Simple_types@H@std@@@std@@@std@@QBEXABV12@@Z 1001c050 f i Trajectory.obj
 0001:0001b100       ?_Grow_to@?$vector@HV?$allocator@H@std@@@std@@IBEII@Z 1001c100 f i Trajectory.obj
 0001:0001b180       ?_Make_iter@?$vector@HV?$allocator@H@std@@@std@@QBE?AV?$_Vector_iterator@V?$_Vector_val@U?$_Simple_types@H@std@@@std@@@2@V?$_Vector_const_iterator@V?$_Vector_val@U?$_Simple_types@H@std@@@std@@@2@@Z 1001c180 f i Trajectory.obj
 0001:0001b210       ?_Orphan_range@?$vector@HV?$allocator@H@std@@@std@@IBEXPAH0@Z 1001c210 f i Trajectory.obj
 0001:0001b320       ?_Reallocate@?$vector@HV?$allocator@H@std@@@std@@IAEXI@Z 1001c320 f i Trajectory.obj
 0001:0001b480       ?_Reserve@?$vector@HV?$allocator@H@std@@@std@@IAEXI@Z 1001c480 f i Trajectory.obj
 0001:0001b4f0       ?_Unused_capacity@?$vector@HV?$allocator@H@std@@@std@@QBEIXZ 1001c4f0 f i Trajectory.obj
 0001:0001b520       ?_Xlen@?$vector@HV?$allocator@H@std@@@std@@IBEXXZ 1001c520 f i Trajectory.obj
 0001:0001b550       ?allocate@?$_Wrap_alloc@V?$allocator@H@std@@@std@@QAEPAHI@Z 1001c550 f i Trajectory.obj
 0001:0001b580       ?allocate@?$allocator@H@std@@QAEPAHI@Z 1001c580 f i Trajectory.obj
 0001:0001b5b0       ?begin@?$vector@HV?$allocator@H@std@@@std@@QAE?AV?$_Vector_iterator@V?$_Vector_val@U?$_Simple_types@H@std@@@std@@@2@XZ 1001c5b0 f i Trajectory.obj
 0001:0001b5f0       ?capacity@?$vector@HV?$allocator@H@std@@@std@@QBEIXZ 1001c5f0 f i Trajectory.obj
 0001:0001b620       ?clear@?$vector@HV?$allocator@H@std@@@std@@QAEXXZ 1001c620 f i Trajectory.obj
 0001:0001b670       ?end@?$vector@HV?$allocator@H@std@@@std@@QAE?AV?$_Vector_iterator@V?$_Vector_val@U?$_Simple_types@H@std@@@std@@@2@XZ 1001c670 f i Trajectory.obj
 0001:0001b6b0       ?erase@?$vector@HV?$allocator@H@std@@@std@@QAE?AV?$_Vector_iterator@V?$_Vector_val@U?$_Simple_types@H@std@@@std@@@2@V?$_Vector_const_iterator@V?$_Vector_val@U?$_Simple_types@H@std@@@std@@@2@0@Z 1001c6b0 f i Trajectory.obj
 0001:0001b9b0       ?max_size@?$_Wrap_alloc@V?$allocator@H@std@@@std@@QBEIXZ 1001c9b0 f i Trajectory.obj
 0001:0001b9e0       ?max_size@?$allocator@H@std@@QBEIXZ 1001c9e0 f i Trajectory.obj
 0001:0001ba00       ?max_size@?$allocator_traits@V?$allocator@H@std@@@std@@SAIABV?$allocator@H@2@@Z 1001ca00 f i Trajectory.obj
 0001:0001ba20       ?max_size@?$vector@HV?$allocator@H@std@@@std@@QBEIXZ 1001ca20 f i Trajectory.obj
 0001:0001ba60       ?resize@?$vector@HV?$allocator@H@std@@@std@@QAEXI@Z 1001ca60 f i Trajectory.obj
 0001:0001bc70       ?size@?$vector@HV?$allocator@H@std@@@std@@QBEIXZ 1001cc70 f i Trajectory.obj
 0001:0001bca0       ?size@SegmentList@@QAEHXZ  1001cca0 f i Trajectory.obj
 0001:0001bcc4       ?GfParmReadFile@@YAPAXPBDH@Z 1001ccc4 f   tgf:tgf.dll
 0001:0001bcca       ?GfParmGetStr@@YAPBDPAXPBD11@Z 1001ccca f   tgf:tgf.dll
 0001:0001bcd0       ?GfParmGetNum@@YAMPAXPBD11M@Z 1001ccd0 f   tgf:tgf.dll
 0001:0001bcd6       ?GetLocalDir@@YAPADXZ      1001ccd6 f   tgf:tgf.dll
 0001:0001bcdc       ?GfCreateDir@@YAHPAD@Z     1001ccdc f   tgf:tgf.dll
 0001:0001bce2       ?_tgf_win_strdup@@YAPADPBD@Z 1001cce2 f   tgf:tgf.dll
 0001:0001bce8       ?GfParmSetNum@@YAHPAXPBD11M@Z 1001cce8 f   tgf:tgf.dll
 0001:0001bcee       ?RtTrackSideTgAngleL@@YAMPAUtTrkLocPos@@@Z 1001ccee f   robottools:robottools.dll
 0001:0001bcf4       ?RtDistToPit@@YAHPAUCarElt@@PAUtTrack@@PAM2@Z 1001ccf4 f   robottools:robottools.dll
 0001:0001bd00       ?sgdSqrt@@YANN@Z           1001cd00 f i sg_vs2008_32:sgd.obj
 0001:0001bd10       ?sgdSquare@@YANN@Z         1001cd10 f i sg_vs2008_32:sgd.obj
 0001:0001bd20       ?sgdAbs@@YANN@Z            1001cd20 f i sg_vs2008_32:sgd.obj
 0001:0001bd40       ?sgdASin@@YANN@Z           1001cd40 f i sg_vs2008_32:sgd.obj
 0001:0001bd50       ?sgdACos@@YANN@Z           1001cd50 f i sg_vs2008_32:sgd.obj
 0001:0001bd60       ?sgdATan2@@YANNN@Z         1001cd60 f i sg_vs2008_32:sgd.obj
 0001:0001bd80       ?sgdSin@@YANN@Z            1001cd80 f i sg_vs2008_32:sgd.obj
 0001:0001bd90       ?sgdCos@@YANN@Z            1001cd90 f i sg_vs2008_32:sgd.obj
 0001:0001bda0       ?sgdZeroVec3@@YAXQAN@Z     1001cda0 f i sg_vs2008_32:sgd.obj
 0001:0001bdb0       ?sgdSetVec3@@YAXQANNNN@Z   1001cdb0 f i sg_vs2008_32:sgd.obj
 0001:0001bdd0       ?sgdSetVec4@@YAXQANNNNN@Z  1001cdd0 f i sg_vs2008_32:sgd.obj
 0001:0001bdf0       ?sgdCopyVec3@@YAXQANQBN@Z  1001cdf0 f i sg_vs2008_32:sgd.obj
 0001:0001be10       ?sgdCopyVec4@@YAXQANQBN@Z  1001ce10 f i sg_vs2008_32:sgd.obj
 0001:0001be30       ?sgdAddVec3@@YAXQANQBN1@Z  1001ce30 f i sg_vs2008_32:sgd.obj
 0001:0001be60       ?sgdSubVec2@@YAXQANQBN1@Z  1001ce60 f i sg_vs2008_32:sgd.obj
 0001:0001be80       ?sgdSubVec3@@YAXQANQBN1@Z  1001ce80 f i sg_vs2008_32:sgd.obj
 0001:0001beb0       ?sgdNegateVec3@@YAXQAN@Z   1001ceb0 f i sg_vs2008_32:sgd.obj
 0001:0001bed0       ?sgdScaleVec2@@YAXQANN@Z   1001ced0 f i sg_vs2008_32:sgd.obj
 0001:0001bef0       ?sgdScaleVec3@@YAXQANN@Z   1001cef0 f i sg_vs2008_32:sgd.obj
 0001:0001bf10       ?sgdScaleVec3@@YAXQANQBNN@Z 1001cf10 f i sg_vs2008_32:sgd.obj
 0001:0001bf40       ?sgdScaleVec4@@YAXQANQBNN@Z 1001cf40 f i sg_vs2008_32:sgd.obj
 0001:0001bf70       ?sgdAddScaledVec3@@YAXQANQBN1N@Z 1001cf70 f i sg_vs2008_32:sgd.obj
 0001:0001bfa0       ?sgdScalarProductVec2@@YANQBN0@Z 1001cfa0 f i sg_vs2008_32:sgd.obj
 0001:0001bfc0       ?sgdScalarProductVec3@@YANQBN0@Z 1001cfc0 f i sg_vs2008_32:sgd.obj
 0001:0001bfe0       ?sgdScalarProductVec4@@YANQBN0@Z 1001cfe0 f i sg_vs2008_32:sgd.obj
 0001:0001c010       ?sgdDistanceSquaredVec3@@YANQBN0@Z 1001d010 f i sg_vs2008_32:sgd.obj
 0001:0001c040       ?sgdDistanceVec3@@YANQBN0@Z 1001d040 f i sg_vs2008_32:sgd.obj
 0001:0001c070       ?sgdLengthVec2@@YANQBN@Z   1001d070 f i sg_vs2008_32:sgd.obj
 0001:0001c090       ?sgdLengthVec3@@YANQBN@Z   1001d090 f i sg_vs2008_32:sgd.obj
 0001:0001c0c0       ?sgdNormaliseVec2@@YAXQAN@Z 1001d0c0 f i sg_vs2008_32:sgd.obj
 0001:0001c0f0       ?sgdNormaliseVec3@@YAXQAN@Z 1001d0f0 f i sg_vs2008_32:sgd.obj
 0001:0001c130       ?sgdNormaliseVec3@@YAXQANQBN@Z 1001d130 f i sg_vs2008_32:sgd.obj
 0001:0001c170       ?sgdCopyMat4@@YAXQAY03NQAY03$$CBN@Z 1001d170 f i sg_vs2008_32:sgd.obj
 0001:0001c1e0       ?sgdScaleMat4@@YAXQAY03NQAY03$$CBNN@Z 1001d1e0 f i sg_vs2008_32:sgd.obj
 0001:0001c270       ?sgdMakeIdentMat4@@YAXQAY03N@Z 1001d270 f i sg_vs2008_32:sgd.obj
 0001:0001c2b0       ?sgdLineSegment3ToLine3@@YAXPAUsgdLine3@@UsgdLineSegment3@@@Z 1001d2b0 f i sg_vs2008_32:sgd.obj
 0001:0001c320       ?sgdAngleBetweenNormalizedVec3@@YANQAN0@Z 1001d320 f i sg_vs2008_32:sgd.obj
 0001:0001c390       ?getCenter@sgdSphere@@QBEPBNXZ 1001d390 f i sg_vs2008_32:sgd.obj
 0001:0001c3a0       ?getRadius@sgdSphere@@QBENXZ 1001d3a0 f i sg_vs2008_32:sgd.obj
 0001:0001c3b0       ?isEmpty@sgdSphere@@QBEHXZ 1001d3b0 f i sg_vs2008_32:sgd.obj
 0001:0001c3d0       ?getMin@sgdBox@@QBEPBNXZ   1001d3d0 f i sg_vs2008_32:sgd.obj
 0001:0001c3e0       ?getMax@sgdBox@@QBEPBNXZ   1001d3e0 f i sg_vs2008_32:sgd.obj
 0001:0001c3f0       ?isEmpty@sgdBox@@QBEHXZ    1001d3f0 f i sg_vs2008_32:sgd.obj
 0001:0001c420       ?sgdVectorProductVec3@@YAXQANQBN1@Z 1001d420 f   sg_vs2008_32:sgd.obj
 0001:0001c460       ?_sgdClampToUnity@@YANN@Z  1001d460 f i sg_vs2008_32:sgd.obj
 0001:0001c490       ?sgdCompare3DSqdDist@@YAHQBN0N@Z 1001d490 f   sg_vs2008_32:sgd.obj
 0001:0001c4f0       ?sgdMakeRotMat4@@YAXQAY03NNQBN@Z 1001d4f0 f   sg_vs2008_32:sgd.obj
 0001:0001c620       ?sgdMakePickMatrix@@YAXQAY03NNNNNQAN@Z 1001d620 f   sg_vs2008_32:sgd.obj
 0001:0001c6a0       ?sgdMakeLookAtMat4@@YAXQAY03NQBN11@Z 1001d6a0 f   sg_vs2008_32:sgd.obj
 0001:0001c820       ?sgdAngleBetweenVec3@@YANQAN0@Z 1001d820 f   sg_vs2008_32:sgd.obj
 0001:0001c8c0       ?sgdAngleBetweenNormalizedVec3@@YANQAN00@Z 1001d8c0 f   sg_vs2008_32:sgd.obj
 0001:0001ca50       ?sgdAngleBetweenVec3@@YANQAN00@Z 1001da50 f   sg_vs2008_32:sgd.obj
 0001:0001caf0       ?extend@sgdBox@@QAEXQBN@Z  1001daf0 f   sg_vs2008_32:sgd.obj
 0001:0001cbc0       ?extend@sgdBox@@QAEXPBV1@@Z 1001dbc0 f   sg_vs2008_32:sgd.obj
 0001:0001cc50       ?extend@sgdBox@@QAEXPBVsgdSphere@@@Z 1001dc50 f   sg_vs2008_32:sgd.obj
 0001:0001ccc0       ?intersects@sgdBox@@QBEHQBN@Z 1001dcc0 f   sg_vs2008_32:sgd.obj
 0001:0001ce00       ?extend@sgdSphere@@QAEXQBN@Z 1001de00 f   sg_vs2008_32:sgd.obj
 0001:0001ceb0       ?extend@sgdSphere@@QAEXPBVsgdBox@@@Z 1001deb0 f   sg_vs2008_32:sgd.obj
 0001:0001d040       ?extend@sgdSphere@@QAEXPBV1@@Z 1001e040 f   sg_vs2008_32:sgd.obj
 0001:0001d110       ?intersects@sgdSphere@@QBEHPBVsgdBox@@@Z 1001e110 f   sg_vs2008_32:sgd.obj
 0001:0001d1c0       ?update@sgdFrustum@@AAEXXZ 1001e1c0 f   sg_vs2008_32:sgd.obj
 0001:0001d5c0       ?contains@sgdFrustum@@QBEHPBVsgdSphere@@@Z 1001e5c0 f   sg_vs2008_32:sgd.obj
 0001:0001d730       ?sgdDistSquaredToLineVec3@@YANUsgdLine3@@QBN@Z 1001e730 f   sg_vs2008_32:sgd.obj
 0001:0001d770       ?sgdDistSquaredToLineSegmentVec3@@YANUsgdLineSegment3@@QBN@Z 1001e770 f   sg_vs2008_32:sgd.obj
 0001:0001d880       ?sgdMakeCoordMat4@@YAXQAY03NNNNNNN@Z 1001e880 f   sg_vs2008_32:sgd.obj
 0001:0001da40       ?sgdMakeTransMat4@@YAXQAY03NQBN@Z 1001ea40 f   sg_vs2008_32:sgd.obj
 0001:0001da90       ?sgdMakeTransMat4@@YAXQAY03NNNN@Z 1001ea90 f   sg_vs2008_32:sgd.obj
 0001:0001dae0       ?sgdSetCoord@@YAXPAUsgdCoord@@QAY03$$CBN@Z 1001eae0 f   sg_vs2008_32:sgd.obj
 0001:0001dde0       ?sgdMakeNormal@@YAXQANQBN1@Z 1001ede0 f   sg_vs2008_32:sgd.obj
 0001:0001de30       ?sgdMakeNormal@@YAXQANQBN11@Z 1001ee30 f   sg_vs2008_32:sgd.obj
 0001:0001ded0       ?sgdMultMat4@@YAXQAY03NQAY03$$CBN1@Z 1001eed0 f   sg_vs2008_32:sgd.obj
 0001:0001df80       ?sgdTransposeNegateMat4@@YAXQAY03NQAY03$$CBN@Z 1001ef80 f   sg_vs2008_32:sgd.obj
 0001:0001e020       ?sgdTransposeNegateMat4@@YAXQAY03N@Z 1001f020 f   sg_vs2008_32:sgd.obj
 0001:0001e050       ?sgdInvertMat4@@YAXQAY03NQAY03$$CBN@Z 1001f050 f   sg_vs2008_32:sgd.obj
 0001:0001e270       ?sgdXformVec3@@YAXQANQBNQAY03$$CBN@Z 1001f270 f   sg_vs2008_32:sgd.obj
 0001:0001e2d0       ?sgdXformPnt3@@YAXQANQBNQAY03$$CBN@Z 1001f2d0 f   sg_vs2008_32:sgd.obj
 0001:0001e330       ?sgdXformPnt4@@YAXQANQBNQAY03$$CBN@Z 1001f330 f   sg_vs2008_32:sgd.obj
 0001:0001e3c0       ?sgdFullXformPnt3@@YAXQANQBNQAY03$$CBN@Z 1001f3c0 f   sg_vs2008_32:sgd.obj
 0001:0001e420       ?sgdHPRfromVec3@@YAXQAN0@Z 1001f420 f   sg_vs2008_32:sgd.obj
 0001:0001e4c0       ?sgdQuatToAngleAxis@@YAXPANQANQBN@Z 1001f4c0 f   sg_vs2008_32:sgd.obj
 0001:0001e540       ?sgdAngleAxisToQuat@@YAXQANNQBN@Z 1001f540 f   sg_vs2008_32:sgd.obj
 0001:0001e5e0       ?sgdMatrixToQuat@@YAXQANQAY03$$CBN@Z 1001f5e0 f   sg_vs2008_32:sgd.obj
 0001:0001e740       ?sgdMultQuat@@YAXQANQBN1@Z 1001f740 f   sg_vs2008_32:sgd.obj
 0001:0001e810       ?sgdMultQuat2@@YAXQANQBN1@Z 1001f810 f   sg_vs2008_32:sgd.obj
 0001:0001e8e0       ?sgdEulerToQuat@@YAXQANQBN@Z 1001f8e0 f   sg_vs2008_32:sgd.obj
 0001:0001e9d0       ?sgdQuatToEuler@@YAXQANQBN@Z 1001f9d0 f   sg_vs2008_32:sgd.obj
 0001:0001eb30       ?sgdQuatToMatrix@@YAXQAY03NQBN@Z 1001fb30 f   sg_vs2008_32:sgd.obj
 0001:0001ec00       ?sgdMakeRotMat42@@YAXQAY03NQAN@Z 1001fc00 f   sg_vs2008_32:sgd.obj
 0001:0001ecd0       ?sgdSlerpQuat2@@YAXQANQBN1N@Z 1001fcd0 f   sg_vs2008_32:sgd.obj
 0001:0001edf0       ?sgdSlerpQuat@@YAXQANQBN1N@Z 1001fdf0 f   sg_vs2008_32:sgd.obj
 0001:0001eee0       ?sgdRotateVecQuat@@YAXQAN0@Z 1001fee0 f   sg_vs2008_32:sgd.obj
 0001:0001efd0       ?sgdRotateCoordQuat@@YAXQAN0@Z 1001ffd0 f   sg_vs2008_32:sgd.obj
 0001:0001f0c0       ?sgdDistSquaredToLineLineSegment@@YANUsgdLineSegment3@@UsgdLine3@@@Z 100200c0 f   sg_vs2008_32:sgd.obj
 0001:0001f2d0       ?sgdReflectInPlaneVec3@@YAXQANQBN1@Z 100202d0 f   sg_vs2008_32:sgd.obj
 0001:0001f320       ?sgdClassifyMat4@@YAHQAY03$$CBN@Z 10020320 f   sg_vs2008_32:sgd.obj
 0001:0001f5e0       ?sgdTriangleSolver_SAStoArea@@YANNNN@Z 100205e0 f   sg_vs2008_32:sgd.obj
 0001:0001f600       ?sgdTriangleSolver_SSStoArea@@YANNNN@Z 10020600 f   sg_vs2008_32:sgd.obj
 0001:0001f650       ?sgdTriangleSolver_SSStoAAA@@YAXNNNPAN00@Z 10020650 f   sg_vs2008_32:sgd.obj
 0001:0001f7f0       ?sgdTriangleSolver_SAStoASA@@YAXNNNPAN00@Z 100207f0 f   sg_vs2008_32:sgd.obj
 0001:0001f870       ?sgdTriangleSolver_ASAtoSAS@@YAXNNNPAN00@Z 10020870 f   sg_vs2008_32:sgd.obj
 0001:0001f920       ?sgdTriangleSolver_ASStoSAA@@YAXNNNHPAN00@Z 10020920 f   sg_vs2008_32:sgd.obj
 0001:0001f9b0       ?sgdTriangleSolver_SAAtoASS@@YAXNNNPAN00@Z 100209b0 f   sg_vs2008_32:sgd.obj
 0001:0001fa00       ?sgdTriArea@@YANQAN00@Z    10020a00 f   sg_vs2008_32:sgd.obj
 0001:0001fae0       ?getOutcode@sgdFrustum@@ABEHQBN@Z 10020ae0 f   sg_vs2008_32:sgd.obj
 0001:0001fbc0       ?contains@sgdFrustum@@QBEHQBN@Z 10020bc0 f   sg_vs2008_32:sgd.obj
 0001:0001fbe0       ?contains@sgdFrustum@@QBEHPBVsgdBox@@@Z 10020be0 f   sg_vs2008_32:sgd.obj
 0001:0001fd00       ?sgdPreMultMat4@@YAXQAY03NQAY03$$CBN@Z 10020d00 f   sg_vs2008_32:sgd.obj
 0001:0001fd40       ?sgdPostMultMat4@@YAXQAY03NQAY03$$CBN@Z 10020d40 f   sg_vs2008_32:sgd.obj
 0001:0001fd80       ?sgdQuatToAngleAxis@@YAXPAN000QBN@Z 10020d80 f   sg_vs2008_32:sgd.obj
 0001:0001fdc0       ?sgdAngleAxisToQuat@@YAXQANNNNN@Z 10020dc0 f   sg_vs2008_32:sgd.obj
 0001:0001fe00       ?sgdTriangleSolver_ASAtoArea@@YANNNN@Z 10020e00 f   sg_vs2008_32:sgd.obj
 0001:0001fe70       ?sgdTriangleSolver_ASStoArea@@YANNNNH@Z 10020e70 f   sg_vs2008_32:sgd.obj
[...]
 0002:000201a4       __ehfuncinfo$??0?$_String_alloc@$0A@U?$_String_base_types@DV?$allocator@D@std@@@std@@@std@@QAE@ABV?$allocator@D@1@@Z 1009b1a4     libcpmtd:xthrow.obj
 0002:000201c8       __unwindtable$??0?$basic_string@DU?$char_traits@D@std@@V?$allocator@D@2@@std@@QAE@PBD@Z 1009b1c8     libcpmtd:xthrow.obj
 0002:000201d0       __ehfuncinfo$??0?$basic_string@DU?$char_traits@D@std@@V?$allocator@D@2@@std@@QAE@PBD@Z 1009b1d0     libcpmtd:xthrow.obj
 0002:000201f4       __catchsym$?_Copy@?$basic_string@DU?$char_traits@D@std@@V?$allocator@D@2@@std@@QAEXII@Z$5 1009b1f4     libcpmtd:xthrow.obj
 0002:00020204       __catchsym$?_Copy@?$basic_string@DU?$char_traits@D@std@@V?$allocator@D@2@@std@@QAEXII@Z$4 1009b204     libcpmtd:xthrow.obj
 0002:00020214       __unwindtable$?_Copy@?$basic_string@DU?$char_traits@D@std@@V?$allocator@D@2@@std@@QAEXII@Z 1009b214     libcpmtd:xthrow.obj
 0002:00020234       __ehfuncinfo$?_Copy@?$basic_string@DU?$char_traits@D@std@@V?$allocator@D@2@@std@@QAEXII@Z 1009b234     libcpmtd:xthrow.obj
 0002:00020258       __tryblocktable$?_Copy@?$basic_string@DU?$char_traits@D@std@@V?$allocator@D@2@@std@@QAEXII@Z 1009b258     libcpmtd:xthrow.obj
 0002:00020280       __unwindtable$??$construct@PADAAPAD@?$allocator@D@std@@QAEXPAPADAAPAD@Z 1009b280     libcpmtd:xthrow.obj
 0002:00020288       __ehfuncinfo$??$construct@PADAAPAD@?$allocator@D@std@@QAEXPAPADAAPAD@Z 1009b288     libcpmtd:xthrow.obj
 0002:00020408       __sehtable$??3@YAXPAX@Z    1009b408     LIBCMTD:dbgdel.obj
 0002:00020428       __sehtable$_fclose         1009b428     LIBCMTD:fclose.obj
 0002:00020448       __sehtable$__fsopen        1009b448     LIBCMTD:fopen.obj
 0002:00020468       __sehtable$_fprintf        1009b468     LIBCMTD:fprintf.obj
 0002:00020488       __sehtable$_printf         1009b488     LIBCMTD:printf.obj
 0002:000204a8       __sehtable$__CrtSetReportHookW2 1009b4a8     LIBCMTD:dbgrptw.obj
 0002:000204c8       __sehtable$_fread_s        1009b4c8     LIBCMTD:fread.obj
 0002:000204e8       __sehtable$_fwrite         1009b4e8     LIBCMTD:fwrite.obj
 0002:00020508       __sehtable$__CRT_INIT@12   1009b508     LIBCMTD:dllcrt0.obj
 0002:00020528       __sehtable$___DllMainCRTStartup 1009b528     LIBCMTD:dllcrt0.obj
 0002:00020548       __sehtable$_doexit         1009b548     LIBCMTD:crt0dat.obj
 0002:00020568       __sehtable$__onexit        1009b568     LIBCMTD:onexit.obj
 0002:00020588       __sehtable$__mtinitlocknum 1009b588     LIBCMTD:mlock.obj
 0002:000205a8       __sehtable$__realloc_dbg   1009b5a8     LIBCMTD:dbgheap.obj
 0002:000205c8       __sehtable$__expand_dbg    1009b5c8     LIBCMTD:dbgheap.obj
 0002:000205e8       __sehtable$__free_dbg      1009b5e8     LIBCMTD:dbgheap.obj
 0002:00020608       __sehtable$__msize_dbg     1009b608     LIBCMTD:dbgheap.obj
 0002:00020628       __sehtable$__CrtCheckMemory 1009b628     LIBCMTD:dbgheap.obj
 0002:00020648       __sehtable$__CrtSetDbgFlag 1009b648     LIBCMTD:dbgheap.obj
 0002:00020668       __sehtable$__CrtDoForAllClientObjects 1009b668     LIBCMTD:dbgheap.obj
 0002:00020688       __sehtable$__CrtIsMemoryBlock 1009b688     LIBCMTD:dbgheap.obj
 0002:000206a8       __sehtable$__CrtMemCheckpoint 1009b6a8     LIBCMTD:dbgheap.obj
 0002:000206c8       __sehtable$__CrtSetDbgBlockType 1009b6c8     LIBCMTD:dbgheap.obj
 0002:000206e8       __sehtable$__heap_alloc_dbg_impl 1009b6e8     LIBCMTD:dbgheap.obj
 0002:00020708       __sehtable$?__crtIsBadReadPtr@@YAHPBXI@Z 1009b708     LIBCMTD:dbgheap.obj
 0002:00020728       __sehtable$?_CrtMemDumpAllObjectsSince_stat@@YAXPBU_CrtMemState@@PAUlocaleinfo_struct@@@Z 1009b728     LIBCMTD:dbgheap.obj
 0002:00020748       __sehtable$?DebuggerProbe@@YAHK@Z 1009b748     LIBCMTD:error.obj
 0002:00020768       __sehtable$?DebuggerRuntime@@YAHKHPAXPB_W@Z 1009b768     LIBCMTD:error.obj
 0002:00020788       __sehtable$__freefls@4     1009b788     LIBCMTD:tidtable.obj
 0002:000207b0       __sehtable$__initptd       1009b7b0     LIBCMTD:tidtable.obj
 0002:000207d8       __sehtable$?terminate@@YAXXZ 1009b7d8     LIBCMTD:hooks.obj
 0002:000207f8       __sehtable$?_inconsistency@@YAXXZ 1009b7f8     LIBCMTD:hooks.obj
 0002:00020818       __sehtable$___FrameUnwindToState 1009b818     LIBCMTD:frame.obj
 0002:00020840       __sehtable$?CallCatchBlock@@YAPAXPAUEHExceptionRecord@@PAUEHRegistrationNode@@PAU_CONTEXT@@PBU_s_FuncInfo@@PAXHK@Z 1009b840     LIBCMTD:frame.obj
 0002:00020868       __sehtable$___BuildCatchObject 1009b868     LIBCMTD:frame.obj
 0002:00020888       __sehtable$___DestructExceptionObject 1009b888     LIBCMTD:frame.obj
 0002:000208a4       __catchsym$?CallUnexpected@@YAXPBU_s_ESTypeList@@@Z$2 1009b8a4     LIBCMTD:frame.obj
 0002:000208b4       __unwindtable$?CallUnexpected@@YAXPBU_s_ESTypeList@@@Z 1009b8b4     LIBCMTD:frame.obj
 0002:000208c4       __tryblocktable$?CallUnexpected@@YAXPBU_s_ESTypeList@@@Z 1009b8c4     LIBCMTD:frame.obj
 0002:000208d8       __ehfuncinfo$?CallUnexpected@@YAXPBU_s_ESTypeList@@@Z 1009b8d8     LIBCMTD:frame.obj
 0002:00020900       __sehtable$___BuildCatchObjectHelper 1009b900     LIBCMTD:frame.obj
 0002:00020958       __sehtable$__close         1009b958     LIBCMTD:close.obj
 0002:00020978       __sehtable$_fflush         1009b978     LIBCMTD:fflush.obj
 0002:00020998       __sehtable$_flsall         1009b998     LIBCMTD:fflush.obj
 0002:000209c0       __sehtable$__getstream     1009b9c0     LIBCMTD:stream.obj
 0002:000209e0       __sehtable$_vfprintf_helper 1009b9e0     LIBCMTD:vfprintf.obj
 0002:00020a00       __sehtable$__ioinit        1009ba00     LIBCMTD:ioinit.obj
 0002:00020a20       __sehtable$_vprintf_helper 1009ba20     LIBCMTD:vprintf.obj
 0002:00020a40       __sehtable$___set_fpsr_sse2 1009ba40     LIBCMTD:fpctrl.obj
 0002:00020a60       __sehtable$_signal         1009ba60     LIBCMTD:winsig.obj
 0002:00020a80       __sehtable$_raise          1009ba80     LIBCMTD:winsig.obj
 0002:00020aa0       __sehtable$_ctrlevent_capture@4 1009baa0     LIBCMTD:winsig.obj
 0002:00020ac0       __sehtable$__VCrtDbgReportA 1009bac0     LIBCMTD:dbgrptt.obj
 0002:00020ae8       __sehtable$__VCrtDbgReportW 1009bae8     LIBCMTD:dbgrptt.obj
 0002:00020b10       __sehtable$?_Name_base@type_info@@CAPBDPBV1@PAU__type_info_node@@@Z 1009bb10     LIBCMTD:typname.obj
 0002:00020b30       __sehtable$?_Type_info_dtor@type_info@@CAXPAV1@@Z 1009bb30     LIBCMTD:typname.obj
 0002:00020b50       __sehtable$?_Name_base_internal@type_info@@CAPBDPBV1@PAU__type_info_node@@@Z 1009bb50     LIBCMTD:typname.obj
 0002:00020b70       __sehtable$?_Type_info_dtor_internal@type_info@@CAXPAV1@@Z 1009bb70     LIBCMTD:typname.obj
 0002:00020b90       __sehtable$___clean_type_info_names_internal 1009bb90     LIBCMTD:typname.obj
 0002:00020bb0       __sehtable$__fcloseall     1009bbb0     LIBCMTD:closeall.obj
 0002:00020bd0       __sehtable$__read          1009bbd0     LIBCMTD:read.obj
 0002:00020bf0       __sehtable$__write         1009bbf0     LIBCMTD:write.obj
 0002:00020c10       __sehtable$_setvbuf        1009bc10     LIBCMTD:setvbuf.obj
 0002:00020c30       __sehtable$_fwprintf       1009bc30     LIBCMTD:fwprintf.obj
 0002:00020c50       __sehtable$__IsNonwritableInCurrentImage 1009bc50     LIBCMTD:pesect.obj
 0002:00020c70       __sehtable$___updatetmbcinfo 1009bc70     LIBCMTD:mbctype.obj
 0002:00020c90       __sehtable$__setmbcp       1009bc90     LIBCMTD:mbctype.obj
 0002:00020cac       __unwindtable$?getSystemCP@@YAHH@Z 1009bcac     LIBCMTD:mbctype.obj
 0002:00020cb4       __ehfuncinfo$?getSystemCP@@YAHH@Z 1009bcb4     LIBCMTD:mbctype.obj
 0002:00020cd8       __sehtable$___updatetlocinfo 1009bcd8     LIBCMTD:localref.obj
 0002:00020cf8       __sehtable$__CrtSetReportHook2 1009bcf8     LIBCMTD:dbgrpt.obj
 0002:00020d18       __sehtable$__alloc_osfhnd  1009bd18     LIBCMTD:osfinfo.obj
 0002:00020d40       __sehtable$___lock_fhandle 1009bd40     LIBCMTD:osfinfo.obj
 0002:00020d60       __sehtable$__open_osfhandle 1009bd60     LIBCMTD:osfinfo.obj
 0002:00020d80       __sehtable$__commit        1009bd80     LIBCMTD:commit.obj
 0002:00020da0       __sehtable$__sopen_helper  1009bda0     LIBCMTD:open.obj
 0002:00020dc0       __sehtable$__open          1009bdc0     LIBCMTD:open.obj
 0002:00020de0       __sehtable$__lseeki64      1009bde0     LIBCMTD:lseeki64.obj
 0002:00020e00       __sehtable$___unDName      1009be00     LIBCMTD:undname.obj
 0002:00020e20       __sehtable$___unDNameEx    1009be20     LIBCMTD:undname.obj
 0002:00020e3c       __unwindtable$?make@DNameStatusNode@@SAPAV1@W4DNameStatus@@@Z 1009be3c     LIBCMTD:undname.obj
 0002:00020e44       __ehfuncinfo$?make@DNameStatusNode@@SAPAV1@W4DNameStatus@@@Z 1009be44     LIBCMTD:undname.obj
 0002:00020e68       __sehtable$__putwch        1009be68     LIBCMTD:putwch.obj
 0002:00020e88       __sehtable$_vfwprintf_helper 1009be88     LIBCMTD:vfwprint.obj
 0002:00020ea4       __unwindtable$?x_ismbbtype_l@@YAHPAUlocaleinfo_struct@@IHH@Z 1009bea4     LIBCMTD:ismbbyte.obj
 0002:00020eac       __ehfuncinfo$?x_ismbbtype_l@@YAHPAUlocaleinfo_struct@@IHH@Z 1009beac     LIBCMTD:ismbbyte.obj
 0002:00020ed0       __unwindtable$?strtoxl@@YAKPAUlocaleinfo_struct@@PBDPAPBDHH@Z 1009bed0     LIBCMTD:strtol.obj
 0002:00020ed8       __ehfuncinfo$?strtoxl@@YAKPAUlocaleinfo_struct@@PBDPAPBDHH@Z 1009bed8     LIBCMTD:strtol.obj
 0002:00020f00       __sehtable$__get_current_locale 1009bf00     LIBCMTD:wsetloca.obj
 0002:00020f28       __sehtable$__free_locale   1009bf28     LIBCMTD:wsetloca.obj
 0002:00020f50       __sehtable$__wsetlocale    1009bf50     LIBCMTD:wsetloca.obj
 0002:00020f88       __sehtable$__locterm       1009bf88     LIBCMTD:wsetloca.obj
 0002:00020fa8       __sehtable$__wsopen_helper 1009bfa8     LIBCMTD:wopen.obj
 0002:00020fc8       __sehtable$__wopen         1009bfc8     LIBCMTD:wopen.obj
 0002:00020fe8       __sehtable$_fputwc         1009bfe8     LIBCMTD:fputwc.obj
 0002:00021008       __sehtable$__chsize_s      1009c008     LIBCMTD:chsize.obj
 0002:00021028       __sehtable$__setmode       1009c028     LIBCMTD:setmode.obj
 0002:00021044       __unwindtable$?strtoxq@@YA_KPAUlocaleinfo_struct@@PBDPAPBDHH@Z 1009c044     LIBCMTD:strtoq.obj
 0002:0002104c       __ehfuncinfo$?strtoxq@@YA_KPAUlocaleinfo_struct@@PBDPAPBDHH@Z 1009c04c     LIBCMTD:strtoq.obj
 0002:00021070       __unwindtable$?wcstoxq@@YA_KPAUlocaleinfo_struct@@PB_WPAPB_WHH@Z 1009c070     LIBCMTD:wcstoq.obj
 0002:00021078       __ehfuncinfo$?wcstoxq@@YA_KPAUlocaleinfo_struct@@PB_WPAPB_WHH@Z 1009c078     LIBCMTD:wcstoq.obj
 0002:00021314       .idata$6                   1009c314     tgf:tgf.dll
 0002:00021340       .idata$6                   1009c340     robottools:robottools.dll
 0002:0002138e       .idata$6                   1009c38e     learning:learning.dll
 0002:00021a0a       .idata$6                   1009ca0a     kernel32:KERNEL32.dll
 0002:00021a20       .edata                     1009ca20     olethros.exp
 0002:00021a48       rgpv                       1009ca48     olethros.exp
 0002:00021a4c       rgszName                   1009ca4c     olethros.exp
 0002:00021a50       rgwOrd                     1009ca50     olethros.exp
 0002:00021a52       szName                     1009ca52     olethros.exp
 0002:00021a5f       $N00001                    1009ca5f     olethros.exp
 0003:00000080       _botname                   1009d080     olethros.obj
 0003:000000a8       _botdesc                   1009d0a8     olethros.obj
 0003:00000148       __ulSeverityText           1009d148     ul_vs2008_32:ulError.obj
 0003:00000154       _init                      1009d154     libcpmtd:xlock.obj
 0003:000002d0       _NAME_                     1009d2d0     LIBCMTD:cos.obj
 0003:000002e0       _NAME_                     1009d2e0     LIBCMTD:sin.obj
 0003:00000300       LOG_name                   1009d300     LIBCMTD:log.obj
 0003:00000310       _NAME_                     1009d310     LIBCMTD:sqrt.obj
 0003:00000320       _dotdotdot                 1009d320     LIBCMTD:dbgrptw.obj
 0003:00000628       POW_name                   1009d628     LIBCMTD:pow.obj
 0003:00000630       __assertstring             1009d630     LIBCMTD:wassert.obj
 0003:00000680       _dotdotdot                 1009d680     LIBCMTD:wassert.obj
 0003:00000684       _newline                   1009d684     LIBCMTD:wassert.obj
 0003:00000688       _dblnewline                1009d688     LIBCMTD:wassert.obj
 0003:00000690       _NAME_                     1009d690     LIBCMTD:asin.obj
 0003:000006a0       _NAME_                     1009d6a0     LIBCMTD:acos.obj
 0003:000006b0       _NAME_                     1009d6b0     LIBCMTD:tan.obj
 0003:000006b8       __locktable                1009d6b8     LIBCMTD:mlock.obj
 0003:000007e0       ?isPackaged@?1??__crtIsPackagedApp@@9@9 1009d7e0     LIBCMTD:winapisupp.obj
 0003:000007e4       __lRequestCurr             1009d7e4     LIBCMTD:dbgheap.obj
 0003:000007e8       __bNoMansLandFill          1009d7e8     LIBCMTD:dbgheap.obj
 0003:000007e9       __bAlignLandFill           1009d7e9     LIBCMTD:dbgheap.obj
 0003:000007ea       __bDeadLandFill            1009d7ea     LIBCMTD:dbgheap.obj
 0003:000007eb       __bCleanLandFill           1009d7eb     LIBCMTD:dbgheap.obj
 0003:00000870       _errtable                  1009d870     LIBCMTD:dosmap.obj
 0003:000009d8       _ErrnoNoMem                1009d9d8     LIBCMTD:dosmap.obj
 0003:000009dc       _DoserrorNoMem             1009d9dc     LIBCMTD:dosmap.obj
 0003:00000a30       ?_names@?1??_get_fname@@9@9 1009da30     LIBCMTD:fpexcept.obj
 0003:00000b40       _over                      1009db40     LIBCMTD:fpctrl.obj
 0003:00000b4c       _under                     1009db4c     LIBCMTD:fpctrl.obj
 0003:00000b58       ?__DAZ_ENABLED@?1??__set_fpsr_sse2@@9@9 1009db58     LIBCMTD:fpctrl.obj
 0003:00000c84       _newcw                     1009dc84     LIBCMTD:floor.obj
 0003:00000c90       ___rgctypeflag             1009dc90     LIBCMTD:mbctype.obj
 0003:00000c98       ___rgcode_page_info        1009dc98     LIBCMTD:mbctype.obj
 0003:000011b0       _dotdotdot                 1009e1b0     LIBCMTD:dbgrpt.obj
 0003:000014fc       __ctype_loc_style          1009e4fc     LIBCMTD:wsetloca.obj
 0003:00001508       _DoubleFormat              1009e508     LIBCMTD:intrncvt.obj
 0003:00001520       _FloatFormat               1009e520     LIBCMTD:intrncvt.obj
 0003:00001830       _allocator_arg             1009e830     driver.obj
 0003:00001831       _piecewise_construct       1009e831     driver.obj
 0003:00001838       _allocator_arg             1009e838     geometry.obj
 0003:00001839       _piecewise_construct       1009e839     geometry.obj
 0003:0000183c       _allocator_arg             1009e83c     olethros.obj
 0003:0000183d       _piecewise_construct       1009e83d     olethros.obj
 0003:00001840       _driver                    1009e840     olethros.obj
 0003:0000186c       _allocator_arg             1009e86c     opponent.obj
 0003:0000186d       _piecewise_construct       1009e86d     opponent.obj
 0003:0000186e       _allocator_arg             1009e86e     pit.obj
 0003:0000186f       _piecewise_construct       1009e86f     pit.obj
 0003:00001870       _allocator_arg             1009e870     strategy.obj
 0003:00001871       _piecewise_construct       1009e871     strategy.obj
 0003:00001872       _allocator_arg             1009e872     TrackData.obj
 0003:00001873       _piecewise_construct       1009e873     TrackData.obj
 0003:00001874       _allocator_arg             1009e874     Trajectory.obj
 0003:00001875       _piecewise_construct       1009e875     Trajectory.obj
 0003:00001878       __ulErrorBuffer            1009e878     ul_vs2008_32:ulError.obj
 0003:00001c78       __ulErrorCB                1009ec78     ul_vs2008_32:ulError.obj
 0003:00001c80       _initlocks                 1009ec80     libcpmtd:xlock.obj
 0003:00001c88       _mtx                       1009ec88     libcpmtd:xlock.obj
 0003:00001ce8       __Tuple_alloc              1009ece8     libcpmtd:xthrow.obj
 0003:00001ce9       _ignore                    1009ece9     libcpmtd:xthrow.obj
 0003:00001cea       _allocator_arg             1009ecea     libcpmtd:xthrow.obj
 0003:00001ceb       _piecewise_construct       1009eceb     libcpmtd:xthrow.obj
 0003:00001d08       _allocator_arg             1009ed08     libcpmtd:syserror.obj
 0003:00001d09       _piecewise_construct       1009ed09     libcpmtd:syserror.obj
 0003:00001d0a       ?init@?1??_RTC_InitBase@@9@4_NA 1009ed0a     LIBCMTD:init.obj
 0003:00001d14       ___enable_percent_n        1009ed14     LIBCMTD:printf.obj
 0003:00001d20       _start_tics                1009ed20     LIBCMTD:clock.obj
 0003:00001d30       ___proc_attached           1009ed30     LIBCMTD:dllcrt0.obj
 0003:00001d4c       ?fExit@?1??doexit@@9@9     1009ed4c     LIBCMTD:crt0dat.obj
 0003:00001d70       _lclcritsects              1009ed70     LIBCMTD:mlock.obj
 0003:00001ee0       _check_frequency           1009eee0     LIBCMTD:dbgheap.obj
 0003:00001ee8       _check_counter             1009eee8     LIBCMTD:dbgheap.obj
 0003:00001eec       __lTotalAlloc              1009eeec     LIBCMTD:dbgheap.obj
 0003:00001ef0       __lCurAlloc                1009eef0     LIBCMTD:dbgheap.obj
 0003:00001ef4       __lMaxAlloc                1009eef4     LIBCMTD:dbgheap.obj
 0003:00001ef8       __pFirstBlock              1009eef8     LIBCMTD:dbgheap.obj
 0003:00001efc       __pLastBlock               1009eefc     LIBCMTD:dbgheap.obj
 0003:00001f08       _GS_ExceptionRecord        1009ef08     LIBCMTD:gs_report.obj
 0003:00001f58       _GS_ContextRecord          1009ef58     LIBCMTD:gs_report.obj
 0003:00002224       _DebuggerWasPresent        1009f224     LIBCMTD:gs_report.obj
 0003:00002228       __RTC_ErrorReportFunc      1009f228     LIBCMTD:userapi.obj
 0003:0000222c       __RTC_ErrorReportFuncW     1009f22c     LIBCMTD:userapi.obj
 0003:00002348       _ctrlc_action              1009f348     LIBCMTD:winsig.obj
 0003:0000234c       _ctrlbreak_action          1009f34c     LIBCMTD:winsig.obj
 0003:00002350       _abort_action              1009f350     LIBCMTD:winsig.obj
 0003:00002354       _term_action               1009f354     LIBCMTD:winsig.obj
 0003:00002358       _ConsoleCtrlHandler_Installed 1009f358     LIBCMTD:winsig.obj
 0003:0000235c       ?pfnMessageBox@?1??__crtMessageBoxW@@9@9 1009f35c     LIBCMTD:crtmboxw.obj
 0003:00002360       ?pfnGetActiveWindow@?1??__crtMessageBoxW@@9@9 1009f360     LIBCMTD:crtmboxw.obj
 0003:00002364       ?pfnGetLastActivePopup@?1??__crtMessageBoxW@@9@9 1009f364     LIBCMTD:crtmboxw.obj
 0003:00002368       ?pfnGetProcessWindowStation@?1??__crtMessageBoxW@@9@9 1009f368     LIBCMTD:crtmboxw.obj
 0003:0000236c       ?pfnGetUserObjectInformation@?1??__crtMessageBoxW@@9@9 1009f36c     LIBCMTD:crtmboxw.obj
 0003:00002374       ___type_info_root_node     1009f374     LIBCMTD:typname.obj
 0003:00002388       ?outmsg@?L@??_NMSG_WRITE@@9@9 1009f388     LIBCMTD:crt0msg.obj
 0003:000029b4       __pmatherr_set             1009f9b4     LIBCMTD:libm_error.obj
 0003:000029c0       ?_pgmname@?1??_setargv@@9@9 1009f9c0     LIBCMTD:stdargv.obj
 0003:00002ac8       _g_pfnRtlGenRandom         1009fac8     LIBCMTD:rand_s.obj
 0003:00002ae4       _fSystemSet                1009fae4     LIBCMTD:mbctype.obj
 0003:00002ae8       _mspdb                     1009fae8     LIBCMTD:pdblkup.obj
 0003:00002aec       ?alreadyTried@?1??GetPdbDll@@YAPAUHINSTANCE__@@XZ@4_NA 1009faec     LIBCMTD:pdblkup.obj
 0003:00002aed       ?PDBOK@?BM@??_RTC_GetSrcLine@@YAHPAEPA_WKPAH1K@Z@4_NA 1009faed     LIBCMTD:pdblkup.obj
 0003:00002b20       _heap                      1009fb20     LIBCMTD:undname.obj
 0003:00002b38       ?buf@?1??dbGetString@DName@@QBEPADXZ@4PADA 1009fb38     LIBCMTD:undname.obj
 0003:00002bbc       ___crtCallProc             1009fbbc     LIBCMTD:winapinls.obj
