 human

 Timestamp is 51a15a6b (Sun May 26 02:42:19 2013)

 Preferred load address is 10000000

 Start         Length     Name                   Class
 0001:00000000 000581deH .text                   CODE
 0001:000581e0 00000133H .text$x                 CODE
 0002:00000000 000001d0H .idata$5                DATA
 0002:000001d0 00000004H .CRT$XCA                DATA
 0002:000001d4 00000004H .CRT$XCZ                DATA
 0002:000001d8 00000004H .CRT$XIA                DATA
 0002:000001dc 00000014H .CRT$XIC                DATA
 0002:000001f0 00000004H .CRT$XIZ                DATA
 0002:000001f4 00000004H .CRT$XPA                DATA
 0002:000001f8 00000008H .CRT$XPX                DATA
 0002:00000200 00000004H .CRT$XPXA               DATA
 0002:00000204 00000004H .CRT$XPZ                DATA
 0002:00000208 00000004H .CRT$XTA                DATA
 0002:0000020c 00000004H .CRT$XTZ                DATA
 0002:00000210 00018968H .rdata                  DATA
 0002:00018b78 00000080H .rdata$debug            DATA
 0002:00018bf8 00000388H .rdata$r                DATA
 0002:00018f80 00000030H .rdata$sxdata           DATA
 0002:00018fb0 00000004H .rtc$IAA                DATA
 0002:00018fb4 00000008H .rtc$IMZ                DATA
 0002:00018fbc 00000004H .rtc$IZZ                DATA
 0002:00018fc0 00000004H .rtc$TAA                DATA
 0002:00018fc4 00000008H .rtc$TMZ                DATA
 0002:00018fcc 00000004H .rtc$TZZ                DATA
 0002:00018fd0 00000ae4H .xdata$x                DATA
 0002:00019ab4 00000050H .idata$2                DATA
 0002:00019b04 00000014H .idata$3                DATA
 0002:00019b18 000001d0H .idata$4                DATA
 0002:00019ce8 00000884H .idata$6                DATA
 0002:0001a570 00000042H .edata                  DATA
 0003:00000000 00001900H .data                   DATA
 0003:00001900 000043b8H .bss                    DATA

  Address         Publics by Value              Rva+Base       Lib:Object

 0000:00000000       __except_list              00000000     <absolute>
 0000:0000000c       ___safe_se_handler_count   0000000c     <absolute>
 0000:00000000       ___ImageBase               10000000     <linker-defined>
 0001:000014c0       ?DllEntryPoint@@YGHPAUHINSTANCE__@@KPAX@Z 100024c0 f   human.obj
 0001:00001690       _human                     10002690 f   human.obj
 0001:00004bb0       ?atan2@@YAMMM@Z            10005bb0 f i human.obj
 0001:00004be0       ?cos@@YAMM@Z               10005be0 f i human.obj
 0001:00004c00       ?fabs@@YAMM@Z              10005c00 f i human.obj
 0001:00004c20       ?pow@@YAMMM@Z              10005c20 f i human.obj
 0001:00004c50       ?sgdMakeCoordMat4@@YAXQAY03NPBUsgdCoord@@@Z 10005c50 f i human.obj
 0001:00004c80       ?sgdMakeCoordMat4@@YAXQAY03NQBN1@Z 10005c80 f i human.obj
 0001:00004d30       ?strchr@@YAPADPADH@Z       10005d30 f i human.obj
 0001:00004d50       ?strrchr@@YAPADPADH@Z      10005d50 f i human.obj
 0001:00004d70       _atan2f                    10005d70 f i human.obj
 0001:00004dd0       _cosf                      10005dd0 f i human.obj
 0001:00004e30       _fabsf                     10005e30 f i human.obj
 0001:00004e90       _powf                      10005e90 f i human.obj
 0001:00004ef0       ?HmReadPrefs@@YAXH@Z       10005ef0 f   pref.obj
 0001:00005c14       ?GfScrGetSize@@YAXPAH000@Z 10006c14 f   client:client.dll
 0001:00005c1a       ?GfuiKeyEventRegisterCurrent@@YAXP6AHEHH@Z@Z 10006c1a f   client:client.dll
 0001:00005c20       ?GfuiSKeyEventRegisterCurrent@@YAXP6AHHHH@Z@Z 10006c20 f   client:client.dll
 0001:00005c26       ?GfuiMouseShow@@YAXXZ      10006c26 f   client:client.dll
 0001:00005c2c       ?GfctrlJoyInit@@YAPAUtCtrlJoyInfo@@XZ 10006c2c f   client:client.dll
 0001:00005c32       ?GfctrlJoyGetCurrent@@YAHPAUtCtrlJoyInfo@@@Z 10006c32 f   client:client.dll
 0001:00005c38       ?GfctrlJoyRelease@@YAXPAUtCtrlJoyInfo@@@Z 10006c38 f   client:client.dll
 0001:00005c3e       ?GfctrlMouseInit@@YAPAUtCtrlMouseInfo@@XZ 10006c3e f   client:client.dll
 0001:00005c44       ?GfctrlMouseGetCurrent@@YAHPAUtCtrlMouseInfo@@@Z 10006c44 f   client:client.dll
 0001:00005c4a       ?GfctrlMouseRelease@@YAXPAUtCtrlMouseInfo@@@Z 10006c4a f   client:client.dll
 0001:00005c50       ?GfctrlMouseCenter@@YAXXZ  10006c50 f   client:client.dll
 0001:00005c56       ?GfctrlMouseInitCenter@@YAXXZ 10006c56 f   client:client.dll
 0001:00005c5c       ?GfctrlGetRefByName@@YAPAUtCtrlRef@@PBD@Z 10006c5c f   client:client.dll
 0001:00005c62       ?GfctrlGetNameByRef@@YAPBDHH@Z 10006c62 f   client:client.dll
 0001:00005c68       ?_tgf_win_calloc@@YAPAXII@Z 10006c68 f   tgf:tgf.dll
 0001:00005c6e       ?_tgf_win_free@@YAXPAX@Z   10006c6e f   tgf:tgf.dll
 0001:00005c74       ?_tgf_win_strdup@@YAPADPBD@Z 10006c74 f   tgf:tgf.dll
 0001:00005c7a       ?GfParmReadFile@@YAPAXPBDH@Z 10006c7a f   tgf:tgf.dll
 0001:00005c80       ?GfParmWriteFile@@YAHPBDPAX0@Z 10006c80 f   tgf:tgf.dll
 0001:00005c86       ?GfParmGetStr@@YAPBDPAXPBD11@Z 10006c86 f   tgf:tgf.dll
 0001:00005c8c       ?GfParmSetStr@@YAHPAXPBD11@Z 10006c8c f   tgf:tgf.dll
 0001:00005c92       ?GfParmGetNum@@YAMPAXPBD11M@Z 10006c92 f   tgf:tgf.dll
 0001:00005c98       ?GfParmSetNum@@YAHPAXPBD11M@Z 10006c98 f   tgf:tgf.dll
 0001:00005c9e       ?GfParmReleaseHandle@@YAXPAX@Z 10006c9e f   tgf:tgf.dll
 0001:00005ca4       ?GetLocalDir@@YAPADXZ      10006ca4 f   tgf:tgf.dll
 0001:00005caa       ?RtTrackSideTgAngleL@@YAMPAUtTrkLocPos@@@Z 10006caa f   robottools:robottools.dll
 0001:00005cb0       ?RtGetDistFromStart@@YAMPAUCarElt@@@Z 10006cb0 f   robottools:robottools.dll
 0001:00005cc0       ?sgdSqrt@@YANN@Z           10006cc0 f i sg_vs2008_32:sgd.obj
 0001:00005cd0       ?sgdSquare@@YANN@Z         10006cd0 f i sg_vs2008_32:sgd.obj
 0001:00005ce0       ?sgdAbs@@YANN@Z            10006ce0 f i sg_vs2008_32:sgd.obj
 0001:00005d00       ?sgdASin@@YANN@Z           10006d00 f i sg_vs2008_32:sgd.obj
 0001:00005d10       ?sgdACos@@YANN@Z           10006d10 f i sg_vs2008_32:sgd.obj
 0001:00005d20       ?sgdATan2@@YANNN@Z         10006d20 f i sg_vs2008_32:sgd.obj
 0001:00005d40       ?sgdSin@@YANN@Z            10006d40 f i sg_vs2008_32:sgd.obj
 0001:00005d50       ?sgdCos@@YANN@Z            10006d50 f i sg_vs2008_32:sgd.obj
 0001:00005d60       ?sgdZeroVec3@@YAXQAN@Z     10006d60 f i sg_vs2008_32:sgd.obj
 0001:00005d70       ?sgdSetVec3@@YAXQANNNN@Z   10006d70 f i sg_vs2008_32:sgd.obj
 0001:00005d90       ?sgdSetVec4@@YAXQANNNNN@Z  10006d90 f i sg_vs2008_32:sgd.obj
 0001:00005db0       ?sgdCopyVec3@@YAXQANQBN@Z  10006db0 f i sg_vs2008_32:sgd.obj
 0001:00005dd0       ?sgdCopyVec4@@YAXQANQBN@Z  10006dd0 f i sg_vs2008_32:sgd.obj
 0001:00005df0       ?sgdAddVec3@@YAXQANQBN1@Z  10006df0 f i sg_vs2008_32:sgd.obj
 0001:00005e20       ?sgdSubVec2@@YAXQANQBN1@Z  10006e20 f i sg_vs2008_32:sgd.obj
 0001:00005e40       ?sgdSubVec3@@YAXQANQBN1@Z  10006e40 f i sg_vs2008_32:sgd.obj
 0001:00005e70       ?sgdNegateVec3@@YAXQAN@Z   10006e70 f i sg_vs2008_32:sgd.obj
 0001:00005e90       ?sgdScaleVec2@@YAXQANN@Z   10006e90 f i sg_vs2008_32:sgd.obj
 0001:00005eb0       ?sgdScaleVec3@@YAXQANN@Z   10006eb0 f i sg_vs2008_32:sgd.obj
 0001:00005ed0       ?sgdScaleVec3@@YAXQANQBNN@Z 10006ed0 f i sg_vs2008_32:sgd.obj
 0001:00005f00       ?sgdScaleVec4@@YAXQANQBNN@Z 10006f00 f i sg_vs2008_32:sgd.obj
 0001:00005f30       ?sgdAddScaledVec3@@YAXQANQBN1N@Z 10006f30 f i sg_vs2008_32:sgd.obj
 0001:00005f60       ?sgdScalarProductVec2@@YANQBN0@Z 10006f60 f i sg_vs2008_32:sgd.obj
 0001:00005f80       ?sgdScalarProductVec3@@YANQBN0@Z 10006f80 f i sg_vs2008_32:sgd.obj
 0001:00005fa0       ?sgdScalarProductVec4@@YANQBN0@Z 10006fa0 f i sg_vs2008_32:sgd.obj
 0001:00005fd0       ?sgdDistanceSquaredVec3@@YANQBN0@Z 10006fd0 f i sg_vs2008_32:sgd.obj
 0001:00006000       ?sgdDistanceVec3@@YANQBN0@Z 10007000 f i sg_vs2008_32:sgd.obj
 0001:00006030       ?sgdLengthVec2@@YANQBN@Z   10007030 f i sg_vs2008_32:sgd.obj
 0001:00006050       ?sgdLengthVec3@@YANQBN@Z   10007050 f i sg_vs2008_32:sgd.obj
 0001:00006080       ?sgdNormaliseVec2@@YAXQAN@Z 10007080 f i sg_vs2008_32:sgd.obj
 0001:000060b0       ?sgdNormaliseVec3@@YAXQAN@Z 100070b0 f i sg_vs2008_32:sgd.obj
 0001:000060f0       ?sgdNormaliseVec3@@YAXQANQBN@Z 100070f0 f i sg_vs2008_32:sgd.obj
 0001:00006130       ?sgdCopyMat4@@YAXQAY03NQAY03$$CBN@Z 10007130 f i sg_vs2008_32:sgd.obj
 0001:000061a0       ?sgdScaleMat4@@YAXQAY03NQAY03$$CBNN@Z 100071a0 f i sg_vs2008_32:sgd.obj
 0001:00006230       ?sgdMakeIdentMat4@@YAXQAY03N@Z 10007230 f i sg_vs2008_32:sgd.obj
 0001:00006270       ?sgdLineSegment3ToLine3@@YAXPAUsgdLine3@@UsgdLineSegment3@@@Z 10007270 f i sg_vs2008_32:sgd.obj
 0001:000062e0       ?sgdAngleBetweenNormalizedVec3@@YANQAN0@Z 100072e0 f i sg_vs2008_32:sgd.obj
 0001:00006350       ?getCenter@sgdSphere@@QBEPBNXZ 10007350 f i sg_vs2008_32:sgd.obj
 0001:00006360       ?getRadius@sgdSphere@@QBENXZ 10007360 f i sg_vs2008_32:sgd.obj
 0001:00006370       ?isEmpty@sgdSphere@@QBEHXZ 10007370 f i sg_vs2008_32:sgd.obj
 0001:00006390       ?getMin@sgdBox@@QBEPBNXZ   10007390 f i sg_vs2008_32:sgd.obj
 0001:000063a0       ?getMax@sgdBox@@QBEPBNXZ   100073a0 f i sg_vs2008_32:sgd.obj
 0001:000063b0       ?isEmpty@sgdBox@@QBEHXZ    100073b0 f i sg_vs2008_32:sgd.obj
 0001:000063e0       ?sgdVectorProductVec3@@YAXQANQBN1@Z 100073e0 f   sg_vs2008_32:sgd.obj
 0001:00006420       ?_sgdClampToUnity@@YANN@Z  10007420 f i sg_vs2008_32:sgd.obj
 0001:00006450       ?sgdCompare3DSqdDist@@YAHQBN0N@Z 10007450 f   sg_vs2008_32:sgd.obj
 0001:000064b0       ?sgdMakeRotMat4@@YAXQAY03NNQBN@Z 100074b0 f   sg_vs2008_32:sgd.obj
 0001:000065e0       ?sgdMakePickMatrix@@YAXQAY03NNNNNQAN@Z 100075e0 f   sg_vs2008_32:sgd.obj
 0001:00006660       ?sgdMakeLookAtMat4@@YAXQAY03NQBN11@Z 10007660 f   sg_vs2008_32:sgd.obj
 0001:000067e0       ?sgdAngleBetweenVec3@@YANQAN0@Z 100077e0 f   sg_vs2008_32:sgd.obj
 0001:00006880       ?sgdAngleBetweenNormalizedVec3@@YANQAN00@Z 10007880 f   sg_vs2008_32:sgd.obj
 0001:00006a10       ?sgdAngleBetweenVec3@@YANQAN00@Z 10007a10 f   sg_vs2008_32:sgd.obj
 0001:00006ab0       ?extend@sgdBox@@QAEXQBN@Z  10007ab0 f   sg_vs2008_32:sgd.obj
 0001:00006b80       ?extend@sgdBox@@QAEXPBV1@@Z 10007b80 f   sg_vs2008_32:sgd.obj
 0001:00006c10       ?extend@sgdBox@@QAEXPBVsgdSphere@@@Z 10007c10 f   sg_vs2008_32:sgd.obj
 0001:00006c80       ?intersects@sgdBox@@QBEHQBN@Z 10007c80 f   sg_vs2008_32:sgd.obj
 0001:00006dc0       ?extend@sgdSphere@@QAEXQBN@Z 10007dc0 f   sg_vs2008_32:sgd.obj
 0001:00006e70       ?extend@sgdSphere@@QAEXPBVsgdBox@@@Z 10007e70 f   sg_vs2008_32:sgd.obj
 0001:00007000       ?extend@sgdSphere@@QAEXPBV1@@Z 10008000 f   sg_vs2008_32:sgd.obj
 0001:000070d0       ?intersects@sgdSphere@@QBEHPBVsgdBox@@@Z 100080d0 f   sg_vs2008_32:sgd.obj
 0001:00007180       ?update@sgdFrustum@@AAEXXZ 10008180 f   sg_vs2008_32:sgd.obj
 0001:00007580       ?contains@sgdFrustum@@QBEHPBVsgdSphere@@@Z 10008580 f   sg_vs2008_32:sgd.obj
 0001:000076f0       ?sgdDistSquaredToLineVec3@@YANUsgdLine3@@QBN@Z 100086f0 f   sg_vs2008_32:sgd.obj
 0001:00007730       ?sgdDistSquaredToLineSegmentVec3@@YANUsgdLineSegment3@@QBN@Z 10008730 f   sg_vs2008_32:sgd.obj
 0001:00007840       ?sgdMakeCoordMat4@@YAXQAY03NNNNNNN@Z 10008840 f   sg_vs2008_32:sgd.obj
 0001:00007a00       ?sgdMakeTransMat4@@YAXQAY03NQBN@Z 10008a00 f   sg_vs2008_32:sgd.obj
 0001:00007a50       ?sgdMakeTransMat4@@YAXQAY03NNNN@Z 10008a50 f   sg_vs2008_32:sgd.obj
 0001:00007aa0       ?sgdSetCoord@@YAXPAUsgdCoord@@QAY03$$CBN@Z 10008aa0 f   sg_vs2008_32:sgd.obj
 0001:00007da0       ?sgdMakeNormal@@YAXQANQBN1@Z 10008da0 f   sg_vs2008_32:sgd.obj
 0001:00007df0       ?sgdMakeNormal@@YAXQANQBN11@Z 10008df0 f   sg_vs2008_32:sgd.obj
 0001:00007e90       ?sgdMultMat4@@YAXQAY03NQAY03$$CBN1@Z 10008e90 f   sg_vs2008_32:sgd.obj
 0001:00007f40       ?sgdTransposeNegateMat4@@YAXQAY03NQAY03$$CBN@Z 10008f40 f   sg_vs2008_32:sgd.obj
 0001:00007fe0       ?sgdTransposeNegateMat4@@YAXQAY03N@Z 10008fe0 f   sg_vs2008_32:sgd.obj
 0001:00008010       ?sgdInvertMat4@@YAXQAY03NQAY03$$CBN@Z 10009010 f   sg_vs2008_32:sgd.obj
 0001:00008230       ?sgdXformVec3@@YAXQANQBNQAY03$$CBN@Z 10009230 f   sg_vs2008_32:sgd.obj
 0001:00008290       ?sgdXformPnt3@@YAXQANQBNQAY03$$CBN@Z 10009290 f   sg_vs2008_32:sgd.obj
 0001:000082f0       ?sgdXformPnt4@@YAXQANQBNQAY03$$CBN@Z 100092f0 f   sg_vs2008_32:sgd.obj
 0001:00008380       ?sgdFullXformPnt3@@YAXQANQBNQAY03$$CBN@Z 10009380 f   sg_vs2008_32:sgd.obj
 0001:000083e0       ?sgdHPRfromVec3@@YAXQAN0@Z 100093e0 f   sg_vs2008_32:sgd.obj
 0001:00008480       ?sgdQuatToAngleAxis@@YAXPANQANQBN@Z 10009480 f   sg_vs2008_32:sgd.obj
 0001:00008500       ?sgdAngleAxisToQuat@@YAXQANNQBN@Z 10009500 f   sg_vs2008_32:sgd.obj
 0001:000085a0       ?sgdMatrixToQuat@@YAXQANQAY03$$CBN@Z 100095a0 f   sg_vs2008_32:sgd.obj
 0001:00008700       ?sgdMultQuat@@YAXQANQBN1@Z 10009700 f   sg_vs2008_32:sgd.obj
 0001:000087d0       ?sgdMultQuat2@@YAXQANQBN1@Z 100097d0 f   sg_vs2008_32:sgd.obj
 0001:000088a0       ?sgdEulerToQuat@@YAXQANQBN@Z 100098a0 f   sg_vs2008_32:sgd.obj
 0001:00008990       ?sgdQuatToEuler@@YAXQANQBN@Z 10009990 f   sg_vs2008_32:sgd.obj
 0001:00008af0       ?sgdQuatToMatrix@@YAXQAY03NQBN@Z 10009af0 f   sg_vs2008_32:sgd.obj
 0001:00008bc0       ?sgdMakeRotMat42@@YAXQAY03NQAN@Z 10009bc0 f   sg_vs2008_32:sgd.obj
 0001:00008c90       ?sgdSlerpQuat2@@YAXQANQBN1N@Z 10009c90 f   sg_vs2008_32:sgd.obj
 0001:00008db0       ?sgdSlerpQuat@@YAXQANQBN1N@Z 10009db0 f   sg_vs2008_32:sgd.obj
 0001:00008ea0       ?sgdRotateVecQuat@@YAXQAN0@Z 10009ea0 f   sg_vs2008_32:sgd.obj
 0001:00008f90       ?sgdRotateCoordQuat@@YAXQAN0@Z 10009f90 f   sg_vs2008_32:sgd.obj
 0001:00009080       ?sgdDistSquaredToLineLineSegment@@YANUsgdLineSegment3@@UsgdLine3@@@Z 1000a080 f   sg_vs2008_32:sgd.obj
 0001:00009290       ?sgdReflectInPlaneVec3@@YAXQANQBN1@Z 1000a290 f   sg_vs2008_32:sgd.obj
 0001:000092e0       ?sgdClassifyMat4@@YAHQAY03$$CBN@Z 1000a2e0 f   sg_vs2008_32:sgd.obj
 0001:000095a0       ?sgdTriangleSolver_SAStoArea@@YANNNN@Z 1000a5a0 f   sg_vs2008_32:sgd.obj
 0001:000095c0       ?sgdTriangleSolver_SSStoArea@@YANNNN@Z 1000a5c0 f   sg_vs2008_32:sgd.obj
 0001:00009610       ?sgdTriangleSolver_SSStoAAA@@YAXNNNPAN00@Z 1000a610 f   sg_vs2008_32:sgd.obj
 0001:000097b0       ?sgdTriangleSolver_SAStoASA@@YAXNNNPAN00@Z 1000a7b0 f   sg_vs2008_32:sgd.obj
 0001:00009830       ?sgdTriangleSolver_ASAtoSAS@@YAXNNNPAN00@Z 1000a830 f   sg_vs2008_32:sgd.obj
 0001:000098e0       ?sgdTriangleSolver_ASStoSAA@@YAXNNNHPAN00@Z 1000a8e0 f   sg_vs2008_32:sgd.obj
 0001:00009970       ?sgdTriangleSolver_SAAtoASS@@YAXNNNPAN00@Z 1000a970 f   sg_vs2008_32:sgd.obj
 0001:000099c0       ?sgdTriArea@@YANQAN00@Z    1000a9c0 f   sg_vs2008_32:sgd.obj
 0001:00009aa0       ?getOutcode@sgdFrustum@@ABEHQBN@Z 1000aaa0 f   sg_vs2008_32:sgd.obj
 0001:00009b80       ?contains@sgdFrustum@@QBEHQBN@Z 1000ab80 f   sg_vs2008_32:sgd.obj
 0001:00009ba0       ?contains@sgdFrustum@@QBEHPBVsgdBox@@@Z 1000aba0 f   sg_vs2008_32:sgd.obj
 0001:00009cc0       ?sgdPreMultMat4@@YAXQAY03NQAY03$$CBN@Z 1000acc0 f   sg_vs2008_32:sgd.obj
 0001:00009d00       ?sgdPostMultMat4@@YAXQAY03NQAY03$$CBN@Z 1000ad00 f   sg_vs2008_32:sgd.obj
 0001:00009d40       ?sgdQuatToAngleAxis@@YAXPAN000QBN@Z 1000ad40 f   sg_vs2008_32:sgd.obj
 0001:00009d80       ?sgdAngleAxisToQuat@@YAXQANNNNN@Z 1000ad80 f   sg_vs2008_32:sgd.obj
 0001:00009dc0       ?sgdTriangleSolver_ASAtoArea@@YANNNN@Z 1000adc0 f   sg_vs2008_32:sgd.obj
 0001:00009e30       ?sgdTriangleSolver_ASStoArea@@YANNNNH@Z 1000ae30 f   sg_vs2008_32:sgd.obj
 0001:00009e90       ?sgdTriangleSolver_SAAtoArea@@YANNNN@Z 1000ae90 f   sg_vs2008_32:sgd.obj
 0001:00009ef0       ?ulSetError@@YAXW4ulSeverity@@PBDZZ 1000aef0 f   ul_vs2008_32:ulError.obj
 0001:00009f60       ?ulGetError@@YAPADXZ       1000af60 f   ul_vs2008_32:ulError.obj
 0001:00009f70       ?ulClearError@@YAXXZ       1000af70 f   ul_vs2008_32:ulError.obj
 0001:00009f80       ?ulGetErrorCallback@@YAP6AXW4ulSeverity@@PAD@ZXZ 1000af80 f   ul_vs2008_32:ulError.obj
 0001:00009f90       ?ulSetErrorCallback@@YAXP6AXW4ulSeverity@@PAD@Z@Z 1000af90 f   ul_vs2008_32:ulError.obj
 0001:00009fa0       ___raise_securityfailure   1000afa0 f   LIBCMTD:gs_report.obj
 0001:00009ff0       ___report_gsfailure        1000aff0 f   LIBCMTD:gs_report.obj
 0001:0000a100       ___report_rangecheckfailure 1000b100 f   LIBCMTD:gs_report.obj
 0001:0000a110       ___report_securityfailure  1000b110 f   LIBCMTD:gs_report.obj
 0001:0000a1f0       ___report_securityfailureEx 1000b1f0 f   LIBCMTD:gs_report.obj
 0001:0000a320       _memcpy                    1000b320 f   LIBCMTD:memcpy.obj
 0001:0000a970       _memset                    1000b970 f   LIBCMTD:memset.obj
 0001:0000aa00       _strcmp                    1000ba00 f   LIBCMTD:strcmp.obj
 0001:0000aa90       _strlen                    1000ba90 f   LIBCMTD:strlen.obj
 0001:0000ab20       _strchr                    1000bb20 f   LIBCMTD:strchr.obj
 0001:0000ab8e       ___from_strstr_to_strchr   1000bb8e     LIBCMTD:strchr.obj
 0001:0000ac50       _strncpy                   1000bc50 f   LIBCMTD:strncpy.obj
 0001:0000ad80       _strrchr                   1000bd80 f   LIBCMTD:strrchr.obj
 0001:0000aec0       __get_printf_count_output  1000bec0 f   LIBCMTD:printf.obj
 0001:0000aef0       __printf_l                 1000bef0 f   LIBCMTD:printf.obj
 0001:0000af20       __printf_p                 1000bf20 f   LIBCMTD:printf.obj
 0001:0000af40       __printf_p_l               1000bf40 f   LIBCMTD:printf.obj
 0001:0000af70       __printf_s_l               1000bf70 f   LIBCMTD:printf.obj
 0001:0000afa0       __set_printf_count_output  1000bfa0 f   LIBCMTD:printf.obj
 0001:0000b000       _printf                    1000c000 f   LIBCMTD:printf.obj
 0001:0000b170       _printf_s                  1000c170 f   LIBCMTD:printf.obj
 0001:0000b190       __snprintf                 1000c190 f   LIBCMTD:snprintf.obj
 0001:0000b370       __snprintf_l               1000c370 f   LIBCMTD:snprintf.obj
 0001:0000b3a0       _atan2                     1000c3a0 f   LIBCMTD:87ctriga.obj
 0001:0000b3aa       __CIatan2                  1000c3aa f   LIBCMTD:87ctriga.obj
 0001:0000b3c0       _cos                       1000c3c0 f   LIBCMTD:cos.obj
 0001:0000b400       __CIcos                    1000c400 f   LIBCMTD:cos.obj
 0001:0000b43b       __CIcos_default            1000c43b f   LIBCMTD:cos.obj
 0001:0000b44f       __cos_default              1000c44f     LIBCMTD:cos.obj
 0001:0000b4f0       _fabs                      1000c4f0 f   LIBCMTD:fabs.obj
 0001:0000b5f0       _pow                       1000c5f0 f   LIBCMTD:pow.obj
 0001:0000b630       __CIpow                    1000c630 f   LIBCMTD:pow.obj
 0001:0000b66b       __CIpow_default            1000c66b f   LIBCMTD:pow.obj
 0001:0000b684       __pow_default              1000c684     LIBCMTD:pow.obj
 0001:0000b880       __chgsign                  1000c880 f   LIBCMTD:ieeemisc.obj
 0001:0000b8c0       __copysign                 1000c8c0 f   LIBCMTD:ieeemisc.obj
 0001:0000b8f0       __finite                   1000c8f0 f   LIBCMTD:ieeemisc.obj
 0001:0000b910       __fpclass                  1000c910 f   LIBCMTD:ieeemisc.obj
 0001:0000ba00       __isnan                    1000ca00 f   LIBCMTD:ieeemisc.obj
 0001:0000ba40       __logb                     1000ca40 f   LIBCMTD:ieeemisc.obj
 0001:0000bb70       __nextafter                1000cb70 f   LIBCMTD:ieeemisc.obj
 0001:0000be90       __scalb                    1000ce90 f   LIBCMTD:ieeemisc.obj
 0001:0000beb0       @_RTC_AllocaHelper@12      1000ceb0 f   LIBCMTD:stack.obj
 0001:0000bef0       @_RTC_CheckStackVars2@12   1000cef0 f   LIBCMTD:stack.obj
 0001:0000bfd0       @_RTC_CheckStackVars@8     1000cfd0 f   LIBCMTD:stack.obj
 0001:0000c030       __RTC_CheckEsp             1000d030 f   LIBCMTD:stack.obj
 0001:0000c060       @__security_check_cookie@4 1000d060 f   LIBCMTD:secchk.obj
 0001:0000c070       __RTC_InitBase             1000d070 f   LIBCMTD:init.obj
 0001:0000c0a0       __RTC_Shutdown             1000d0a0 f   LIBCMTD:init.obj
 0001:0000c0c0       __ftol2_sse                1000d0c0 f   LIBCMTD:ftol2.obj
 0001:0000c0c9       __ftol2_pentium4           1000d0c9 f   LIBCMTD:ftol2.obj
 0001:0000c0dc       __ftol2_sse_excpt          1000d0dc f   LIBCMTD:ftol2.obj
 0001:0000c0f6       __ftol2                    1000d0f6 f   LIBCMTD:ftol2.obj
 0001:0000c170       __fpmath                   1000d170 f   LIBCMTD:fpinit.obj
 0001:0000c190       ___setfflag                1000d190 f   LIBCMTD:fpinit.obj
 0001:0000c1b0       __cfltcvt_init             1000d1b0 f   LIBCMTD:fpinit.obj
 0001:0000c270       __CRT_INIT@12              1000d270 f   LIBCMTD:dllcrt0.obj
 0001:0000c4a0       __DllMainCRTStartup@12     1000d4a0 f   LIBCMTD:dllcrt0.obj
 0001:0000c690       ___DllXcptFilter           1000d690 f   LIBCMTD:dllcrt0.obj
 0001:0000c6c0       __CIsqrt                   1000d6c0 f   LIBCMTD:sqrt.obj
 0001:0000c6d4       _sqrt                      1000d6d4     LIBCMTD:sqrt.obj
 0001:0000c780       _asin                      1000d780 f   LIBCMTD:asin.obj
 0001:0000c7c0       __CIasin                   1000d7c0 f   LIBCMTD:asin.obj
 0001:0000c7fb       __CIasin_default           1000d7fb f   LIBCMTD:asin.obj
 0001:0000c80f       __asin_default             1000d80f     LIBCMTD:asin.obj
 0001:0000c8d0       _acos                      1000d8d0 f   LIBCMTD:acos.obj
 0001:0000c910       __CIacos                   1000d910 f   LIBCMTD:acos.obj
 0001:0000c94b       __CIacos_default           1000d94b f   LIBCMTD:acos.obj
 0001:0000c95f       __acos_default             1000d95f     LIBCMTD:acos.obj
 0001:0000ca20       _sin                       1000da20 f   LIBCMTD:sin.obj
 0001:0000ca60       __CIsin                    1000da60 f   LIBCMTD:sin.obj
 0001:0000ca9b       __CIsin_default            1000da9b f   LIBCMTD:sin.obj
 0001:0000caaf       __sin_default              1000daaf     LIBCMTD:sin.obj
 0001:0000cb50       _tan                       1000db50 f   LIBCMTD:tan.obj
 0001:0000cb90       __CItan                    1000db90 f   LIBCMTD:tan.obj
 0001:0000cbcb       __CItan_default            1000dbcb f   LIBCMTD:tan.obj
 0001:0000cbdf       __tan_default              1000dbdf     LIBCMTD:tan.obj
 0001:0000cc80       ___copy_path_to_wide_string 1000dc80 f   LIBCMTD:crt0dat.obj
 0001:0000ce70       ___crtCorExitProcess       1000de70 f   LIBCMTD:crt0dat.obj
 0001:0000ceb0       ___crtExitProcess          1000deb0 f   LIBCMTD:crt0dat.obj
 0001:0000ced0       ___freeCrtMemory           1000ded0 f   LIBCMTD:crt0dat.obj
 0001:0000d0a0       __amsg_exit                1000e0a0 f   LIBCMTD:crt0dat.obj
 0001:0000d0c0       __c_exit                   1000e0c0 f   LIBCMTD:crt0dat.obj
 0001:0000d0e0       __cexit                    1000e0e0 f   LIBCMTD:crt0dat.obj
 0001:0000d100       __cinit                    1000e100 f   LIBCMTD:crt0dat.obj
 0001:0000d1a0       __exit                     1000e1a0 f   LIBCMTD:crt0dat.obj
 0001:0000d1c0       __get_pgmptr               1000e1c0 f   LIBCMTD:crt0dat.obj
 0001:0000d2e0       __get_wpgmptr              1000e2e0 f   LIBCMTD:crt0dat.obj
 0001:0000d400       __init_pointers            1000e400 f   LIBCMTD:crt0dat.obj
 0001:0000d490       __initterm_e               1000e490 f   LIBCMTD:crt0dat.obj
 0001:0000d4d0       __lockexit                 1000e4d0 f   LIBCMTD:crt0dat.obj
 0001:0000d4e0       __unlockexit               1000e4e0 f   LIBCMTD:crt0dat.obj
 0001:0000d6f0       _exit                      1000e6f0 f   LIBCMTD:crt0dat.obj
 0001:0000d710       __fprintf_l                1000e710 f   LIBCMTD:fprintf.obj
 0001:0000d740       __fprintf_p                1000e740 f   LIBCMTD:fprintf.obj
 0001:0000d770       __fprintf_p_l              1000e770 f   LIBCMTD:fprintf.obj
 0001:0000d7a0       __fprintf_s_l              1000e7a0 f   LIBCMTD:fprintf.obj
 0001:0000d7d0       _fprintf                   1000e7d0 f   LIBCMTD:fprintf.obj
 0001:0000daa0       _fprintf_s                 1000eaa0 f   LIBCMTD:fprintf.obj
 0001:0000dad0       ___initstdio               1000ead0 f   LIBCMTD:_file.obj
 0001:0000dba0       ___endstdio                1000eba0 f   LIBCMTD:_file.obj
 0001:0000dbe0       ___iob_func                1000ebe0 f   LIBCMTD:_file.obj
 0001:0000dbf0       __lock_file                1000ebf0 f   LIBCMTD:_file.obj
 0001:0000dc50       __lock_file2               1000ec50 f   LIBCMTD:_file.obj
 0001:0000dc90       __unlock_file              1000ec90 f   LIBCMTD:_file.obj
 0001:0000dcf0       __unlock_file2             1000ecf0 f   LIBCMTD:_file.obj
 0001:0000dd30       __vscprintf                1000ed30 f   LIBCMTD:vsprintf.obj
 0001:0000dd50       __vscprintf_helper         1000ed50 f   LIBCMTD:vsprintf.obj
 0001:0000de40       __vscprintf_l              1000ee40 f   LIBCMTD:vsprintf.obj
 0001:0000de60       __vscprintf_p              1000ee60 f   LIBCMTD:vsprintf.obj
 0001:0000de80       __vscprintf_p_l            1000ee80 f   LIBCMTD:vsprintf.obj
 0001:0000dea0       __vsprintf_l               1000eea0 f   LIBCMTD:vsprintf.obj
 0001:0000e060       _vsprintf                  1000f060 f   LIBCMTD:vsprintf.obj
 0001:0000e080       __CrtDefaultAllocHook      1000f080 f   LIBCMTD:dbghook.obj
 0001:0000e090       __crt_debugger_hook        1000f090 f   LIBCMTD:dbghook.obj
 0001:0000e0f0       ___crtCloseThreadpoolTimer 1000f0f0 f   LIBCMTD:winapisupp.obj
 0001:0000e120       ___crtCloseThreadpoolWait  1000f120 f   LIBCMTD:winapisupp.obj
 0001:0000e150       ___crtCreateSemaphoreExW@24 1000f150 f   LIBCMTD:winapisupp.obj
 0001:0000e1b0       ___crtCreateSymbolicLinkW  1000f1b0 f   LIBCMTD:winapisupp.obj
 0001:0000e1f0       ___crtCreateThreadpoolTimer 1000f1f0 f   LIBCMTD:winapisupp.obj
 0001:0000e230       ___crtCreateThreadpoolWait 1000f230 f   LIBCMTD:winapisupp.obj
 0001:0000e270       ___crtFlsAlloc             1000f270 f   LIBCMTD:winapisupp.obj
 0001:0000e2a0       ___crtFlsFree              1000f2a0 f   LIBCMTD:winapisupp.obj
 0001:0000e2e0       ___crtFlsGetValue          1000f2e0 f   LIBCMTD:winapisupp.obj
 0001:0000e320       ___crtFlsSetValue          1000f320 f   LIBCMTD:winapisupp.obj
 0001:0000e360       ___crtFlushProcessWriteBuffers 1000f360 f   LIBCMTD:winapisupp.obj
 0001:0000e390       ___crtFreeLibraryWhenCallbackReturns 1000f390 f   LIBCMTD:winapisupp.obj
 0001:0000e3c0       ___crtGetCurrentProcessorNumber 1000f3c0 f   LIBCMTD:winapisupp.obj
 0001:0000e3f0       ___crtGetLogicalProcessorInformation 1000f3f0 f   LIBCMTD:winapisupp.obj
 0001:0000e430       ___crtGetShowWindowMode    1000f430 f   LIBCMTD:winapisupp.obj
 0001:0000e460       ___crtInitializeCriticalSectionEx 1000f460 f   LIBCMTD:winapisupp.obj
 0001:0000e4b0       ___crtIsPackagedApp        1000f4b0 f   LIBCMTD:winapisupp.obj
 0001:0000e4f0       ___crtLoadWinApiPointers   1000f4f0 f   LIBCMTD:winapisupp.obj
 0001:0000e900       ___crtSetThreadStackGuarantee 1000f900 f   LIBCMTD:winapisupp.obj
 0001:0000e930       ___crtSetThreadpoolTimer   1000f930 f   LIBCMTD:winapisupp.obj
 0001:0000e970       ___crtSetThreadpoolWait    1000f970 f   LIBCMTD:winapisupp.obj
 0001:0000e9a0       ___crtSetUnhandledExceptionFilter 1000f9a0 f   LIBCMTD:winapisupp.obj
 0001:0000e9b0       ___crtTerminateProcess     1000f9b0 f   LIBCMTD:winapisupp.obj
 0001:0000e9d0       ___crtUnhandledException   1000f9d0 f   LIBCMTD:winapisupp.obj
 0001:0000e9f0       ___crtWaitForThreadpoolTimerCallbacks 1000f9f0 f   LIBCMTD:winapisupp.obj
 0001:0000ea20       ___isa_available_init      1000fa20 f   LIBCMTD:cpu_disp.obj
 0001:0000ec20       __VEC_memset               1000fc20 f   LIBCMTD:p4_memset.obj
 0001:0000ecf0       ?_invalid_parameter@@YAXPBG00II@Z 1000fcf0 f   LIBCMTD:invarg.obj
 0001:0000ed20       ?_invoke_watson@@YAXPBG00II@Z 1000fd20 f   LIBCMTD:invarg.obj
 0001:0000ed40       __call_reportfault         1000fd40 f   LIBCMTD:invarg.obj
 0001:0000eea0       __get_invalid_parameter_handler 1000fea0 f   LIBCMTD:invarg.obj
 0001:0000eed0       __initp_misc_invarg        1000fed0 f   LIBCMTD:invarg.obj
 0001:0000eee0       __invalid_parameter        1000fee0 f   LIBCMTD:invarg.obj
 0001:0000ef40       __invoke_watson            1000ff40 f   LIBCMTD:invarg.obj
 0001:0000ef80       __set_invalid_parameter_handler 1000ff80 f   LIBCMTD:invarg.obj
 0001:0000efc0       __vprintf_l                1000ffc0 f   LIBCMTD:vprintf.obj
 0001:0000efe0       __vprintf_p                1000ffe0 f   LIBCMTD:vprintf.obj
 0001:0000f000       __vprintf_p_l              10010000 f   LIBCMTD:vprintf.obj
 0001:0000f020       __vprintf_s_l              10010020 f   LIBCMTD:vprintf.obj
 0001:0000f040       _vprintf                   10010040 f   LIBCMTD:vprintf.obj
 0001:0000f060       _vprintf_helper            10010060 f   LIBCMTD:vprintf.obj
 0001:0000f1a0       _vprintf_s                 100101a0 f   LIBCMTD:vprintf.obj
 0001:0000f1c0       ?_CrtDbgReportW@@YAHHPBGH00ZZ 100101c0 f   LIBCMTD:dbgrptw.obj
 0001:0000f210       __CrtDbgReportW            10010210 f   LIBCMTD:dbgrptw.obj
 0001:0000f260       __CrtDbgReportWV           10010260 f i LIBCMTD:dbgrptw.obj
 0001:0000f290       __CrtSetReportHookW2       10010290 f   LIBCMTD:dbgrptw.obj
 0001:0000f5e0       ___crtMessageWindowW       100105e0 f   LIBCMTD:dbgrptw.obj
 0001:0000fa90       __invoke_watson_if_error   10010a90 f i LIBCMTD:dbgrptw.obj
 0001:0000fac0       __invoke_watson_if_oneof   10010ac0 f i LIBCMTD:dbgrptw.obj
 0001:0000fb00       __ftbuf                    10010b00 f   LIBCMTD:_sftbuf.obj
 0001:0000fb90       __stbuf                    10010b90 f   LIBCMTD:_sftbuf.obj
 0001:0000fd00       ??0_LocaleUpdate@@QAE@PAUlocaleinfo_struct@@@Z 10010d00 f i LIBCMTD:output.obj
 0001:0000fde0       ??1_LocaleUpdate@@QAE@XZ   10010de0 f i LIBCMTD:output.obj
 0001:0000fe10       ?GetLocaleT@_LocaleUpdate@@QAEPAUlocaleinfo_struct@@XZ 10010e10 f i LIBCMTD:output.obj
 0001:0000fe20       __output_l                 10010e20 f   LIBCMTD:output.obj
 0001:000114c0       _get_int64_arg             100124c0 f i LIBCMTD:output.obj
 0001:000114e0       _get_int_arg               100124e0 f i LIBCMTD:output.obj
 0001:00011500       _get_short_arg             10012500 f i LIBCMTD:output.obj
 0001:000116c0       ___doserrno                100126c0 f   LIBCMTD:dosmap.obj
 0001:000116f0       __dosmaperr                100126f0 f   LIBCMTD:dosmap.obj
 0001:00011720       __errno                    10012720 f   LIBCMTD:dosmap.obj
 0001:00011750       __get_doserrno             10012750 f   LIBCMTD:dosmap.obj
 0001:000117e0       __get_errno                100127e0 f   LIBCMTD:dosmap.obj
 0001:00011870       __get_errno_from_oserr     10012870 f   LIBCMTD:dosmap.obj
 0001:000118f0       __set_doserrno             100128f0 f   LIBCMTD:dosmap.obj
 0001:00011920       __set_errno                10012920 f   LIBCMTD:dosmap.obj
 0001:000119b0       __except_handler4          100129b0 f   LIBCMTD:chandler4.obj
 0001:00011b70       __flsbuf                   10012b70 f   LIBCMTD:_flsbuf.obj
 0001:00011e40       __vsnprintf                10012e40 f   LIBCMTD:vsnprint.obj
 0001:00011e60       __vsnprintf_l              10012e60 f   LIBCMTD:vsnprint.obj
 0001:0001205c       __fFATN2                   1001305c     LIBCMTD:87triga.obj
 0001:000120ac       __rtpiby2                  100130ac     LIBCMTD:87triga.obj
 0001:000120f0       __cintrindisp2             100130f0 f   LIBCMTD:87cdisp.obj
 0001:0001212e       __cintrindisp1             1001312e f   LIBCMTD:87cdisp.obj
 0001:0001216b       __ctrandisp2               1001316b f   LIBCMTD:87cdisp.obj
 0001:000122fa       __ctrandisp1               100132fa f   LIBCMTD:87cdisp.obj
 0001:0001232d       __fload                    1001332d f   LIBCMTD:87cdisp.obj
 0001:00012370       __sse2_mathfcns_init       10013370 f   LIBCMTD:mathfcns.obj
 0001:00012390       __set_SSE2_enable          10013390 f   LIBCMTD:mathfcns.obj
 0001:000123e0       __CIcos_pentium4           100133e0 f   LIBCMTD:cos_pentium4.obj
 0001:000123f8       __cos_pentium4             100133f8     LIBCMTD:cos_pentium4.obj
 0001:00012590       __trandisp1                10013590 f   LIBCMTD:87disp.obj
 0001:000125f7       __trandisp2                100135f7 f   LIBCMTD:87disp.obj
 0001:00012683       __rttospopde               10013683     LIBCMTD:87disp.obj
 0001:00012688       __rttospop                 10013688     LIBCMTD:87disp.obj
 0001:0001268a       __rtnospop                 1001368a     LIBCMTD:87disp.obj
 0001:0001268c       __rttosnpop                1001368c     LIBCMTD:87disp.obj
 0001:0001268d       __rtnospopde               1001368d     LIBCMTD:87disp.obj
 0001:00012694       __rtzeropop                10013694     LIBCMTD:87disp.obj
 0001:00012696       __rtzeronpop               10013696     LIBCMTD:87disp.obj
 0001:0001269b       __rtonepop                 1001369b     LIBCMTD:87disp.obj
 0001:0001269d       __rtonenpop                1001369d     LIBCMTD:87disp.obj
 0001:000126a2       __tosnan1                  100136a2     LIBCMTD:87disp.obj
 0001:000126cd       __nosnan2                  100136cd     LIBCMTD:87disp.obj
 0001:000126cf       __tosnan2                  100136cf     LIBCMTD:87disp.obj
 0001:000126f7       __nan2                     100136f7     LIBCMTD:87disp.obj
 0001:00012736       __rtindfpop                10013736     LIBCMTD:87disp.obj
 0001:00012738       __rtindfnpop               10013738     LIBCMTD:87disp.obj
 0001:00012749       __rttosnpopde              10013749     LIBCMTD:87disp.obj
 0001:00012753       __rtchsifneg               10013753     LIBCMTD:87disp.obj
 0001:00012760       __twoToTOS                 10013760 f   LIBCMTD:common.obj
 0001:00012775       __load_CW                  10013775 f   LIBCMTD:common.obj
 0001:0001278c       __convertTOStoQNaN         1001378c f   LIBCMTD:common.obj
 0001:000127a5       __fload_withFB             100137a5 f   LIBCMTD:common.obj
 0001:000127e8       __checkTOS_withFB          100137e8 f   LIBCMTD:common.obj
 0001:000127fe       __fast_exit                100137fe f   LIBCMTD:common.obj
 0001:0001280b       __math_exit                1001380b f   LIBCMTD:common.obj
 0001:00012835       __check_overflow_exit      10013835 f   LIBCMTD:common.obj
 0001:00012849       __check_range_exit         10013849 f   LIBCMTD:common.obj
 0001:000128f0       __startTwoArgErrorHandling 100138f0 f   LIBCMTD:genexcep.obj
 0001:00012907       __startOneArgErrorHandling 10013907 f   LIBCMTD:genexcep.obj
 0001:00012950       __errcode                  10013950 f   LIBCMTD:fpexcept.obj
 0001:000129c0       __except1                  100139c0 f   LIBCMTD:fpexcept.obj
 0001:00012ac0       __except2                  10013ac0 f   LIBCMTD:fpexcept.obj
 0001:00012c10       __handle_exc               10013c10 f   LIBCMTD:fpexcept.obj
 0001:00012f30       __handle_qnan1             10013f30 f   LIBCMTD:fpexcept.obj
 0001:00012f90       __handle_qnan2             10013f90 f   LIBCMTD:fpexcept.obj
 0001:00013000       __raise_exc                10014000 f   LIBCMTD:fpexcept.obj
 0001:00013030       __raise_exc_ex             10014030 f   LIBCMTD:fpexcept.obj
 0001:000135a0       __raise_excf               100145a0 f   LIBCMTD:fpexcept.obj
 0001:000135d0       __set_errno_from_matherr   100145d0 f   LIBCMTD:fpexcept.obj
 0001:00013610       __umatherr                 10014610 f   LIBCMTD:fpexcept.obj
 0001:000136b0       __add_exp                  100146b0 f   LIBCMTD:util.obj
 0001:000136e0       __decomp                   100146e0 f   LIBCMTD:util.obj
 0001:00013800       __get_exp                  10014800 f   LIBCMTD:util.obj
 0001:00013830       __set_bexp                 10014830 f   LIBCMTD:util.obj
 0001:00013860       __set_exp                  10014860 f   LIBCMTD:util.obj
 0001:000138a0       __sptype                   100148a0 f   LIBCMTD:util.obj
 0001:00013920       ___clrfp_sse2              10014920 f   LIBCMTD:fpctrl.obj
 0001:00013960       ___ctrlfp_sse2             10014960 f   LIBCMTD:fpctrl.obj
 0001:000139c0       ___fclrf_sse2              100149c0 f   LIBCMTD:fpctrl.obj
 0001:000139e0       ___get_fpsr_sse2           100149e0 f   LIBCMTD:fpctrl.obj
 0001:00013a10       ___set_fpsr_sse2           10014a10 f   LIBCMTD:fpctrl.obj
 0001:00013af0       ___set_statfp_sse2         10014af0 f   LIBCMTD:fpctrl.obj
 0001:00013b20       ___statfp_sse2             10014b20 f   LIBCMTD:fpctrl.obj
 0001:00013b50       __clrfp                    10014b50 f   LIBCMTD:fpctrl.obj
 0001:00013b70       __ctrlfp                   10014b70 f   LIBCMTD:fpctrl.obj
 0001:00013ba0       __set_statfp               10014ba0 f   LIBCMTD:fpctrl.obj
 0001:00013c10       __statfp                   10014c10 f   LIBCMTD:fpctrl.obj
 0001:00013c20       __CIpow_pentium4           10014c20 f   LIBCMTD:pow_pentium4.obj
 0001:00013c39       __pow_pentium4             10014c39     LIBCMTD:pow_pentium4.obj
 0001:00014791       __fFEXP                    10015791     LIBCMTD:87tran.obj
 0001:000147e8       __rtinfpopse               100157e8     LIBCMTD:87tran.obj
 0001:000147ea       __rtinfnpopse              100157ea     LIBCMTD:87tran.obj
 0001:000147fa       __fFLN                     100157fa     LIBCMTD:87tran.obj
 0001:000148af       __rtinfpop                 100158af     LIBCMTD:87tran.obj
 0001:000148b1       __rtinfnpop                100158b1     LIBCMTD:87tran.obj
 0001:000148ce       __ffexpm1                  100158ce     LIBCMTD:87tran.obj
 0001:00014980       __d_inttype                10015980 f   LIBCMTD:powhlp.obj
 0001:00014a10       __powhlp                   10015a10 f   LIBCMTD:powhlp.obj
 0001:00014bc0       _ldexp                     10015bc0 f   LIBCMTD:ldexp.obj
 0001:00014ff0       ?_RTC_AllocaFailure@@YAXPAXPAU_RTC_ALLOCA_NODE@@H@Z 10015ff0 f   LIBCMTD:error.obj
 0001:00015160       ?_RTC_Failure@@YAXPAXH@Z   10016160 f   LIBCMTD:error.obj
 0001:000151b0       ?_RTC_StackFailure@@YAXPAXPBD@Z 100161b0 f   LIBCMTD:error.obj
 0001:00015510       __RTC_UninitUse            10016510 f   LIBCMTD:error.obj
 0001:00015610       ?_RTC_GetErrorFunc@@YAP6AHHPBDH00ZZPBX@Z 10016610 f   LIBCMTD:userapi.obj
 0001:00015620       ?_RTC_GetErrorFuncW@@YAP6AHHPB_WH00ZZPBX@Z 10016620 f   LIBCMTD:userapi.obj
 0001:00015630       __RTC_GetErrDesc           10016630 f   LIBCMTD:userapi.obj
 0001:00015650       __RTC_NumErrors            10016650 f   LIBCMTD:userapi.obj
 0001:00015660       __RTC_SetErrorFunc         10016660 f   LIBCMTD:userapi.obj
 0001:00015680       __RTC_SetErrorFuncW        10016680 f   LIBCMTD:userapi.obj
 0001:000156a0       __RTC_SetErrorType         100166a0 f   LIBCMTD:userapi.obj
 0001:000156d0       __CRT_RTC_INIT             100166d0 f   LIBCMTD:chkesp.obj
 0001:000156e0       __CRT_RTC_INITW            100166e0 f   LIBCMTD:chkesp.obj
 0001:000156f0       __chkesp                   100166f0 f   LIBCMTD:chkesp.obj
 0001:00015730       __cfltcvt                  10016730 f   LIBCMTD:cvt.obj
 0001:00015760       __cfltcvt_l                10016760 f   LIBCMTD:cvt.obj
 0001:00015820       __cftoa                    10016820 f   LIBCMTD:cvt.obj
 0001:00015850       __cftoa_l                  10016850 f   LIBCMTD:cvt.obj
 0001:000160c0       __cftoe                    100170c0 f   LIBCMTD:cvt.obj
 0001:00016500       __cftoe_l                  10017500 f   LIBCMTD:cvt.obj
 0001:00016730       __cftof                    10017730 f   LIBCMTD:cvt.obj
 0001:000169e0       __cftof_l                  100179e0 f   LIBCMTD:cvt.obj
 0001:00016be0       __cftog                    10017be0 f   LIBCMTD:cvt.obj
 0001:00016c10       __cftog_l                  10017c10 f   LIBCMTD:cvt.obj
 0001:00016ea0       __cropzeros                10017ea0 f   LIBCMTD:cvt.obj
 0001:00016ec0       __cropzeros_l              10017ec0 f   LIBCMTD:cvt.obj
 0001:00016fe0       __fassign                  10017fe0 f   LIBCMTD:cvt.obj
 0001:00017000       __fassign_l                10018000 f   LIBCMTD:cvt.obj
 0001:00017050       __forcdecpt                10018050 f   LIBCMTD:cvt.obj
 0001:00017070       __forcdecpt_l              10018070 f   LIBCMTD:cvt.obj
 0001:00017140       __positive                 10018140 f   LIBCMTD:cvt.obj
 0001:000171a0       __setdefaultprecision      100181a0 f   LIBCMTD:fp8.obj
 0001:000171e0       __initp_misc_cfltcvt_tab   100181e0 f   LIBCMTD:cmiscdat.obj
 0001:00017220       __XcptFilter               10018220 f   LIBCMTD:winxfltr.obj
 0001:00017420       ___CppXcptFilter           10018420 f   LIBCMTD:winxfltr.obj
 0001:000174b0       ___get_flsindex            100184b0 f   LIBCMTD:tidtable.obj
 0001:000174c0       ___threadhandle            100184c0 f   LIBCMTD:tidtable.obj
 0001:000174d0       ___threadid                100184d0 f   LIBCMTD:tidtable.obj
 0001:000174e0       __freefls@4                100184e0 f   LIBCMTD:tidtable.obj
 0001:000176e0       __freeptd                  100186e0 f   LIBCMTD:tidtable.obj
 0001:00017720       __getptd                   10018720 f   LIBCMTD:tidtable.obj
 0001:00017750       __getptd_noexit            10018750 f   LIBCMTD:tidtable.obj
 0001:00017800       __initptd                  10018800 f   LIBCMTD:tidtable.obj
 0001:00017940       __mtinit                   10018940 f   LIBCMTD:tidtable.obj
 0001:000179f0       __mtterm                   100189f0 f   LIBCMTD:tidtable.obj
 0001:00017a20       __get_heap_handle          10018a20 f   LIBCMTD:heapinit.obj
 0001:00017a60       __heap_init                10018a60 f   LIBCMTD:heapinit.obj
 0001:00017a90       __heap_term                10018a90 f   LIBCMTD:heapinit.obj
 0001:00017aa0       __ioinit                   10018aa0 f   LIBCMTD:ioinit.obj
 0001:00017f80       __ioterm                   10018f80 f   LIBCMTD:ioinit.obj
 0001:00018020       __set_pgmptr               10019020 f i LIBCMTD:stdargv.obj
 0001:00018030       __setargv                  10019030 f   LIBCMTD:stdargv.obj
 0001:00018500       __setenvp                  10019500 f   LIBCMTD:stdenvp.obj
 0001:00018b30       __CrtCheckMemory           10019b30 f   LIBCMTD:dbgheap.obj
 0001:00018f90       __CrtDoForAllClientObjects 10019f90 f   LIBCMTD:dbgheap.obj
 0001:000190c0       __CrtDumpMemoryLeaks       1001a0c0 f   LIBCMTD:dbgheap.obj
 0001:00019160       __CrtGetAllocHook          1001a160 f   LIBCMTD:dbgheap.obj
 0001:00019170       __CrtGetCheckCount         1001a170 f   LIBCMTD:dbgheap.obj
 0001:00019180       __CrtGetDumpClient         1001a180 f   LIBCMTD:dbgheap.obj
 0001:00019190       __CrtIsMemoryBlock         1001a190 f   LIBCMTD:dbgheap.obj
 0001:00019300       __CrtIsValidHeapPointer    1001a300 f   LIBCMTD:dbgheap.obj
 0001:00019340       __CrtIsValidPointer        1001a340 f   LIBCMTD:dbgheap.obj
 0001:00019370       __CrtMemCheckpoint         1001a370 f   LIBCMTD:dbgheap.obj
 0001:000195a0       __CrtMemDifference         1001a5a0 f   LIBCMTD:dbgheap.obj
 0001:00019800       __CrtMemDumpAllObjectsSince 1001a800 f   LIBCMTD:dbgheap.obj
 0001:00019840       __CrtMemDumpStatistics     1001a840 f   LIBCMTD:dbgheap.obj
 0001:00019960       __CrtReportBlockType       1001a960 f   LIBCMTD:dbgheap.obj
 0001:00019990       __CrtSetAllocHook          1001a990 f   LIBCMTD:dbgheap.obj
 0001:000199b0       __CrtSetBreakAlloc         1001a9b0 f   LIBCMTD:dbgheap.obj
 0001:000199d0       __CrtSetCheckCount         1001a9d0 f   LIBCMTD:dbgheap.obj
 0001:000199f0       __CrtSetDbgBlockType       1001a9f0 f   LIBCMTD:dbgheap.obj
 0001:00019ae0       __CrtSetDbgFlag            1001aae0 f   LIBCMTD:dbgheap.obj
 0001:00019c30       __CrtSetDebugFillThreshold 1001ac30 f   LIBCMTD:dbgheap.obj
 0001:00019c50       __CrtSetDumpClient         1001ac50 f   LIBCMTD:dbgheap.obj
 0001:00019c70       __aligned_free             1001ac70 f   LIBCMTD:dbgheap.obj
 0001:00019c90       __aligned_free_dbg         1001ac90 f   LIBCMTD:dbgheap.obj
 0001:00019d40       __aligned_malloc           1001ad40 f   LIBCMTD:dbgheap.obj
 0001:00019d60       __aligned_malloc_dbg       1001ad60 f   LIBCMTD:dbgheap.obj
 0001:00019d80       __aligned_msize            1001ad80 f   LIBCMTD:dbgheap.obj
 0001:00019da0       __aligned_msize_dbg        1001ada0 f   LIBCMTD:dbgheap.obj
 0001:00019ec0       __aligned_offset_malloc    1001aec0 f   LIBCMTD:dbgheap.obj
 0001:00019ee0       __aligned_offset_malloc_dbg 1001aee0 f   LIBCMTD:dbgheap.obj
 0001:0001a0c0       __aligned_offset_realloc   1001b0c0 f   LIBCMTD:dbgheap.obj
 0001:0001a0f0       __aligned_offset_realloc_dbg 1001b0f0 f   LIBCMTD:dbgheap.obj
 0001:0001a400       __aligned_offset_recalloc  1001b400 f   LIBCMTD:dbgheap.obj
 0001:0001a430       __aligned_offset_recalloc_dbg 1001b430 f   LIBCMTD:dbgheap.obj
 0001:0001a4f0       __aligned_realloc          1001b4f0 f   LIBCMTD:dbgheap.obj
 0001:0001a510       __aligned_realloc_dbg      1001b510 f   LIBCMTD:dbgheap.obj
 0001:0001a540       __aligned_recalloc         1001b540 f   LIBCMTD:dbgheap.obj
 0001:0001a570       __aligned_recalloc_dbg     1001b570 f   LIBCMTD:dbgheap.obj
 0001:0001a5a0       __calloc_dbg               1001b5a0 f   LIBCMTD:dbgheap.obj
 0001:0001a600       __calloc_dbg_impl          1001b600 f   LIBCMTD:dbgheap.obj
 0001:0001a680       __expand                   1001b680 f   LIBCMTD:dbgheap.obj
 0001:0001a6b0       __expand_dbg               1001b6b0 f   LIBCMTD:dbgheap.obj
 0001:0001a7d0       __free_dbg                 1001b7d0 f   LIBCMTD:dbgheap.obj
 0001:0001a850       __free_dbg_nolock          1001b850 f   LIBCMTD:dbgheap.obj
 0001:0001ad50       __free_nolock              1001bd50 f   LIBCMTD:dbgheap.obj
 0001:0001ad70       __heap_alloc               1001bd70 f   LIBCMTD:dbgheap.obj
 0001:0001ad90       __heap_alloc_dbg           1001bd90 f   LIBCMTD:dbgheap.obj
 0001:0001b1b0       __malloc_dbg               1001c1b0 f   LIBCMTD:dbgheap.obj
 0001:0001b1e0       __msize                    1001c1e0 f   LIBCMTD:dbgheap.obj
 0001:0001b200       __msize_dbg                1001c200 f   LIBCMTD:dbgheap.obj
 0001:0001b410       __nh_malloc                1001c410 f   LIBCMTD:dbgheap.obj
 0001:0001b430       __nh_malloc_dbg            1001c430 f   LIBCMTD:dbgheap.obj
 0001:0001b6c0       __realloc_dbg              1001c6c0 f   LIBCMTD:dbgheap.obj
 0001:0001b750       __recalloc                 1001c750 f   LIBCMTD:dbgheap.obj
 0001:0001b780       __recalloc_dbg             1001c780 f   LIBCMTD:dbgheap.obj
 0001:0001be40       ___security_init_cookie    1001ce40 f   LIBCMTD:gs_support.obj
 0001:0001bf20       _DllMain@12                1001cf20 f   LIBCMTD:dllmain.obj
 0001:0001bf30       ___crtGetEnvironmentStringsA 1001cf30 f   LIBCMTD:a_env.obj
 0001:0001c030       __RTC_Initialize           1001d030 f   LIBCMTD:initsect.obj
 0001:0001c060       __RTC_Terminate            1001d060 f   LIBCMTD:initsect.obj
 0001:0001c090       __CIasin_pentium4          1001d090 f   LIBCMTD:asin_pentium4.obj
 0001:0001c0a8       __asin_pentium4            1001d0a8     LIBCMTD:asin_pentium4.obj
 0001:0001c610       __CIacos_pentium4          1001d610 f   LIBCMTD:acos_pentium4.obj
 0001:0001c628       __acos_pentium4            1001d628     LIBCMTD:acos_pentium4.obj
 0001:0001cb70       __CIsin_pentium4           1001db70 f   LIBCMTD:sin_pentium4.obj
 0001:0001cb88       __sin_pentium4             1001db88     LIBCMTD:sin_pentium4.obj
 0001:0001cd40       __CItan_pentium4           1001dd40 f   LIBCMTD:tan_pentium4.obj
 0001:0001cd58       __tan_pentium4             1001dd58     LIBCMTD:tan_pentium4.obj
 0001:0001cfa0       __lock                     1001dfa0 f   LIBCMTD:mlock.obj
 0001:0001cfe0       __lockerr_exit             1001dfe0 f   LIBCMTD:mlock.obj
 0001:0001d010       __mtdeletelocks            1001e010 f   LIBCMTD:mlock.obj
 0001:0001d0d0       __mtinitlocknum            1001e0d0 f   LIBCMTD:mlock.obj
 0001:0001d1f0       __mtinitlocks              1001e1f0 f   LIBCMTD:mlock.obj
 0001:0001d270       __unlock                   1001e270 f   LIBCMTD:mlock.obj
 0001:0001d290       __FF_MSGBANNER             1001e290 f   LIBCMTD:crt0msg.obj
 0001:0001d2e0       __GET_RTERRMSG             1001e2e0 f   LIBCMTD:crt0msg.obj
 0001:0001d320       __NMSG_WRITE               1001e320 f   LIBCMTD:crt0msg.obj
 0001:0001d6e0       __FindPESection            1001e6e0 f   LIBCMTD:pesect.obj
 0001:0001d760       __IsNonwritableInCurrentImage 1001e760 f   LIBCMTD:pesect.obj
 0001:0001d890       __ValidateImageBase        1001e890 f   LIBCMTD:pesect.obj
 0001:0001d8f0       ___onexitinit              1001e8f0 f   LIBCMTD:onexit.obj
 0001:0001d950       __onexit                   1001e950 f   LIBCMTD:onexit.obj
 0001:0001db10       _atexit                    1001eb10 f   LIBCMTD:onexit.obj
 0001:0001db40       ?_inconsistency@@YAXXZ     1001eb40 f   LIBCMTD:hooks.obj
 0001:0001dbd0       ?terminate@@YAXXZ          1001ebd0 f   LIBCMTD:hooks.obj
 0001:0001dc50       ?unexpected@@YAXXZ         1001ec50 f   LIBCMTD:hooks.obj
 0001:0001dc80       __initp_eh_hooks           1001ec80 f   LIBCMTD:hooks.obj
 0001:0001dca0       ?_query_new_handler@@YAP6AHI@ZXZ 1001eca0 f   LIBCMTD:handler.obj
 0001:0001dcc0       ?_set_new_handler@@YAP6AHI@ZH@Z 1001ecc0 f   LIBCMTD:handler.obj
 0001:0001dd00       ?_set_new_handler@@YAP6AHI@ZP6AHI@Z@Z 1001ed00 f   LIBCMTD:handler.obj
 0001:0001dd40       __callnewh                 1001ed40 f   LIBCMTD:handler.obj
 0001:0001dd80       __initp_heap_handler       1001ed80 f   LIBCMTD:handler.obj
 0001:0001dd90       ___getlocaleinfo           1001ed90 f   LIBCMTD:inithelp.obj
 0001:0001e090       __initp_misc_purevirt      1001f090 f   LIBCMTD:inithelp.obj
 0001:0001e0a0       __initp_misc_rand_s        1001f0a0 f   LIBCMTD:rand_s.obj
 0001:0001e0b0       _rand_s                    1001f0b0 f   LIBCMTD:rand_s.obj
 0001:0001e320       ___fpecode                 1001f320 f   LIBCMTD:winsig.obj
 0001:0001e330       ___get_sigabrt             1001f330 f   LIBCMTD:winsig.obj
 0001:0001e350       ___pxcptinfoptrs           1001f350 f   LIBCMTD:winsig.obj
 0001:0001e360       __initp_misc_winsig        1001f360 f   LIBCMTD:winsig.obj
 0001:0001e480       _raise                     1001f480 f   LIBCMTD:winsig.obj
 0001:0001e7f0       _signal                    1001f7f0 f   LIBCMTD:winsig.obj
 0001:0001eba0       ___initmbctable            1001fba0 f   LIBCMTD:mbctype.obj
 0001:0001f1c0       ___updatetmbcinfo          100201c0 f   LIBCMTD:mbctype.obj
 0001:0001f2d0       __getmbcp                  100202d0 f   LIBCMTD:mbctype.obj
 0001:0001f340       __setmbcp                  10020340 f   LIBCMTD:mbctype.obj
 0001:0001f5e0       __setmbcp_nolock           100205e0 f   LIBCMTD:mbctype.obj
 0001:0001f960       __fileno                   10020960 f   LIBCMTD:fileno.obj
 0001:0001f9f0       __vfprintf_l               100209f0 f   LIBCMTD:vfprintf.obj
 0001:0001fa20       __vfprintf_p               10020a20 f   LIBCMTD:vfprintf.obj
 0001:0001fa40       __vfprintf_p_l             10020a40 f   LIBCMTD:vfprintf.obj
 0001:0001fa70       __vfprintf_s_l             10020a70 f   LIBCMTD:vfprintf.obj
 0001:0001faa0       _vfprintf                  10020aa0 f   LIBCMTD:vfprintf.obj
 0001:0001fac0       _vfprintf_helper           10020ac0 f   LIBCMTD:vfprintf.obj
 0001:0001fd90       _vfprintf_s                10020d90 f   LIBCMTD:vfprintf.obj
 0001:0001fdb0       __fcloseall                10020db0 f   LIBCMTD:closeall.obj
 0001:0001fee0       __fflush_nolock            10020ee0 f   LIBCMTD:fflush.obj
 0001:0001ff50       __flush                    10020f50 f   LIBCMTD:fflush.obj
 0001:00020010       __flushall                 10021010 f   LIBCMTD:fflush.obj
 0001:00020020       _fflush                    10021020 f   LIBCMTD:fflush.obj
 0001:00020260       __output_p_l               10021260 f   LIBCMTD:outputp.obj
 0001:00024050       __validate_param_reuseA    10025050 f   LIBCMTD:outputp.obj
 0001:00024340       _get_crtdouble_arg         10025340 f i LIBCMTD:outputp.obj
 0001:00024500       __output_s_l               10025500 f   LIBCMTD:outputs.obj
 0001:00025ea0       _memcpy_s                  10026ea0 f   LIBCMTD:memcpy_s.obj
 0001:00026070       _wcscpy_s                  10027070 f   LIBCMTD:wcscpy_s.obj
 0001:00026380       _wcslen                    10027380 f   LIBCMTD:wcslen.obj
 0001:000263c0       ___swprintf_l              100273c0 f   LIBCMTD:swprintf.obj
 0001:000263f0       __scwprintf                100273f0 f   LIBCMTD:swprintf.obj
 0001:00026410       __scwprintf_l              10027410 f   LIBCMTD:swprintf.obj
 0001:00026440       __scwprintf_p              10027440 f   LIBCMTD:swprintf.obj
 0001:00026460       __scwprintf_p_l            10027460 f   LIBCMTD:swprintf.obj
 0001:00026490       __snwprintf_s              10027490 f   LIBCMTD:swprintf.obj
 0001:000264c0       __snwprintf_s_l            100274c0 f   LIBCMTD:swprintf.obj
 0001:000264f0       __swprintf                 100274f0 f   LIBCMTD:swprintf.obj
 0001:00026710       __swprintf_p               10027710 f   LIBCMTD:swprintf.obj
 0001:00026740       __swprintf_p_l             10027740 f   LIBCMTD:swprintf.obj
 0001:00026770       __swprintf_s_l             10027770 f   LIBCMTD:swprintf.obj
 0001:000267a0       _swprintf_s                100277a0 f   LIBCMTD:swprintf.obj
 0001:000267d0       ___crtMessageBoxW          100277d0 f   LIBCMTD:crtmboxw.obj
 0001:00026ae0       ___crtMessageBoxWaitThreadW@4 10027ae0 f   LIBCMTD:crtmboxw.obj
 0001:00026b20       __CrtDbgBreak              10027b20 f   LIBCMTD:dbgrptt.obj
 0001:00026b30       __CrtGetReportHook         10027b30 f   LIBCMTD:dbgrptt.obj
 0001:00026b40       __CrtSetReportFile         10027b40 f   LIBCMTD:dbgrptt.obj
 0001:00026c40       __CrtSetReportHook         10027c40 f   LIBCMTD:dbgrptt.obj
 0001:00026c60       __CrtSetReportMode         10027c60 f   LIBCMTD:dbgrptt.obj
 0001:00026da0       __VCrtDbgReportA           10027da0 f   LIBCMTD:dbgrptt.obj
 0001:00027610       __VCrtDbgReportW           10028610 f   LIBCMTD:dbgrptt.obj
 0001:00027f80       __alloca_probe             10028f80     LIBCMTD:chkstk.obj
 0001:00027f80       __chkstk                   10028f80 f   LIBCMTD:chkstk.obj
 0001:00027fb0       __isatty                   10028fb0 f   LIBCMTD:isatty.obj
 0001:00028070       ___addlocaleref            10029070 f   LIBCMTD:localref.obj
 0001:00028190       ___freetlocinfo            10029190 f   LIBCMTD:localref.obj
 0001:00028480       ___removelocaleref         10029480 f   LIBCMTD:localref.obj
 0001:000285a0       ___updatetlocinfo          100295a0 f   LIBCMTD:localref.obj
 0001:00028670       __updatetlocinfoEx_nolock  10029670 f   LIBCMTD:localref.obj
 0001:000286f0       ___iswcsym                 100296f0 f i LIBCMTD:_wctype.obj
 0001:00028730       ___iswcsymf                10029730 f i LIBCMTD:_wctype.obj
 0001:00028770       __isleadbyte_l             10029770 f i LIBCMTD:_wctype.obj
 0001:000287c0       __iswalnum_l               100297c0 f i LIBCMTD:_wctype.obj
 0001:000287e0       __iswalpha_l               100297e0 f i LIBCMTD:_wctype.obj
 0001:00028800       __iswcntrl_l               10029800 f i LIBCMTD:_wctype.obj
 0001:00028820       __iswcsym_l                10029820 f i LIBCMTD:_wctype.obj
 0001:00028860       __iswcsymf_l               10029860 f i LIBCMTD:_wctype.obj
 0001:000288a0       __iswdigit_l               100298a0 f i LIBCMTD:_wctype.obj
 0001:000288c0       __iswgraph_l               100298c0 f i LIBCMTD:_wctype.obj
 0001:000288e0       __iswlower_l               100298e0 f i LIBCMTD:_wctype.obj
 0001:00028900       __iswprint_l               10029900 f i LIBCMTD:_wctype.obj
 0001:00028920       __iswpunct_l               10029920 f i LIBCMTD:_wctype.obj
 0001:00028940       __iswspace_l               10029940 f i LIBCMTD:_wctype.obj
 0001:00028960       __iswupper_l               10029960 f i LIBCMTD:_wctype.obj
 0001:00028980       __iswxdigit_l              10029980 f i LIBCMTD:_wctype.obj
 0001:000289a0       _isleadbyte                100299a0 f i LIBCMTD:_wctype.obj
 0001:000289c0       _iswalnum                  100299c0 f i LIBCMTD:_wctype.obj
 0001:000289e0       _iswalpha                  100299e0 f i LIBCMTD:_wctype.obj
 0001:00028a00       _iswascii                  10029a00 f i LIBCMTD:_wctype.obj
 0001:00028a30       _iswcntrl                  10029a30 f i LIBCMTD:_wctype.obj
 0001:00028a50       _iswdigit                  10029a50 f i LIBCMTD:_wctype.obj
 0001:00028a70       _iswgraph                  10029a70 f i LIBCMTD:_wctype.obj
 0001:00028a90       _iswlower                  10029a90 f i LIBCMTD:_wctype.obj
 0001:00028ab0       _iswprint                  10029ab0 f i LIBCMTD:_wctype.obj
 0001:00028ad0       _iswpunct                  10029ad0 f i LIBCMTD:_wctype.obj
 0001:00028af0       _iswspace                  10029af0 f i LIBCMTD:_wctype.obj
 0001:00028b10       _iswupper                  10029b10 f i LIBCMTD:_wctype.obj
 0001:00028b30       _iswxdigit                 10029b30 f i LIBCMTD:_wctype.obj
 0001:00028b50       __wctomb_l                 10029b50 f   LIBCMTD:wctomb.obj
 0001:00028bd0       __wctomb_s_l               10029bd0 f   LIBCMTD:wctomb.obj
 0001:00028f20       _wctomb                    10029f20 f   LIBCMTD:wctomb.obj
 0001:00028f70       _wctomb_s                  10029f70 f   LIBCMTD:wctomb.obj
 0001:00028f90       __aulldiv                  10029f90 f   LIBCMTD:ulldiv.obj
 0001:00029000       __aullrem                  1002a000 f   LIBCMTD:ullrem.obj
 0001:00029080       __local_unwind4            1002a080 f   LIBCMTD:exsup4.obj
 0001:00029156       __seh_longjmp_unwind4@4    1002a156 f   LIBCMTD:exsup4.obj
 0001:00029172       @_EH4_CallFilterFunc@8     1002a172 f   LIBCMTD:exsup4.obj
 0001:00029189       @_EH4_TransferToHandler@8  1002a189 f   LIBCMTD:exsup4.obj
 0001:000291a2       @_EH4_GlobalUnwind2@8      1002a1a2 f   LIBCMTD:exsup4.obj
 0001:000291bb       @_EH4_LocalUnwind@16       1002a1bb f   LIBCMTD:exsup4.obj
 0001:000291e0       __write                    1002a1e0 f   LIBCMTD:write.obj
 0001:00029430       __write_nolock             1002a430 f   LIBCMTD:write.obj
 0001:0002a1c0       __lseeki64                 1002b1c0 f   LIBCMTD:lseeki64.obj
 0001:0002a430       __lseeki64_nolock          1002b430 f   LIBCMTD:lseeki64.obj
 0001:0002a500       __getbuf                   1002b500 f   LIBCMTD:_getbuf.obj
 0001:0002a5d0       __87except                 1002b5d0 f   LIBCMTD:87except.obj
 0001:0002a7d0       __matherr                  1002b7d0 f   LIBCMTD:matherr.obj
 0001:0002a7e0       ___libm_error_support      1002b7e0 f   LIBCMTD:libm_error.obj
 0001:0002b3b0       ___libm_setusermatherr     1002c3b0 f   LIBCMTD:libm_error.obj
 0001:0002b3e0       __frnd                     1002c3e0 f   LIBCMTD:frnd.obj
 0001:0002b830       ?_RTC_GetSrcLine@@YAHPAEPA_WKPAH1K@Z 1002c830 f   LIBCMTD:pdblkup.obj
 0001:0002bae0       __CrtDbgReport             1002cae0 f   LIBCMTD:dbgrpt.obj
 0001:0002bb30       __CrtDbgReportV            1002cb30 f i LIBCMTD:dbgrpt.obj
 0001:0002bb60       __CrtSetReportHook2        1002cb60 f   LIBCMTD:dbgrpt.obj
 0001:0002beb0       ___crtMessageWindowA       1002ceb0 f   LIBCMTD:dbgrpt.obj
 0001:0002c350       ___isascii                 1002d350 f i LIBCMTD:_ctype.obj
 0001:0002c380       ___iscsym                  1002d380 f i LIBCMTD:_ctype.obj
 0001:0002c3c0       ___iscsymf                 1002d3c0 f i LIBCMTD:_ctype.obj
 0001:0002c400       ___toascii                 1002d400 f i LIBCMTD:_ctype.obj
 0001:0002c410       __isalnum_l                1002d410 f i LIBCMTD:_ctype.obj
 0001:0002c490       __isalpha_l                1002d490 f i LIBCMTD:_ctype.obj
 0001:0002c510       __iscntrl_l                1002d510 f i LIBCMTD:_ctype.obj
 0001:0002c590       __iscsym_l                 1002d590 f i LIBCMTD:_ctype.obj
 0001:0002c5d0       __iscsymf_l                1002d5d0 f i LIBCMTD:_ctype.obj
 0001:0002c610       __isdigit_l                1002d610 f i LIBCMTD:_ctype.obj
 0001:0002c690       __isgraph_l                1002d690 f i LIBCMTD:_ctype.obj
 0001:0002c710       __islower_l                1002d710 f i LIBCMTD:_ctype.obj
 0001:0002c790       __isprint_l                1002d790 f i LIBCMTD:_ctype.obj
 0001:0002c810       __ispunct_l                1002d810 f i LIBCMTD:_ctype.obj
 0001:0002c890       __isspace_l                1002d890 f i LIBCMTD:_ctype.obj
 0001:0002c910       __isupper_l                1002d910 f i LIBCMTD:_ctype.obj
 0001:0002c990       __isxdigit_l               1002d990 f i LIBCMTD:_ctype.obj
 0001:0002ca10       _isalnum                   1002da10 f i LIBCMTD:_ctype.obj
 0001:0002ca50       _isalpha                   1002da50 f i LIBCMTD:_ctype.obj
 0001:0002ca90       _iscntrl                   1002da90 f i LIBCMTD:_ctype.obj
 0001:0002cac0       _isdigit                   1002dac0 f i LIBCMTD:_ctype.obj
 0001:0002caf0       _isgraph                   1002daf0 f i LIBCMTD:_ctype.obj
 0001:0002cb30       _islower                   1002db30 f i LIBCMTD:_ctype.obj
 0001:0002cb60       _isprint                   1002db60 f i LIBCMTD:_ctype.obj
 0001:0002cba0       _ispunct                   1002dba0 f i LIBCMTD:_ctype.obj
 0001:0002cbd0       _isspace                   1002dbd0 f i LIBCMTD:_ctype.obj
 0001:0002cc00       _isupper                   1002dc00 f i LIBCMTD:_ctype.obj
 0001:0002cc30       _isxdigit                  1002dc30 f i LIBCMTD:_ctype.obj
 0001:0002cc70       __tolower                  1002dc70 f   LIBCMTD:tolower.obj
 0001:0002cc80       __tolower_l                1002dc80 f   LIBCMTD:tolower.obj
 0001:0002cec0       _tolower                   1002dec0 f   LIBCMTD:tolower.obj
 0001:0002cf10       _strcpy_s                  1002df10 f   LIBCMTD:strcpy_s.obj
 0001:0002d210       _memmove                   1002e210 f   LIBCMTD:memmove.obj
 0001:0002d860       __fptostr                  1002e860 f   LIBCMTD:_fptostr.obj
 0001:0002db80       __atodbl                   1002eb80 f   LIBCMTD:atodbl.obj
 0001:0002dba0       __atodbl_l                 1002eba0 f   LIBCMTD:atodbl.obj
 0001:0002dca0       __atoflt                   1002eca0 f   LIBCMTD:atodbl.obj
 0001:0002dcc0       __atoflt_l                 1002ecc0 f   LIBCMTD:atodbl.obj
 0001:0002ddc0       __atoldbl                  1002edc0 f   LIBCMTD:atodbl.obj
 0001:0002dde0       __atoldbl_l                1002ede0 f   LIBCMTD:atodbl.obj
 0001:0002dee0       ___dtold                   1002eee0 f   LIBCMTD:cfout.obj
 0001:0002e040       __fltout2                  1002f040 f   LIBCMTD:cfout.obj
 0001:0002e0f0       __alldiv                   1002f0f0 f   LIBCMTD:lldiv.obj
 0001:0002e1a0       __allrem                   1002f1a0 f   LIBCMTD:llrem.obj
 0001:0002e260       __allshl                   1002f260 f   LIBCMTD:llshl.obj
 0001:0002e280       __aullshr                  1002f280 f   LIBCMTD:ullshr.obj
 0001:0002e2a0       __get_output_format        1002f2a0 f   LIBCMTD:outputformat.obj
 0001:0002e2b0       __set_output_format        1002f2b0 f   LIBCMTD:outputformat.obj
 0001:0002e350       __controlfp_s              1002f350 f   LIBCMTD:contrlfp.obj
 0001:0002e440       __fptrap                   1002f440 f   LIBCMTD:crt0fp.obj
 0001:0002e510       __ismbbalnum               1002f510 f   LIBCMTD:ismbbyte.obj
 0001:0002e530       __ismbbalnum_l             1002f530 f   LIBCMTD:ismbbyte.obj
 0001:0002e550       __ismbbalpha               1002f550 f   LIBCMTD:ismbbyte.obj
 0001:0002e570       __ismbbalpha_l             1002f570 f   LIBCMTD:ismbbyte.obj
 0001:0002e590       __ismbbgraph               1002f590 f   LIBCMTD:ismbbyte.obj
 0001:0002e5b0       __ismbbgraph_l             1002f5b0 f   LIBCMTD:ismbbyte.obj
 0001:0002e5d0       __ismbbkalnum              1002f5d0 f   LIBCMTD:ismbbyte.obj
 0001:0002e5f0       __ismbbkalnum_l            1002f5f0 f   LIBCMTD:ismbbyte.obj
 0001:0002e610       __ismbbkana                1002f610 f   LIBCMTD:ismbbyte.obj
 0001:0002e630       __ismbbkana_l              1002f630 f   LIBCMTD:ismbbyte.obj
 0001:0002e6a0       __ismbbkprint              1002f6a0 f   LIBCMTD:ismbbyte.obj
 0001:0002e6c0       __ismbbkprint_l            1002f6c0 f   LIBCMTD:ismbbyte.obj
 0001:0002e6e0       __ismbbkpunct              1002f6e0 f   LIBCMTD:ismbbyte.obj
 0001:0002e700       __ismbbkpunct_l            1002f700 f   LIBCMTD:ismbbyte.obj
 0001:0002e720       __ismbblead                1002f720 f   LIBCMTD:ismbbyte.obj
 0001:0002e740       __ismbblead_l              1002f740 f   LIBCMTD:ismbbyte.obj
 0001:0002e760       __ismbbprint               1002f760 f   LIBCMTD:ismbbyte.obj
 0001:0002e780       __ismbbprint_l             1002f780 f   LIBCMTD:ismbbyte.obj
 0001:0002e7a0       __ismbbpunct               1002f7a0 f   LIBCMTD:ismbbyte.obj
 0001:0002e7c0       __ismbbpunct_l             1002f7c0 f   LIBCMTD:ismbbyte.obj
 0001:0002e7e0       __ismbbtrail               1002f7e0 f   LIBCMTD:ismbbyte.obj
 0001:0002e800       __ismbbtrail_l             1002f800 f   LIBCMTD:ismbbyte.obj
 0001:0002e820       __chvalidator              1002f820 f   LIBCMTD:isctype.obj
 0001:0002e870       __chvalidator_l            1002f870 f   LIBCMTD:isctype.obj
 0001:0002e930       __isctype                  1002f930 f   LIBCMTD:isctype.obj
 0001:0002e970       __isctype_l                1002f970 f   LIBCMTD:isctype.obj
 0001:0002eac0       __free_base                1002fac0 f   LIBCMTD:free.obj
 0001:0002eb10       __realloc_base             1002fb10 f   LIBCMTD:realloc.obj
 0001:0002ec10       __expand_base              1002fc10 f   LIBCMTD:expand.obj
 0001:0002ed80       __heapchk                  1002fd80 f   LIBCMTD:heapchk.obj
 0001:0002edb0       __heapset                  1002fdb0 f   LIBCMTD:heapchk.obj
 0001:0002edc0       __scprintf                 1002fdc0 f   LIBCMTD:sprintf.obj
 0001:0002ede0       __scprintf_l               1002fde0 f   LIBCMTD:sprintf.obj
 0001:0002ee10       __scprintf_p               1002fe10 f   LIBCMTD:sprintf.obj
 0001:0002ee30       __scprintf_p_l             1002fe30 f   LIBCMTD:sprintf.obj
 0001:0002ee60       __snprintf_s               1002fe60 f   LIBCMTD:sprintf.obj
 0001:0002ee90       __snprintf_s_l             1002fe90 f   LIBCMTD:sprintf.obj
 0001:0002eec0       __sprintf_l                1002fec0 f   LIBCMTD:sprintf.obj
 0001:0002eef0       __sprintf_p                1002fef0 f   LIBCMTD:sprintf.obj
 0001:0002ef20       __sprintf_p_l              1002ff20 f   LIBCMTD:sprintf.obj
 0001:0002ef50       __sprintf_s_l              1002ff50 f   LIBCMTD:sprintf.obj
 0001:0002ef80       _sprintf                   1002ff80 f   LIBCMTD:sprintf.obj
 0001:0002f140       _sprintf_s                 10030140 f   LIBCMTD:sprintf.obj
 0001:0002f170       __heap_alloc_base          10030170 f i LIBCMTD:malloc.obj
 0001:0002f1d0       __malloc_base              100301d0 f   LIBCMTD:malloc.obj
 0001:0002f260       _wcscat_s                  10030260 f   LIBCMTD:wcscat_s.obj
 0001:0002f670       _wcsncpy_s                 10030670 f   LIBCMTD:wcsncpy_s.obj
 0001:0002faa0       ___set_app_type            10030aa0 f   LIBCMTD:errmode.obj
 0001:0002fab0       __set_error_mode           10030ab0 f   LIBCMTD:errmode.obj
 0001:0002fb70       __set_abort_behavior       10030b70 f   LIBCMTD:abort.obj
 0001:0002fba0       _abort                     10030ba0 f   LIBCMTD:abort.obj
 0001:0002fc10       _strncpy_s                 10030c10 f   LIBCMTD:strncpy_s.obj
 0001:00030140       __MarkAllocaS              10031140 f i LIBCMTD:a_loc.obj
 0001:00030160       ___crtGetLocaleInfoA       10031160 f   LIBCMTD:a_loc.obj
 0001:000301b0       __freea                    100311b0 f i LIBCMTD:a_loc.obj
 0001:00030220       _GetTableIndexFromLcid     10031220 f   LIBCMTD:winapinls.obj
 0001:00030290       _GetTableIndexFromLocaleName 10031290 f   LIBCMTD:winapinls.obj
 0001:00030320       ___crtCompareStringEx      10031320 f   LIBCMTD:winapinls.obj
 0001:00030390       ___crtDownlevelLCIDToLocaleName 10031390 f   LIBCMTD:winapinls.obj
 0001:00030460       ___crtDownlevelLocaleNameToLCID 10031460 f   LIBCMTD:winapinls.obj
 0001:000304c0       ___crtEnumSystemLocalesEx  100314c0 f   LIBCMTD:winapinls.obj
 0001:00030530       ___crtGetDateFormatEx      10031530 f   LIBCMTD:winapinls.obj
 0001:000305a0       ___crtGetLocaleInfoEx      100315a0 f   LIBCMTD:winapinls.obj
 0001:00030600       ___crtGetTimeFormatEx      10031600 f   LIBCMTD:winapinls.obj
 0001:00030670       ___crtGetUserDefaultLocaleName 10031670 f   LIBCMTD:winapinls.obj
 0001:000306c0       ___crtIsValidLocaleName    100316c0 f   LIBCMTD:winapinls.obj
 0001:00030700       ___crtLCMapStringEx        10031700 f   LIBCMTD:winapinls.obj
 0001:00030770       ___wcsnicmp_ascii          10031770 f   LIBCMTD:winapinls.obj
 0001:00030b30       ___crtLCMapStringA         10031b30 f   LIBCMTD:a_map.obj
 0001:00030ca0       ___crtGetStringTypeA       10031ca0 f   LIBCMTD:a_str.obj
 0001:00030df0       ?_CallCatchBlock2@@YAPAXPAUEHRegistrationNode@@PBU_s_FuncInfo@@PAXHK@Z 10031df0 f   LIBCMTD:_trnsctrl_.obj
 0001:00030e60       ?_CallMemberFunction0@@YGXPAX0@Z 10031e60 f   LIBCMTD:_trnsctrl_.obj
 0001:00030e70       ?_CallMemberFunction1@@YGXPAX00@Z 10031e70 f   LIBCMTD:_trnsctrl_.obj
 0001:00030e80       ?_CallMemberFunction2@@YGXPAX00H@Z 10031e80 f   LIBCMTD:_trnsctrl_.obj
 0001:00030e90       ?_CallSETranslator@@YAHPAUEHExceptionRecord@@PAUEHRegistrationNode@@PAX2PBU_s_FuncInfo@@H1@Z 10031e90 f   LIBCMTD:_trnsctrl_.obj
 0001:00030f80       ?_GetRangeOfTrysToCheck@@YAPBU_s_TryBlockMapEntry@@PBU_s_FuncInfo@@HHPAI1@Z 10031f80 f   LIBCMTD:_trnsctrl_.obj
 0001:00031010       ?_JumpToContinuation@@YGXPAXPAUEHRegistrationNode@@@Z 10032010 f   LIBCMTD:_trnsctrl_.obj
 0001:00031050       ?_UnwindNestedFrames@@YGXPAUEHRegistrationNode@@PAUEHExceptionRecord@@@Z 10032050 f   LIBCMTD:_trnsctrl_.obj
 0001:000310b0       __CreateFrameInfo          100320b0 f   LIBCMTD:_trnsctrl_.obj
 0001:000310e0       __FindAndUnlinkFrame       100320e0 f   LIBCMTD:_trnsctrl_.obj
 0001:00031140       __IsExceptionObjectToBeDestroyed 10032140 f   LIBCMTD:_trnsctrl_.obj
 0001:00031170       ___CxxFrameHandler         10032170 f   LIBCMTD:_trnsctrl_.obj
 0001:000311b0       ___CxxFrameHandler2        100321b0 f   LIBCMTD:_trnsctrl_.obj
 0001:000311f0       ___CxxFrameHandler3        100321f0 f   LIBCMTD:_trnsctrl_.obj
 0001:00031230       ___CxxLongjmpUnwind@4      10032230 f   LIBCMTD:_trnsctrl_.obj
 0001:00031260       __fclose_nolock            10032260 f   LIBCMTD:fclose.obj
 0001:00031370       _fclose                    10032370 f   LIBCMTD:fclose.obj
 0001:00031490       __commit                   10032490 f   LIBCMTD:commit.obj
 0001:00031bd0       __strtol_l                 10032bd0 f   LIBCMTD:strtol.obj
 0001:00031bf0       __strtoul_l                10032bf0 f   LIBCMTD:strtol.obj
 0001:00031c10       _strtol                    10032c10 f   LIBCMTD:strtol.obj
 0001:00031c60       _strtoul                   10032c60 f   LIBCMTD:strtol.obj
 0001:00031cb0       ___vswprintf_l             10032cb0 f   LIBCMTD:vswprint.obj
 0001:00031cd0       __vscwprintf               10032cd0 f   LIBCMTD:vswprint.obj
 0001:00031cf0       __vscwprintf_helper        10032cf0 f   LIBCMTD:vswprint.obj
 0001:00031de0       __vscwprintf_l             10032de0 f   LIBCMTD:vswprint.obj
 0001:00031e00       __vscwprintf_p             10032e00 f   LIBCMTD:vswprint.obj
 0001:00031e20       __vscwprintf_p_l           10032e20 f   LIBCMTD:vswprint.obj
 0001:00031e40       __vswprintf                10032e40 f   LIBCMTD:vswprint.obj
 0001:00031e60       __vswprintf_l              10032e60 f   LIBCMTD:vswprint.obj
 0001:00032080       __vsnwprintf_s             10033080 f   LIBCMTD:vswprnc.obj
 0001:000320b0       __vsnwprintf_s_l           100330b0 f   LIBCMTD:vswprnc.obj
 0001:00032490       __vswprintf_c              10033490 f   LIBCMTD:vswprnc.obj
 0001:000324e0       __vswprintf_c_l            100334e0 f   LIBCMTD:vswprnc.obj
 0001:00032530       __vswprintf_helper         10033530 f   LIBCMTD:vswprnc.obj
 0001:000327a0       __vswprintf_p              100337a0 f   LIBCMTD:vswprnc.obj
 0001:000327f0       __vswprintf_p_l            100337f0 f   LIBCMTD:vswprnc.obj
 0001:00032840       __vswprintf_s_l            10033840 f   LIBCMTD:vswprnc.obj
 0001:00032ad0       _vswprintf_s               10033ad0 f   LIBCMTD:vswprnc.obj
 0001:00032af0       __woutput_l                10033af0 f   LIBCMTD:woutput.obj
 0001:000340d0       _strcat_s                  100350d0 f   LIBCMTD:strcat_s.obj
 0001:00034900       __i64toa_s                 10035900 f   LIBCMTD:xtoas.obj
 0001:00034950       __itoa_s                   10035950 f   LIBCMTD:xtoas.obj
 0001:000349b0       __ltoa_s                   100359b0 f   LIBCMTD:xtoas.obj
 0001:000349f0       __ui64toa_s                100359f0 f   LIBCMTD:xtoas.obj
 0001:00034a10       __ultoa_s                  10035a10 f   LIBCMTD:xtoas.obj
 0001:00034e10       __mbstowcs_l               10035e10 f   LIBCMTD:mbstowcs.obj
 0001:00034e30       __mbstowcs_l_helper        10035e30 f   LIBCMTD:mbstowcs.obj
 0001:000351c0       __mbstowcs_s_l             100361c0 f   LIBCMTD:mbstowcs.obj
 0001:00035580       _mbstowcs                  10036580 f   LIBCMTD:mbstowcs.obj
 0001:000355d0       _mbstowcs_s                100365d0 f   LIBCMTD:mbstowcs.obj
 0001:00035660       __wcstombs_l               10036660 f   LIBCMTD:wcstombs.obj
 0001:00035680       __wcstombs_l_helper        10036680 f   LIBCMTD:wcstombs.obj
 0001:00035b90       __wcstombs_s_l             10036b90 f   LIBCMTD:wcstombs.obj
 0001:00035ef0       _wcstombs                  10036ef0 f   LIBCMTD:wcstombs.obj
 0001:00035f10       _wcstombs_s                10036f10 f   LIBCMTD:wcstombs.obj
 0001:00036380       __i64tow_s                 10037380 f   LIBCMTD:xtows.obj
 0001:000363d0       __itow_s                   100373d0 f   LIBCMTD:xtows.obj
 0001:00036430       __ltow_s                   10037430 f   LIBCMTD:xtows.obj
 0001:00036470       __ui64tow_s                10037470 f   LIBCMTD:xtows.obj
 0001:00036490       __ultow_s                  10037490 f   LIBCMTD:xtows.obj
 0001:000368b0       __vsnprintf_c              100378b0 f   LIBCMTD:vsnprnc.obj
 0001:00036900       __vsnprintf_c_l            10037900 f   LIBCMTD:vsnprnc.obj
 0001:00036950       __vsnprintf_helper         10037950 f   LIBCMTD:vsnprnc.obj
 0001:00036b50       __vsnprintf_s              10037b50 f   LIBCMTD:vsnprnc.obj
 0001:00036b80       __vsnprintf_s_l            10037b80 f   LIBCMTD:vsnprnc.obj
 0001:00036f40       __vsprintf_p               10037f40 f   LIBCMTD:vsnprnc.obj
 0001:00036f90       __vsprintf_p_l             10037f90 f   LIBCMTD:vsnprnc.obj
 0001:00036fe0       __vsprintf_s_l             10037fe0 f   LIBCMTD:vsnprnc.obj
 0001:00037270       _vsprintf_s                10038270 f   LIBCMTD:vsnprnc.obj
 0001:00037290       ___free_lconv_mon          10038290 f   LIBCMTD:initmon.obj
 0001:00037440       ___init_monetary           10038440 f   LIBCMTD:initmon.obj
 0001:00037a50       ___free_lconv_num          10038a50 f   LIBCMTD:initnum.obj
 0001:00037b00       ___init_numeric            10038b00 f   LIBCMTD:initnum.obj
 0001:00037ed0       ___free_lc_time            10038ed0 f   LIBCMTD:inittime.obj
 0001:00038800       ___init_time               10039800 f   LIBCMTD:inittime.obj
 0001:00039800       _localeconv                1003a800 f   LIBCMTD:lconv.obj
 0001:00039850       __iswctype_l               1003a850 f   LIBCMTD:iswctype.obj
 0001:00039870       _is_wctype                 1003a870 f   LIBCMTD:iswctype.obj
 0001:00039890       _iswctype                  1003a890 f   LIBCMTD:iswctype.obj
 0001:000398f0       ____lc_codepage_func       1003a8f0 f   LIBCMTD:initctyp.obj
 0001:00039940       ____lc_collate_cp_func     1003a940 f   LIBCMTD:initctyp.obj
 0001:00039990       ____lc_locale_name_func    1003a990 f   LIBCMTD:initctyp.obj
 0001:000399e0       ____mb_cur_max_func        1003a9e0 f   LIBCMTD:initctyp.obj
 0001:00039a30       ____mb_cur_max_l_func      1003aa30 f   LIBCMTD:initctyp.obj
 0001:00039a60       ___init_ctype              1003aa60 f   LIBCMTD:initctyp.obj
 0001:0003a0a0       ___pctype_func             1003b0a0 f   LIBCMTD:ctype.obj
 0001:0003a0f0       ___pwctype_func            1003b0f0 f   LIBCMTD:ctype.obj
 0001:0003a100       __global_unwind2           1003b100 f   LIBCMTD:exsup.obj
 0001:0003a165       __local_unwind2            1003b165 f   LIBCMTD:exsup.obj
 0001:0003a1e9       __abnormal_termination     1003b1e9 f   LIBCMTD:exsup.obj
 0001:0003a20c       __NLG_Notify1              1003b20c f   LIBCMTD:exsup.obj
 0001:0003a215       __NLG_Notify               1003b215 f   LIBCMTD:exsup.obj
 0001:0003a22c       __NLG_Dispatch             1003b22c     LIBCMTD:exsup.obj
 0001:0003a22c       __NLG_Dispatch2            1003b22c     LIBCMTD:exsup.obj
 0001:0003a234       __NLG_Call                 1003b234 f   LIBCMTD:exsup.obj
 0001:0003a236       __NLG_Return2              1003b236     LIBCMTD:exsup.obj
 0001:0003a240       ___lock_fhandle            1003b240 f   LIBCMTD:osfinfo.obj
 0001:0003a330       __alloc_osfhnd             1003b330 f   LIBCMTD:osfinfo.obj
 0001:0003a5d0       __free_osfhnd              1003b5d0 f   LIBCMTD:osfinfo.obj
 0001:0003a6c0       __get_osfhandle            1003b6c0 f   LIBCMTD:osfinfo.obj
 0001:0003a840       __open_osfhandle           1003b840 f   LIBCMTD:osfinfo.obj
 0001:0003aa70       __set_osfhnd               1003ba70 f   LIBCMTD:osfinfo.obj
 0001:0003ab40       __unlock_fhandle           1003bb40 f   LIBCMTD:osfinfo.obj
 0001:0003ab70       __mbtowc_l                 1003bb70 f   LIBCMTD:mbtowc.obj
 0001:0003adb0       _mbtowc                    1003bdb0 f   LIBCMTD:mbtowc.obj
 0001:0003add0       __putwch                   1003bdd0 f   LIBCMTD:putwch.obj
 0001:0003ae60       __putwch_nolock            1003be60 f   LIBCMTD:putwch.obj
 0001:0003aeb0       __wmakepath_s              1003beb0 f   LIBCMTD:wmakepath_s.obj
 0001:0003b270       __wsplitpath_s             1003c270 f   LIBCMTD:wsplitpath_s.obj
 0001:0003b8b0       ___init_dummy              1003c8b0 f   LIBCMTD:wsetloca.obj
 0001:0003b8c0       __locterm                  1003c8c0 f   LIBCMTD:wsetloca.obj
 0001:0003b950       ____setlc_active_func      1003c950 f   LIBCMTD:wsetloca.obj
 0001:0003b960       ____unguarded_readlc_active_add_func 1003c960 f   LIBCMTD:wsetloca.obj
 0001:0003b970       ___copy_locale_name        1003c970 f   LIBCMTD:wsetloca.obj
 0001:0003ba10       ___create_locale           1003ca10 f   LIBCMTD:wsetloca.obj
 0001:0003ba30       ___free_locale             1003ca30 f   LIBCMTD:wsetloca.obj
 0001:0003ba50       ___get_current_locale      1003ca50 f   LIBCMTD:wsetloca.obj
 0001:0003ba60       ___lc_lctowcs              1003ca60 f   LIBCMTD:wsetloca.obj
 0001:0003bb10       ___lc_wcstolc              1003cb10 f   LIBCMTD:wsetloca.obj
 0001:0003bd30       __configthreadlocale       1003cd30 f   LIBCMTD:wsetloca.obj
 0001:0003be90       __create_locale            1003ce90 f   LIBCMTD:wsetloca.obj
 0001:0003bf00       __expandlocale             1003cf00 f   LIBCMTD:wsetloca.obj
 0001:0003c3f0       __free_locale              1003d3f0 f   LIBCMTD:wsetloca.obj
 0001:0003c520       __get_current_locale       1003d520 f   LIBCMTD:wsetloca.obj
 0001:0003c640       __wcreate_locale           1003d640 f   LIBCMTD:wsetloca.obj
 0001:0003c820       __wcscats                  1003d820 f   LIBCMTD:wsetloca.obj
 0001:0003c8a0       __wsetlocale               1003d8a0 f   LIBCMTD:wsetloca.obj
 0001:0003d930       __CopyMan                  1003e930 f i LIBCMTD:intrncvt.obj
 0001:0003d980       __FillZeroMan              1003e980 f i LIBCMTD:intrncvt.obj
 0001:0003d9b0       __IncMan                   1003e9b0 f i LIBCMTD:intrncvt.obj
 0001:0003da60       __IsZeroMan                1003ea60 f i LIBCMTD:intrncvt.obj
 0001:0003daa0       __RoundMan                 1003eaa0 f i LIBCMTD:intrncvt.obj
[...]
 0002:0000bd50       SC_4                       10065d50     LIBCMTD:sin_pentium4.obj
 0002:0000bd60       PI32INV                    10065d60     LIBCMTD:sin_pentium4.obj
 0002:0000bd68       SHIFTER                    10065d68     LIBCMTD:sin_pentium4.obj
 0002:0000bd70       P_2                        10065d70     LIBCMTD:sin_pentium4.obj
 0002:0000bd80       P_1                        10065d80     LIBCMTD:sin_pentium4.obj
 0002:0000bd88       P_3                        10065d88     LIBCMTD:sin_pentium4.obj
 0002:0000bd90       TWO_POW_55                 10065d90     LIBCMTD:sin_pentium4.obj
 0002:0000bd98       TWO_POW_M55                10065d98     LIBCMTD:sin_pentium4.obj
 0002:0000bda0       ALL_ONES                   10065da0     LIBCMTD:sin_pentium4.obj
 0002:0000bda8       NEG_ZERO                   10065da8     LIBCMTD:sin_pentium4.obj
 0002:0000bdb0       ONE                        10065db0     LIBCMTD:sin_pentium4.obj
 0002:0000bdc0       Ctable                     10065dc0     LIBCMTD:tan_pentium4.obj
 0002:0000d3c0       PI32INV                    100673c0     LIBCMTD:tan_pentium4.obj
 0002:0000d3d0       SHIFTER                    100673d0     LIBCMTD:tan_pentium4.obj
 0002:0000d3e0       P_1                        100673e0     LIBCMTD:tan_pentium4.obj
 0002:0000d3f0       P_2                        100673f0     LIBCMTD:tan_pentium4.obj
 0002:0000d400       P_3                        10067400     LIBCMTD:tan_pentium4.obj
 0002:0000d410       QQ_2                       10067410     LIBCMTD:tan_pentium4.obj
 0002:0000d418       ONE                        10067418     LIBCMTD:tan_pentium4.obj
 0002:0000d420       MASK_35                    10067420     LIBCMTD:tan_pentium4.obj
 0002:0000d430       sign_mask                  10067430     LIBCMTD:tan_pentium4.obj
 0002:0000d438       TWO_POW_55                 10067438     LIBCMTD:tan_pentium4.obj
 0002:0000d440       TWO_POW_M55                10067440     LIBCMTD:tan_pentium4.obj
 0002:0000d448       TWO_POW_M53                10067448     LIBCMTD:tan_pentium4.obj
 0002:0000d450       INF                        10067450     LIBCMTD:tan_pentium4.obj
 0002:0000d490       _rterrs                    10067490     LIBCMTD:crt0msg.obj
 0002:0000e59c       __mb_locale_names          1006859c     LIBCMTD:mbctype.obj
 0002:00010a90       _INF                       1006aa90     LIBCMTD:libm_error.obj
 0002:00010aa0       _BIG                       1006aaa0     LIBCMTD:libm_error.obj
 0002:00010ab0       _ZERO                      1006aab0     LIBCMTD:libm_error.obj
 0002:00010ac0       _INF_32                    1006aac0     LIBCMTD:libm_error.obj
 0002:00010ac8       _NAN_32                    1006aac8     LIBCMTD:libm_error.obj
 0002:00010ad0       _ZERO_32                   1006aad0     LIBCMTD:libm_error.obj
 0002:00010ad8       _libm_largef               1006aad8     LIBCMTD:libm_error.obj
 0002:00010ae0       _libm_smallf               1006aae0     LIBCMTD:libm_error.obj
 0002:00010ae8       _libm_small                1006aae8     LIBCMTD:libm_error.obj
 0002:00010b1c       _mspdbName                 1006ab1c     LIBCMTD:pdblkup.obj
 0002:00010b38       _msvcrdFilename            1006ab38     LIBCMTD:pdblkup.obj
 0002:00010c10       ?dllExt@?1??GetPdbDllPathFromFilePath@@YAHPB_WPA_WI@Z@4QB_WB 1006ac10     LIBCMTD:pdblkup.obj
 0002:00010c18       ?mspdbFilename@?1??GetPdbDllPathFromFilePath@@YAHPB_WPA_WI@Z@4QB_WB 1006ac18     LIBCMTD:pdblkup.obj
 0002:00010c58       __CrtDbgModeMsg            1006ac58     LIBCMTD:dbgrpt.obj
 0002:000150f0       __first_127char            1006f0f0     LIBCMTD:wsetloca.obj
 0002:00017b48       ?ExceptionTemplate@?1??_CxxThrowException@@9@8@4UEHExceptionRecord@@B 10071b48     LIBCMTD:throw.obj
 0002:00017fc0       _tokenTable                10071fc0     LIBCMTD:undname.obj
 0002:00017ff4       _rttiTable                 10071ff4     LIBCMTD:undname.obj
 0002:00018008       _nameTable                 10072008     LIBCMTD:undname.obj
 0002:00018fb4       __RTC_InitBase.rtc$IMZ     10072fb4     human.obj
 0002:00018fb8       __RTC_InitBase.rtc$IMZ     10072fb8     pref.obj
 0002:00018fc4       __RTC_Shutdown.rtc$TMZ     10072fc4     human.obj
 0002:00018fc8       __RTC_Shutdown.rtc$TMZ     10072fc8     pref.obj
 0002:00018fd0       __sehtable$_printf         10072fd0     LIBCMTD:printf.obj
 0002:00018ff0       __sehtable$__CRT_INIT@12   10072ff0     LIBCMTD:dllcrt0.obj
 0002:00019010       __sehtable$___DllMainCRTStartup 10073010     LIBCMTD:dllcrt0.obj
 0002:00019030       __sehtable$_doexit         10073030     LIBCMTD:crt0dat.obj
 0002:00019050       __sehtable$_fprintf        10073050     LIBCMTD:fprintf.obj
 0002:00019070       __sehtable$_vprintf_helper 10073070     LIBCMTD:vprintf.obj
 0002:00019090       __sehtable$__CrtSetReportHookW2 10073090     LIBCMTD:dbgrptw.obj
 0002:000190b0       __sehtable$___set_fpsr_sse2 100730b0     LIBCMTD:fpctrl.obj
 0002:000190d0       __sehtable$?DebuggerProbe@@YAHK@Z 100730d0     LIBCMTD:error.obj
 0002:000190f0       __sehtable$?DebuggerRuntime@@YAHKHPAXPB_W@Z 100730f0     LIBCMTD:error.obj
 0002:00019110       __sehtable$__freefls@4     10073110     LIBCMTD:tidtable.obj
 0002:00019138       __sehtable$__initptd       10073138     LIBCMTD:tidtable.obj
 0002:00019160       __sehtable$__ioinit        10073160     LIBCMTD:ioinit.obj
 0002:00019180       __sehtable$__realloc_dbg   10073180     LIBCMTD:dbgheap.obj
 0002:000191a0       __sehtable$__expand_dbg    100731a0     LIBCMTD:dbgheap.obj
 0002:000191c0       __sehtable$__free_dbg      100731c0     LIBCMTD:dbgheap.obj
 0002:000191e0       __sehtable$__msize_dbg     100731e0     LIBCMTD:dbgheap.obj
 0002:00019200       __sehtable$__CrtCheckMemory 10073200     LIBCMTD:dbgheap.obj
 0002:00019220       __sehtable$__CrtSetDbgFlag 10073220     LIBCMTD:dbgheap.obj
 0002:00019240       __sehtable$__CrtDoForAllClientObjects 10073240     LIBCMTD:dbgheap.obj
 0002:00019260       __sehtable$__CrtIsMemoryBlock 10073260     LIBCMTD:dbgheap.obj
 0002:00019280       __sehtable$__CrtMemCheckpoint 10073280     LIBCMTD:dbgheap.obj
 0002:000192a0       __sehtable$__CrtSetDbgBlockType 100732a0     LIBCMTD:dbgheap.obj
 0002:000192c0       __sehtable$__heap_alloc_dbg_impl 100732c0     LIBCMTD:dbgheap.obj
 0002:000192e0       __sehtable$?__crtIsBadReadPtr@@YAHPBXI@Z 100732e0     LIBCMTD:dbgheap.obj
 0002:00019300       __sehtable$?_CrtMemDumpAllObjectsSince_stat@@YAXPBU_CrtMemState@@PAUlocaleinfo_struct@@@Z 10073300     LIBCMTD:dbgheap.obj
 0002:00019320       __sehtable$__mtinitlocknum 10073320     LIBCMTD:mlock.obj
 0002:00019340       __sehtable$__IsNonwritableInCurrentImage 10073340     LIBCMTD:pesect.obj
 0002:00019360       __sehtable$__onexit        10073360     LIBCMTD:onexit.obj
 0002:00019380       __sehtable$?terminate@@YAXXZ 10073380     LIBCMTD:hooks.obj
 0002:000193a0       __sehtable$?_inconsistency@@YAXXZ 100733a0     LIBCMTD:hooks.obj
 0002:000193c0       __sehtable$_signal         100733c0     LIBCMTD:winsig.obj
 0002:000193e0       __sehtable$_raise          100733e0     LIBCMTD:winsig.obj
 0002:00019400       __sehtable$_ctrlevent_capture@4 10073400     LIBCMTD:winsig.obj
 0002:00019420       __sehtable$___updatetmbcinfo 10073420     LIBCMTD:mbctype.obj
 0002:00019440       __sehtable$__setmbcp       10073440     LIBCMTD:mbctype.obj
 0002:0001945c       __unwindtable$?getSystemCP@@YAHH@Z 1007345c     LIBCMTD:mbctype.obj
 0002:00019464       __ehfuncinfo$?getSystemCP@@YAHH@Z 10073464     LIBCMTD:mbctype.obj
 0002:00019488       __sehtable$_vfprintf_helper 10073488     LIBCMTD:vfprintf.obj
 0002:000194a8       __sehtable$__fcloseall     100734a8     LIBCMTD:closeall.obj
 0002:000194c8       __sehtable$_fflush         100734c8     LIBCMTD:fflush.obj
 0002:000194e8       __sehtable$_flsall         100734e8     LIBCMTD:fflush.obj
 0002:00019510       __sehtable$__VCrtDbgReportA 10073510     LIBCMTD:dbgrptt.obj
 0002:00019538       __sehtable$__VCrtDbgReportW 10073538     LIBCMTD:dbgrptt.obj
 0002:00019560       __sehtable$___updatetlocinfo 10073560     LIBCMTD:localref.obj
 0002:00019580       __sehtable$__write         10073580     LIBCMTD:write.obj
 0002:000195a0       __sehtable$__lseeki64      100735a0     LIBCMTD:lseeki64.obj
 0002:000195c0       __sehtable$__CrtSetReportHook2 100735c0     LIBCMTD:dbgrpt.obj
 0002:000195dc       __unwindtable$?x_ismbbtype_l@@YAHPAUlocaleinfo_struct@@IHH@Z 100735dc     LIBCMTD:ismbbyte.obj
 0002:000195e4       __ehfuncinfo$?x_ismbbtype_l@@YAHPAUlocaleinfo_struct@@IHH@Z 100735e4     LIBCMTD:ismbbyte.obj
 0002:00019608       __sehtable$_fclose         10073608     LIBCMTD:fclose.obj
 0002:00019628       __sehtable$__commit        10073628     LIBCMTD:commit.obj
 0002:00019644       __unwindtable$?strtoxl@@YAKPAUlocaleinfo_struct@@PBDPAPBDHH@Z 10073644     LIBCMTD:strtol.obj
 0002:0001964c       __ehfuncinfo$?strtoxl@@YAKPAUlocaleinfo_struct@@PBDPAPBDHH@Z 1007364c     LIBCMTD:strtol.obj
 0002:00019670       __sehtable$__alloc_osfhnd  10073670     LIBCMTD:osfinfo.obj
 0002:00019698       __sehtable$___lock_fhandle 10073698     LIBCMTD:osfinfo.obj
 0002:000196b8       __sehtable$__open_osfhandle 100736b8     LIBCMTD:osfinfo.obj
 0002:000196d8       __sehtable$__putwch        100736d8     LIBCMTD:putwch.obj
 0002:000196f8       __sehtable$__get_current_locale 100736f8     LIBCMTD:wsetloca.obj
 0002:00019720       __sehtable$__free_locale   10073720     LIBCMTD:wsetloca.obj
 0002:00019748       __sehtable$__wsetlocale    10073748     LIBCMTD:wsetloca.obj
 0002:00019780       __sehtable$__locterm       10073780     LIBCMTD:wsetloca.obj
 0002:000197a0       __sehtable$___FrameUnwindToState 100737a0     LIBCMTD:frame.obj
 0002:000197c8       __sehtable$?CallCatchBlock@@YAPAXPAUEHExceptionRecord@@PAUEHRegistrationNode@@PAU_CONTEXT@@PBU_s_FuncInfo@@PAXHK@Z 100737c8     LIBCMTD:frame.obj
 0002:000197f0       __sehtable$___BuildCatchObject 100737f0     LIBCMTD:frame.obj
 0002:00019810       __sehtable$___DestructExceptionObject 10073810     LIBCMTD:frame.obj
 0002:0001982c       __catchsym$?CallUnexpected@@YAXPBU_s_ESTypeList@@@Z$2 1007382c     LIBCMTD:frame.obj
 0002:0001983c       __unwindtable$?CallUnexpected@@YAXPBU_s_ESTypeList@@@Z 1007383c     LIBCMTD:frame.obj
 0002:0001984c       __tryblocktable$?CallUnexpected@@YAXPBU_s_ESTypeList@@@Z 1007384c     LIBCMTD:frame.obj
 0002:00019860       __ehfuncinfo$?CallUnexpected@@YAXPBU_s_ESTypeList@@@Z 10073860     LIBCMTD:frame.obj
 0002:00019888       __sehtable$___BuildCatchObjectHelper 10073888     LIBCMTD:frame.obj
 0002:000198f8       __sehtable$__close         100738f8     LIBCMTD:close.obj
 0002:00019918       __sehtable$_fputwc         10073918     LIBCMTD:fputwc.obj
 0002:00019938       __sehtable$??3@YAXPAX@Z    10073938     LIBCMTD:dbgdel.obj
 0002:00019958       __sehtable$?_Name_base@type_info@@CAPBDPBV1@PAU__type_info_node@@@Z 10073958     LIBCMTD:typname.obj
 0002:00019978       __sehtable$?_Type_info_dtor@type_info@@CAXPAV1@@Z 10073978     LIBCMTD:typname.obj
 0002:00019998       __sehtable$?_Name_base_internal@type_info@@CAPBDPBV1@PAU__type_info_node@@@Z 10073998     LIBCMTD:typname.obj
 0002:000199b8       __sehtable$?_Type_info_dtor_internal@type_info@@CAXPAV1@@Z 100739b8     LIBCMTD:typname.obj
 0002:000199d8       __sehtable$___clean_type_info_names_internal 100739d8     LIBCMTD:typname.obj
 0002:000199f4       __unwindtable$?wcstoxq@@YA_KPAUlocaleinfo_struct@@PB_WPAPB_WHH@Z 100739f4     LIBCMTD:wcstoq.obj
 0002:000199fc       __ehfuncinfo$?wcstoxq@@YA_KPAUlocaleinfo_struct@@PB_WPAPB_WHH@Z 100739fc     LIBCMTD:wcstoq.obj
 0002:00019a20       __sehtable$___unDName      10073a20     LIBCMTD:undname.obj
 0002:00019a40       __sehtable$___unDNameEx    10073a40     LIBCMTD:undname.obj
 0002:00019a5c       __unwindtable$?make@DNameStatusNode@@SAPAV1@W4DNameStatus@@@Z 10073a5c     LIBCMTD:undname.obj
 0002:00019a64       __ehfuncinfo$?make@DNameStatusNode@@SAPAV1@W4DNameStatus@@@Z 10073a64     LIBCMTD:undname.obj
 0002:00019a88       __unwindtable$?strtoxq@@YA_KPAUlocaleinfo_struct@@PBDPAPBDHH@Z 10073a88     LIBCMTD:strtoq.obj
 0002:00019a90       __ehfuncinfo$?strtoxq@@YA_KPAUlocaleinfo_struct@@PBDPAPBDHH@Z 10073a90     LIBCMTD:strtoq.obj
 0002:00019e18       .idata$6                   10073e18     client:client.dll
 0002:00019ee0       .idata$6                   10073ee0     tgf:tgf.dll
 0002:00019f14       .idata$6                   10073f14     robottools:robottools.dll
 0002:0001a55e       .idata$6                   1007455e     kernel32:KERNEL32.dll
 0002:0001a570       .edata                     10074570     human.exp
 0002:0001a598       rgpv                       10074598     human.exp
 0002:0001a59c       rgszName                   1007459c     human.exp
 0002:0001a5a0       rgwOrd                     100745a0     human.exp
 0002:0001a5a2       szName                     100745a2     human.exp
 0002:0001a5ac       $N00001                    100745ac     human.exp
 0003:00000000       _color                     10075000     human.obj
 0003:00000010       _masterPlayer              10075010     human.obj
 0003:00000014       _lastKeyUpdate             10075014     human.obj
 0003:00000018       ?firstTime@?1??common_drive@@YAXHPAUCarElt@@PAUSituation@@@Z@4HA 10075018     human.obj
 0003:00000020       _controlList               10075020     pref.obj
 0003:00000518       __ulSeverityText           10075518     ul_vs2008_32:ulError.obj
 0003:00000530       _NAME_                     10075530     LIBCMTD:cos.obj
 0003:00000548       POW_name                   10075548     LIBCMTD:pow.obj
 0003:00000560       _NAME_                     10075560     LIBCMTD:sqrt.obj
 0003:00000570       _NAME_                     10075570     LIBCMTD:asin.obj
 0003:00000580       _NAME_                     10075580     LIBCMTD:acos.obj
 0003:00000590       _NAME_                     10075590     LIBCMTD:sin.obj
 0003:000005a0       _NAME_                     100755a0     LIBCMTD:tan.obj
 0003:0000082c       ?isPackaged@?1??__crtIsPackagedApp@@9@9 1007582c     LIBCMTD:winapisupp.obj
 0003:00000834       _dotdotdot                 10075834     LIBCMTD:dbgrptw.obj
 0003:00000840       _errtable                  10075840     LIBCMTD:dosmap.obj
 0003:000009a8       _ErrnoNoMem                100759a8     LIBCMTD:dosmap.obj
 0003:000009ac       _DoserrorNoMem             100759ac     LIBCMTD:dosmap.obj
 0003:000009b0       ?_names@?1??_get_fname@@9@9 100759b0     LIBCMTD:fpexcept.obj
 0003:00000ac0       _over                      10075ac0     LIBCMTD:fpctrl.obj
 0003:00000acc       _under                     10075acc     LIBCMTD:fpctrl.obj
 0003:00000ad8       ?__DAZ_ENABLED@?1??__set_fpsr_sse2@@9@9 10075ad8     LIBCMTD:fpctrl.obj
 0003:00000b60       __lRequestCurr             10075b60     LIBCMTD:dbgheap.obj
 0003:00000b64       __bNoMansLandFill          10075b64     LIBCMTD:dbgheap.obj
 0003:00000b65       __bAlignLandFill           10075b65     LIBCMTD:dbgheap.obj
 0003:00000b66       __bDeadLandFill            10075b66     LIBCMTD:dbgheap.obj
 0003:00000b67       __bCleanLandFill           10075b67     LIBCMTD:dbgheap.obj
 0003:00000b80       __locktable                10075b80     LIBCMTD:mlock.obj
 0003:00000ca0       ___rgctypeflag             10075ca0     LIBCMTD:mbctype.obj
 0003:00000ca8       ___rgcode_page_info        10075ca8     LIBCMTD:mbctype.obj
 0003:00001424       _dotdotdot                 10076424     LIBCMTD:dbgrpt.obj
 0003:000014b0       __ctype_loc_style          100764b0     LIBCMTD:wsetloca.obj
 0003:000014b4       _DoubleFormat              100764b4     LIBCMTD:intrncvt.obj
 0003:000014cc       _FloatFormat               100764cc     LIBCMTD:intrncvt.obj
 0003:00001900       _joyInfo                   10076900     human.obj
 0003:00001904       _mouseInfo                 10076904     human.obj
 0003:00001908       _speedLimiter              10076908     human.obj
 0003:0000190c       _firstTime                 1007690c     human.obj
 0003:0000193c       _curTrack                  1007693c     human.obj
 0003:00001940       _Vtarget                   10076940     human.obj
 0003:00001948       _keyInfo                   10076948     human.obj
 0003:00002548       _skeyInfo                  10077548     human.obj
 0003:00003148       _currentKey                10078148     human.obj
 0003:00003548       _currentSKey               10078548     human.obj
 0003:00003950       __ulErrorBuffer            10078950     ul_vs2008_32:ulError.obj
 0003:00003d50       __ulErrorCB                10078d50     ul_vs2008_32:ulError.obj
 0003:00003d58       _GS_ExceptionRecord        10078d58     LIBCMTD:gs_report.obj
 0003:00003da8       _GS_ContextRecord          10078da8     LIBCMTD:gs_report.obj
 0003:00004074       _DebuggerWasPresent        10079074     LIBCMTD:gs_report.obj
 0003:00004078       ___enable_percent_n        10079078     LIBCMTD:printf.obj
 0003:0000407c       ?init@?1??_RTC_InitBase@@9@4_NA 1007907c     LIBCMTD:init.obj
 0003:0000408c       ___proc_attached           1007908c     LIBCMTD:dllcrt0.obj
 0003:000040a8       ?fExit@?1??doexit@@9@9     100790a8     LIBCMTD:crt0dat.obj
 0003:000040e4       __RTC_ErrorReportFunc      100790e4     LIBCMTD:userapi.obj
 0003:000040e8       __RTC_ErrorReportFuncW     100790e8     LIBCMTD:userapi.obj
 0003:000041f0       ?_pgmname@?1??_setargv@@9@9 100791f0     LIBCMTD:stdargv.obj
 0003:000042fc       _check_frequency           100792fc     LIBCMTD:dbgheap.obj
 0003:00004304       _check_counter             10079304     LIBCMTD:dbgheap.obj
 0003:00004308       __lTotalAlloc              10079308     LIBCMTD:dbgheap.obj
 0003:0000430c       __lCurAlloc                1007930c     LIBCMTD:dbgheap.obj
 0003:00004310       __lMaxAlloc                10079310     LIBCMTD:dbgheap.obj
 0003:00004314       __pFirstBlock              10079314     LIBCMTD:dbgheap.obj
 0003:00004318       __pLastBlock               10079318     LIBCMTD:dbgheap.obj
 0003:00004320       _lclcritsects              10079320     LIBCMTD:mlock.obj
 0003:00004490       ?outmsg@?L@??_NMSG_WRITE@@9@9 10079490     LIBCMTD:crt0msg.obj
 0003:00004ac4       _g_pfnRtlGenRandom         10079ac4     LIBCMTD:rand_s.obj
 0003:00004ac8       _ctrlc_action              10079ac8     LIBCMTD:winsig.obj
 0003:00004acc       _ctrlbreak_action          10079acc     LIBCMTD:winsig.obj
 0003:00004ad0       _abort_action              10079ad0     LIBCMTD:winsig.obj
 0003:00004ad4       _term_action               10079ad4     LIBCMTD:winsig.obj
 0003:00004ad8       _ConsoleCtrlHandler_Installed 10079ad8     LIBCMTD:winsig.obj
 0003:00004af4       _fSystemSet                10079af4     LIBCMTD:mbctype.obj
 0003:00004af8       ?pfnMessageBox@?1??__crtMessageBoxW@@9@9 10079af8     LIBCMTD:crtmboxw.obj
 0003:00004afc       ?pfnGetActiveWindow@?1??__crtMessageBoxW@@9@9 10079afc     LIBCMTD:crtmboxw.obj
 0003:00004b00       ?pfnGetLastActivePopup@?1??__crtMessageBoxW@@9@9 10079b00     LIBCMTD:crtmboxw.obj
 0003:00004b04       ?pfnGetProcessWindowStation@?1??__crtMessageBoxW@@9@9 10079b04     LIBCMTD:crtmboxw.obj
 0003:00004b08       ?pfnGetUserObjectInformation@?1??__crtMessageBoxW@@9@9 10079b08     LIBCMTD:crtmboxw.obj
 0003:00004b0c       __pmatherr_set             10079b0c     LIBCMTD:libm_error.obj
 0003:00004b10       _mspdb                     10079b10     LIBCMTD:pdblkup.obj
 0003:00004b14       ?alreadyTried@?1??GetPdbDll@@YAPAUHINSTANCE__@@XZ@4_NA 10079b14     LIBCMTD:pdblkup.obj
 0003:00004b15       ?PDBOK@?BM@??_RTC_GetSrcLine@@YAHPAEPA_WKPAH1K@Z@4_NA 10079b15     LIBCMTD:pdblkup.obj
 0003:00004b24       ___crtCallProc             10079b24     LIBCMTD:winapinls.obj
 0003:00004b34       ___type_info_root_node     10079b34     LIBCMTD:typname.obj
 0003:00004b64       _heap                      10079b64     LIBCMTD:undname.obj
 0003:00004b78       ?buf@?1??dbGetString@DName@@QBEPADXZ@4PADA 10079b78     LIBCMTD:undname.obj
