 bt

 Timestamp is 51ba512b (Fri Jun 14 01:09:31 2013)

 Preferred load address is 10000000

 Start         Length     Name                   Class
 0001:00000000 00060eaeH .text                   CODE
 0001:00060eb0 00000243H .text$x                 CODE
 0001:00061100 00000021H .text$yc                CODE
 0002:00000000 00000194H .idata$5                DATA
 0002:00000194 00000004H .CRT$XCA                DATA
 0002:00000198 00000004H .CRT$XCU                DATA
 0002:0000019c 00000004H .CRT$XCZ                DATA
 0002:000001a0 00000004H .CRT$XIA                DATA
 0002:000001a4 00000014H .CRT$XIC                DATA
 0002:000001b8 00000004H .CRT$XIZ                DATA
 0002:000001bc 00000004H .CRT$XPA                DATA
 0002:000001c0 00000008H .CRT$XPX                DATA
 0002:000001c8 00000004H .CRT$XPXA               DATA
 0002:000001cc 00000004H .CRT$XPZ                DATA
 0002:000001d0 00000004H .CRT$XTA                DATA
 0002:000001d4 00000004H .CRT$XTZ                DATA
 0002:000001e0 00016b18H .rdata                  DATA
 0002:00016cf8 0000007cH .rdata$debug            DATA
 0002:00016d74 000004b8H .rdata$r                DATA
 0002:00017230 00000044H .rdata$sxdata           DATA
 0002:00017274 00000004H .rtc$IAA                DATA
 0002:00017278 00000020H .rtc$IMZ                DATA
 0002:00017298 00000004H .rtc$IZZ                DATA
 0002:0001729c 00000004H .rtc$TAA                DATA
 0002:000172a0 00000020H .rtc$TMZ                DATA
 0002:000172c0 00000004H .rtc$TZZ                DATA
 0002:000172c8 00000d78H .xdata$x                DATA
 0002:00018040 0000003cH .idata$2                DATA
 0002:0001807c 00000014H .idata$3                DATA
 0002:00018090 00000194H .idata$4                DATA
 0002:00018224 0000072eH .idata$6                DATA
 0002:00018960 0000003cH .edata                  DATA
 0003:00000000 000015c0H .data                   DATA
 0003:000015c0 000023d8H .bss                    DATA

  Address         Publics by Value              Rva+Base       Lib:Object

 0000:00000000       __except_list              00000000     <absolute>
 0000:00000011       ___safe_se_handler_count   00000011     <absolute>
 0000:00000000       ___ImageBase               10000000     <linker-defined>
 0001:00000210       _bt                        10001210 f   bt.obj
 0001:000002d0       ??_GDriver@@QAEPAXI@Z      100012d0 f i bt.obj
 0001:00000310       ?sgdMakeCoordMat4@@YAXQAY03NPBUsgdCoord@@@Z 10001310 f i bt.obj
 0001:00000340       ?sgdMakeCoordMat4@@YAXQAY03NQBN1@Z 10001340 f i bt.obj
 0001:000003f0       ?update@SingleCardata@@QAEXXZ 100013f0 f   cardata.obj
 0001:00000580       ?getSpeed@SingleCardata@@KAMPAUCarElt@@M@Z 10001580 f   cardata.obj
 0001:00000660       ??0Cardata@@QAE@PAUSituation@@@Z 10001660 f   cardata.obj
 0001:00000710       ??1Cardata@@QAE@XZ         10001710 f   cardata.obj
 0001:00000750       ?update@Cardata@@QAEXXZ    10001750 f   cardata.obj
 0001:000007b0       ?findCar@Cardata@@QAEPAVSingleCardata@@PAUCarElt@@@Z 100017b0 f   cardata.obj
 0001:00000820       ??0?$v2t@M@@QAE@XZ         10001820 f i cardata.obj
 0001:00000840       ??D?$v2t@M@@QBEMABV0@@Z    10001840 f i cardata.obj
 0001:00000890       ?cos@@YAMM@Z               10001890 f i cardata.obj
 0001:000008b0       ?init@SingleCardata@@QAEXPAUCarElt@@@Z 100018b0 f i cardata.obj
 0001:000008d0       ?sin@@YAMM@Z               100018d0 f i cardata.obj
 0001:000008f0       ?thisCar@SingleCardata@@QAE_NPAUCarElt@@@Z 100018f0 f i cardata.obj
 0001:00000930       _cosf                      10001930 f i cardata.obj
 0001:00000990       _sinf                      10001990 f i cardata.obj
 0001:000009f0       ??0Driver@@QAE@H@Z         100019f0 f   driver.obj
 0001:00000a10       ??1Driver@@QAE@XZ          10001a10 f   driver.obj
 0001:00000b50       ?initTrack@Driver@@QAEXPAUtTrack@@PAXPAPAXPAUSituation@@@Z 10001b50 f   driver.obj
 0001:00000dd0       ?newRace@Driver@@QAEXPAUCarElt@@PAUSituation@@@Z 10001dd0 f   driver.obj
 0001:00001100       ?drive@Driver@@QAEXPAUSituation@@@Z 10002100 f   driver.obj
 0001:000012f0       ?pitCommand@Driver@@QAEHPAUSituation@@@Z 100022f0 f   driver.obj
 0001:00001390       ?endRace@Driver@@QAEXPAUSituation@@@Z 10002390 f   driver.obj
 0001:000013b0       ?isStuck@Driver@@AAE_NXZ   100023b0 f   driver.obj
 0001:000014c0       ?update@Driver@@AAEXPAUSituation@@@Z 100024c0 f   driver.obj
 0001:00001750       ?getAllowedSpeed@Driver@@AAEMPAUtrackSeg@@@Z 10002750 f   driver.obj
 0001:00001940       ?getAccel@Driver@@AAEMXZ   10002940 f   driver.obj
 0001:00001a30       ?getDistToSegEnd@Driver@@AAEMXZ 10002a30 f   driver.obj
 0001:00001ad0       ?getBrake@Driver@@AAEMXZ   10002ad0 f   driver.obj
 0001:00001c90       ?getGear@Driver@@AAEHXZ    10002c90 f   driver.obj
 0001:00001e10       ?getSteer@Driver@@AAEMXZ   10002e10 f   driver.obj
 0001:00001f60       ?getClutch@Driver@@AAEMXZ  10002f60 f   driver.obj
 0001:00002230       ?getTargetPoint@Driver@@AAE?AV?$v2t@M@@XZ 10003230 f   driver.obj
 0001:00002710       ?getOffset@Driver@@AAEMXZ  10003710 f   driver.obj
 0001:00002ef0       ?brakedist@Driver@@AAEMMM@Z 10003ef0 f   driver.obj
 0001:00002fd0       ?filterOverlap@Driver@@AAEMM@Z 10003fd0 f   driver.obj
 0001:00003070       ?filterBColl@Driver@@AAEMM@Z 10004070 f   driver.obj
 0001:00003160       ?filterABS@Driver@@AAEMM@Z 10004160 f   driver.obj
 0001:00003290       ?filterBPit@Driver@@AAEMM@Z 10004290 f   driver.obj
 0001:000035d0       ?filterBrakeSpeed@Driver@@AAEMM@Z 100045d0 f   driver.obj
 0001:00003670       ?filterTCL@Driver@@AAEMM@Z 10004670 f   driver.obj
 0001:00003730       ?filterTrk@Driver@@AAEMM@Z 10004730 f   driver.obj
 0001:000038d0       ?filterSColl@Driver@@AAEMM@Z 100048d0 f   driver.obj
 0001:00003de0       ?filterTCL_RWD@Driver@@AAEMXZ 10004de0 f   driver.obj
 0001:00003e60       ?filterTCL_FWD@Driver@@AAEMXZ 10004e60 f   driver.obj
 0001:00003ee0       ?filterTCL_4WD@Driver@@AAEMXZ 10004ee0 f   driver.obj
 0001:00003fa0       ?initTCLfilter@Driver@@AAEXXZ 10004fa0 f   driver.obj
 0001:00004050       ?initCa@Driver@@AAEXXZ     10005050 f   driver.obj
 0001:000042d0       ?initCw@Driver@@AAEXXZ     100052d0 f   driver.obj
 0001:00004380       ?initTireMu@Driver@@AAEXXZ 10005380 f   driver.obj
 0001:000044c0       ?computeRadius@Driver@@AAEXPAM@Z 100054c0 f   driver.obj
 0001:00004620       ?isAlone@Driver@@AAEHXZ    10005620 f   driver.obj
 0001:00004690       ??$?DM@@YA?AV?$v2t@M@@MABV0@@Z 10005690 f i driver.obj
 0001:000046d0       ??0?$v2t@M@@QAE@MM@Z       100056d0 f i driver.obj
 0001:00004700       ??0SimpleStrategy2@@QAE@XZ 10005700 f i driver.obj
 0001:00004730       ??4?$v2t@M@@QAEAAV0@ABV0@@Z 10005730 f i driver.obj
 0001:00004760       ??D?$v2t@M@@QBE?AV0@M@Z    10005760 f i driver.obj
 0001:000047b0       ??G?$v2t@M@@QBE?AV0@ABV0@@Z 100057b0 f i driver.obj
 0001:00004810       ??H?$v2t@M@@QBE?AV0@ABV0@@Z 10005810 f i driver.obj
 0001:00004870       ??_GCardata@@QAEPAXI@Z     10005870 f i driver.obj
 0001:000048b0       ??_GOpponents@@QAEPAXI@Z   100058b0 f i driver.obj
 0001:000048f0       ??_GPit@@QAEPAXI@Z         100058f0 f i driver.obj
 0001:00004930       ??_GSegLearn@@QAEPAXI@Z    10005930 f i driver.obj
 0001:00004970       ??_GSimpleStrategy2@@UAEPAXI@Z 10005970 f i driver.obj
 0001:00004970       ??_ESimpleStrategy2@@UAEPAXI@Z 10005970 f i driver.obj
 0001:000049b0       ?atan2@@YAMMM@Z            100059b0 f i driver.obj
 0001:000049e0       ?exp@@YAMM@Z               100059e0 f i driver.obj
 0001:00004a00       ?fabs@@YAMM@Z              10005a00 f i driver.obj
 0001:00004a20       ?getCarAngle@SingleCardata@@QAEMXZ 10005a20 f i driver.obj
 0001:00004a40       ?getCarPtr@Opponent@@QAEPAUCarElt@@XZ 10005a40 f i driver.obj
 0001:00004a60       ?getCatchDist@Opponent@@QAEMXZ 10005a60 f i driver.obj
 0001:00004a80       ?getDamage@Opponent@@QAEHXZ 10005a80 f i driver.obj
 0001:00004aa0       ?getDistance@Opponent@@QAEMXZ 10005aa0 f i driver.obj
 0001:00004ac0       ?getInPit@Pit@@QAE_NXZ     10005ac0 f i driver.obj
 0001:00004ae0       ?getNOpponents@Opponents@@QAEHXZ 10005ae0 f i driver.obj
 0001:00004b00       ?getNPitEnd@Pit@@QAEMXZ    10005b00 f i driver.obj
 0001:00004b30       ?getNPitLoc@Pit@@QAEMXZ    10005b30 f i driver.obj
 0001:00004b60       ?getNPitStart@Pit@@QAEMXZ  10005b60 f i driver.obj
 0001:00004b90       ?getOpponentPtr@Opponents@@QAEPAVOpponent@@XZ 10005b90 f i driver.obj
 0001:00004bb0       ?getPitstop@Pit@@QAE_NXZ   10005bb0 f i driver.obj
 0001:00004bd0       ?getRadius@SegLearn@@QAEMPAUtrackSeg@@@Z 10005bd0 f i driver.obj
 0001:00004c00       ?getSideDist@Opponent@@QAEMXZ 10005c00 f i driver.obj
 0001:00004c20       ?getSpeed@Opponent@@QAEMXZ 10005c20 f i driver.obj
 0001:00004c50       ?getSpeedInTrackDirection@SingleCardata@@QAEMXZ 10005c50 f i driver.obj
 0001:00004c70       ?getSpeedlimit@Pit@@QAEMXZ 10005c70 f i driver.obj
 0001:00004c90       ?getSpeedlimitSqr@Pit@@QAEMXZ 10005c90 f i driver.obj
 0001:00004cb0       ?getState@Opponent@@QAEHXZ 10005cb0 f i driver.obj
 0001:00004cd0       ?getTrackangle@SingleCardata@@QAEMXZ 10005cd0 f i driver.obj
 0001:00004cf0       ?getWidth@Opponent@@QAEMXZ 10005cf0 f i driver.obj
 0001:00004d20       ?getWidthOnTrack@SingleCardata@@QAEMXZ 10005d20 f i driver.obj
 0001:00004d40       ?isTeamMate@Opponent@@QAE_NXZ 10005d40 f i driver.obj
 0001:00004d60       ?len@?$v2t@M@@QBEMXZ       10005d60 f i driver.obj
 0001:00004db0       ?log@@YAMM@Z               10005db0 f i driver.obj
 0001:00004dd0       ?normalize@?$v2t@M@@QAEXXZ 10005dd0 f i driver.obj
 0001:00004e30       ?rotate@?$v2t@M@@QBE?AV1@ABV1@M@Z 10005e30 f i driver.obj
 0001:00004f30       ?sqrt@@YAMM@Z              10005f30 f i driver.obj
 0001:00004f50       ?strrchr@@YAPADPADH@Z      10005f50 f i driver.obj
 0001:00004f70       _atan2f                    10005f70 f i driver.obj
 0001:00004fd0       _expf                      10005fd0 f i driver.obj
 0001:00005030       _fabsf                     10006030 f i driver.obj
 0001:00005090       _logf                      10006090 f i driver.obj
 0001:000050f0       _sqrtf                     100060f0 f i driver.obj
 0001:00005150       ??0SegLearn@@QAE@PAUtTrack@@PAUSituation@@H@Z 10006150 f   learn.obj
 0001:000052f0       ??1SegLearn@@QAE@XZ        100062f0 f   learn.obj
 0001:00005350       ?update@SegLearn@@QAEXPAUSituation@@PAUtTrack@@PAUCarElt@@HMMPAM@Z 10006350 f   learn.obj
 0001:00005680       ?writeKarma@SegLearn@@AAEXXZ 10006680 f   learn.obj
 0001:000058d0       ?getKarmaFilename@SegLearn@@AAEPAU_iobuf@@PAUtTrack@@PAUSituation@@H@Z 100068d0 f   learn.obj
 0001:00005b40       ?tryKarmaFilename@SegLearn@@AAEPAU_iobuf@@PADHPBDH1_N@Z 10006b40 f   learn.obj
 0001:00005c00       ?readKarma@SegLearn@@AAE_NPAUtTrack@@PAUSituation@@PAMPAHH@Z 10006c00 f   learn.obj
 0001:00005df0       ?strchr@@YAPADPADH@Z       10006df0 f i learn.obj
 0001:00005e10       ??0Opponent@@QAE@XZ        10006e10 f   opponent.obj
 0001:00005e30       ?update@Opponent@@QAEXPAUSituation@@PAVDriver@@@Z 10006e30 f   opponent.obj
 0001:00006570       ?getDistToSegStart@Opponent@@AAEMXZ 10007570 f   opponent.obj
 0001:000065e0       ?updateOverlapTimer@Opponent@@AAEXPAUSituation@@PAUCarElt@@@Z 100075e0 f   opponent.obj
 0001:00006720       ??0Opponents@@QAE@PAUSituation@@PAVDriver@@PAVCardata@@@Z 10007720 f   opponent.obj
 0001:000068a0       ??1Opponents@@QAE@XZ       100078a0 f   opponent.obj
 0001:000068e0       ?update@Opponents@@QAEXPAUSituation@@PAVDriver@@@Z 100078e0 f   opponent.obj
 0001:00006940       ?setTeamMate@Opponents@@QAEXPBD@Z 10007940 f   opponent.obj
 0001:000069c0       ??0?$straight2t@M@@QAE@MMMM@Z 100079c0 f i opponent.obj
 0001:00006a40       ??_H@YGXPAXIHP6EPAX0@Z@Z   10007a40 f i opponent.obj
 0001:00006a80       ?dist@?$straight2t@M@@QBEMABV?$v2t@M@@@Z 10007a80 f i opponent.obj
 0001:00006b30       ?getCarPtr@Driver@@QAEPAUCarElt@@XZ 10007b30 f i opponent.obj
 0001:00006b50       ?getSpeed@Driver@@QAEMXZ   10007b50 f i opponent.obj
 0001:00006b80       ?getTrackPtr@Driver@@QAEPAUtTrack@@XZ 10007b80 f i opponent.obj
 0001:00006ba0       ?markAsTeamMate@Opponent@@QAEXXZ 10007ba0 f i opponent.obj
 0001:00006bc0       ?setCarDataPtr@Opponent@@QAEXPAVSingleCardata@@@Z 10007bc0 f i opponent.obj
 0001:00006be0       ?setCarPtr@Opponent@@QAEXPAUCarElt@@@Z 10007be0 f i opponent.obj
 0001:00006c00       ?setTrackPtr@Opponent@@SAXPAUtTrack@@@Z 10007c00 f i opponent.obj
 0001:00006c10       ??0Pit@@QAE@PAUSituation@@PAVDriver@@@Z 10007c10 f   pit.obj
 0001:00007100       ??1Pit@@QAE@XZ             10008100 f   pit.obj
 0001:00007150       ?setPitstop@Pit@@QAEX_N@Z  10008150 f   pit.obj
 0001:000071e0       ?getPitOffset@Pit@@QAEMMM@Z 100081e0 f   pit.obj
 0001:00007270       ?isBetween@Pit@@QAE_NM@Z   10008270 f   pit.obj
 0001:000072f0       ?isTimeout@Pit@@QAE_NM@Z   100082f0 f   pit.obj
 0001:000073b0       ?toSplineCoord@Pit@@QAEMM@Z 100083b0 f   pit.obj
 0001:00007400       ?getSpeedLimitBrake@Pit@@QAEMM@Z 10008400 f   pit.obj
 0001:00007450       ?update@Pit@@QAEXXZ        10008450 f   pit.obj
 0001:000074e0       ?setInPit@Pit@@QAEX_N@Z    100084e0 f i pit.obj
 0001:00007500       ??0Spline@@QAE@HPAVSplinePoint@@@Z 10008500 f   spline.obj
 0001:00007530       ?evaluate@Spline@@QAEMM@Z  10008530 f   spline.obj
 0001:000076c0       ??0SimpleStrategy@@QAE@XZ  100086c0 f   strategy.obj
 0001:00007730       ??1SimpleStrategy@@UAE@XZ  10008730 f   strategy.obj
 0001:00007760       ?setFuelAtRaceStart@SimpleStrategy@@UAEXPAUtTrack@@PAPAXPAUSituation@@H@Z 10008760 f   strategy.obj
 0001:00007870       ?update@SimpleStrategy@@UAEXPAUCarElt@@PAUSituation@@@Z 10008870 f   strategy.obj
 0001:000079a0       ?needPitstop@SimpleStrategy@@UAE_NPAUCarElt@@PAUSituation@@@Z 100089a0 f   strategy.obj
 0001:00007aa0       ?pitRefuel@SimpleStrategy@@UAEMPAUCarElt@@PAUSituation@@@Z 10008aa0 f   strategy.obj
 0001:00007c50       ?pitRepair@SimpleStrategy@@UAEHPAUCarElt@@PAUSituation@@@Z 10008c50 f   strategy.obj
 0001:00007c70       ?isPitFree@SimpleStrategy@@UAE_NPAUCarElt@@@Z 10008c70 f   strategy.obj
 0001:00007cb0       ??1SimpleStrategy2@@UAE@XZ 10008cb0 f   strategy.obj
 0001:00007ce0       ?setFuelAtRaceStart@SimpleStrategy2@@UAEXPAUtTrack@@PAPAXPAUSituation@@H@Z 10008ce0 f   strategy.obj
 0001:00007f90       ?pitRefuel@SimpleStrategy2@@UAEMPAUCarElt@@PAUSituation@@@Z 10008f90 f   strategy.obj
 0001:000081c0       ?update@SimpleStrategy2@@UAEXPAUCarElt@@PAUSituation@@@Z 100091c0 f   strategy.obj
 0001:000082d0       ?updateFuelStrategy@SimpleStrategy2@@MAEXPAUCarElt@@PAUSituation@@@Z 100092d0 f   strategy.obj
 0001:00008490       ??0AbstractStrategy@@QAE@XZ 10009490 f i strategy.obj
 0001:000084b0       ??1AbstractStrategy@@UAE@XZ 100094b0 f i strategy.obj
 0001:000084d0       ??_EAbstractStrategy@@UAEPAXI@Z 100094d0 f i strategy.obj
 0001:000084d0       ??_GAbstractStrategy@@UAEPAXI@Z 100094d0 f i strategy.obj
 0001:00008510       ??_ESimpleStrategy@@UAEPAXI@Z 10009510 f i strategy.obj
 0001:00008510       ??_GSimpleStrategy@@UAEPAXI@Z 10009510 f i strategy.obj
 0001:00008550       ?ceil@@YAMM@Z              10009550 f i strategy.obj
 0001:00008570       _ceilf                     10009570 f i strategy.obj
 0001:000085c2       ?_tgf_win_strdup@@YAPADPBD@Z 100095c2 f   tgf:tgf.dll
 0001:000085c8       ?GfParmReadFile@@YAPAXPBDH@Z 100095c8 f   tgf:tgf.dll
 0001:000085ce       ?GfParmGetStr@@YAPBDPAXPBD11@Z 100095ce f   tgf:tgf.dll
 0001:000085d4       ?GfParmGetNum@@YAMPAXPBD11M@Z 100095d4 f   tgf:tgf.dll
 0001:000085da       ?GetLocalDir@@YAPADXZ      100095da f   tgf:tgf.dll
 0001:000085e0       ?GetDataDir@@YAPADXZ       100095e0 f   tgf:tgf.dll
 0001:000085e6       ?GfCreateDir@@YAHPAD@Z     100095e6 f   tgf:tgf.dll
 0001:000085ec       ?GfParmSetNum@@YAHPAXPBD11M@Z 100095ec f   tgf:tgf.dll
 0001:000085f2       ?RtTrackSideTgAngleL@@YAMPAUtTrkLocPos@@@Z 100095f2 f   robottools:robottools.dll
 0001:000085f8       ?RtDistToPit@@YAHPAUCarElt@@PAUtTrack@@PAM2@Z 100095f8 f   robottools:robottools.dll
 0001:00008600       ?sgdSqrt@@YANN@Z           10009600 f i sg_vs2008_32:sgd.obj
 0001:00008610       ?sgdSquare@@YANN@Z         10009610 f i sg_vs2008_32:sgd.obj
 0001:00008620       ?sgdAbs@@YANN@Z            10009620 f i sg_vs2008_32:sgd.obj
 0001:00008640       ?sgdASin@@YANN@Z           10009640 f i sg_vs2008_32:sgd.obj
 0001:00008650       ?sgdACos@@YANN@Z           10009650 f i sg_vs2008_32:sgd.obj
 0001:00008660       ?sgdATan2@@YANNN@Z         10009660 f i sg_vs2008_32:sgd.obj
 0001:00008680       ?sgdSin@@YANN@Z            10009680 f i sg_vs2008_32:sgd.obj
 0001:00008690       ?sgdCos@@YANN@Z            10009690 f i sg_vs2008_32:sgd.obj
 0001:000086a0       ?sgdZeroVec3@@YAXQAN@Z     100096a0 f i sg_vs2008_32:sgd.obj
 0001:000086b0       ?sgdSetVec3@@YAXQANNNN@Z   100096b0 f i sg_vs2008_32:sgd.obj
 0001:000086d0       ?sgdSetVec4@@YAXQANNNNN@Z  100096d0 f i sg_vs2008_32:sgd.obj
 0001:000086f0       ?sgdCopyVec3@@YAXQANQBN@Z  100096f0 f i sg_vs2008_32:sgd.obj
 0001:00008710       ?sgdCopyVec4@@YAXQANQBN@Z  10009710 f i sg_vs2008_32:sgd.obj
 0001:00008730       ?sgdAddVec3@@YAXQANQBN1@Z  10009730 f i sg_vs2008_32:sgd.obj
 0001:00008760       ?sgdSubVec2@@YAXQANQBN1@Z  10009760 f i sg_vs2008_32:sgd.obj
 0001:00008780       ?sgdSubVec3@@YAXQANQBN1@Z  10009780 f i sg_vs2008_32:sgd.obj
 0001:000087b0       ?sgdNegateVec3@@YAXQAN@Z   100097b0 f i sg_vs2008_32:sgd.obj
 0001:000087d0       ?sgdScaleVec2@@YAXQANN@Z   100097d0 f i sg_vs2008_32:sgd.obj
 0001:000087f0       ?sgdScaleVec3@@YAXQANN@Z   100097f0 f i sg_vs2008_32:sgd.obj
 0001:00008810       ?sgdScaleVec3@@YAXQANQBNN@Z 10009810 f i sg_vs2008_32:sgd.obj
 0001:00008840       ?sgdScaleVec4@@YAXQANQBNN@Z 10009840 f i sg_vs2008_32:sgd.obj
 0001:00008870       ?sgdAddScaledVec3@@YAXQANQBN1N@Z 10009870 f i sg_vs2008_32:sgd.obj
 0001:000088a0       ?sgdScalarProductVec2@@YANQBN0@Z 100098a0 f i sg_vs2008_32:sgd.obj
 0001:000088c0       ?sgdScalarProductVec3@@YANQBN0@Z 100098c0 f i sg_vs2008_32:sgd.obj
 0001:000088e0       ?sgdScalarProductVec4@@YANQBN0@Z 100098e0 f i sg_vs2008_32:sgd.obj
 0001:00008910       ?sgdDistanceSquaredVec3@@YANQBN0@Z 10009910 f i sg_vs2008_32:sgd.obj
 0001:00008940       ?sgdDistanceVec3@@YANQBN0@Z 10009940 f i sg_vs2008_32:sgd.obj
 0001:00008970       ?sgdLengthVec2@@YANQBN@Z   10009970 f i sg_vs2008_32:sgd.obj
 0001:00008990       ?sgdLengthVec3@@YANQBN@Z   10009990 f i sg_vs2008_32:sgd.obj
 0001:000089c0       ?sgdNormaliseVec2@@YAXQAN@Z 100099c0 f i sg_vs2008_32:sgd.obj
 0001:000089f0       ?sgdNormaliseVec3@@YAXQAN@Z 100099f0 f i sg_vs2008_32:sgd.obj
 0001:00008a30       ?sgdNormaliseVec3@@YAXQANQBN@Z 10009a30 f i sg_vs2008_32:sgd.obj
 0001:00008a70       ?sgdCopyMat4@@YAXQAY03NQAY03$$CBN@Z 10009a70 f i sg_vs2008_32:sgd.obj
 0001:00008ae0       ?sgdScaleMat4@@YAXQAY03NQAY03$$CBNN@Z 10009ae0 f i sg_vs2008_32:sgd.obj
 0001:00008b70       ?sgdMakeIdentMat4@@YAXQAY03N@Z 10009b70 f i sg_vs2008_32:sgd.obj
 0001:00008bb0       ?sgdLineSegment3ToLine3@@YAXPAUsgdLine3@@UsgdLineSegment3@@@Z 10009bb0 f i sg_vs2008_32:sgd.obj
 0001:00008c20       ?sgdAngleBetweenNormalizedVec3@@YANQAN0@Z 10009c20 f i sg_vs2008_32:sgd.obj
 0001:00008c90       ?getCenter@sgdSphere@@QBEPBNXZ 10009c90 f i sg_vs2008_32:sgd.obj
 0001:00008ca0       ?getRadius@sgdSphere@@QBENXZ 10009ca0 f i sg_vs2008_32:sgd.obj
 0001:00008cb0       ?isEmpty@sgdSphere@@QBEHXZ 10009cb0 f i sg_vs2008_32:sgd.obj
 0001:00008cd0       ?getMin@sgdBox@@QBEPBNXZ   10009cd0 f i sg_vs2008_32:sgd.obj
 0001:00008ce0       ?getMax@sgdBox@@QBEPBNXZ   10009ce0 f i sg_vs2008_32:sgd.obj
 0001:00008cf0       ?isEmpty@sgdBox@@QBEHXZ    10009cf0 f i sg_vs2008_32:sgd.obj
 0001:00008d20       ?sgdVectorProductVec3@@YAXQANQBN1@Z 10009d20 f   sg_vs2008_32:sgd.obj
 0001:00008d60       ?_sgdClampToUnity@@YANN@Z  10009d60 f i sg_vs2008_32:sgd.obj
 0001:00008d90       ?sgdCompare3DSqdDist@@YAHQBN0N@Z 10009d90 f   sg_vs2008_32:sgd.obj
 0001:00008df0       ?sgdMakeRotMat4@@YAXQAY03NNQBN@Z 10009df0 f   sg_vs2008_32:sgd.obj
 0001:00008f20       ?sgdMakePickMatrix@@YAXQAY03NNNNNQAN@Z 10009f20 f   sg_vs2008_32:sgd.obj
 0001:00008fa0       ?sgdMakeLookAtMat4@@YAXQAY03NQBN11@Z 10009fa0 f   sg_vs2008_32:sgd.obj
 0001:00009120       ?sgdAngleBetweenVec3@@YANQAN0@Z 1000a120 f   sg_vs2008_32:sgd.obj
 0001:000091c0       ?sgdAngleBetweenNormalizedVec3@@YANQAN00@Z 1000a1c0 f   sg_vs2008_32:sgd.obj
 0001:00009350       ?sgdAngleBetweenVec3@@YANQAN00@Z 1000a350 f   sg_vs2008_32:sgd.obj
 0001:000093f0       ?extend@sgdBox@@QAEXQBN@Z  1000a3f0 f   sg_vs2008_32:sgd.obj
 0001:000094c0       ?extend@sgdBox@@QAEXPBV1@@Z 1000a4c0 f   sg_vs2008_32:sgd.obj
 0001:00009550       ?extend@sgdBox@@QAEXPBVsgdSphere@@@Z 1000a550 f   sg_vs2008_32:sgd.obj
 0001:000095c0       ?intersects@sgdBox@@QBEHQBN@Z 1000a5c0 f   sg_vs2008_32:sgd.obj
 0001:00009700       ?extend@sgdSphere@@QAEXQBN@Z 1000a700 f   sg_vs2008_32:sgd.obj
 0001:000097b0       ?extend@sgdSphere@@QAEXPBVsgdBox@@@Z 1000a7b0 f   sg_vs2008_32:sgd.obj
 0001:00009940       ?extend@sgdSphere@@QAEXPBV1@@Z 1000a940 f   sg_vs2008_32:sgd.obj
 0001:00009a10       ?intersects@sgdSphere@@QBEHPBVsgdBox@@@Z 1000aa10 f   sg_vs2008_32:sgd.obj
 0001:00009ac0       ?update@sgdFrustum@@AAEXXZ 1000aac0 f   sg_vs2008_32:sgd.obj
 0001:00009ec0       ?contains@sgdFrustum@@QBEHPBVsgdSphere@@@Z 1000aec0 f   sg_vs2008_32:sgd.obj
 0001:0000a030       ?sgdDistSquaredToLineVec3@@YANUsgdLine3@@QBN@Z 1000b030 f   sg_vs2008_32:sgd.obj
 0001:0000a070       ?sgdDistSquaredToLineSegmentVec3@@YANUsgdLineSegment3@@QBN@Z 1000b070 f   sg_vs2008_32:sgd.obj
 0001:0000a180       ?sgdMakeCoordMat4@@YAXQAY03NNNNNNN@Z 1000b180 f   sg_vs2008_32:sgd.obj
 0001:0000a340       ?sgdMakeTransMat4@@YAXQAY03NQBN@Z 1000b340 f   sg_vs2008_32:sgd.obj
 0001:0000a390       ?sgdMakeTransMat4@@YAXQAY03NNNN@Z 1000b390 f   sg_vs2008_32:sgd.obj
 0001:0000a3e0       ?sgdSetCoord@@YAXPAUsgdCoord@@QAY03$$CBN@Z 1000b3e0 f   sg_vs2008_32:sgd.obj
 0001:0000a6e0       ?sgdMakeNormal@@YAXQANQBN1@Z 1000b6e0 f   sg_vs2008_32:sgd.obj
 0001:0000a730       ?sgdMakeNormal@@YAXQANQBN11@Z 1000b730 f   sg_vs2008_32:sgd.obj
 0001:0000a7d0       ?sgdMultMat4@@YAXQAY03NQAY03$$CBN1@Z 1000b7d0 f   sg_vs2008_32:sgd.obj
 0001:0000a880       ?sgdTransposeNegateMat4@@YAXQAY03NQAY03$$CBN@Z 1000b880 f   sg_vs2008_32:sgd.obj
 0001:0000a920       ?sgdTransposeNegateMat4@@YAXQAY03N@Z 1000b920 f   sg_vs2008_32:sgd.obj
 0001:0000a950       ?sgdInvertMat4@@YAXQAY03NQAY03$$CBN@Z 1000b950 f   sg_vs2008_32:sgd.obj
 0001:0000ab70       ?sgdXformVec3@@YAXQANQBNQAY03$$CBN@Z 1000bb70 f   sg_vs2008_32:sgd.obj
 0001:0000abd0       ?sgdXformPnt3@@YAXQANQBNQAY03$$CBN@Z 1000bbd0 f   sg_vs2008_32:sgd.obj
 0001:0000ac30       ?sgdXformPnt4@@YAXQANQBNQAY03$$CBN@Z 1000bc30 f   sg_vs2008_32:sgd.obj
 0001:0000acc0       ?sgdFullXformPnt3@@YAXQANQBNQAY03$$CBN@Z 1000bcc0 f   sg_vs2008_32:sgd.obj
 0001:0000ad20       ?sgdHPRfromVec3@@YAXQAN0@Z 1000bd20 f   sg_vs2008_32:sgd.obj
 0001:0000adc0       ?sgdQuatToAngleAxis@@YAXPANQANQBN@Z 1000bdc0 f   sg_vs2008_32:sgd.obj
 0001:0000ae40       ?sgdAngleAxisToQuat@@YAXQANNQBN@Z 1000be40 f   sg_vs2008_32:sgd.obj
 0001:0000aee0       ?sgdMatrixToQuat@@YAXQANQAY03$$CBN@Z 1000bee0 f   sg_vs2008_32:sgd.obj
 0001:0000b040       ?sgdMultQuat@@YAXQANQBN1@Z 1000c040 f   sg_vs2008_32:sgd.obj
 0001:0000b110       ?sgdMultQuat2@@YAXQANQBN1@Z 1000c110 f   sg_vs2008_32:sgd.obj
 0001:0000b1e0       ?sgdEulerToQuat@@YAXQANQBN@Z 1000c1e0 f   sg_vs2008_32:sgd.obj
 0001:0000b2d0       ?sgdQuatToEuler@@YAXQANQBN@Z 1000c2d0 f   sg_vs2008_32:sgd.obj
 0001:0000b430       ?sgdQuatToMatrix@@YAXQAY03NQBN@Z 1000c430 f   sg_vs2008_32:sgd.obj
 0001:0000b500       ?sgdMakeRotMat42@@YAXQAY03NQAN@Z 1000c500 f   sg_vs2008_32:sgd.obj
 0001:0000b5d0       ?sgdSlerpQuat2@@YAXQANQBN1N@Z 1000c5d0 f   sg_vs2008_32:sgd.obj
 0001:0000b6f0       ?sgdSlerpQuat@@YAXQANQBN1N@Z 1000c6f0 f   sg_vs2008_32:sgd.obj
 0001:0000b7e0       ?sgdRotateVecQuat@@YAXQAN0@Z 1000c7e0 f   sg_vs2008_32:sgd.obj
 0001:0000b8d0       ?sgdRotateCoordQuat@@YAXQAN0@Z 1000c8d0 f   sg_vs2008_32:sgd.obj
 0001:0000b9c0       ?sgdDistSquaredToLineLineSegment@@YANUsgdLineSegment3@@UsgdLine3@@@Z 1000c9c0 f   sg_vs2008_32:sgd.obj
 0001:0000bbd0       ?sgdReflectInPlaneVec3@@YAXQANQBN1@Z 1000cbd0 f   sg_vs2008_32:sgd.obj
 0001:0000bc20       ?sgdClassifyMat4@@YAHQAY03$$CBN@Z 1000cc20 f   sg_vs2008_32:sgd.obj
 0001:0000bee0       ?sgdTriangleSolver_SAStoArea@@YANNNN@Z 1000cee0 f   sg_vs2008_32:sgd.obj
 0001:0000bf00       ?sgdTriangleSolver_SSStoArea@@YANNNN@Z 1000cf00 f   sg_vs2008_32:sgd.obj
 0001:0000bf50       ?sgdTriangleSolver_SSStoAAA@@YAXNNNPAN00@Z 1000cf50 f   sg_vs2008_32:sgd.obj
 0001:0000c0f0       ?sgdTriangleSolver_SAStoASA@@YAXNNNPAN00@Z 1000d0f0 f   sg_vs2008_32:sgd.obj
 0001:0000c170       ?sgdTriangleSolver_ASAtoSAS@@YAXNNNPAN00@Z 1000d170 f   sg_vs2008_32:sgd.obj
 0001:0000c220       ?sgdTriangleSolver_ASStoSAA@@YAXNNNHPAN00@Z 1000d220 f   sg_vs2008_32:sgd.obj
 0001:0000c2b0       ?sgdTriangleSolver_SAAtoASS@@YAXNNNPAN00@Z 1000d2b0 f   sg_vs2008_32:sgd.obj
 0001:0000c300       ?sgdTriArea@@YANQAN00@Z    1000d300 f   sg_vs2008_32:sgd.obj
 0001:0000c3e0       ?getOutcode@sgdFrustum@@ABEHQBN@Z 1000d3e0 f   sg_vs2008_32:sgd.obj
 0001:0000c4c0       ?contains@sgdFrustum@@QBEHQBN@Z 1000d4c0 f   sg_vs2008_32:sgd.obj
 0001:0000c4e0       ?contains@sgdFrustum@@QBEHPBVsgdBox@@@Z 1000d4e0 f   sg_vs2008_32:sgd.obj
 0001:0000c600       ?sgdPreMultMat4@@YAXQAY03NQAY03$$CBN@Z 1000d600 f   sg_vs2008_32:sgd.obj
 0001:0000c640       ?sgdPostMultMat4@@YAXQAY03NQAY03$$CBN@Z 1000d640 f   sg_vs2008_32:sgd.obj
 0001:0000c680       ?sgdQuatToAngleAxis@@YAXPAN000QBN@Z 1000d680 f   sg_vs2008_32:sgd.obj
 0001:0000c6c0       ?sgdAngleAxisToQuat@@YAXQANNNNN@Z 1000d6c0 f   sg_vs2008_32:sgd.obj
 0001:0000c700       ?sgdTriangleSolver_ASAtoArea@@YANNNN@Z 1000d700 f   sg_vs2008_32:sgd.obj
 0001:0000c770       ?sgdTriangleSolver_ASStoArea@@YANNNNH@Z 1000d770 f   sg_vs2008_32:sgd.obj
 0001:0000c7d0       ?sgdTriangleSolver_SAAtoArea@@YANNNN@Z 1000d7d0 f   sg_vs2008_32:sgd.obj
 0001:0000c830       ?ulSetError@@YAXW4ulSeverity@@PBDZZ 1000d830 f   ul_vs2008_32:ulError.obj
 0001:0000c8a0       ?ulGetError@@YAPADXZ       1000d8a0 f   ul_vs2008_32:ulError.obj
 0001:0000c8b0       ?ulClearError@@YAXXZ       1000d8b0 f   ul_vs2008_32:ulError.obj
 0001:0000c8c0       ?ulGetErrorCallback@@YAP6AXW4ulSeverity@@PAD@ZXZ 1000d8c0 f   ul_vs2008_32:ulError.obj
 0001:0000c8d0       ?ulSetErrorCallback@@YAXP6AXW4ulSeverity@@PAD@Z@Z 1000d8d0 f   ul_vs2008_32:ulError.obj
 0001:0000c8e0       ??0bad_alloc@std@@QAE@ABV01@@Z 1000d8e0 f i LIBCMTD:new.obj
 0001:0000c910       ??0bad_alloc@std@@QAE@XZ   1000d910 f i LIBCMTD:new.obj
 0001:0000c940       ??1bad_alloc@std@@UAE@XZ   1000d940 f i LIBCMTD:new.obj
 0001:0000c960       ??2@YAPAXI@Z               1000d960 f   LIBCMTD:new.obj
 0001:0000c9b0       ??_Ebad_alloc@std@@UAEPAXI@Z 1000d9b0 f i LIBCMTD:new.obj
 0001:0000c9b0       ??_Gbad_alloc@std@@UAEPAXI@Z 1000d9b0 f i LIBCMTD:new.obj
 0001:0000c9e0       ??3@YAXPAX@Z               1000d9e0 f   LIBCMTD:dbgdel.obj
 0001:0000cad0       _memset                    1000dad0 f   LIBCMTD:memset.obj
 0001:0000cb60       @__security_check_cookie@4 1000db60 f   LIBCMTD:secchk.obj
 0001:0000cb70       @_RTC_AllocaHelper@12      1000db70 f   LIBCMTD:stack.obj
 0001:0000cbb0       @_RTC_CheckStackVars2@12   1000dbb0 f   LIBCMTD:stack.obj
 0001:0000cc90       @_RTC_CheckStackVars@8     1000dc90 f   LIBCMTD:stack.obj
 0001:0000ccf0       __RTC_CheckEsp             1000dcf0 f   LIBCMTD:stack.obj
 0001:0000cd20       __RTC_InitBase             1000dd20 f   LIBCMTD:init.obj
 0001:0000cd50       __RTC_Shutdown             1000dd50 f   LIBCMTD:init.obj
 0001:0000ce70       ?_CallCatchBlock2@@YAPAXPAUEHRegistrationNode@@PBU_s_FuncInfo@@PAXHK@Z 1000de70 f   LIBCMTD:_trnsctrl_.obj
 0001:0000cee0       ?_CallMemberFunction0@@YGXPAX0@Z 1000dee0 f   LIBCMTD:_trnsctrl_.obj
 0001:0000cef0       ?_CallMemberFunction1@@YGXPAX00@Z 1000def0 f   LIBCMTD:_trnsctrl_.obj
 0001:0000cf00       ?_CallMemberFunction2@@YGXPAX00H@Z 1000df00 f   LIBCMTD:_trnsctrl_.obj
 0001:0000cf10       ?_CallSETranslator@@YAHPAUEHExceptionRecord@@PAUEHRegistrationNode@@PAX2PBU_s_FuncInfo@@H1@Z 1000df10 f   LIBCMTD:_trnsctrl_.obj
 0001:0000d000       ?_GetRangeOfTrysToCheck@@YAPBU_s_TryBlockMapEntry@@PBU_s_FuncInfo@@HHPAI1@Z 1000e000 f   LIBCMTD:_trnsctrl_.obj
 0001:0000d090       ?_JumpToContinuation@@YGXPAXPAUEHRegistrationNode@@@Z 1000e090 f   LIBCMTD:_trnsctrl_.obj
 0001:0000d0d0       ?_UnwindNestedFrames@@YGXPAUEHRegistrationNode@@PAUEHExceptionRecord@@@Z 1000e0d0 f   LIBCMTD:_trnsctrl_.obj
 0001:0000d130       __CreateFrameInfo          1000e130 f   LIBCMTD:_trnsctrl_.obj
 0001:0000d160       __FindAndUnlinkFrame       1000e160 f   LIBCMTD:_trnsctrl_.obj
 0001:0000d1c0       __IsExceptionObjectToBeDestroyed 1000e1c0 f   LIBCMTD:_trnsctrl_.obj
 0001:0000d1f0       ___CxxFrameHandler         1000e1f0 f   LIBCMTD:_trnsctrl_.obj
 0001:0000d230       ___CxxFrameHandler2        1000e230 f   LIBCMTD:_trnsctrl_.obj
 0001:0000d270       ___CxxFrameHandler3        1000e270 f   LIBCMTD:_trnsctrl_.obj
 0001:0000d2b0       ___CxxLongjmpUnwind@4      1000e2b0 f   LIBCMTD:_trnsctrl_.obj
 0001:0000d2e0       __fpmath                   1000e2e0 f   LIBCMTD:fpinit.obj
 0001:0000d300       ___setfflag                1000e300 f   LIBCMTD:fpinit.obj
 0001:0000d320       __cfltcvt_init             1000e320 f   LIBCMTD:fpinit.obj
 0001:0000d3e0       _cos                       1000e3e0 f   LIBCMTD:cos.obj
 0001:0000d420       __CIcos                    1000e420 f   LIBCMTD:cos.obj
 0001:0000d45b       __CIcos_default            1000e45b f   LIBCMTD:cos.obj
 0001:0000d46f       __cos_default              1000e46f     LIBCMTD:cos.obj
 0001:0000d510       _sin                       1000e510 f   LIBCMTD:sin.obj
 0001:0000d550       __CIsin                    1000e550 f   LIBCMTD:sin.obj
 0001:0000d58b       __CIsin_default            1000e58b f   LIBCMTD:sin.obj
 0001:0000d59f       __sin_default              1000e59f     LIBCMTD:sin.obj
 0001:0000d640       __snprintf                 1000e640 f   LIBCMTD:snprintf.obj
 0001:0000d820       __snprintf_l               1000e820 f   LIBCMTD:snprintf.obj
 0001:0000d850       _strcmp                    1000e850 f   LIBCMTD:strcmp.obj
 0001:0000d8e0       _strrchr                   1000e8e0 f   LIBCMTD:strrchr.obj
 0001:0000da20       _atan2                     1000ea20 f   LIBCMTD:87ctriga.obj
 0001:0000da2a       __CIatan2                  1000ea2a f   LIBCMTD:87ctriga.obj
 0001:0000da40       _exp                       1000ea40 f   LIBCMTD:87ctran.obj
 0001:0000da7c       __CIexp                    1000ea7c f   LIBCMTD:87ctran.obj
 0001:0000dab7       __exp_default              1000eab7 f   LIBCMTD:87ctran.obj
 0001:0000dac1       __CIexp_default            1000eac1 f   LIBCMTD:87ctran.obj
 0001:0000dad0       _fabs                      1000ead0 f   LIBCMTD:fabs.obj
 0001:0000dbd0       _log                       1000ebd0 f   LIBCMTD:log.obj
 0001:0000dc10       __CIlog                    1000ec10 f   LIBCMTD:log.obj
 0001:0000dc4b       __CIlog_default            1000ec4b f   LIBCMTD:log.obj
 0001:0000dc5f       __log_default              1000ec5f     LIBCMTD:log.obj
 0001:0000dd20       __CIsqrt                   1000ed20 f   LIBCMTD:sqrt.obj
 0001:0000dd34       _sqrt                      1000ed34     LIBCMTD:sqrt.obj
 0001:0000dde0       ??0type_info@@AAE@ABV0@@Z  1000ede0 f   LIBCMTD:typinfo.obj
 0001:0000de00       ??1type_info@@UAE@XZ       1000ee00 f   LIBCMTD:typinfo.obj
 0001:0000de20       ??4type_info@@AAEAAV0@ABV0@@Z 1000ee20 f   LIBCMTD:typinfo.obj
 0001:0000de30       ??8type_info@@QBE_NABV0@@Z 1000ee30 f   LIBCMTD:typinfo.obj
 0001:0000de70       ??9type_info@@QBE_NABV0@@Z 1000ee70 f   LIBCMTD:typinfo.obj
 0001:0000deb0       ??_Gtype_info@@UAEPAXI@Z   1000eeb0 f i LIBCMTD:typinfo.obj
 0001:0000deb0       ??_Etype_info@@UAEPAXI@Z   1000eeb0 f i LIBCMTD:typinfo.obj
 0001:0000dee0       ?_name_internal_method@type_info@@QBEPBDPAU__type_info_node@@@Z 1000eee0 f   LIBCMTD:typinfo.obj
 0001:0000df00       ?_type_info_dtor_internal_method@type_info@@QAEXXZ 1000ef00 f   LIBCMTD:typinfo.obj
 0001:0000df20       ?before@type_info@@QBE_NABV1@@Z 1000ef20 f   LIBCMTD:typinfo.obj
 0001:0000df60       ?name@type_info@@QBEPBDPAU__type_info_node@@@Z 1000ef60 f   LIBCMTD:typinfo.obj
 0001:0000df80       ?raw_name@type_info@@QBEPBDXZ 1000ef80 f   LIBCMTD:typinfo.obj
 0001:0000dfa0       ___raise_securityfailure   1000efa0 f   LIBCMTD:gs_report.obj
 0001:0000dff0       ___report_gsfailure        1000eff0 f   LIBCMTD:gs_report.obj
 0001:0000e100       ___report_rangecheckfailure 1000f100 f   LIBCMTD:gs_report.obj
 0001:0000e110       ___report_securityfailure  1000f110 f   LIBCMTD:gs_report.obj
 0001:0000e1f0       ___report_securityfailureEx 1000f1f0 f   LIBCMTD:gs_report.obj
 0001:0000e320       __fclose_nolock            1000f320 f   LIBCMTD:fclose.obj
 0001:0000e430       _fclose                    1000f430 f   LIBCMTD:fclose.obj
 0001:0000e550       __fsopen                   1000f550 f   LIBCMTD:fopen.obj
 0001:0000e7a0       _fopen                     1000f7a0 f   LIBCMTD:fopen.obj
 0001:0000e7c0       _fopen_s                   1000f7c0 f   LIBCMTD:fopen.obj
 0001:0000e880       __fread_nolock             1000f880 f   LIBCMTD:fread.obj
 0001:0000e8a0       __fread_nolock_s           1000f8a0 f   LIBCMTD:fread.obj
 0001:0000eed0       _fread                     1000fed0 f   LIBCMTD:fread.obj
 0001:0000eef0       _fread_s                   1000fef0 f   LIBCMTD:fread.obj
 0001:0000f040       __fwrite_nolock            10010040 f   LIBCMTD:fwrite.obj
 0001:0000f450       _fwrite                    10010450 f   LIBCMTD:fwrite.obj
 0001:0000f570       _strchr                    10010570 f   LIBCMTD:strchr.obj
 0001:0000f5de       ___from_strstr_to_strchr   100105de     LIBCMTD:strchr.obj
 0001:0000f6a0       _strncmp                   100106a0 f   LIBCMTD:strncmp.obj
 0001:0000f720       _strncpy                   10010720 f   LIBCMTD:strncpy.obj
 0001:0000f850       __get_purecall_handler     10010850 f   LIBCMTD:purevirt.obj
 0001:0000f870       __purecall                 10010870 f   LIBCMTD:purevirt.obj
 0001:0000f8b0       __set_purecall_handler     100108b0 f   LIBCMTD:purevirt.obj
 0001:0000f8e0       _ceil                      100108e0 f   LIBCMTD:ceil_pentium4.obj
 0001:0000f920       __ceil_pentium4            10010920 f   LIBCMTD:ceil_pentium4.obj
 0001:0000fa00       __ftol2_sse                10010a00 f   LIBCMTD:ftol2.obj
 0001:0000fa09       __ftol2_pentium4           10010a09 f   LIBCMTD:ftol2.obj
 0001:0000fa1c       __ftol2_sse_excpt          10010a1c f   LIBCMTD:ftol2.obj
 0001:0000fa36       __ftol2                    10010a36 f   LIBCMTD:ftol2.obj
 0001:0000fab0       __CRT_INIT@12              10010ab0 f   LIBCMTD:dllcrt0.obj
 0001:0000fce0       __DllMainCRTStartup@12     10010ce0 f   LIBCMTD:dllcrt0.obj
 0001:0000fed0       ___DllXcptFilter           10010ed0 f   LIBCMTD:dllcrt0.obj
 0001:0000ff00       _asin                      10010f00 f   LIBCMTD:asin.obj
 0001:0000ff40       __CIasin                   10010f40 f   LIBCMTD:asin.obj
 0001:0000ff7b       __CIasin_default           10010f7b f   LIBCMTD:asin.obj
 0001:0000ff8f       __asin_default             10010f8f     LIBCMTD:asin.obj
 0001:00010050       _acos                      10011050 f   LIBCMTD:acos.obj
 0001:00010090       __CIacos                   10011090 f   LIBCMTD:acos.obj
 0001:000100cb       __CIacos_default           100110cb f   LIBCMTD:acos.obj
 0001:000100df       __acos_default             100110df     LIBCMTD:acos.obj
 0001:000101a0       _tan                       100111a0 f   LIBCMTD:tan.obj
 0001:000101e0       __CItan                    100111e0 f   LIBCMTD:tan.obj
 0001:0001021b       __CItan_default            1001121b f   LIBCMTD:tan.obj
 0001:0001022f       __tan_default              1001122f     LIBCMTD:tan.obj
 0001:000102d0       ___copy_path_to_wide_string 100112d0 f   LIBCMTD:crt0dat.obj
 0001:000104c0       ___crtCorExitProcess       100114c0 f   LIBCMTD:crt0dat.obj
 0001:00010500       ___crtExitProcess          10011500 f   LIBCMTD:crt0dat.obj
 0001:00010520       ___freeCrtMemory           10011520 f   LIBCMTD:crt0dat.obj
 0001:000106f0       __amsg_exit                100116f0 f   LIBCMTD:crt0dat.obj
 0001:00010710       __c_exit                   10011710 f   LIBCMTD:crt0dat.obj
 0001:00010730       __cexit                    10011730 f   LIBCMTD:crt0dat.obj
 0001:00010750       __cinit                    10011750 f   LIBCMTD:crt0dat.obj
 0001:000107f0       __exit                     100117f0 f   LIBCMTD:crt0dat.obj
 0001:00010810       __get_pgmptr               10011810 f   LIBCMTD:crt0dat.obj
 0001:00010930       __get_wpgmptr              10011930 f   LIBCMTD:crt0dat.obj
 0001:00010a50       __init_pointers            10011a50 f   LIBCMTD:crt0dat.obj
 0001:00010ae0       __initterm_e               10011ae0 f   LIBCMTD:crt0dat.obj
 0001:00010b20       __lockexit                 10011b20 f   LIBCMTD:crt0dat.obj
 0001:00010b30       __unlockexit               10011b30 f   LIBCMTD:crt0dat.obj
 0001:00010d40       _exit                      10011d40 f   LIBCMTD:crt0dat.obj
 0001:00010d60       __fprintf_l                10011d60 f   LIBCMTD:fprintf.obj
 0001:00010d90       __fprintf_p                10011d90 f   LIBCMTD:fprintf.obj
 0001:00010dc0       __fprintf_p_l              10011dc0 f   LIBCMTD:fprintf.obj
 0001:00010df0       __fprintf_s_l              10011df0 f   LIBCMTD:fprintf.obj
 0001:00010e20       _fprintf                   10011e20 f   LIBCMTD:fprintf.obj
 0001:000110f0       _fprintf_s                 100120f0 f   LIBCMTD:fprintf.obj
 0001:00011120       ___initstdio               10012120 f   LIBCMTD:_file.obj
 0001:000111f0       ___endstdio                100121f0 f   LIBCMTD:_file.obj
 0001:00011230       ___iob_func                10012230 f   LIBCMTD:_file.obj
 0001:00011240       __lock_file                10012240 f   LIBCMTD:_file.obj
 0001:000112a0       __lock_file2               100122a0 f   LIBCMTD:_file.obj
 0001:000112e0       __unlock_file              100122e0 f   LIBCMTD:_file.obj
 0001:00011340       __unlock_file2             10012340 f   LIBCMTD:_file.obj
 0001:00011380       __vscprintf                10012380 f   LIBCMTD:vsprintf.obj
 0001:000113a0       __vscprintf_helper         100123a0 f   LIBCMTD:vsprintf.obj
 0001:00011490       __vscprintf_l              10012490 f   LIBCMTD:vsprintf.obj
 0001:000114b0       __vscprintf_p              100124b0 f   LIBCMTD:vsprintf.obj
 0001:000114d0       __vscprintf_p_l            100124d0 f   LIBCMTD:vsprintf.obj
 0001:000114f0       __vsprintf_l               100124f0 f   LIBCMTD:vsprintf.obj
 0001:000116b0       _vsprintf                  100126b0 f   LIBCMTD:vsprintf.obj
 0001:000116d0       _malloc                    100126d0 f   LIBCMTD:dbgmalloc.obj
 0001:00011700       ??0__non_rtti_object@std@@QAE@ABV01@@Z 10012700 f   LIBCMTD:stdexcpt.obj
 0001:00011730       ??0__non_rtti_object@std@@QAE@PBD@Z 10012730 f   LIBCMTD:stdexcpt.obj
 0001:00011760       ??0bad_cast@std@@QAE@ABV01@@Z 10012760 f   LIBCMTD:stdexcpt.obj
 0001:00011790       ??0bad_cast@std@@QAE@PBD@Z 10012790 f   LIBCMTD:stdexcpt.obj
 0001:000117c0       ??0bad_typeid@std@@QAE@ABV01@@Z 100127c0 f   LIBCMTD:stdexcpt.obj
 0001:000117f0       ??0bad_typeid@std@@QAE@PBD@Z 100127f0 f   LIBCMTD:stdexcpt.obj
 0001:00011820       ??0exception@std@@QAE@ABQBD@Z 10012820 f   LIBCMTD:stdexcpt.obj
 0001:00011860       ??0exception@std@@QAE@ABQBDH@Z 10012860 f   LIBCMTD:stdexcpt.obj
 0001:00011890       ??0exception@std@@QAE@ABV01@@Z 10012890 f   LIBCMTD:stdexcpt.obj
 0001:000118d0       ??0exception@std@@QAE@XZ   100128d0 f   LIBCMTD:stdexcpt.obj
 0001:00011900       ??1__non_rtti_object@std@@UAE@XZ 10012900 f   LIBCMTD:stdexcpt.obj
 0001:00011920       ??1bad_cast@std@@UAE@XZ    10012920 f   LIBCMTD:stdexcpt.obj
 0001:00011940       ??1bad_typeid@std@@UAE@XZ  10012940 f   LIBCMTD:stdexcpt.obj
 0001:00011960       ??1exception@std@@UAE@XZ   10012960 f   LIBCMTD:stdexcpt.obj
 0001:00011980       ??4exception@std@@QAEAAV01@ABV01@@Z 10012980 f   LIBCMTD:stdexcpt.obj
 0001:000119d0       ??_E__non_rtti_object@std@@UAEPAXI@Z 100129d0 f i LIBCMTD:stdexcpt.obj
 0001:000119d0       ??_G__non_rtti_object@std@@UAEPAXI@Z 100129d0 f i LIBCMTD:stdexcpt.obj
 0001:00011a00       ??_Ebad_cast@std@@UAEPAXI@Z 10012a00 f i LIBCMTD:stdexcpt.obj
 0001:00011a00       ??_Gbad_cast@std@@UAEPAXI@Z 10012a00 f i LIBCMTD:stdexcpt.obj
 0001:00011a30       ??_Gbad_typeid@std@@UAEPAXI@Z 10012a30 f i LIBCMTD:stdexcpt.obj
 0001:00011a30       ??_Ebad_typeid@std@@UAEPAXI@Z 10012a30 f i LIBCMTD:stdexcpt.obj
 0001:00011a60       ??_Gexception@std@@UAEPAXI@Z 10012a60 f i LIBCMTD:stdexcpt.obj
 0001:00011a60       ??_Eexception@std@@UAEPAXI@Z 10012a60 f i LIBCMTD:stdexcpt.obj
 0001:00011a90       ?_Copy_str@exception@std@@AAEXPBD@Z 10012a90 f   LIBCMTD:stdexcpt.obj
 0001:00011af0       ?_Tidy@exception@std@@AAEXXZ 10012af0 f   LIBCMTD:stdexcpt.obj
 0001:00011b30       ?what@exception@std@@UBEPBDXZ 10012b30 f   LIBCMTD:stdexcpt.obj
 0001:00011b60       ?_query_new_handler@@YAP6AHI@ZXZ 10012b60 f   LIBCMTD:handler.obj
 0001:00011b80       ?_set_new_handler@@YAP6AHI@ZH@Z 10012b80 f   LIBCMTD:handler.obj
 0001:00011bc0       ?_set_new_handler@@YAP6AHI@ZP6AHI@Z@Z 10012bc0 f   LIBCMTD:handler.obj
 0001:00011c00       __callnewh                 10012c00 f   LIBCMTD:handler.obj
 0001:00011c40       __initp_heap_handler       10012c40 f   LIBCMTD:handler.obj
 0001:00011c50       __CxxThrowException@8      10012c50 f   LIBCMTD:throw.obj
 0001:00011ce0       __lock                     10012ce0 f   LIBCMTD:mlock.obj
 0001:00011d20       __lockerr_exit             10012d20 f   LIBCMTD:mlock.obj
 0001:00011d50       __mtdeletelocks            10012d50 f   LIBCMTD:mlock.obj
 0001:00011e10       __mtinitlocknum            10012e10 f   LIBCMTD:mlock.obj
 0001:00011f30       __mtinitlocks              10012f30 f   LIBCMTD:mlock.obj
 0001:00011fb0       __unlock                   10012fb0 f   LIBCMTD:mlock.obj
 0001:00011fd0       ?_CrtDbgReportW@@YAHHPBGH00ZZ 10012fd0 f   LIBCMTD:dbgrptw.obj
 0001:00012020       __CrtDbgReportW            10013020 f   LIBCMTD:dbgrptw.obj
 0001:00012070       __CrtDbgReportWV           10013070 f i LIBCMTD:dbgrptw.obj
 0001:000120a0       __CrtSetReportHookW2       100130a0 f   LIBCMTD:dbgrptw.obj
 0001:000123f0       ___crtMessageWindowW       100133f0 f   LIBCMTD:dbgrptw.obj
 0001:000128a0       __invoke_watson_if_error   100138a0 f i LIBCMTD:dbgrptw.obj
 0001:000128d0       __invoke_watson_if_oneof   100138d0 f i LIBCMTD:dbgrptw.obj
 0001:00012910       ??0_LocaleUpdate@@QAE@PAUlocaleinfo_struct@@@Z 10013910 f i LIBCMTD:dbgheap.obj
 0001:000129f0       ??1_LocaleUpdate@@QAE@XZ   100139f0 f i LIBCMTD:dbgheap.obj
 0001:00012a20       ?GetLocaleT@_LocaleUpdate@@QAEPAUlocaleinfo_struct@@XZ 10013a20 f i LIBCMTD:dbgheap.obj
 0001:00012ec0       __CrtCheckMemory           10013ec0 f   LIBCMTD:dbgheap.obj
 0001:00013320       __CrtDoForAllClientObjects 10014320 f   LIBCMTD:dbgheap.obj
 0001:00013450       __CrtDumpMemoryLeaks       10014450 f   LIBCMTD:dbgheap.obj
 0001:000134f0       __CrtGetAllocHook          100144f0 f   LIBCMTD:dbgheap.obj
 0001:00013500       __CrtGetCheckCount         10014500 f   LIBCMTD:dbgheap.obj
 0001:00013510       __CrtGetDumpClient         10014510 f   LIBCMTD:dbgheap.obj
 0001:00013520       __CrtIsMemoryBlock         10014520 f   LIBCMTD:dbgheap.obj
 0001:00013690       __CrtIsValidHeapPointer    10014690 f   LIBCMTD:dbgheap.obj
 0001:000136d0       __CrtIsValidPointer        100146d0 f   LIBCMTD:dbgheap.obj
 0001:00013700       __CrtMemCheckpoint         10014700 f   LIBCMTD:dbgheap.obj
 0001:00013930       __CrtMemDifference         10014930 f   LIBCMTD:dbgheap.obj
 0001:00013b90       __CrtMemDumpAllObjectsSince 10014b90 f   LIBCMTD:dbgheap.obj
 0001:00013bd0       __CrtMemDumpStatistics     10014bd0 f   LIBCMTD:dbgheap.obj
 0001:00013cf0       __CrtReportBlockType       10014cf0 f   LIBCMTD:dbgheap.obj
 0001:00013d20       __CrtSetAllocHook          10014d20 f   LIBCMTD:dbgheap.obj
 0001:00013d40       __CrtSetBreakAlloc         10014d40 f   LIBCMTD:dbgheap.obj
 0001:00013d60       __CrtSetCheckCount         10014d60 f   LIBCMTD:dbgheap.obj
 0001:00013d80       __CrtSetDbgBlockType       10014d80 f   LIBCMTD:dbgheap.obj
 0001:00013e70       __CrtSetDbgFlag            10014e70 f   LIBCMTD:dbgheap.obj
 0001:00013fc0       __CrtSetDebugFillThreshold 10014fc0 f   LIBCMTD:dbgheap.obj
 0001:00013fe0       __CrtSetDumpClient         10014fe0 f   LIBCMTD:dbgheap.obj
 0001:00014000       __aligned_free             10015000 f   LIBCMTD:dbgheap.obj
 0001:00014020       __aligned_free_dbg         10015020 f   LIBCMTD:dbgheap.obj
 0001:000140d0       __aligned_malloc           100150d0 f   LIBCMTD:dbgheap.obj
 0001:000140f0       __aligned_malloc_dbg       100150f0 f   LIBCMTD:dbgheap.obj
 0001:00014110       __aligned_msize            10015110 f   LIBCMTD:dbgheap.obj
 0001:00014130       __aligned_msize_dbg        10015130 f   LIBCMTD:dbgheap.obj
 0001:00014250       __aligned_offset_malloc    10015250 f   LIBCMTD:dbgheap.obj
 0001:00014270       __aligned_offset_malloc_dbg 10015270 f   LIBCMTD:dbgheap.obj
 0001:00014450       __aligned_offset_realloc   10015450 f   LIBCMTD:dbgheap.obj
 0001:00014480       __aligned_offset_realloc_dbg 10015480 f   LIBCMTD:dbgheap.obj
 0001:00014790       __aligned_offset_recalloc  10015790 f   LIBCMTD:dbgheap.obj
 0001:000147c0       __aligned_offset_recalloc_dbg 100157c0 f   LIBCMTD:dbgheap.obj
 0001:00014880       __aligned_realloc          10015880 f   LIBCMTD:dbgheap.obj
 0001:000148a0       __aligned_realloc_dbg      100158a0 f   LIBCMTD:dbgheap.obj
 0001:000148d0       __aligned_recalloc         100158d0 f   LIBCMTD:dbgheap.obj
 0001:00014900       __aligned_recalloc_dbg     10015900 f   LIBCMTD:dbgheap.obj
 0001:00014930       __calloc_dbg               10015930 f   LIBCMTD:dbgheap.obj
 0001:00014990       __calloc_dbg_impl          10015990 f   LIBCMTD:dbgheap.obj
 0001:00014a10       __expand                   10015a10 f   LIBCMTD:dbgheap.obj
 0001:00014a40       __expand_dbg               10015a40 f   LIBCMTD:dbgheap.obj
 0001:00014b60       __free_dbg                 10015b60 f   LIBCMTD:dbgheap.obj
 0001:00014be0       __free_dbg_nolock          10015be0 f   LIBCMTD:dbgheap.obj
 0001:000150e0       __free_nolock              100160e0 f   LIBCMTD:dbgheap.obj
 0001:00015100       __heap_alloc               10016100 f   LIBCMTD:dbgheap.obj
 0001:00015120       __heap_alloc_dbg           10016120 f   LIBCMTD:dbgheap.obj
 0001:00015540       __malloc_dbg               10016540 f   LIBCMTD:dbgheap.obj
 0001:00015570       __msize                    10016570 f   LIBCMTD:dbgheap.obj
 0001:00015590       __msize_dbg                10016590 f   LIBCMTD:dbgheap.obj
 0001:000157a0       __nh_malloc                100167a0 f   LIBCMTD:dbgheap.obj
 0001:000157c0       __nh_malloc_dbg            100167c0 f   LIBCMTD:dbgheap.obj
 0001:00015a50       __realloc_dbg              10016a50 f   LIBCMTD:dbgheap.obj
 0001:00015ae0       __recalloc                 10016ae0 f   LIBCMTD:dbgheap.obj
 0001:00015b10       __recalloc_dbg             10016b10 f   LIBCMTD:dbgheap.obj
 0001:00016230       __except_handler4          10017230 f   LIBCMTD:chandler4.obj
 0001:000163f0       __VEC_memset               100173f0 f   LIBCMTD:p4_memset.obj
 0001:000164c0       ___isa_available_init      100174c0 f   LIBCMTD:cpu_disp.obj
 0001:00016810       ?_RTC_AllocaFailure@@YAXPAXPAU_RTC_ALLOCA_NODE@@H@Z 10017810 f   LIBCMTD:error.obj
 0001:00016980       ?_RTC_Failure@@YAXPAXH@Z   10017980 f   LIBCMTD:error.obj
 0001:000169d0       ?_RTC_StackFailure@@YAXPAXPBD@Z 100179d0 f   LIBCMTD:error.obj
 0001:00016d30       __RTC_UninitUse            10017d30 f   LIBCMTD:error.obj
 0001:00016e30       ?_RTC_GetErrorFunc@@YAP6AHHPBDH00ZZPBX@Z 10017e30 f   LIBCMTD:userapi.obj
 0001:00016e40       ?_RTC_GetErrorFuncW@@YAP6AHHPB_WH00ZZPBX@Z 10017e40 f   LIBCMTD:userapi.obj
 0001:00016e50       __RTC_GetErrDesc           10017e50 f   LIBCMTD:userapi.obj
 0001:00016e70       __RTC_NumErrors            10017e70 f   LIBCMTD:userapi.obj
 0001:00016e80       __RTC_SetErrorFunc         10017e80 f   LIBCMTD:userapi.obj
 0001:00016ea0       __RTC_SetErrorFuncW        10017ea0 f   LIBCMTD:userapi.obj
 0001:00016ec0       __RTC_SetErrorType         10017ec0 f   LIBCMTD:userapi.obj
 0001:00016ef0       __CRT_RTC_INIT             10017ef0 f   LIBCMTD:chkesp.obj
 0001:00016f00       __CRT_RTC_INITW            10017f00 f   LIBCMTD:chkesp.obj
 0001:00016f10       __chkesp                   10017f10 f   LIBCMTD:chkesp.obj
 0001:00016f50       ___get_flsindex            10017f50 f   LIBCMTD:tidtable.obj
 0001:00016f60       ___threadhandle            10017f60 f   LIBCMTD:tidtable.obj
 0001:00016f70       ___threadid                10017f70 f   LIBCMTD:tidtable.obj
 0001:00016f80       __freefls@4                10017f80 f   LIBCMTD:tidtable.obj
 0001:00017180       __freeptd                  10018180 f   LIBCMTD:tidtable.obj
 0001:000171c0       __getptd                   100181c0 f   LIBCMTD:tidtable.obj
 0001:000171f0       __getptd_noexit            100181f0 f   LIBCMTD:tidtable.obj
 0001:000172a0       __initptd                  100182a0 f   LIBCMTD:tidtable.obj
 0001:000173e0       __mtinit                   100183e0 f   LIBCMTD:tidtable.obj
 0001:00017490       __mtterm                   10018490 f   LIBCMTD:tidtable.obj
 0001:000174c0       __CallSettingFrame@12      100184c0 f   LIBCMTD:lowhelpr.obj
 0001:000174e7       __NLG_Return               100184e7     LIBCMTD:lowhelpr.obj
 0001:00017510       ?_inconsistency@@YAXXZ     10018510 f   LIBCMTD:hooks.obj
 0001:000175a0       ?terminate@@YAXXZ          100185a0 f   LIBCMTD:hooks.obj
 0001:00017620       ?unexpected@@YAXXZ         10018620 f   LIBCMTD:hooks.obj
 0001:00017650       __initp_eh_hooks           10018650 f   LIBCMTD:hooks.obj
 0001:00017670       ___DestructExceptionObject 10018670 f   LIBCMTD:frame.obj
 0001:00017790       ??0bad_exception@std@@QAE@ABV01@@Z 10018790 f i LIBCMTD:frame.obj
 0001:000177c0       ??0bad_exception@std@@QAE@PBD@Z 100187c0 f i LIBCMTD:frame.obj
 0001:000177f0       ??1bad_exception@std@@UAE@XZ 100187f0 f i LIBCMTD:frame.obj
 0001:00017810       ??_Ebad_exception@std@@UAEPAXI@Z 10018810 f i LIBCMTD:frame.obj
 0001:00017810       ??_Gbad_exception@std@@UAEPAXI@Z 10018810 f i LIBCMTD:frame.obj
 0001:00018410       ?__uncaught_exception@@YA_NXZ 10019410 f   LIBCMTD:frame.obj
 0001:00018440       ?_is_exception_typeof@@YAHABVtype_info@@PAU_EXCEPTION_POINTERS@@@Z 10019440 f   LIBCMTD:frame.obj
 0001:00018520       ___AdjustPointer           10019520 f   LIBCMTD:frame.obj
 0001:00018570       ___BuildCatchObject        10019570 f   LIBCMTD:frame.obj
 0001:00018680       ___BuildCatchObjectHelper  10019680 f   LIBCMTD:frame.obj
 0001:00018900       ___CxxDetectRethrow        10019900 f   LIBCMTD:frame.obj
 0001:00018980       ___CxxExceptionFilter      10019980 f   LIBCMTD:frame.obj
 0001:00018b80       ___CxxQueryExceptionSize   10019b80 f   LIBCMTD:frame.obj
 0001:00018b90       ___CxxRegisterExceptionObject 10019b90 f   LIBCMTD:frame.obj
 0001:00018cd0       ___CxxUnregisterExceptionObject 10019cd0 f   LIBCMTD:frame.obj
 0001:00018e50       ___FrameUnwindFilter       10019e50 f   LIBCMTD:frame.obj
 0001:00018ed0       ___FrameUnwindToState      10019ed0 f   LIBCMTD:frame.obj
 0001:00019050       ___InternalCxxFrameHandler 1001a050 f   LIBCMTD:frame.obj
 0001:000191c0       ___TypeMatch               1001a1c0 f   LIBCMTD:frame.obj
 0001:00019280       __cfltcvt                  1001a280 f   LIBCMTD:cvt.obj
 0001:000192b0       __cfltcvt_l                1001a2b0 f   LIBCMTD:cvt.obj
 0001:00019370       __cftoa                    1001a370 f   LIBCMTD:cvt.obj
 0001:000193a0       __cftoa_l                  1001a3a0 f   LIBCMTD:cvt.obj
 0001:00019c10       __cftoe                    1001ac10 f   LIBCMTD:cvt.obj
 0001:0001a050       __cftoe_l                  1001b050 f   LIBCMTD:cvt.obj
 0001:0001a280       __cftof                    1001b280 f   LIBCMTD:cvt.obj
 0001:0001a530       __cftof_l                  1001b530 f   LIBCMTD:cvt.obj
 0001:0001a730       __cftog                    1001b730 f   LIBCMTD:cvt.obj
 0001:0001a760       __cftog_l                  1001b760 f   LIBCMTD:cvt.obj
 0001:0001a9f0       __cropzeros                1001b9f0 f   LIBCMTD:cvt.obj
 0001:0001aa10       __cropzeros_l              1001ba10 f   LIBCMTD:cvt.obj
 0001:0001ab30       __fassign                  1001bb30 f   LIBCMTD:cvt.obj
 0001:0001ab50       __fassign_l                1001bb50 f   LIBCMTD:cvt.obj
 0001:0001aba0       __forcdecpt                1001bba0 f   LIBCMTD:cvt.obj
 0001:0001abc0       __forcdecpt_l              1001bbc0 f   LIBCMTD:cvt.obj
 0001:0001ac90       __positive                 1001bc90 f   LIBCMTD:cvt.obj
 0001:0001acf0       __setdefaultprecision      1001bcf0 f   LIBCMTD:fp8.obj
 0001:0001ad30       __initp_misc_cfltcvt_tab   1001bd30 f   LIBCMTD:cmiscdat.obj
 0001:0001ad70       __sse2_mathfcns_init       1001bd70 f   LIBCMTD:mathfcns.obj
 0001:0001ad90       __set_SSE2_enable          1001bd90 f   LIBCMTD:mathfcns.obj
 0001:0001ade0       __CIcos_pentium4           1001bde0 f   LIBCMTD:cos_pentium4.obj
 0001:0001adf8       __cos_pentium4             1001bdf8     LIBCMTD:cos_pentium4.obj
 0001:0001af90       __trandisp1                1001bf90 f   LIBCMTD:87disp.obj
 0001:0001aff7       __trandisp2                1001bff7 f   LIBCMTD:87disp.obj
 0001:0001b083       __rttospopde               1001c083     LIBCMTD:87disp.obj
 0001:0001b088       __rttospop                 1001c088     LIBCMTD:87disp.obj
 0001:0001b08a       __rtnospop                 1001c08a     LIBCMTD:87disp.obj
 0001:0001b08c       __rttosnpop                1001c08c     LIBCMTD:87disp.obj
 0001:0001b08d       __rtnospopde               1001c08d     LIBCMTD:87disp.obj
 0001:0001b094       __rtzeropop                1001c094     LIBCMTD:87disp.obj
 0001:0001b096       __rtzeronpop               1001c096     LIBCMTD:87disp.obj
 0001:0001b09b       __rtonepop                 1001c09b     LIBCMTD:87disp.obj
 0001:0001b09d       __rtonenpop                1001c09d     LIBCMTD:87disp.obj
 0001:0001b0a2       __tosnan1                  1001c0a2     LIBCMTD:87disp.obj
 0001:0001b0cd       __nosnan2                  1001c0cd     LIBCMTD:87disp.obj
 0001:0001b0cf       __tosnan2                  1001c0cf     LIBCMTD:87disp.obj
 0001:0001b0f7       __nan2                     1001c0f7     LIBCMTD:87disp.obj
 0001:0001b136       __rtindfpop                1001c136     LIBCMTD:87disp.obj
 0001:0001b138       __rtindfnpop               1001c138     LIBCMTD:87disp.obj
 0001:0001b149       __rttosnpopde              1001c149     LIBCMTD:87disp.obj
 0001:0001b153       __rtchsifneg               1001c153     LIBCMTD:87disp.obj
 0001:0001b160       __twoToTOS                 1001c160 f   LIBCMTD:common.obj
 0001:0001b175       __load_CW                  1001c175 f   LIBCMTD:common.obj
 0001:0001b18c       __convertTOStoQNaN         1001c18c f   LIBCMTD:common.obj
 0001:0001b1a5       __fload_withFB             1001c1a5 f   LIBCMTD:common.obj
 0001:0001b1e8       __checkTOS_withFB          1001c1e8 f   LIBCMTD:common.obj
 0001:0001b1fe       __fast_exit                1001c1fe f   LIBCMTD:common.obj
 0001:0001b20b       __math_exit                1001c20b f   LIBCMTD:common.obj
 0001:0001b235       __check_overflow_exit      1001c235 f   LIBCMTD:common.obj
 0001:0001b249       __check_range_exit         1001c249 f   LIBCMTD:common.obj
 0001:0001b2f0       __startTwoArgErrorHandling 1001c2f0 f   LIBCMTD:genexcep.obj
 0001:0001b307       __startOneArgErrorHandling 1001c307 f   LIBCMTD:genexcep.obj
 0001:0001b350       __CIsin_pentium4           1001c350 f   LIBCMTD:sin_pentium4.obj
 0001:0001b368       __sin_pentium4             1001c368     LIBCMTD:sin_pentium4.obj
 0001:0001b520       ?_invalid_parameter@@YAXPBG00II@Z 1001c520 f   LIBCMTD:invarg.obj
 0001:0001b550       ?_invoke_watson@@YAXPBG00II@Z 1001c550 f   LIBCMTD:invarg.obj
 0001:0001b570       __call_reportfault         1001c570 f   LIBCMTD:invarg.obj
 0001:0001b6d0       __get_invalid_parameter_handler 1001c6d0 f   LIBCMTD:invarg.obj
 0001:0001b700       __initp_misc_invarg        1001c700 f   LIBCMTD:invarg.obj
 0001:0001b710       __invalid_parameter        1001c710 f   LIBCMTD:invarg.obj
 0001:0001b770       __invoke_watson            1001c770 f   LIBCMTD:invarg.obj
 0001:0001b7b0       __set_invalid_parameter_handler 1001c7b0 f   LIBCMTD:invarg.obj
 0001:0001b7f0       __flsbuf                   1001c7f0 f   LIBCMTD:_flsbuf.obj
 0001:0001bac0       __vsnprintf                1001cac0 f   LIBCMTD:vsnprint.obj
 0001:0001bae0       __vsnprintf_l              1001cae0 f   LIBCMTD:vsnprint.obj
 0001:0001bcc0       __output_l                 1001ccc0 f   LIBCMTD:output.obj
 0001:0001d360       _get_int64_arg             1001e360 f i LIBCMTD:output.obj
 0001:0001d380       _get_int_arg               1001e380 f i LIBCMTD:output.obj
 0001:0001d3a0       _get_short_arg             1001e3a0 f i LIBCMTD:output.obj
 0001:0001d560       ___doserrno                1001e560 f   LIBCMTD:dosmap.obj
 0001:0001d590       __dosmaperr                1001e590 f   LIBCMTD:dosmap.obj
 0001:0001d5c0       __errno                    1001e5c0 f   LIBCMTD:dosmap.obj
 0001:0001d5f0       __get_doserrno             1001e5f0 f   LIBCMTD:dosmap.obj
 0001:0001d680       __get_errno                1001e680 f   LIBCMTD:dosmap.obj
 0001:0001d710       __get_errno_from_oserr     1001e710 f   LIBCMTD:dosmap.obj
 0001:0001d790       __set_doserrno             1001e790 f   LIBCMTD:dosmap.obj
 0001:0001d7c0       __set_errno                1001e7c0 f   LIBCMTD:dosmap.obj
 0001:0001d80c       __fFATN2                   1001e80c     LIBCMTD:87triga.obj
 0001:0001d85c       __rtpiby2                  1001e85c     LIBCMTD:87triga.obj
 0001:0001d8a0       __cintrindisp2             1001e8a0 f   LIBCMTD:87cdisp.obj
 0001:0001d8de       __cintrindisp1             1001e8de f   LIBCMTD:87cdisp.obj
 0001:0001d91b       __ctrandisp2               1001e91b f   LIBCMTD:87cdisp.obj
 0001:0001daaa       __ctrandisp1               1001eaaa f   LIBCMTD:87cdisp.obj
 0001:0001dadd       __fload                    1001eadd f   LIBCMTD:87cdisp.obj
 0001:0001db20       __CIexp_pentium4           1001eb20 f   LIBCMTD:exp_pentium4.obj
 0001:0001db38       __exp_pentium4             1001eb38     LIBCMTD:exp_pentium4.obj
 0001:0001ddf1       __fFEXP                    1001edf1     LIBCMTD:87tran.obj
 0001:0001de48       __rtinfpopse               1001ee48     LIBCMTD:87tran.obj
 0001:0001de4a       __rtinfnpopse              1001ee4a     LIBCMTD:87tran.obj
 0001:0001de5a       __fFLN                     1001ee5a     LIBCMTD:87tran.obj
 0001:0001df0f       __rtinfpop                 1001ef0f     LIBCMTD:87tran.obj
 0001:0001df11       __rtinfnpop                1001ef11     LIBCMTD:87tran.obj
 0001:0001df2e       __ffexpm1                  1001ef2e     LIBCMTD:87tran.obj
 0001:0001dfe0       __errcode                  1001efe0 f   LIBCMTD:fpexcept.obj
 0001:0001e050       __except1                  1001f050 f   LIBCMTD:fpexcept.obj
 0001:0001e150       __except2                  1001f150 f   LIBCMTD:fpexcept.obj
 0001:0001e2a0       __handle_exc               1001f2a0 f   LIBCMTD:fpexcept.obj
 0001:0001e5c0       __handle_qnan1             1001f5c0 f   LIBCMTD:fpexcept.obj
 0001:0001e620       __handle_qnan2             1001f620 f   LIBCMTD:fpexcept.obj
 0001:0001e690       __raise_exc                1001f690 f   LIBCMTD:fpexcept.obj
 0001:0001e6c0       __raise_exc_ex             1001f6c0 f   LIBCMTD:fpexcept.obj
 0001:0001ec30       __raise_excf               1001fc30 f   LIBCMTD:fpexcept.obj
 0001:0001ec60       __set_errno_from_matherr   1001fc60 f   LIBCMTD:fpexcept.obj
 0001:0001eca0       __umatherr                 1001fca0 f   LIBCMTD:fpexcept.obj
 0001:0001ed40       __add_exp                  1001fd40 f   LIBCMTD:util.obj
 0001:0001ed70       __decomp                   1001fd70 f   LIBCMTD:util.obj
 0001:0001ee90       __get_exp                  1001fe90 f   LIBCMTD:util.obj
 0001:0001eec0       __set_bexp                 1001fec0 f   LIBCMTD:util.obj
 0001:0001eef0       __set_exp                  1001fef0 f   LIBCMTD:util.obj
 0001:0001ef30       __sptype                   1001ff30 f   LIBCMTD:util.obj
 0001:0001efb0       ___clrfp_sse2              1001ffb0 f   LIBCMTD:fpctrl.obj
 0001:0001eff0       ___ctrlfp_sse2             1001fff0 f   LIBCMTD:fpctrl.obj
 0001:0001f050       ___fclrf_sse2              10020050 f   LIBCMTD:fpctrl.obj
 0001:0001f070       ___get_fpsr_sse2           10020070 f   LIBCMTD:fpctrl.obj
 0001:0001f0a0       ___set_fpsr_sse2           100200a0 f   LIBCMTD:fpctrl.obj
 0001:0001f180       ___set_statfp_sse2         10020180 f   LIBCMTD:fpctrl.obj
 0001:0001f1b0       ___statfp_sse2             100201b0 f   LIBCMTD:fpctrl.obj
 0001:0001f1e0       __clrfp                    100201e0 f   LIBCMTD:fpctrl.obj
 0001:0001f200       __ctrlfp                   10020200 f   LIBCMTD:fpctrl.obj
 0001:0001f230       __set_statfp               10020230 f   LIBCMTD:fpctrl.obj
 0001:0001f2a0       __statfp                   100202a0 f   LIBCMTD:fpctrl.obj
 0001:0001f2b0       __CIlog_pentium4           100202b0 f   LIBCMTD:log_pentium4.obj
 0001:0001f2c8       __log_pentium4             100202c8     LIBCMTD:log_pentium4.obj
 0001:0001f520       ?_Name_base@type_info@@CAPBDPBV1@PAU__type_info_node@@@Z 10020520 f   LIBCMTD:typname.obj
 0001:0001f6d0       ?_Name_base_internal@type_info@@CAPBDPBV1@PAU__type_info_node@@@Z 100206d0 f   LIBCMTD:typname.obj
 0001:0001f890       ?_Type_info_dtor@type_info@@CAXPAV1@@Z 10020890 f   LIBCMTD:typname.obj
 0001:0001f9a0       ?_Type_info_dtor_internal@type_info@@CAXPAV1@@Z 100209a0 f   LIBCMTD:typname.obj
 0001:0001fab0       ___clean_type_info_names_internal 10020ab0 f   LIBCMTD:typname.obj
 0001:0001fb60       ___unDNameHelper           10020b60 f   LIBCMTD:typname.obj
 0001:0001fba0       __CrtDefaultAllocHook      10020ba0 f   LIBCMTD:dbghook.obj
 0001:0001fbb0       __crt_debugger_hook        10020bb0 f   LIBCMTD:dbghook.obj
 0001:0001fc10       ___crtCloseThreadpoolTimer 10020c10 f   LIBCMTD:winapisupp.obj
 0001:0001fc40       ___crtCloseThreadpoolWait  10020c40 f   LIBCMTD:winapisupp.obj
 0001:0001fc70       ___crtCreateSemaphoreExW@24 10020c70 f   LIBCMTD:winapisupp.obj
 0001:0001fcd0       ___crtCreateSymbolicLinkW  10020cd0 f   LIBCMTD:winapisupp.obj
 0001:0001fd10       ___crtCreateThreadpoolTimer 10020d10 f   LIBCMTD:winapisupp.obj
 0001:0001fd50       ___crtCreateThreadpoolWait 10020d50 f   LIBCMTD:winapisupp.obj
 0001:0001fd90       ___crtFlsAlloc             10020d90 f   LIBCMTD:winapisupp.obj
 0001:0001fdc0       ___crtFlsFree              10020dc0 f   LIBCMTD:winapisupp.obj
 0001:0001fe00       ___crtFlsGetValue          10020e00 f   LIBCMTD:winapisupp.obj
 0001:0001fe40       ___crtFlsSetValue          10020e40 f   LIBCMTD:winapisupp.obj
 0001:0001fe80       ___crtFlushProcessWriteBuffers 10020e80 f   LIBCMTD:winapisupp.obj
 0001:0001feb0       ___crtFreeLibraryWhenCallbackReturns 10020eb0 f   LIBCMTD:winapisupp.obj
 0001:0001fee0       ___crtGetCurrentProcessorNumber 10020ee0 f   LIBCMTD:winapisupp.obj
 0001:0001ff10       ___crtGetLogicalProcessorInformation 10020f10 f   LIBCMTD:winapisupp.obj
 0001:0001ff50       ___crtGetShowWindowMode    10020f50 f   LIBCMTD:winapisupp.obj
 0001:0001ff80       ___crtInitializeCriticalSectionEx 10020f80 f   LIBCMTD:winapisupp.obj
 0001:0001ffd0       ___crtIsPackagedApp        10020fd0 f   LIBCMTD:winapisupp.obj
 0001:00020010       ___crtLoadWinApiPointers   10021010 f   LIBCMTD:winapisupp.obj
 0001:00020420       ___crtSetThreadStackGuarantee 10021420 f   LIBCMTD:winapisupp.obj
 0001:00020450       ___crtSetThreadpoolTimer   10021450 f   LIBCMTD:winapisupp.obj
 0001:00020490       ___crtSetThreadpoolWait    10021490 f   LIBCMTD:winapisupp.obj
 0001:000204c0       ___crtSetUnhandledExceptionFilter 100214c0 f   LIBCMTD:winapisupp.obj
 0001:000204d0       ___crtTerminateProcess     100214d0 f   LIBCMTD:winapisupp.obj
 0001:000204f0       ___crtUnhandledException   100214f0 f   LIBCMTD:winapisupp.obj
 0001:00020510       ___crtWaitForThreadpoolTimerCallbacks 10021510 f   LIBCMTD:winapisupp.obj
 0001:00020540       __fileno                   10021540 f   LIBCMTD:fileno.obj
 0001:000205d0       __close                    100215d0 f   LIBCMTD:close.obj
 0001:00020800       __close_nolock             10021800 f   LIBCMTD:close.obj
 0001:000208e0       __freebuf                  100218e0 f   LIBCMTD:_freebuf.obj
 0001:00020970       __fflush_nolock            10021970 f   LIBCMTD:fflush.obj
 0001:000209e0       __flush                    100219e0 f   LIBCMTD:fflush.obj
 0001:00020aa0       __flushall                 10021aa0 f   LIBCMTD:fflush.obj
 0001:00020ab0       _fflush                    10021ab0 f   LIBCMTD:fflush.obj
 0001:00020cf0       __getstream                10021cf0 f   LIBCMTD:stream.obj
 0001:00020f20       __openfile                 10021f20 f   LIBCMTD:_open.obj
 0001:00021720       __local_unwind4            10022720 f   LIBCMTD:exsup4.obj
 0001:000217f6       __seh_longjmp_unwind4@4    100227f6 f   LIBCMTD:exsup4.obj
 0001:00021812       @_EH4_CallFilterFunc@8     10022812 f   LIBCMTD:exsup4.obj
 0001:00021829       @_EH4_TransferToHandler@8  10022829 f   LIBCMTD:exsup4.obj
 0001:00021842       @_EH4_GlobalUnwind2@8      10022842 f   LIBCMTD:exsup4.obj
 0001:0002185b       @_EH4_LocalUnwind@16       1002285b f   LIBCMTD:exsup4.obj
 0001:00021880       __filbuf                   10022880 f   LIBCMTD:_filbuf.obj
 0001:00021af0       _memcpy_s                  10022af0 f   LIBCMTD:memcpy_s.obj
 0001:00021cc0       __read                     10022cc0 f   LIBCMTD:read.obj
 0001:00021f90       __read_nolock              10022f90 f   LIBCMTD:read.obj
 0001:000231d0       _memcpy                    100241d0 f   LIBCMTD:memcpy.obj
 0001:00023820       __write                    10024820 f   LIBCMTD:write.obj
 0001:00023a70       __write_nolock             10024a70 f   LIBCMTD:write.obj
 0001:00024800       __FF_MSGBANNER             10025800 f   LIBCMTD:crt0msg.obj
 0001:00024850       __GET_RTERRMSG             10025850 f   LIBCMTD:crt0msg.obj
 0001:00024890       __NMSG_WRITE               10025890 f   LIBCMTD:crt0msg.obj
 0001:00024c50       __set_abort_behavior       10025c50 f   LIBCMTD:abort.obj
 0001:00024c80       _abort                     10025c80 f   LIBCMTD:abort.obj
 0001:00024cf0       ___getlocaleinfo           10025cf0 f   LIBCMTD:inithelp.obj
 0001:00024ff0       __initp_misc_purevirt      10025ff0 f   LIBCMTD:inithelp.obj
 0001:00025000       ___libm_error_support      10026000 f   LIBCMTD:libm_error.obj
 0001:00025bd0       ___libm_setusermatherr     10026bd0 f   LIBCMTD:libm_error.obj
 0001:00025c00       __ceil_default             10026c00 f   LIBCMTD:ceil.obj
 0001:00025d40       __XcptFilter               10026d40 f   LIBCMTD:winxfltr.obj
 0001:00025f40       ___CppXcptFilter           10026f40 f   LIBCMTD:winxfltr.obj
 0001:00025fd0       __get_heap_handle          10026fd0 f   LIBCMTD:heapinit.obj
 0001:00026010       __heap_init                10027010 f   LIBCMTD:heapinit.obj
 0001:00026040       __heap_term                10027040 f   LIBCMTD:heapinit.obj
 0001:00026050       __ioinit                   10027050 f   LIBCMTD:ioinit.obj
 0001:00026530       __ioterm                   10027530 f   LIBCMTD:ioinit.obj
 0001:000265d0       __set_pgmptr               100275d0 f i LIBCMTD:stdargv.obj
 0001:000265e0       __setargv                  100275e0 f   LIBCMTD:stdargv.obj
 0001:00026ab0       __setenvp                  10027ab0 f   LIBCMTD:stdenvp.obj
 0001:00026c50       ___security_init_cookie    10027c50 f   LIBCMTD:gs_support.obj
 0001:00026d30       _DllMain@12                10027d30 f   LIBCMTD:dllmain.obj
 0001:00026d40       ___crtGetEnvironmentStringsA 10027d40 f   LIBCMTD:a_env.obj
 0001:00026e40       __RTC_Initialize           10027e40 f   LIBCMTD:initsect.obj
 0001:00026e70       __RTC_Terminate            10027e70 f   LIBCMTD:initsect.obj
 0001:00026ea0       __CIasin_pentium4          10027ea0 f   LIBCMTD:asin_pentium4.obj
 0001:00026eb8       __asin_pentium4            10027eb8     LIBCMTD:asin_pentium4.obj
 0001:00027420       __CIacos_pentium4          10028420 f   LIBCMTD:acos_pentium4.obj
 0001:00027438       __acos_pentium4            10028438     LIBCMTD:acos_pentium4.obj
 0001:00027980       __CItan_pentium4           10028980 f   LIBCMTD:tan_pentium4.obj
 0001:00027998       __tan_pentium4             10028998     LIBCMTD:tan_pentium4.obj
 0001:00027be0       __FindPESection            10028be0 f   LIBCMTD:pesect.obj
 0001:00027c60       __IsNonwritableInCurrentImage 10028c60 f   LIBCMTD:pesect.obj
 0001:00027d90       __ValidateImageBase        10028d90 f   LIBCMTD:pesect.obj
 0001:00027df0       ___onexitinit              10028df0 f   LIBCMTD:onexit.obj
 0001:00027e50       __onexit                   10028e50 f   LIBCMTD:onexit.obj
 0001:00028010       _atexit                    10029010 f   LIBCMTD:onexit.obj
 0001:00028040       __initp_misc_rand_s        10029040 f   LIBCMTD:rand_s.obj
 0001:00028050       _rand_s                    10029050 f   LIBCMTD:rand_s.obj
 0001:000282c0       ___fpecode                 100292c0 f   LIBCMTD:winsig.obj
 0001:000282d0       ___get_sigabrt             100292d0 f   LIBCMTD:winsig.obj
 0001:000282f0       ___pxcptinfoptrs           100292f0 f   LIBCMTD:winsig.obj
 0001:00028300       __initp_misc_winsig        10029300 f   LIBCMTD:winsig.obj
 0001:00028420       _raise                     10029420 f   LIBCMTD:winsig.obj
 0001:00028790       _signal                    10029790 f   LIBCMTD:winsig.obj
 0001:00028b40       ___initmbctable            10029b40 f   LIBCMTD:mbctype.obj
 0001:00029160       ___updatetmbcinfo          1002a160 f   LIBCMTD:mbctype.obj
 0001:00029270       __getmbcp                  1002a270 f   LIBCMTD:mbctype.obj
 0001:000292e0       __setmbcp                  1002a2e0 f   LIBCMTD:mbctype.obj
 0001:00029580       __setmbcp_nolock           1002a580 f   LIBCMTD:mbctype.obj
 0001:00029900       __ftbuf                    1002a900 f   LIBCMTD:_sftbuf.obj
 0001:00029990       __stbuf                    1002a990 f   LIBCMTD:_sftbuf.obj
 0001:00029b00       __vfprintf_l               1002ab00 f   LIBCMTD:vfprintf.obj
 0001:00029b30       __vfprintf_p               1002ab30 f   LIBCMTD:vfprintf.obj
 0001:00029b50       __vfprintf_p_l             1002ab50 f   LIBCMTD:vfprintf.obj
 0001:00029b80       __vfprintf_s_l             1002ab80 f   LIBCMTD:vfprintf.obj
 0001:00029bb0       _vfprintf                  1002abb0 f   LIBCMTD:vfprintf.obj
 0001:00029bd0       _vfprintf_helper           1002abd0 f   LIBCMTD:vfprintf.obj
 0001:00029ea0       _vfprintf_s                1002aea0 f   LIBCMTD:vfprintf.obj
 0001:00029ec0       __fcloseall                1002aec0 f   LIBCMTD:closeall.obj
 0001:00029ff0       __output_p_l               1002aff0 f   LIBCMTD:outputp.obj
 0001:0002dde0       __validate_param_reuseA    1002ede0 f   LIBCMTD:outputp.obj
 0001:0002e0d0       _get_crtdouble_arg         1002f0d0 f i LIBCMTD:outputp.obj
 0001:0002e290       _free                      1002f290 f   LIBCMTD:dbgfree.obj
 0001:0002e2b0       _strcpy_s                  1002f2b0 f   LIBCMTD:strcpy_s.obj
 0001:0002e5b0       _strlen                    1002f5b0 f   LIBCMTD:strlen.obj
 0001:0002e640       _wcscpy_s                  1002f640 f   LIBCMTD:wcscpy_s.obj
 0001:0002e950       _wcslen                    1002f950 f   LIBCMTD:wcslen.obj
 0001:0002e990       ___swprintf_l              1002f990 f   LIBCMTD:swprintf.obj
 0001:0002e9c0       __scwprintf                1002f9c0 f   LIBCMTD:swprintf.obj
 0001:0002e9e0       __scwprintf_l              1002f9e0 f   LIBCMTD:swprintf.obj
 0001:0002ea10       __scwprintf_p              1002fa10 f   LIBCMTD:swprintf.obj
 0001:0002ea30       __scwprintf_p_l            1002fa30 f   LIBCMTD:swprintf.obj
 0001:0002ea60       __snwprintf_s              1002fa60 f   LIBCMTD:swprintf.obj
 0001:0002ea90       __snwprintf_s_l            1002fa90 f   LIBCMTD:swprintf.obj
 0001:0002eac0       __swprintf                 1002fac0 f   LIBCMTD:swprintf.obj
 0001:0002ece0       __swprintf_p               1002fce0 f   LIBCMTD:swprintf.obj
 0001:0002ed10       __swprintf_p_l             1002fd10 f   LIBCMTD:swprintf.obj
 0001:0002ed40       __swprintf_s_l             1002fd40 f   LIBCMTD:swprintf.obj
 0001:0002ed70       _swprintf_s                1002fd70 f   LIBCMTD:swprintf.obj
 0001:0002eda0       ___crtMessageBoxW          1002fda0 f   LIBCMTD:crtmboxw.obj
 0001:0002f0b0       ___crtMessageBoxWaitThreadW@4 100300b0 f   LIBCMTD:crtmboxw.obj
 0001:0002f0f0       __CrtDbgBreak              100300f0 f   LIBCMTD:dbgrptt.obj
 0001:0002f100       __CrtGetReportHook         10030100 f   LIBCMTD:dbgrptt.obj
 0001:0002f110       __CrtSetReportFile         10030110 f   LIBCMTD:dbgrptt.obj
 0001:0002f210       __CrtSetReportHook         10030210 f   LIBCMTD:dbgrptt.obj
 0001:0002f230       __CrtSetReportMode         10030230 f   LIBCMTD:dbgrptt.obj
 0001:0002f370       __VCrtDbgReportA           10030370 f   LIBCMTD:dbgrptt.obj
 0001:0002fbe0       __VCrtDbgReportW           10030be0 f   LIBCMTD:dbgrptt.obj
 0001:00030550       __alloca_probe             10031550     LIBCMTD:chkstk.obj
 0001:00030550       __chkstk                   10031550 f   LIBCMTD:chkstk.obj
 0001:00030580       ___addlocaleref            10031580 f   LIBCMTD:localref.obj
 0001:000306a0       ___freetlocinfo            100316a0 f   LIBCMTD:localref.obj
 0001:00030990       ___removelocaleref         10031990 f   LIBCMTD:localref.obj
 0001:00030ab0       ___updatetlocinfo          10031ab0 f   LIBCMTD:localref.obj
 0001:00030b80       __updatetlocinfoEx_nolock  10031b80 f   LIBCMTD:localref.obj
 0001:00030c00       __chvalidator              10031c00 f   LIBCMTD:isctype.obj
 0001:00030c50       __chvalidator_l            10031c50 f   LIBCMTD:isctype.obj
 0001:00030d10       __isctype                  10031d10 f   LIBCMTD:isctype.obj
 0001:00030d50       __isctype_l                10031d50 f   LIBCMTD:isctype.obj
 0001:00030ea0       __free_base                10031ea0 f   LIBCMTD:free.obj
 0001:00030ef0       __realloc_base             10031ef0 f   LIBCMTD:realloc.obj
 0001:00030ff0       __expand_base              10031ff0 f   LIBCMTD:expand.obj
 0001:00031160       __CrtDbgReport             10032160 f   LIBCMTD:dbgrpt.obj
 0001:000311b0       __CrtDbgReportV            100321b0 f i LIBCMTD:dbgrpt.obj
 0001:000311e0       __CrtSetReportHook2        100321e0 f   LIBCMTD:dbgrpt.obj
 0001:00031530       ___crtMessageWindowA       10032530 f   LIBCMTD:dbgrpt.obj
 0001:000319d0       __heapchk                  100329d0 f   LIBCMTD:heapchk.obj
 0001:00031a00       __heapset                  10032a00 f   LIBCMTD:heapchk.obj
 0001:00031a10       __scprintf                 10032a10 f   LIBCMTD:sprintf.obj
 0001:00031a30       __scprintf_l               10032a30 f   LIBCMTD:sprintf.obj
 0001:00031a60       __scprintf_p               10032a60 f   LIBCMTD:sprintf.obj
 0001:00031a80       __scprintf_p_l             10032a80 f   LIBCMTD:sprintf.obj
 0001:00031ab0       __snprintf_s               10032ab0 f   LIBCMTD:sprintf.obj
 0001:00031ae0       __snprintf_s_l             10032ae0 f   LIBCMTD:sprintf.obj
 0001:00031b10       __sprintf_l                10032b10 f   LIBCMTD:sprintf.obj
 0001:00031b40       __sprintf_p                10032b40 f   LIBCMTD:sprintf.obj
 0001:00031b70       __sprintf_p_l              10032b70 f   LIBCMTD:sprintf.obj
 0001:00031ba0       __sprintf_s_l              10032ba0 f   LIBCMTD:sprintf.obj
 0001:00031bd0       _sprintf                   10032bd0 f   LIBCMTD:sprintf.obj
 0001:00031d90       _sprintf_s                 10032d90 f   LIBCMTD:sprintf.obj
 0001:00031dc0       __heap_alloc_base          10032dc0 f i LIBCMTD:malloc.obj
 0001:00031e20       __malloc_base              10032e20 f   LIBCMTD:malloc.obj
 0001:000322e0       ?_RTC_GetSrcLine@@YAHPAEPA_WKPAH1K@Z 100332e0 f   LIBCMTD:pdblkup.obj
 0001:00032590       __global_unwind2           10033590 f   LIBCMTD:exsup.obj
 0001:000325f5       __local_unwind2            100335f5 f   LIBCMTD:exsup.obj
 0001:00032679       __abnormal_termination     10033679 f   LIBCMTD:exsup.obj
 0001:0003269c       __NLG_Notify1              1003369c f   LIBCMTD:exsup.obj
 0001:000326a5       __NLG_Notify               100336a5 f   LIBCMTD:exsup.obj
 0001:000326bc       __NLG_Dispatch2            100336bc     LIBCMTD:exsup.obj
 0001:000326bc       __NLG_Dispatch             100336bc     LIBCMTD:exsup.obj
 0001:000326c4       __NLG_Call                 100336c4 f   LIBCMTD:exsup.obj
 0001:000326c6       __NLG_Return2              100336c6     LIBCMTD:exsup.obj
 0001:000326d0       _memmove                   100336d0 f   LIBCMTD:memmove.obj
 0001:00032d20       ?_ValidateExecute@@YAHP6GHXZ@Z 10033d20 f   LIBCMTD:validate.obj
 0001:00032d40       ?_ValidateRead@@YAHPBXI@Z  10033d40 f   LIBCMTD:validate.obj
 0001:00032d60       ?_ValidateWrite@@YAHPAXI@Z 10033d60 f   LIBCMTD:validate.obj
 0001:00032d80       ___isascii                 10033d80 f i LIBCMTD:_ctype.obj
 0001:00032db0       ___iscsym                  10033db0 f i LIBCMTD:_ctype.obj
 0001:00032df0       ___iscsymf                 10033df0 f i LIBCMTD:_ctype.obj
 0001:00032e30       ___toascii                 10033e30 f i LIBCMTD:_ctype.obj
 0001:00032e40       __isalnum_l                10033e40 f i LIBCMTD:_ctype.obj
 0001:00032ec0       __isalpha_l                10033ec0 f i LIBCMTD:_ctype.obj
 0001:00032f40       __iscntrl_l                10033f40 f i LIBCMTD:_ctype.obj
 0001:00032fc0       __iscsym_l                 10033fc0 f i LIBCMTD:_ctype.obj
 0001:00033000       __iscsymf_l                10034000 f i LIBCMTD:_ctype.obj
 0001:00033040       __isdigit_l                10034040 f i LIBCMTD:_ctype.obj
 0001:000330c0       __isgraph_l                100340c0 f i LIBCMTD:_ctype.obj
 0001:00033140       __islower_l                10034140 f i LIBCMTD:_ctype.obj
 0001:000331c0       __isprint_l                100341c0 f i LIBCMTD:_ctype.obj
 0001:00033240       __ispunct_l                10034240 f i LIBCMTD:_ctype.obj
 0001:000332c0       __isspace_l                100342c0 f i LIBCMTD:_ctype.obj
 0001:00033340       __isupper_l                10034340 f i LIBCMTD:_ctype.obj
 0001:000333c0       __isxdigit_l               100343c0 f i LIBCMTD:_ctype.obj
 0001:00033440       _isalnum                   10034440 f i LIBCMTD:_ctype.obj
 0001:00033480       _isalpha                   10034480 f i LIBCMTD:_ctype.obj
 0001:000334c0       _iscntrl                   100344c0 f i LIBCMTD:_ctype.obj
 0001:000334f0       _isdigit                   100344f0 f i LIBCMTD:_ctype.obj
 0001:00033520       _isgraph                   10034520 f i LIBCMTD:_ctype.obj
 0001:00033560       _islower                   10034560 f i LIBCMTD:_ctype.obj
 0001:00033590       _isprint                   10034590 f i LIBCMTD:_ctype.obj
 0001:000335d0       _ispunct                   100345d0 f i LIBCMTD:_ctype.obj
 0001:00033600       _isspace                   10034600 f i LIBCMTD:_ctype.obj
 0001:00033630       _isupper                   10034630 f i LIBCMTD:_ctype.obj
[...]
 0002:0000ad08       ALPHA                      1006dd08     LIBCMTD:acos_pentium4.obj
 0002:0000ad10       Ctable                     1006dd10     LIBCMTD:tan_pentium4.obj
 0002:0000c310       PI32INV                    1006f310     LIBCMTD:tan_pentium4.obj
 0002:0000c320       SHIFTER                    1006f320     LIBCMTD:tan_pentium4.obj
 0002:0000c330       P_1                        1006f330     LIBCMTD:tan_pentium4.obj
 0002:0000c340       P_2                        1006f340     LIBCMTD:tan_pentium4.obj
 0002:0000c350       P_3                        1006f350     LIBCMTD:tan_pentium4.obj
 0002:0000c360       QQ_2                       1006f360     LIBCMTD:tan_pentium4.obj
 0002:0000c368       ONE                        1006f368     LIBCMTD:tan_pentium4.obj
 0002:0000c370       MASK_35                    1006f370     LIBCMTD:tan_pentium4.obj
 0002:0000c380       sign_mask                  1006f380     LIBCMTD:tan_pentium4.obj
 0002:0000c388       TWO_POW_55                 1006f388     LIBCMTD:tan_pentium4.obj
 0002:0000c390       TWO_POW_M55                1006f390     LIBCMTD:tan_pentium4.obj
 0002:0000c398       TWO_POW_M53                1006f398     LIBCMTD:tan_pentium4.obj
 0002:0000c3a0       INF                        1006f3a0     LIBCMTD:tan_pentium4.obj
 0002:0000c604       __mb_locale_names          1006f604     LIBCMTD:mbctype.obj
 0002:0000e3b4       __CrtDbgModeMsg            100713b4     LIBCMTD:dbgrpt.obj
 0002:0000e8d8       _mspdbName                 100718d8     LIBCMTD:pdblkup.obj
 0002:0000e8f4       _msvcrdFilename            100718f4     LIBCMTD:pdblkup.obj
 0002:0000e9c8       ?dllExt@?1??GetPdbDllPathFromFilePath@@YAHPB_WPA_WI@Z@4QB_WB 100719c8     LIBCMTD:pdblkup.obj
 0002:0000e9d0       ?mspdbFilename@?1??GetPdbDllPathFromFilePath@@YAHPB_WPA_WI@Z@4QB_WB 100719d0     LIBCMTD:pdblkup.obj
 0002:0000f078       _tokenTable                10072078     LIBCMTD:undname.obj
 0002:0000f0ac       _rttiTable                 100720ac     LIBCMTD:undname.obj
 0002:0000f0c0       _nameTable                 100720c0     LIBCMTD:undname.obj
 0002:00013108       __first_127char            10076108     LIBCMTD:wsetloca.obj
 0002:00017278       __RTC_InitBase.rtc$IMZ     1007a278     bt.obj
 0002:0001727c       __RTC_InitBase.rtc$IMZ     1007a27c     cardata.obj
 0002:00017280       __RTC_InitBase.rtc$IMZ     1007a280     driver.obj
 0002:00017284       __RTC_InitBase.rtc$IMZ     1007a284     learn.obj
 0002:00017288       __RTC_InitBase.rtc$IMZ     1007a288     opponent.obj
 0002:0001728c       __RTC_InitBase.rtc$IMZ     1007a28c     pit.obj
 0002:00017290       __RTC_InitBase.rtc$IMZ     1007a290     spline.obj
 0002:00017294       __RTC_InitBase.rtc$IMZ     1007a294     strategy.obj
 0002:000172a0       __RTC_Shutdown.rtc$TMZ     1007a2a0     bt.obj
 0002:000172a4       __RTC_Shutdown.rtc$TMZ     1007a2a4     cardata.obj
 0002:000172a8       __RTC_Shutdown.rtc$TMZ     1007a2a8     driver.obj
 0002:000172ac       __RTC_Shutdown.rtc$TMZ     1007a2ac     learn.obj
 0002:000172b0       __RTC_Shutdown.rtc$TMZ     1007a2b0     opponent.obj
 0002:000172b4       __RTC_Shutdown.rtc$TMZ     1007a2b4     pit.obj
 0002:000172b8       __RTC_Shutdown.rtc$TMZ     1007a2b8     spline.obj
 0002:000172bc       __RTC_Shutdown.rtc$TMZ     1007a2bc     strategy.obj
 0002:000172c8       __unwindtable$?InitFuncPt@@YAHHPAX@Z 1007a2c8     bt.obj
 0002:000172d0       __ehfuncinfo$?InitFuncPt@@YAHHPAX@Z 1007a2d0     bt.obj
 0002:000172f4       __unwindtable$?initTrack@Driver@@QAEXPAUtTrack@@PAXPAPAXPAUSituation@@@Z 1007a2f4     driver.obj
 0002:000172fc       __unwindtable$?newRace@Driver@@QAEXPAUCarElt@@PAUSituation@@@Z 1007a2fc     driver.obj
 0002:0001731c       __ehfuncinfo$?newRace@Driver@@QAEXPAUCarElt@@PAUSituation@@@Z 1007a31c     driver.obj
 0002:00017340       __ehfuncinfo$?initTrack@Driver@@QAEXPAUtTrack@@PAXPAPAXPAUSituation@@@Z 1007a340     driver.obj
 0002:00017364       __unwindtable$??0Opponents@@QAE@PAUSituation@@PAVDriver@@PAVCardata@@@Z 1007a364     opponent.obj
 0002:0001736c       __ehfuncinfo$??0Opponents@@QAE@PAUSituation@@PAVDriver@@PAVCardata@@@Z 1007a36c     opponent.obj
 0002:00017390       __unwindtable$??0Pit@@QAE@PAUSituation@@PAVDriver@@@Z 1007a390     pit.obj
 0002:00017398       __ehfuncinfo$??0Pit@@QAE@PAUSituation@@PAVDriver@@@Z 1007a398     pit.obj
 0002:00017410       __sehtable$??3@YAXPAX@Z    1007a410     LIBCMTD:dbgdel.obj
 0002:00017430       __sehtable$_fclose         1007a430     LIBCMTD:fclose.obj
 0002:00017450       __sehtable$__fsopen        1007a450     LIBCMTD:fopen.obj
 0002:00017470       __sehtable$_fread_s        1007a470     LIBCMTD:fread.obj
 0002:00017490       __sehtable$_fwrite         1007a490     LIBCMTD:fwrite.obj
 0002:000174b0       __sehtable$__CRT_INIT@12   1007a4b0     LIBCMTD:dllcrt0.obj
 0002:000174d0       __sehtable$___DllMainCRTStartup 1007a4d0     LIBCMTD:dllcrt0.obj
 0002:000174f0       __sehtable$_doexit         1007a4f0     LIBCMTD:crt0dat.obj
 0002:00017510       __sehtable$_fprintf        1007a510     LIBCMTD:fprintf.obj
 0002:00017530       __sehtable$__mtinitlocknum 1007a530     LIBCMTD:mlock.obj
 0002:00017550       __sehtable$__CrtSetReportHookW2 1007a550     LIBCMTD:dbgrptw.obj
 0002:00017570       __sehtable$__realloc_dbg   1007a570     LIBCMTD:dbgheap.obj
 0002:00017590       __sehtable$__expand_dbg    1007a590     LIBCMTD:dbgheap.obj
 0002:000175b0       __sehtable$__free_dbg      1007a5b0     LIBCMTD:dbgheap.obj
 0002:000175d0       __sehtable$__msize_dbg     1007a5d0     LIBCMTD:dbgheap.obj
 0002:000175f0       __sehtable$__CrtCheckMemory 1007a5f0     LIBCMTD:dbgheap.obj
 0002:00017610       __sehtable$__CrtSetDbgFlag 1007a610     LIBCMTD:dbgheap.obj
 0002:00017630       __sehtable$__CrtDoForAllClientObjects 1007a630     LIBCMTD:dbgheap.obj
 0002:00017650       __sehtable$__CrtIsMemoryBlock 1007a650     LIBCMTD:dbgheap.obj
 0002:00017670       __sehtable$__CrtMemCheckpoint 1007a670     LIBCMTD:dbgheap.obj
 0002:00017690       __sehtable$__CrtSetDbgBlockType 1007a690     LIBCMTD:dbgheap.obj
 0002:000176b0       __sehtable$__heap_alloc_dbg_impl 1007a6b0     LIBCMTD:dbgheap.obj
 0002:000176d0       __sehtable$?__crtIsBadReadPtr@@YAHPBXI@Z 1007a6d0     LIBCMTD:dbgheap.obj
 0002:000176f0       __sehtable$?_CrtMemDumpAllObjectsSince_stat@@YAXPBU_CrtMemState@@PAUlocaleinfo_struct@@@Z 1007a6f0     LIBCMTD:dbgheap.obj
 0002:00017710       __sehtable$?DebuggerProbe@@YAHK@Z 1007a710     LIBCMTD:error.obj
 0002:00017730       __sehtable$?DebuggerRuntime@@YAHKHPAXPB_W@Z 1007a730     LIBCMTD:error.obj
 0002:00017750       __sehtable$__freefls@4     1007a750     LIBCMTD:tidtable.obj
 0002:00017778       __sehtable$__initptd       1007a778     LIBCMTD:tidtable.obj
 0002:000177a0       __sehtable$?terminate@@YAXXZ 1007a7a0     LIBCMTD:hooks.obj
 0002:000177c0       __sehtable$?_inconsistency@@YAXXZ 1007a7c0     LIBCMTD:hooks.obj
 0002:000177e0       __sehtable$___FrameUnwindToState 1007a7e0     LIBCMTD:frame.obj
 0002:00017808       __sehtable$?CallCatchBlock@@YAPAXPAUEHExceptionRecord@@PAUEHRegistrationNode@@PAU_CONTEXT@@PBU_s_FuncInfo@@PAXHK@Z 1007a808     LIBCMTD:frame.obj
 0002:00017830       __sehtable$___BuildCatchObject 1007a830     LIBCMTD:frame.obj
 0002:00017850       __sehtable$___DestructExceptionObject 1007a850     LIBCMTD:frame.obj
 0002:0001786c       __catchsym$?CallUnexpected@@YAXPBU_s_ESTypeList@@@Z$2 1007a86c     LIBCMTD:frame.obj
 0002:0001787c       __unwindtable$?CallUnexpected@@YAXPBU_s_ESTypeList@@@Z 1007a87c     LIBCMTD:frame.obj
 0002:0001788c       __tryblocktable$?CallUnexpected@@YAXPBU_s_ESTypeList@@@Z 1007a88c     LIBCMTD:frame.obj
 0002:000178a0       __ehfuncinfo$?CallUnexpected@@YAXPBU_s_ESTypeList@@@Z 1007a8a0     LIBCMTD:frame.obj
 0002:000178c8       __sehtable$___BuildCatchObjectHelper 1007a8c8     LIBCMTD:frame.obj
 0002:00017920       __sehtable$___set_fpsr_sse2 1007a920     LIBCMTD:fpctrl.obj
 0002:00017940       __sehtable$?_Name_base@type_info@@CAPBDPBV1@PAU__type_info_node@@@Z 1007a940     LIBCMTD:typname.obj
 0002:00017960       __sehtable$?_Type_info_dtor@type_info@@CAXPAV1@@Z 1007a960     LIBCMTD:typname.obj
 0002:00017980       __sehtable$?_Name_base_internal@type_info@@CAPBDPBV1@PAU__type_info_node@@@Z 1007a980     LIBCMTD:typname.obj
 0002:000179a0       __sehtable$?_Type_info_dtor_internal@type_info@@CAXPAV1@@Z 1007a9a0     LIBCMTD:typname.obj
 0002:000179c0       __sehtable$___clean_type_info_names_internal 1007a9c0     LIBCMTD:typname.obj
 0002:000179e0       __sehtable$__close         1007a9e0     LIBCMTD:close.obj
 0002:00017a00       __sehtable$_fflush         1007aa00     LIBCMTD:fflush.obj
 0002:00017a20       __sehtable$_flsall         1007aa20     LIBCMTD:fflush.obj
 0002:00017a48       __sehtable$__getstream     1007aa48     LIBCMTD:stream.obj
 0002:00017a68       __sehtable$__read          1007aa68     LIBCMTD:read.obj
 0002:00017a88       __sehtable$__write         1007aa88     LIBCMTD:write.obj
 0002:00017aa8       __sehtable$__ioinit        1007aaa8     LIBCMTD:ioinit.obj
 0002:00017ac8       __sehtable$__IsNonwritableInCurrentImage 1007aac8     LIBCMTD:pesect.obj
 0002:00017ae8       __sehtable$__onexit        1007aae8     LIBCMTD:onexit.obj
 0002:00017b08       __sehtable$_signal         1007ab08     LIBCMTD:winsig.obj
 0002:00017b28       __sehtable$_raise          1007ab28     LIBCMTD:winsig.obj
 0002:00017b48       __sehtable$_ctrlevent_capture@4 1007ab48     LIBCMTD:winsig.obj
 0002:00017b68       __sehtable$___updatetmbcinfo 1007ab68     LIBCMTD:mbctype.obj
 0002:00017b88       __sehtable$__setmbcp       1007ab88     LIBCMTD:mbctype.obj
 0002:00017ba4       __unwindtable$?getSystemCP@@YAHH@Z 1007aba4     LIBCMTD:mbctype.obj
 0002:00017bac       __ehfuncinfo$?getSystemCP@@YAHH@Z 1007abac     LIBCMTD:mbctype.obj
 0002:00017bd0       __sehtable$_vfprintf_helper 1007abd0     LIBCMTD:vfprintf.obj
 0002:00017bf0       __sehtable$__fcloseall     1007abf0     LIBCMTD:closeall.obj
 0002:00017c10       __sehtable$__VCrtDbgReportA 1007ac10     LIBCMTD:dbgrptt.obj
 0002:00017c38       __sehtable$__VCrtDbgReportW 1007ac38     LIBCMTD:dbgrptt.obj
 0002:00017c60       __sehtable$___updatetlocinfo 1007ac60     LIBCMTD:localref.obj
 0002:00017c80       __sehtable$__CrtSetReportHook2 1007ac80     LIBCMTD:dbgrpt.obj
 0002:00017ca0       __sehtable$__lseeki64      1007aca0     LIBCMTD:lseeki64.obj
 0002:00017cc0       __sehtable$_printf         1007acc0     LIBCMTD:printf.obj
 0002:00017ce0       __sehtable$___unDName      1007ace0     LIBCMTD:undname.obj
 0002:00017d00       __sehtable$___unDNameEx    1007ad00     LIBCMTD:undname.obj
 0002:00017d1c       __unwindtable$?make@DNameStatusNode@@SAPAV1@W4DNameStatus@@@Z 1007ad1c     LIBCMTD:undname.obj
 0002:00017d24       __ehfuncinfo$?make@DNameStatusNode@@SAPAV1@W4DNameStatus@@@Z 1007ad24     LIBCMTD:undname.obj
 0002:00017d48       __sehtable$__alloc_osfhnd  1007ad48     LIBCMTD:osfinfo.obj
 0002:00017d70       __sehtable$___lock_fhandle 1007ad70     LIBCMTD:osfinfo.obj
 0002:00017d90       __sehtable$__open_osfhandle 1007ad90     LIBCMTD:osfinfo.obj
 0002:00017db0       __sehtable$__commit        1007adb0     LIBCMTD:commit.obj
 0002:00017dd0       __sehtable$__sopen_helper  1007add0     LIBCMTD:open.obj
 0002:00017df0       __sehtable$__open          1007adf0     LIBCMTD:open.obj
 0002:00017e10       __sehtable$__putwch        1007ae10     LIBCMTD:putwch.obj
 0002:00017e2c       __unwindtable$?x_ismbbtype_l@@YAHPAUlocaleinfo_struct@@IHH@Z 1007ae2c     LIBCMTD:ismbbyte.obj
 0002:00017e34       __ehfuncinfo$?x_ismbbtype_l@@YAHPAUlocaleinfo_struct@@IHH@Z 1007ae34     LIBCMTD:ismbbyte.obj
 0002:00017e58       __unwindtable$?strtoxl@@YAKPAUlocaleinfo_struct@@PBDPAPBDHH@Z 1007ae58     LIBCMTD:strtol.obj
 0002:00017e60       __ehfuncinfo$?strtoxl@@YAKPAUlocaleinfo_struct@@PBDPAPBDHH@Z 1007ae60     LIBCMTD:strtol.obj
 0002:00017e88       __sehtable$__get_current_locale 1007ae88     LIBCMTD:wsetloca.obj
 0002:00017eb0       __sehtable$__free_locale   1007aeb0     LIBCMTD:wsetloca.obj
 0002:00017ed8       __sehtable$__wsetlocale    1007aed8     LIBCMTD:wsetloca.obj
 0002:00017f10       __sehtable$__locterm       1007af10     LIBCMTD:wsetloca.obj
 0002:00017f30       __sehtable$_vprintf_helper 1007af30     LIBCMTD:vprintf.obj
 0002:00017f50       __sehtable$__wsopen_helper 1007af50     LIBCMTD:wopen.obj
 0002:00017f70       __sehtable$__wopen         1007af70     LIBCMTD:wopen.obj
 0002:00017f90       __sehtable$_fputwc         1007af90     LIBCMTD:fputwc.obj
 0002:00017fac       __unwindtable$?strtoxq@@YA_KPAUlocaleinfo_struct@@PBDPAPBDHH@Z 1007afac     LIBCMTD:strtoq.obj
 0002:00017fb4       __ehfuncinfo$?strtoxq@@YA_KPAUlocaleinfo_struct@@PBDPAPBDHH@Z 1007afb4     LIBCMTD:strtoq.obj
 0002:00017fd8       __sehtable$__chsize_s      1007afd8     LIBCMTD:chsize.obj
 0002:00017ff8       __sehtable$__setmode       1007aff8     LIBCMTD:setmode.obj
 0002:00018014       __unwindtable$?wcstoxq@@YA_KPAUlocaleinfo_struct@@PB_WPAPB_WHH@Z 1007b014     LIBCMTD:wcstoq.obj
 0002:0001801c       __ehfuncinfo$?wcstoxq@@YA_KPAUlocaleinfo_struct@@PB_WPAPB_WHH@Z 1007b01c     LIBCMTD:wcstoq.obj
 0002:000182a2       .idata$6                   1007b2a2     tgf:tgf.dll
 0002:000182ce       .idata$6                   1007b2ce     robottools:robottools.dll
 0002:00018944       .idata$6                   1007b944     kernel32:KERNEL32.dll
 0002:00018960       .edata                     1007b960     bt.exp
 0002:00018988       rgpv                       1007b988     bt.exp
 0002:0001898c       rgszName                   1007b98c     bt.exp
 0002:00018990       rgwOrd                     1007b990     bt.exp
 0002:00018992       szName                     1007b992     bt.exp
 0002:00018999       $N00001                    1007b999     bt.exp
 0003:00000000       _botname                   1007c000     bt.obj
 0003:00000028       _botdesc                   1007c028     bt.obj
 0003:000000c8       __ulSeverityText           1007c0c8     ul_vs2008_32:ulError.obj
 0003:00000120       _NAME_                     1007c120     LIBCMTD:cos.obj
 0003:00000130       _NAME_                     1007c130     LIBCMTD:sin.obj
 0003:00000140       LOG_name                   1007c140     LIBCMTD:log.obj
 0003:00000150       _NAME_                     1007c150     LIBCMTD:sqrt.obj
 0003:00000170       _NAME_                     1007c170     LIBCMTD:asin.obj
 0003:00000180       _NAME_                     1007c180     LIBCMTD:acos.obj
 0003:00000190       _NAME_                     1007c190     LIBCMTD:tan.obj
 0003:00000478       __locktable                1007c478     LIBCMTD:mlock.obj
 0003:00000598       _dotdotdot                 1007c598     LIBCMTD:dbgrptw.obj
 0003:0000059c       __lRequestCurr             1007c59c     LIBCMTD:dbgheap.obj
 0003:000005a0       __bNoMansLandFill          1007c5a0     LIBCMTD:dbgheap.obj
 0003:000005a1       __bAlignLandFill           1007c5a1     LIBCMTD:dbgheap.obj
 0003:000005a2       __bDeadLandFill            1007c5a2     LIBCMTD:dbgheap.obj
 0003:000005a3       __bCleanLandFill           1007c5a3     LIBCMTD:dbgheap.obj
 0003:00000628       _errtable                  1007c628     LIBCMTD:dosmap.obj
 0003:00000790       _ErrnoNoMem                1007c790     LIBCMTD:dosmap.obj
 0003:00000794       _DoserrorNoMem             1007c794     LIBCMTD:dosmap.obj
 0003:000007a0       ?_names@?1??_get_fname@@9@9 1007c7a0     LIBCMTD:fpexcept.obj
 0003:000008b0       _over                      1007c8b0     LIBCMTD:fpctrl.obj
 0003:000008bc       _under                     1007c8bc     LIBCMTD:fpctrl.obj
 0003:000008c8       ?__DAZ_ENABLED@?1??__set_fpsr_sse2@@9@9 1007c8c8     LIBCMTD:fpctrl.obj
 0003:000008d4       ?isPackaged@?1??__crtIsPackagedApp@@9@9 1007c8d4     LIBCMTD:winapisupp.obj
 0003:000009e4       _newcw                     1007c9e4     LIBCMTD:ceil.obj
 0003:00000a30       ___rgctypeflag             1007ca30     LIBCMTD:mbctype.obj
 0003:00000a38       ___rgcode_page_info        1007ca38     LIBCMTD:mbctype.obj
 0003:00000f70       _dotdotdot                 1007cf70     LIBCMTD:dbgrpt.obj
 0003:000012bc       __ctype_loc_style          1007d2bc     LIBCMTD:wsetloca.obj
 0003:000012c8       _DoubleFormat              1007d2c8     LIBCMTD:intrncvt.obj
 0003:000012e0       _FloatFormat               1007d2e0     LIBCMTD:intrncvt.obj
 0003:000015c0       _driver                    1007d5c0     bt.obj
 0003:00001600       __ulErrorBuffer            1007d600     ul_vs2008_32:ulError.obj
 0003:00001a00       __ulErrorCB                1007da00     ul_vs2008_32:ulError.obj
 0003:00001a04       ?init@?1??_RTC_InitBase@@9@4_NA 1007da04     LIBCMTD:init.obj
 0003:00001a10       _GS_ExceptionRecord        1007da10     LIBCMTD:gs_report.obj
 0003:00001a60       _GS_ContextRecord          1007da60     LIBCMTD:gs_report.obj
 0003:00001d2c       _DebuggerWasPresent        1007dd2c     LIBCMTD:gs_report.obj
 0003:00001d38       ___proc_attached           1007dd38     LIBCMTD:dllcrt0.obj
 0003:00001d54       ?fExit@?1??doexit@@9@9     1007dd54     LIBCMTD:crt0dat.obj
 0003:00001d80       _lclcritsects              1007dd80     LIBCMTD:mlock.obj
 0003:00001eec       _check_frequency           1007deec     LIBCMTD:dbgheap.obj
 0003:00001ef4       _check_counter             1007def4     LIBCMTD:dbgheap.obj
 0003:00001ef8       __lTotalAlloc              1007def8     LIBCMTD:dbgheap.obj
 0003:00001efc       __lCurAlloc                1007defc     LIBCMTD:dbgheap.obj
 0003:00001f00       __lMaxAlloc                1007df00     LIBCMTD:dbgheap.obj
 0003:00001f04       __pFirstBlock              1007df04     LIBCMTD:dbgheap.obj
 0003:00001f08       __pLastBlock               1007df08     LIBCMTD:dbgheap.obj
 0003:00001f18       __RTC_ErrorReportFunc      1007df18     LIBCMTD:userapi.obj
 0003:00001f1c       __RTC_ErrorReportFuncW     1007df1c     LIBCMTD:userapi.obj
 0003:00001f28       ___type_info_root_node     1007df28     LIBCMTD:typname.obj
 0003:00001f38       ?outmsg@?L@??_NMSG_WRITE@@9@9 1007df38     LIBCMTD:crt0msg.obj
 0003:00002564       __pmatherr_set             1007e564     LIBCMTD:libm_error.obj
 0003:00002670       ?_pgmname@?1??_setargv@@9@9 1007e670     LIBCMTD:stdargv.obj
 0003:00002778       _g_pfnRtlGenRandom         1007e778     LIBCMTD:rand_s.obj
 0003:0000277c       _ctrlc_action              1007e77c     LIBCMTD:winsig.obj
 0003:00002780       _ctrlbreak_action          1007e780     LIBCMTD:winsig.obj
 0003:00002784       _abort_action              1007e784     LIBCMTD:winsig.obj
 0003:00002788       _term_action               1007e788     LIBCMTD:winsig.obj
 0003:0000278c       _ConsoleCtrlHandler_Installed 1007e78c     LIBCMTD:winsig.obj
 0003:000027a8       _fSystemSet                1007e7a8     LIBCMTD:mbctype.obj
 0003:000027b8       ?pfnMessageBox@?1??__crtMessageBoxW@@9@9 1007e7b8     LIBCMTD:crtmboxw.obj
 0003:000027bc       ?pfnGetActiveWindow@?1??__crtMessageBoxW@@9@9 1007e7bc     LIBCMTD:crtmboxw.obj
 0003:000027c0       ?pfnGetLastActivePopup@?1??__crtMessageBoxW@@9@9 1007e7c0     LIBCMTD:crtmboxw.obj
 0003:000027c4       ?pfnGetProcessWindowStation@?1??__crtMessageBoxW@@9@9 1007e7c4     LIBCMTD:crtmboxw.obj
 0003:000027c8       ?pfnGetUserObjectInformation@?1??__crtMessageBoxW@@9@9 1007e7c8     LIBCMTD:crtmboxw.obj
 0003:000027cc       _mspdb                     1007e7cc     LIBCMTD:pdblkup.obj
 0003:000027d0       ?alreadyTried@?1??GetPdbDll@@YAPAUHINSTANCE__@@XZ@4_NA 1007e7d0     LIBCMTD:pdblkup.obj
 0003:000027d1       ?PDBOK@?BM@??_RTC_GetSrcLine@@YAHPAEPA_WKPAH1K@Z@4_NA 1007e7d1     LIBCMTD:pdblkup.obj
 0003:000027d8       ___enable_percent_n        1007e7d8     LIBCMTD:printf.obj
 0003:00002804       _heap                      1007e804     LIBCMTD:undname.obj
 0003:00002818       ?buf@?1??dbGetString@DName@@QBEPADXZ@4PADA 1007e818     LIBCMTD:undname.obj
 0003:000028a4       ___crtCallProc             1007e8a4     LIBCMTD:winapinls.obj
