 blacky_2012

 Timestamp is 51ba516a (Fri Jun 14 01:10:34 2013)

 Preferred load address is 10000000

 Start         Length     Name                   Class
 0001:00000000 000a8339H .text                   CODE
 0001:000a8340 00001a92H .text$x                 CODE
 0001:000a9de0 00001ce6H .text$yc                CODE
 0001:000abad0 0000104bH .text$yd                CODE
 0002:00000000 00000104H .CRT$XCA                DATA
 0002:00000104 0000018eH .CRT$XCU                DATA
 0002:00000294 00000104H .CRT$XCZ                DATA
 0002:00000398 00000104H .CRT$XIA                DATA
 0002:0000049c 0000011cH .CRT$XIC                DATA
 0002:000005b8 00000104H .CRT$XIZ                DATA
 0002:000006bc 00000104H .CRT$XPA                DATA
 0002:000007c0 00000109H .CRT$XPX                DATA
 0002:000008cc 00000104H .CRT$XPXA               DATA
 0002:000009d0 00000104H .CRT$XPZ                DATA
 0002:00000ad4 00000104H .CRT$XTA                DATA
 0002:00000bd8 00000104H .CRT$XTZ                DATA
 0002:00000ce0 0001ec91H .rdata                  DATA
 0002:0001f974 000001a8H .rdata$debug            DATA
 0002:0001fb1c 00000820H .rdata$r                DATA
 0002:00020340 000001c0H .rdata$sxdata           DATA
 0002:00020500 00000104H .rtc$IAA                DATA
 0002:00020604 0000018bH .rtc$IMZ                DATA
 0002:00020790 00000104H .rtc$IZZ                DATA
 0002:00020894 00000104H .rtc$TAA                DATA
 0002:00020998 0000018bH .rtc$TMZ                DATA
 0002:00020b24 00000104H .rtc$TZZ                DATA
 0002:00020c28 00001787H .xdata$x                DATA
 0002:000223b0 0000015dH .edata                  DATA
 0003:00000000 00001c16H .data                   DATA
 0003:00001c20 00003c4cH .bss                    DATA
 0004:00000000 0000003cH .idata$2                DATA
 0004:0000003c 00000014H .idata$3                DATA
 0004:00000050 0000027cH .idata$4                DATA
 0004:000002cc 0000027cH .idata$5                DATA
 0004:00000548 000009a3H .idata$6                DATA
 0005:00000000 00000169H .rsrc$01                DATA
 0005:00000170 000002ccH .rsrc$02                DATA

  Address         Publics by Value              Rva+Base       Lib:Object

 0000:00000000       __except_list              00000000     <absolute>
 0000:00000028       ___safe_se_handler_count   00000028     <absolute>
 0000:00000000       ___ImageBase               10000000     <linker-defined>
 0001:00001250       ??0TCarParam@@QAE@XZ       10002250 f   unitcarparam.obj
 0001:00001340       ??1TCarParam@@QAE@XZ       10002340 f   unitcarparam.obj
 0001:00001380       ??4TCarParam@@UAEAAV0@ABV0@@Z 10002380 f   unitcarparam.obj
 0001:00001460       ?sgdMakeCoordMat4@@YAXQAY03NPBUsgdCoord@@@Z 10002460 f i unitcarparam.obj
 0001:000014c0       ?sgdMakeCoordMat4@@YAXQAY03NQBN1@Z 100024c0 f i unitcarparam.obj
 0001:000015c0       ??0TCharacteristic@@QAE@NNHN@Z 100025c0 f   unitcharacteristic.obj
 0001:000016e0       ??0TCharacteristic@@QAE@XZ 100026e0 f   unitcharacteristic.obj
 0001:00001770       ??1TCharacteristic@@QAE@XZ 10002770 f   unitcharacteristic.obj
 0001:000017e0       ?Count@TCharacteristic@@QBEHXZ 100027e0 f   unitcharacteristic.obj
 0001:00001820       ?Estimate@TCharacteristic@@QBENH@Z 10002820 f   unitcharacteristic.obj
 0001:00001870       ?Estimate@TCharacteristic@@QBENN@Z 10002870 f   unitcharacteristic.obj
 0001:000018f0       ?MakeIndex@TCharacteristic@@ABEHN@Z 100028f0 f   unitcharacteristic.obj
 0001:00001a80       ?Measurement@TCharacteristic@@QAEXHN@Z 10002a80 f   unitcharacteristic.obj
 0001:00001b10       ?Measurement@TCharacteristic@@QAEXNN@Z 10002b10 f   unitcharacteristic.obj
 0001:00001bd0       ?SetWeight@TCharacteristic@@QAEXN@Z 10002bd0 f   unitcharacteristic.obj
 0001:00001c20       ?Weight@TCharacteristic@@QBENXZ 10002c20 f   unitcharacteristic.obj
 0001:00001c60       ??0?$v2t@N@@QAE@NN@Z       10002c60 f i unitclothoid.obj
 0001:00001cc0       ??0?$v2t@N@@QAE@XZ         10002cc0 f i unitclothoid.obj
 0001:00001d00       ??0?$v3t@N@@QAE@ABV0@@Z    10002d00 f i unitclothoid.obj
 0001:00001d80       ??0?$v3t@N@@QAE@NNN@Z      10002d80 f i unitclothoid.obj
 0001:00001df0       ??0TClothoidLane@@QAE@XZ   10002df0 f   unitclothoid.obj
 0001:00001e50       ??0TVec2d@@QAE@NN@Z        10002e50 f i unitclothoid.obj
 0001:00001ed0       ??0TVec2d@@QAE@XZ          10002ed0 f i unitclothoid.obj
 0001:00001f30       ??0TVec3d@@QAE@ABV0@@Z     10002f30 f i unitclothoid.obj
 0001:00001f90       ??0TVec3d@@QAE@ABV?$v3t@N@@@Z 10002f90 f i unitclothoid.obj
 0001:00001ff0       ??1TClothoidLane@@UAE@XZ   10002ff0 f   unitclothoid.obj
 0001:00002050       ??4?$v3t@N@@QAEAAV0@ABV0@@Z 10003050 f i unitclothoid.obj
 0001:000020d0       ??4TVec3d@@QAEAAV0@ABV0@@Z 100030d0 f i unitclothoid.obj
 0001:00002130       ??D?$v3t@N@@QBE?AV0@N@Z    10003130 f i unitclothoid.obj
 0001:000021e0       ??G?$v3t@N@@QBE?AV0@ABV0@@Z 100031e0 f i unitclothoid.obj
 0001:00002290       ??H?$v3t@N@@QBE?AV0@ABV0@@Z 10003290 f i unitclothoid.obj
 0001:00002340       ??_ETClothoidLane@@UAEPAXI@Z 10003340 f i unitclothoid.obj
 0001:00002340       ??_GTClothoidLane@@UAEPAXI@Z 10003340 f i unitclothoid.obj
 0001:000023b0       ?Adjust@TClothoidLane@@AAEXNNNNPBUTPathPt@TLane@@PAU23@0VTVec3d@@2N@Z 100033b0 f   unitclothoid.obj
 0001:000027c0       ?AnalyseBumps@TClothoidLane@@AAEX_N@Z 100037c0 f   unitclothoid.obj
 0001:00002c90       ?CalcPt@TPathPt@TLane@@QBE?AVTVec3d@@XZ 10003c90 f i unitclothoid.obj
 0001:00002d30       ?Dist@TPathPt@TLane@@QBENXZ 10003d30 f i unitclothoid.obj
 0001:00002d70       ?GetXY@TVec3d@@QBE?AVTVec2d@@XZ 10003d70 f i unitclothoid.obj
 0001:00002df0       ?LoadLearnedFromFile@TClothoidLane@@QAE_NPBD@Z 10003df0 f   unitclothoid.obj
 0001:00003240       ?LoadLearnedFromXMLFile@TClothoidLane@@QAE_NPAX@Z 10004240 f   unitclothoid.obj
 0001:00003590       ?LoadPointsFromFile@TClothoidLane@@QAE_NPBD@Z 10004590 f   unitclothoid.obj
 0001:000037e0       ?LoadSmoothPath@TClothoidLane@@QAE_NPADPAVTTrackDescription@@AAVTParam@@ABUTOptions@1@@Z 100047e0 f   unitclothoid.obj
 0001:000038b0       ?MakeSmoothPath@TClothoidLane@@QAEXPAVTTrackDescription@@AAVTParam@@ABUTOptions@1@@Z 100048b0 f   unitclothoid.obj
 0001:00003b60       ?Norm@TPathPt@TLane@@QBEABVTVec3d@@XZ 10004b60 f i unitclothoid.obj
 0001:00003ba0       ?Optimise@TClothoidLane@@AAEXNNPAUTPathPt@TLane@@PBU23@11111N@Z 10004ba0 f   unitclothoid.obj
 0001:00004580       ?OptimiseLine@TClothoidLane@@AAEXHHNPAUTPathPt@TLane@@PBU23@1@Z 10005580 f   unitclothoid.obj
 0001:000048c0       ?OptimisePath@TClothoidLane@@AAEXHHN@Z 100058c0 f   unitclothoid.obj
 0001:00004cf0       ?Pt@TPathPt@TLane@@QBEABVTVec3d@@XZ 10005cf0 f i unitclothoid.obj
 0001:00004d30       ?RestoreLearned@TClothoidLane@@QAEXXZ 10005d30 f   unitclothoid.obj
 0001:00004e10       ?SaveLearnedToFile@TClothoidLane@@QAE_NPBD@Z 10005e10 f   unitclothoid.obj
 0001:00005100       ?SaveLearnedToXMLFile@TClothoidLane@@QAE_NPBD@Z 10006100 f   unitclothoid.obj
 0001:00005370       ?SavePointsToFile@TClothoidLane@@QAEXPBD@Z 10006370 f   unitclothoid.obj
 0001:00005510       ?SaveSections@TClothoidLane@@QAEXPBD@Z 10006510 f   unitclothoid.obj
 0001:00005840       ?SaveToFile@TClothoidLane@@QAE_NPBD@Z 10006840 f   unitclothoid.obj
 0001:00005ae0       ?SetOffset@TClothoidLane@@AAEXNNPAUTPathPt@TLane@@PBU23@1@Z 10006ae0 f   unitclothoid.obj
 0001:00006000       ?SmoothBetween@TClothoidLane@@AAEXHN@Z 10007000 f   unitclothoid.obj
 0001:000063c0       ?SmoothPath@TClothoidLane@@QAEXABUTOptions@1@@Z 100073c0 f   unitclothoid.obj
 0001:00006500       ?StoreLearned@TClothoidLane@@QAEXXZ 10007500 f   unitclothoid.obj
 0001:000065e0       ?WtoL@TPathPt@TLane@@QBENXZ 100075e0 f i unitclothoid.obj
 0001:00006620       ?WtoR@TPathPt@TLane@@QBENXZ 10007620 f i unitclothoid.obj
 0001:00006660       ?len@?$v3t@N@@QAENXZ       10007660 f i unitclothoid.obj
 0001:00006700       ??0TCollision@@QAE@XZ      10007700 f   unitcollision.obj
 0001:00006740       ??1TCollision@@QAE@XZ      10007740 f   unitcollision.obj
 0001:00006780       ?AvoidTo@TCollision@@QAENABUTCollInfo@1@QAUCarElt@@AAVTDriver@@AA_N@Z 10007780 f   unitcollision.obj
 0001:00006cc0       ??0?$v2t@N@@QAE@ABV0@@Z    10007cc0 f i unitcommon.obj
 0001:00006d20       ??0TUtils@@QAE@XZ          10007d20 f   unitcommon.obj
 0001:00006d60       ??0TVec2d@@QAE@ABV?$v2t@N@@@Z 10007d60 f i unitcommon.obj
 0001:00006dc0       ??0TVec3d@@QAE@NNN@Z       10007dc0 f i unitcommon.obj
 0001:00006e50       ??1TUtils@@QAE@XZ          10007e50 f   unitcommon.obj
 0001:00006e90       ??4?$v2t@N@@QAEAAV0@ABV0@@Z 10007e90 f i unitcommon.obj
 0001:00006ef0       ??4TVec2d@@QAEAAV0@ABV0@@Z 10007ef0 f i unitcommon.obj
 0001:00006f50       ??4TVec2d@@QAEAAV0@ABV?$v2t@N@@@Z 10007f50 f i unitcommon.obj
 0001:00006fb0       ??8?$v2t@N@@QBEHABV0@@Z    10007fb0 f i unitcommon.obj
 0001:00007030       ??9?$v2t@N@@QBEHABV0@@Z    10008030 f i unitcommon.obj
 0001:000070b0       ??D?$v2t@N@@QBE?AV0@N@Z    100080b0 f i unitcommon.obj
 0001:00007140       ??D?$v2t@N@@QBENABV0@@Z    10008140 f i unitcommon.obj
 0001:000071c0       ??G?$v2t@N@@QBE?AV0@ABV0@@Z 100081c0 f i unitcommon.obj
 0001:00007250       ??G?$v2t@N@@QBE?AV0@XZ     10008250 f i unitcommon.obj
 0001:000072e0       ??H?$v2t@N@@QBE?AV0@ABV0@@Z 100082e0 f i unitcommon.obj
 0001:00007370       ?CalcCurvature@TUtils@@SANABVTVec2d@@00@Z 10008370 f   unitcommon.obj
 0001:00007430       ?CalcCurvature@TUtils@@SANNNNNNN@Z 10008430 f   unitcommon.obj
 0001:000075b0       ?CalcCurvatureTan@TUtils@@SANABVTVec2d@@00@Z 100085b0 f   unitcommon.obj
 0001:00007760       ?CalcCurvatureXY@TUtils@@SANABVTVec3d@@00@Z 10008760 f   unitcommon.obj
 0001:00007820       ?CalcCurvatureZ@TUtils@@SANABVTVec3d@@00@Z 10008820 f   unitcommon.obj
 0001:00007950       ?CalcTangent@TUtils@@SA_NABVTVec2d@@00AAV2@@Z 10008950 f   unitcommon.obj
 0001:00007cf0       ?ClosestPtOnLine@TUtils@@SANNNNNNN@Z 10008cf0 f   unitcommon.obj
 0001:00007dc0       ?DistPtFromLine@TUtils@@SANNNNNNN@Z 10008dc0 f   unitcommon.obj
 0001:00007ee0       ?InterpCurvature@TUtils@@SANNNN@Z 10008ee0 f   unitcommon.obj
 0001:00007f60       ?InterpCurvatureLin@TUtils@@SANNNN@Z 10008f60 f   unitcommon.obj
 0001:00007fc0       ?InterpCurvatureRad@TUtils@@SANNNN@Z 10008fc0 f   unitcommon.obj
 0001:00008090       ?LineCrossesLine@TUtils@@SA_NABVTVec2d@@000AAN1@Z 10009090 f   unitcommon.obj
 0001:000081d0       ?LineCrossesLine@TUtils@@SA_NABVTVec2d@@000AAN@Z 100091d0 f   unitcommon.obj
 0001:000082c0       ?LineCrossesLine@TUtils@@SA_NNNNNNNNNAAN@Z 100092c0 f   unitcommon.obj
 0001:00008380       ?LineCrossesLineXY@TUtils@@SA_NABVTVec3d@@000AAN@Z 10009380 f   unitcommon.obj
 0001:00008470       ?MergeParamFile@TUtils@@SAPAXPAXPBD@Z 10009470 f   unitcommon.obj
 0001:00008500       ?VecAngXY@TUtils@@SANABVTVec3d@@@Z 10009500 f   unitcommon.obj
 0001:00008570       ?VecAngle@TUtils@@SANABVTVec2d@@@Z 10009570 f   unitcommon.obj
 0001:000085e0       ?VecLenXY@TUtils@@SANABVTVec3d@@@Z 100095e0 f   unitcommon.obj
 0001:00008650       ?VecNorm@TUtils@@SA?AVTVec2d@@ABV2@@Z 10009650 f   unitcommon.obj
 0001:000086d0       ?VecNormXY@TUtils@@SA?AVTVec3d@@ABV2@@Z 100096d0 f   unitcommon.obj
 0001:00008770       ?VecUnit@TUtils@@SA?AVTVec2d@@ABV2@@Z 10009770 f   unitcommon.obj
 0001:00008880       ??0TCommonData@@QAE@XZ     10009880 f   unitcommondata.obj
 0001:000088e0       ??1TCommonData@@QAE@XZ     100098e0 f   unitcommondata.obj
 0001:00008930       ??0TCubic@@QAE@NNNN@Z      10009930 f   unitcubic.obj
 0001:000089d0       ??0TCubic@@QAE@NNNNNN@Z    100099d0 f   unitcubic.obj
 0001:00008a90       ??0TCubic@@QAE@XZ          10009a90 f   unitcubic.obj
 0001:00008ad0       ??1TCubic@@QAE@XZ          10009ad0 f   unitcubic.obj
 0001:00008b10       ?Calc2ndDerivative@TCubic@@QBENN@Z 10009b10 f   unitcubic.obj
 0001:00008ba0       ?CalcGradient@TCubic@@QBENN@Z 10009ba0 f   unitcubic.obj
 0001:00008c50       ?CalcOffset@TCubic@@QBENN@Z 10009c50 f   unitcubic.obj
 0001:00008d00       ?Set@TCubic@@QAEXNNNN@Z    10009d00 f   unitcubic.obj
 0001:00008da0       ?Set@TCubic@@QAEXNNNNNN@Z  10009da0 f   unitcubic.obj
 0001:00009040       ??0TCubicSpline@@QAE@HPBN00@Z 1000a040 f   unitcubicspline.obj
 0001:00009300       ??1TCubicSpline@@QAE@XZ    1000a300 f   unitcubicspline.obj
 0001:000093c0       ??_ETCubic@@QAEPAXI@Z      1000a3c0 f i unitcubicspline.obj
 0001:00009480       ?CalcGradient@TCubicSpline@@QBENN@Z 1000a480 f   unitcubicspline.obj
 0001:00009510       ?CalcOffset@TCubicSpline@@QBENN@Z 1000a510 f   unitcubicspline.obj
 0001:000095a0       ?FindSeg@TCubicSpline@@ABEHN@Z 1000a5a0 f   unitcubicspline.obj
 0001:00009640       ?IsValidX@TCubicSpline@@QBE_NN@Z 1000a640 f   unitcubicspline.obj
 0001:000096e0       ??0PitSideMod@TTrackDescription@@QAE@XZ 1000a6e0 f i unitdriver.obj
 0001:00009740       ??0TCollInfo@TCollision@@QAE@XZ 1000a740 f i unitdriver.obj
 0001:00009880       ??0TDriver@@QAE@H@Z        1000a880 f   unitdriver.obj
 0001:0000a6d0       ??0TOptions@TClothoidLane@@QAE@NNN_N0@Z 1000b6d0 f i unitdriver.obj
 0001:0000a750       ??1TDriver@@QAE@XZ         1000b750 f   unitdriver.obj
 0001:0000a9d0       ??_ETOpponent@@QAEPAXI@Z   1000b9d0 f i unitdriver.obj
 0001:0000aa90       ?AvoidOtherCars@TDriver@@AAEXNAA_N0@Z 1000ba90 f   unitdriver.obj
 0001:0000b9e0       ?BrakeEarlier@TDriver@@AAEXN@Z 1000c9e0 f   unitdriver.obj
 0001:0000be90       ?BrakeLater@TDriver@@AAEXN@Z 1000ce90 f   unitdriver.obj
 0001:0000c340       ?BrakingForceRegulator@TDriver@@QAEXXZ 1000d340 f   unitdriver.obj
 0001:0000c840       ?BrakingForceRegulatorAvoid@TDriver@@QAEXXZ 1000d840 f   unitdriver.obj
 0001:0000cd50       ?BrakingForceRegulatorTraffic@TDriver@@QAEXXZ 1000dd50 f   unitdriver.obj
 0001:0000d220       ?CalcPathTarget2@TDriver@@QAE?AVTVec2d@@NN@Z 1000e220 f   unitdriver.obj
 0001:0000d5b0       ?CalcPathTarget@TDriver@@QAENNN@Z 1000e5b0 f   unitdriver.obj
 0001:0000d920       ?CheckTolerance@TDriver@@AAEXXZ 1000e920 f   unitdriver.obj
 0001:0000ddf0       ?Clutching@TDriver@@QAEXXZ 1000edf0 f   unitdriver.obj
 0001:0000e100       ?DetectFlight@TDriver@@QAEMXZ 1000f100 f   unitdriver.obj
 0001:0000e410       ?Drive@TDriver@@QAEXXZ     1000f410 f   unitdriver.obj
 0001:0000ee00       ?DriveFaster@TDriver@@AAEXN@Z 1000fe00 f   unitdriver.obj
 0001:0000f2b0       ?DriveSlower@TDriver@@AAEXNH@Z 100102b0 f   unitdriver.obj
 0001:0000f770       ?EndRace@TDriver@@QAEXXZ   10010770 f   unitdriver.obj
 0001:0000f7b0       ?EvaluateCollisionFlags@TDriver@@AAEXHAAUTCollInfo@TCollision@@NAAN11AA_N@Z 100107b0 f   unitdriver.obj
 0001:000108a0       ?FilterABS@TDriver@@AAENN@Z 100118a0 f   unitdriver.obj
 0001:000109f0       ?FilterBrake@TDriver@@AAENN@Z 100119f0 f   unitdriver.obj
 0001:00010f00       ?FilterCrv@TDriver@@AAENN@Z 10011f00 f   unitdriver.obj
 0001:000113d0       ?FilterDiff@TDriver@@AAENN@Z 100123d0 f   unitdriver.obj
 0001:00011560       ?FilterDrifting@TDriver@@AAENN@Z 10012560 f   unitdriver.obj
 0001:00011a10       ?FilterLetPass@TDriver@@AAENN@Z 10012a10 f   unitdriver.obj
 0001:00011ac0       ?FilterRelax@TDriver@@AAENN@Z 10012ac0 f   unitdriver.obj
 0001:00011b60       ?FilterSteerSpeed@TDriver@@AAENN@Z 10012b60 f   unitdriver.obj
 0001:00011df0       ?FilterTCL@TDriver@@AAENN@Z 10012df0 f   unitdriver.obj
 0001:000128a0       ?FilterTrack@TDriver@@AAENN@Z 100138a0 f   unitdriver.obj
 0001:00012a60       ?FindRacinglines@TDriver@@QAEXXZ 10013a60 f   unitdriver.obj
 0001:000135e0       ?FlightControl@TDriver@@QAEXXZ 100145e0 f   unitdriver.obj
 0001:00013870       ?GearRatio@TDriver@@QAENXZ 10014870 f   unitdriver.obj
 0001:000138e0       ?GearTronic@TDriver@@QAEXXZ 100148e0 f   unitdriver.obj
 0001:00013b70       ?GetAvoidTargetPoint@TDriver@@AAE?AVTVec2d@@NM@Z 10014b70 f   unitdriver.obj
 0001:00013c40       ?GetLanePoint@TDriver@@QAEXHNAAVTLanePoint@@@Z 10014c40 f   unitdriver.obj
 0001:00014100       ?GetPathToLeftAndRight@TDriver@@QAEXQAUCarElt@@AAN1@Z 10015100 f   unitdriver.obj
 0001:000142b0       ?GetPosInfo@TDriver@@QAEXNAAVTLanePoint@@@Z 100152b0 f   unitdriver.obj
 0001:00014350       ?GetPosInfo@TDriver@@QAEXNAAVTLanePoint@@NN@Z 10015350 f   unitdriver.obj
 0001:000145d0       ?GetTargetPoint@TDriver@@AAE?AVTVec2d@@M@Z 100155d0 f   unitdriver.obj
 0001:00014690       ?GotFlags@TInfo@TOpponent@@QBE_NH@Z 10015690 f i unitdriver.obj
 0001:00014700       ?HasPits@TPit@@QAE_NXZ     10015700 f i unitdriver.obj
 0001:00014770       ?InitAdaptiveShiftLevels@TDriver@@QAEXXZ 10015770 f   unitdriver.obj
 0001:000153f0       ?InitBrake@TDriver@@QAEXXZ 100163f0 f   unitdriver.obj
 0001:00015920       ?InitCa@TDriver@@QAEXXZ    10016920 f   unitdriver.obj
 0001:00015d60       ?InitCarModells@TDriver@@QAEXXZ 10016d60 f   unitdriver.obj
 0001:00015fe0       ?InitCw@TDriver@@QAEXXZ    10016fe0 f   unitdriver.obj
 0001:000160d0       ?InitDrive@TDriver@@QAEXXZ 100170d0 f   unitdriver.obj
 0001:00016460       ?InitDriveTrain@TDriver@@QAEXXZ 10017460 f   unitdriver.obj
 0001:00016560       ?InitTireMu@TDriver@@QAEXXZ 10017560 f   unitdriver.obj
 0001:00016880       ?InitTrack@TDriver@@QAEXPAUtTrack@@PAXPAPAXPAUSituation@@@Z 10017880 f   unitdriver.obj
 0001:00019370       ?InitWheelRadius@TDriver@@QAEXXZ 1001a370 f   unitdriver.obj
 0001:00019500       ?InterpolatePointInfo@TDriver@@AAEXAAVTLanePoint@@ABV2@N@Z 1001a500 f   unitdriver.obj
 0001:000196d0       ?IsStuck@TDriver@@QAE_NXZ  1001a6d0 f   unitdriver.obj
 0001:00019ad0       ?LoadBrakeCoeffsFromFile@TDriver@@QAE_NXZ 1001aad0 f   unitdriver.obj
 0001:00019c50       ?NewRace@TDriver@@QAEXPAUCarElt@@PAUSituation@@@Z 1001ac50 f   unitdriver.obj
 0001:00019ef0       ?NextCurvature@TDriver@@AAEXAAUTCollInfo@TCollision@@PAUCarElt@@@Z 1001aef0 f   unitdriver.obj
 0001:00019fe0       ?NextGearRatio@TDriver@@QAENXZ 1001afe0 f   unitdriver.obj
 0001:0001a050       ?OppInFrontBraking@TDriver@@AAE_NXZ 1001b050 f   unitdriver.obj
 0001:0001a1e0       ?OutOfPitlane@TAbstractStrategy@@QAE_NXZ 1001b1e0 f i unitdriver.obj
 0001:0001a250       ?OwnCarOppIndex@TDriver@@QAEXXZ 1001b250 f   unitdriver.obj
 0001:0001a4f0       ?PitCmd@TDriver@@QAEHXZ    1001b4f0 f   unitdriver.obj
 0001:0001a6f0       ?PitDist@TPitLane@@QAENXZ  1001b6f0 f i unitdriver.obj
 0001:0001a730       ?PitSide@TDriver@@QAEHXZ   1001b730 f   unitdriver.obj
 0001:0001a7a0       ?PrevGearRatio@TDriver@@QAENXZ 1001b7a0 f   unitdriver.obj
 0001:0001a810       ?Propagation@TDriver@@QAEXXZ 1001b810 f   unitdriver.obj
 0001:0001a950       ?Runaround@TDriver@@AAEXNN_N@Z 1001b950 f   unitdriver.obj
 0001:0001b4b0       ?SaveBrakeCoeffsToFile@TDriver@@QAE_NXZ 1001c4b0 f   unitdriver.obj
 0001:0001b610       ?SaveToFile@TDriver@@QAE_NXZ 1001c610 f   unitdriver.obj
 0001:0001bab0       ?SetBotName@TDriver@@QAEXPAD@Z 1001cab0 f   unitdriver.obj
 0001:0001bdf0       ?SetPathAndFilenameForRacinglines@TDriver@@QAEXXZ 1001cdf0 f   unitdriver.obj
 0001:0001c190       ?SetupRacingLines@TDriver@@QAEXXZ 1001d190 f   unitdriver.obj
 0001:0001c660       ?Shutdown@TDriver@@QAEXXZ  1001d660 f   unitdriver.obj
 0001:0001c720       ?SpeedController@TDriver@@AAEXXZ 1001d720 f   unitdriver.obj
 0001:0001c930       ?StartAutomatic@TDriver@@QAENXZ 1001d930 f   unitdriver.obj
 0001:0001cae0       ?SteerAngle@TDriver@@QAENAAVTLanePoint@@@Z 1001dae0 f   unitdriver.obj
 0001:0001d010       ?Steering@TDriver@@QAENXZ  1001e010 f   unitdriver.obj
 0001:0001d1b0       ?TargetDist@TDriver@@AAENN@Z 1001e1b0 f   unitdriver.obj
 0001:0001d2d0       ?TargetReached@TDriver@@QAE_NNN@Z 1001e2d0 f   unitdriver.obj
 0001:0001d380       ?TeamInfo@TDriver@@QAEXXZ  1001e380 f   unitdriver.obj
 0001:0001d3f0       ?TestPitStop@TAbstractStrategy@@QAEXXZ 1001e3f0 f i unitdriver.obj
 0001:0001d430       ?Turning@TDriver@@QAEXXZ   1001e430 f   unitdriver.obj
 0001:0001daa0       ?Unstuck@TDriver@@QAEXXZ   1001eaa0 f   unitdriver.obj
 0001:0001df30       ?UnstuckSteerAngle@TDriver@@AAENXZ 1001ef30 f   unitdriver.obj
 0001:0001e220       ?Update@TDriver@@QAEXPAUCarElt@@PAUSituation@@@Z 1001f220 f   unitdriver.obj
 0001:0001eb40       ?UpdateTargetSpeed@TDriver@@AAEXXZ 1001fb40 f   unitdriver.obj
 0001:0001eda0       ?atan2@@YAMMM@Z            1001fda0 f i unitdriver.obj
 0001:0001ee10       ?fabs@@YAMM@Z              1001fe10 f i unitdriver.obj
 0001:0001ee70       ?len@?$v2t@N@@QBENXZ       1001fe70 f i unitdriver.obj
 0001:0001ef00       ?sin@@YAMM@Z               1001ff00 f i unitdriver.obj
 0001:0001ef60       ?strrchr@@YAPADPADH@Z      1001ff60 f i unitdriver.obj
 0001:0001efc0       _atan2f                    1001ffc0 f i unitdriver.obj
 0001:0001f060       _fabsf                     10020060 f i unitdriver.obj
 0001:0001f0e0       _sinf                      100200e0 f i unitdriver.obj
 0001:0001f160       ??0TFixCarParam@@QAE@XZ    10020160 f   unitfixcarparam.obj
 0001:0001f340       ??1TFixCarParam@@QAE@XZ    10020340 f   unitfixcarparam.obj
 0001:0001f380       ?CalcAcceleration@TFixCarParam@@QBENNNNNNNNN@Z 10020380 f   unitfixcarparam.obj
 0001:0001fa80       ?CalcBraking@TFixCarParam@@QAENAAVTCarParam@@NNNNNNNNNNN@Z 10020a80 f   unitfixcarparam.obj
 0001:00020680       ?CalcBrakingPit@TFixCarParam@@QBENAAVTCarParam@@NNNNNNNNN@Z 10021680 f   unitfixcarparam.obj
 0001:00020fe0       ?CalcMaxLateralF@TFixCarParam@@QBENNNN@Z 10021fe0 f   unitfixcarparam.obj
 0001:00021090       ?CalcMaxSpeed@TFixCarParam@@QBENAAVTCarParam@@NNNNNNNN@Z 10022090 f   unitfixcarparam.obj
 0001:000217b0       ?CalcMaxSpeedCrv@TFixCarParam@@QBENXZ 100227b0 f   unitfixcarparam.obj
 0001:00021830       ?EstimateBraking@TFixCarParam@@QAEMNNNNNNNNNNN@Z 10022830 f   unitfixcarparam.obj
 0001:00021f10       ?EstimateSpeed@TFixCarParam@@QAEMNNNNNNN@Z 10022f10 f   unitfixcarparam.obj
 0001:000225a0       ?Initialize@TFixCarParam@@QAEXPAUCarElt@@PAVTDriver@@@Z 100235a0 f   unitfixcarparam.obj
 0001:000225f0       ??$?DN@@YA?AV?$v3t@N@@NABV0@@Z 100235f0 f i unitlane.obj
 0001:00022690       ??0?$v3t@N@@QAE@XZ         10023690 f i unitlane.obj
 0001:000226d0       ??0TLane@@QAE@XZ           100236d0 f   unitlane.obj
 0001:000227f0       ??0TPathPt@TLane@@QAE@XZ   100237f0 f i unitlane.obj
 0001:00022860       ??0TVec2d@@QAE@ABV0@@Z     10023860 f i unitlane.obj
 0001:000228c0       ??0TVec3d@@QAE@XZ          100238c0 f i unitlane.obj
 0001:00022920       ??1TLane@@UAE@XZ           10023920 f   unitlane.obj
 0001:00022a20       ??4TLane@@UAEAAV0@ABV0@@Z  10023a20 f   unitlane.obj
 0001:00022a80       ??4TVec3d@@QAEAAV0@ABV?$v3t@N@@@Z 10023a80 f i unitlane.obj
 0001:00022ae0       ??_ETLane@@UAEPAXI@Z       10023ae0 f i unitlane.obj
 0001:00022ae0       ??_GTLane@@UAEPAXI@Z       10023ae0 f i unitlane.obj
 0001:00022b50       ??_H@YGXPAXIHP6EPAX0@Z@Z   10023b50 f i unitlane.obj
 0001:00022bc0       ?CalcCurvaturesXY@TLane@@QAEXH@Z 10023bc0 f   unitlane.obj
 0001:00022c20       ?CalcCurvaturesXY@TLane@@QAEXHH@Z 10023c20 f   unitlane.obj
 0001:00022de0       ?CalcCurvaturesZ@TLane@@QAEXH@Z 10023de0 f   unitlane.obj
 0001:00022e40       ?CalcCurvaturesZ@TLane@@QAEXHH@Z 10023e40 f   unitlane.obj
 0001:00023030       ?CalcEstimatedLapTime@TLane@@QBENXZ 10024030 f   unitlane.obj
 0001:000231a0       ?CalcEstimatedTime@TLane@@QBENHH@Z 100241a0 f   unitlane.obj
 0001:00023330       ?CalcFwdAbsCrv@TLane@@QAEXHH@Z 10024330 f   unitlane.obj
 0001:000235f0       ?CalcMaxSpeeds@TLane@@QAEXH@Z 100245f0 f   unitlane.obj
 0001:00023660       ?CalcMaxSpeeds@TLane@@QAEXHHH@Z 10024660 f   unitlane.obj
 0001:00023ae0       ?ContainsPos@TLane@@UBE_NN@Z 10024ae0 f   unitlane.obj
 0001:00023b40       ?CosPhi@TVec3d@@QBE?BMPBV1@0@Z 10024b40 f i unitlane.obj
 0001:00023c30       ?CreateParamSeg@TLane@@QAEXH@Z 10024c30 f   unitlane.obj
 0001:00023cc0       ?GetAvoidLaneTarget@TLane@@UBE?AVTVec2d@@NN@Z 10024cc0 f   unitlane.obj
 0001:00023ee0       ?GetLanePoint@TLane@@UBE_NNAAVTLanePoint@@@Z 10024ee0 f   unitlane.obj
 0001:00024890       ?GetLaneTarget@TLane@@UBE?AVTVec2d@@N@Z 10025890 f   unitlane.obj
 0001:000249a0       ?GetParamSeg@TLane@@QAEPAUTParamSeg@1@H@Z 100259a0 f   unitlane.obj
 0001:000249f0       ?Initialise@TLane@@QAEXPAVTTrackDescription@@ABVTFixCarParam@@ABVTCarParam@@NN@Z 100259f0 f   unitlane.obj
 0001:00025b90       ?Len@TVec3d@@QBE?BMXZ      10026b90 f i unitlane.obj
 0001:00025c30       ?Mult@TVec3d@@QBE?BMPBV1@0@Z 10026c30 f i unitlane.obj
 0001:00025cd0       ?PathPoints@TLane@@QBEABUTPathPt@1@H@Z 10026cd0 f   unitlane.obj
 0001:00025d20       ?PropagateAcceleration@TLane@@QAEXH@Z 10026d20 f   unitlane.obj
 0001:00025d90       ?PropagateAcceleration@TLane@@QAEXHHH@Z 10026d90 f   unitlane.obj
 0001:000261b0       ?PropagateBreaking@TLane@@QAEXH@Z 100271b0 f   unitlane.obj
 0001:00026220       ?PropagateBreaking@TLane@@QAEXHHH@Z 10027220 f   unitlane.obj
 0001:00026750       ?PropagatePitBreaking@TLane@@QAEXHHMM@Z 10027750 f   unitlane.obj
 0001:00026e00       ?PropagatePitBreaking@TLane@@QAEXMM@Z 10027e00 f   unitlane.obj
 0001:00026e80       ?ReduceSpeed@TLane@@QAEXNN@Z 10027e80 f   unitlane.obj
 0001:000270c0       ?SetLane@TLane@@QAEXABV1@@Z 100280c0 f   unitlane.obj
 0001:00027370       ?UpdateInfo@TLane@@QAEXHH@Z 10028370 f   unitlane.obj
 0001:00027710       ??0TLanePoint@@QAE@XZ      10028710 f   unitlanepoint.obj
 0001:00027750       ??1TLanePoint@@QAE@XZ      10028750 f   unitlanepoint.obj
 0001:00027790       ?Add@@YA?AUTV2D@@ABU1@0@Z  10028790 f   unitlinalg.obj
 0001:00027870       ?Add@@YA?AUt3Dd@@ABU1@0@Z  10028870 f   unitlinalg.obj
 0001:00027960       ?Assign@@YA?AUTV2D@@ABU1@@Z 10028960 f   unitlinalg.obj
 0001:00027a30       ?Assign@@YA?AUt3Dd@@ABU1@@Z 10028a30 f   unitlinalg.obj
 0001:00027b00       ?CosAlpha@@YAMABUTV2D@@00@Z 10028b00 f   unitlinalg.obj
 0001:00027d40       ?CosAlpha@@YAMABUTV2D@@0@Z 10028d40 f   unitlinalg.obj
 0001:00027e30       ?CrossProd@@YA?AUt3Dd@@ABU1@0@Z 10028e30 f   unitlinalg.obj
 0001:00027f60       ?Dir@@YAMABUTV2D@@0@Z      10028f60 f   unitlinalg.obj
 0001:00028000       ?Dist@@YAMABUTV2D@@0@Z     10029000 f   unitlinalg.obj
 0001:000280e0       ?Dist@@YAMABUt3Dd@@0@Z     100290e0 f   unitlinalg.obj
 0001:00028220       ?Dist@@YAMABUt3Dd@@ABUTV2D@@@Z 10029220 f   unitlinalg.obj
 0001:00028300       ?Dist@@YAMABVTVec3d@@0@Z   10029300 f   unitlinalg.obj
 0001:000283e0       ?Divide@@YA?AUTV2D@@ABU1@ABM@Z 100293e0 f   unitlinalg.obj
 0001:000284c0       ?Divide@@YA?AUt3Dd@@ABU1@ABM@Z 100294c0 f   unitlinalg.obj
 0001:000285b0       ?Len@@YAMABUTV2D@@@Z       100295b0 f   unitlinalg.obj
 0001:00028640       ?Len@@YAMABUt3Dd@@@Z       10029640 f   unitlinalg.obj
 0001:000286e0       ?Length2D@@YANABVTVec3d@@@Z 100296e0 f   unitlinalg.obj
 0001:00028750       ?Mult@@YA?AUTV2D@@AAMABU1@@Z 10029750 f   unitlinalg.obj
 0001:00028830       ?Mult@@YA?AUt3Dd@@AAMABU1@@Z 10029830 f   unitlinalg.obj
 0001:00028920       ?Mult@@YAMABUTV2D@@0@Z     10029920 f   unitlinalg.obj
 0001:000289a0       ?Mult@@YAMABUt3Dd@@0@Z     100299a0 f   unitlinalg.obj
 0001:00028a30       ?Neg@@YA?AUTV2D@@ABU1@@Z   10029a30 f   unitlinalg.obj
 0001:00028b10       ?Neg@@YA?AUt3Dd@@ABU1@@Z   10029b10 f   unitlinalg.obj
 0001:00028c00       ?Normalize@@YA?AUTV2D@@ABU1@@Z 10029c00 f   unitlinalg.obj
 0001:00028d00       ?Normalize@@YA?AUt3Dd@@ABU1@@Z 10029d00 f   unitlinalg.obj
 0001:00028e10       ?Rot@@YA?AUTV2D@@ABU1@0AAM@Z 10029e10 f   unitlinalg.obj
 0001:00029030       ?RotZ@@YA?AUt3Dd@@ABU1@0AAM1@Z 1002a030 f   unitlinalg.obj
 0001:00029230       ?Sign@@YAHAAH@Z            1002a230 f   unitlinalg.obj
 0001:00029280       ?Sign@@YAMAAM@Z            1002a280 f   unitlinalg.obj
 0001:000292e0       ?Sqr@@YAMN@Z               1002a2e0 f   unitlinalg.obj
 0001:00029340       ?Sub@@YA?AUTV2D@@ABU1@0@Z  1002a340 f   unitlinalg.obj
 0001:00029420       ?Sub@@YA?AUt3Dd@@ABU1@0@Z  1002a420 f   unitlinalg.obj
 0001:00029510       ?cos@@YAMM@Z               1002a510 f i unitlinalg.obj
 0001:00029570       ?sqrt@@YAMM@Z              1002a570 f i unitlinalg.obj
 0001:000295d0       _cosf                      1002a5d0 f i unitlinalg.obj
 0001:00029650       _sqrtf                     1002a650 f i unitlinalg.obj
 0001:000296d0       ??0TLinearRegression@@QAE@XZ 1002a6d0 f   unitlinreg.obj
 0001:00029730       ??1TLinearRegression@@QAE@XZ 1002a730 f   unitlinreg.obj
 0001:00029770       ?Add@TLinearRegression@@QAEXABVTVec2d@@@Z 1002a770 f   unitlinreg.obj
 0001:000297f0       ?Add@TLinearRegression@@QAEXNN@Z 1002a7f0 f   unitlinreg.obj
 0001:000298d0       ?CalcLine@TLinearRegression@@QBEXAAVTVec2d@@0@Z 1002a8d0 f   unitlinreg.obj
 0001:00029b30       ?CalcY@TLinearRegression@@QBENN@Z 1002ab30 f   unitlinreg.obj
 0001:00029c70       ?Clear@TLinearRegression@@QAEXXZ 1002ac70 f   unitlinreg.obj
 0001:00029d20       ??_GTDriver@@QAEPAXI@Z     1002ad20 f i unitmain.obj
 0001:00029fc0       ?GetBotName@@YAPADH@Z      1002afc0 f   unitmain.obj
 0001:0002a350       ?Prepare@@YA_NXZ           1002b350 f   unitmain.obj
 0001:0002a610       ?RtDuration@@YANN@Z        1002b610 f   unitmain.obj
 0001:0002a680       ?RtInitTimer@@YAXXZ        1002b680 f   unitmain.obj
 0001:0002a890       ?RtTimeStamp@@YANXZ        1002b890 f   unitmain.obj
 0001:0002a9e0       ?RtTimerFrequency@@YANXZ   1002b9e0 f   unitmain.obj
 0001:0002aa40       ?SetCommonData@TDriver@@QAEXPAVTCommonData@@@Z 1002ba40 f i unitmain.obj
 0001:0002ac50       _blacky_2012               1002bc50 f   unitmain.obj
 0001:0002ace0       _boxer_2012                1002bce0 f   unitmain.obj
 0001:0002ad70       _cavallo_2012              1002bd70 f   unitmain.obj
 0001:0002ae00       _hunter_2012               1002be00 f   unitmain.obj
 0001:0002ae90       _jumper_2012               1002be90 f   unitmain.obj
 0001:0002af20       _ring_2012                 1002bf20 f   unitmain.obj
 0001:0002afb0       _trotter_2012              1002bfb0 f   unitmain.obj
 0001:0002b040       _wdbee                     1002c040 f   unitmain.obj
 0001:0002b150       _wdbee_2012                1002c150 f   unitmain.obj
 0001:0002b1e0       ??0TInfo@TOpponent@@QAE@XZ 1002c1e0 f i unitopponent.obj
 0001:0002b240       ??0TOpponent@@QAE@XZ       1002c240 f   unitopponent.obj
 0001:0002b2a0       ??1TOpponent@@QAE@XZ       1002c2a0 f   unitopponent.obj
 0001:0002b2e0       ?Car@TOpponent@@QAEPAUCarElt@@XZ 1002c2e0 f   unitopponent.obj
 0001:0002b320       ?Classify@TOpponent@@QAE_NQAUCarElt@@ABUTState@1@_NN@Z 1002c320 f   unitopponent.obj
 0001:0002cb00       ?Clear@TInfo@TOpponent@@QAEXXZ 1002db00 f i unitopponent.obj
 0001:0002cb60       ?Info@TOpponent@@QAEAAUTInfo@1@XZ 1002db60 f   unitopponent.obj
 0001:0002cba0       ?Info@TOpponent@@QBEABUTInfo@1@XZ 1002dba0 f   unitopponent.obj
 0001:0002cbe0       ?Initialise@TOpponent@@QAEXPAVTTrackDescription@@QAUSituation@@H@Z 1002dbe0 f   unitopponent.obj
 0001:0002cc90       ?Update@TOpponent@@QAEXQAUCarElt@@PAVTTeamManager@@NN@Z 1002dc90 f   unitopponent.obj
 0001:0002d8b0       ??0TParabel@@QAE@NNN@Z     1002e8b0 f   unitparabel.obj
 0001:0002d920       ??0TParabel@@QAE@NNNN@Z    1002e920 f   unitparabel.obj
 0001:0002d9c0       ??0TParabel@@QAE@XZ        1002e9c0 f   unitparabel.obj
 0001:0002da40       ??1TParabel@@QAE@XZ        1002ea40 f   unitparabel.obj
 0001:0002da80       ??GTParabel@@QBE?AV0@ABV0@@Z 1002ea80 f   unitparabel.obj
 0001:0002db50       ??HTParabel@@QBE?AV0@ABV0@@Z 1002eb50 f   unitparabel.obj
 0001:0002dc20       ?CalcMin@TParabel@@QBENXZ  1002ec20 f   unitparabel.obj
 0001:0002dc90       ?CalcY@TParabel@@QBENN@Z   1002ec90 f   unitparabel.obj
 0001:0002dd10       ?Set@TParabel@@QAEXNNN@Z   1002ed10 f   unitparabel.obj
 0001:0002dd80       ?Set@TParabel@@QAEXNNNN@Z  1002ed80 f   unitparabel.obj
 0001:0002de40       ?SmallestNonNegativeRoot@TParabel@@QBE_NAAN@Z 1002ee40 f   unitparabel.obj
 0001:0002df80       ?Solve@TParabel@@QBE_NNAAN0@Z 1002ef80 f   unitparabel.obj
 0001:0002e140       ??0TParam@@QAE@XZ          1002f140 f   unitparam.obj
 0001:0002e260       ??1TParam@@QAE@XZ          1002f260 f   unitparam.obj
 0001:0002e360       ?Initialize@TParam@@QAEXPAUCarElt@@PAVTDriver@@@Z 1002f360 f   unitparam.obj
 0001:0002e3f0       ?SetEmptyMass@TParam@@QAEXM@Z 1002f3f0 f   unitparam.obj
 0001:0002e450       ?Update@TParam@@QAEXXZ     1002f450 f   unitparam.obj
 0001:0002e4b0       ??0TPidController@@QAE@XZ  1002f4b0 f   unitpidctrl.obj
 0001:0002e580       ??1TPidController@@UAE@XZ  1002f580 f   unitpidctrl.obj
 0001:0002e5c0       ??_GTPidController@@UAEPAXI@Z 1002f5c0 f i unitpidctrl.obj
 0001:0002e5c0       ??_ETPidController@@UAEPAXI@Z 1002f5c0 f i unitpidctrl.obj
 0001:0002e630       ?Sample@TPidController@@QAENN@Z 1002f630 f   unitpidctrl.obj
 0001:0002e6b0       ?Sample@TPidController@@QAENNN@Z 1002f6b0 f   unitpidctrl.obj
 0001:0002e860       ??0TCarParam@@QAE@ABV0@@Z  1002f860 f i unitpit.obj
 0001:0002e950       ??0TPit@@QAE@PAVTDriver@@@Z 1002f950 f   unitpit.obj
 0001:0002eb70       ??0TPitLane@@QAE@XZ        1002fb70 f i unitpit.obj
 0001:0002ebd0       ??1TPit@@QAE@XZ            1002fbd0 f   unitpit.obj
 0001:0002ec40       ??1TPitLane@@UAE@XZ        1002fc40 f i unitpit.obj
 0001:0002ec90       ??_GTPitLane@@UAEPAXI@Z    1002fc90 f i unitpit.obj
 0001:0002ec90       ??_ETPitLane@@UAEPAXI@Z    1002fc90 f i unitpit.obj
 0001:0002ed00       ?CanStop@TPitLane@@QBE_NN@Z 1002fd00 f   unitpit.obj
 0001:0002edd0       ?Car@TDriver@@QAEPAUCarElt@@XZ 1002fdd0 f i unitpit.obj
 0001:0002ee10       ?DistToPitEntry@TPitLane@@QBENN@Z 1002fe10 f   unitpit.obj
 0001:0002eec0       ?DistToPitStop@TPitLane@@QBENN_N@Z 1002fec0 f   unitpit.obj
 0001:0002f0c0       ?GetInPit@TPit@@QAE_NXZ    100300c0 f i unitpit.obj
 0001:0002f100       ?GetPitOffset@TPit@@QAEMMM@Z 10030100 f   unitpit.obj
 0001:0002f1c0       ?GetPitstop@TPit@@QAE_NXZ  100301c0 f i unitpit.obj
 0001:0002f200       ?GetSpeedLimitBrake@TPit@@QAEMM@Z 10030200 f   unitpit.obj
 0001:0002f280       ?InPitSection@TPitLane@@QBE_NN@Z 10030280 f   unitpit.obj
 0001:0002f360       ?Init@TPitLane@@QAEXPAUCarElt@@@Z 10030360 f   unitpit.obj
 0001:0002f3c0       ?IsBetween@TPit@@QAE_NM@Z  100303c0 f   unitpit.obj
 0001:0002f4e0       ?IsTimeout@TPit@@QAE_NM@Z  100304e0 f   unitpit.obj
 0001:0002f5f0       ?MakePath@TPitLane@@QAEXPADPAVTClothoidLane@@ABVTParam@@H@Z 100305f0 f   unitpit.obj
 0001:000310a0       ?Overrun@TPitLane@@QBE_NN@Z 100320a0 f   unitpit.obj
 0001:00031180       ?SetInPit@TPit@@QAEX_N@Z   10032180 f i unitpit.obj
 0001:000311d0       ?SetPitstop@TPit@@QAEX_N@Z 100321d0 f   unitpit.obj
 0001:000312c0       ?SmoothPitPath@TPitLane@@QAEXXZ 100322c0 f   unitpit.obj
 0001:00031470       ?ToSplineCoord@TPit@@QAEMM@Z 10032470 f   unitpit.obj
 0001:00031500       ?ToSplinePos@TPitLane@@ABENN@Z 10032500 f   unitpit.obj
 0001:00031590       ?Track@TDriver@@QAEPAUtTrack@@XZ 10032590 f i unitpit.obj
 0001:000315d0       ?Update@TPit@@QAEXXZ       100325d0 f   unitpit.obj
 0001:000316b0       ??0TPitParam@@QAE@XZ       100326b0 f   unitpitparam.obj
 0001:000317a0       ??1TPitParam@@QAE@XZ       100327a0 f   unitpitparam.obj
 0001:000317e0       ??0TSection@@QAE@XZ        100327e0 f   unitsection.obj
 0001:00031850       ??1TSection@@QAE@XZ        10032850 f   unitsection.obj
 0001:00031890       ??0TAbstractStrategy@@QAE@XZ 10032890 f i unitstrategy.obj
 0001:00031910       ??0TSimpleStrategy@@QAE@XZ 10032910 f   unitstrategy.obj
 0001:00031a40       ??1TAbstractStrategy@@UAE@XZ 10032a40 f i unitstrategy.obj
 0001:00031a80       ??1TSimpleStrategy@@UAE@XZ 10032a80 f   unitstrategy.obj
 0001:00031b80       ??_GTAbstractStrategy@@UAEPAXI@Z 10032b80 f i unitstrategy.obj
 0001:00031b80       ??_ETAbstractStrategy@@UAEPAXI@Z 10032b80 f i unitstrategy.obj
 0001:00031bf0       ??_GTPit@@QAEPAXI@Z        10032bf0 f i unitstrategy.obj
 0001:00031c60       ??_GTSimpleStrategy@@UAEPAXI@Z 10032c60 f i unitstrategy.obj
 0001:00031c60       ??_ETSimpleStrategy@@UAEPAXI@Z 10032c60 f i unitstrategy.obj
 0001:00031cd0       ?CheckPitState@TSimpleStrategy@@UAEXM@Z 10032cd0 f   unitstrategy.obj
 0001:000321d0       ?GetMinLaps@TDriver@@QAEHXZ 100331d0 f i unitstrategy.obj
 0001:00032210       ?GetMinLaps@TTeam@TTeamManager@@QAEHPAUCarElt@@@Z 10033210 f i unitstrategy.obj
 0001:000322d0       ?GetTeam@TDriver@@QAEPAVTTeam@TTeamManager@@XZ 100332d0 f i unitstrategy.obj
 0001:00032310       ?GoToPit@TSimpleStrategy@@UAE_NXZ 10033310 f   unitstrategy.obj
 0001:00032380       ?Init@TSimpleStrategy@@QAEXPAVTDriver@@@Z 10033380 f   unitstrategy.obj
 0001:00032490       ?IsPitFree@TSimpleStrategy@@UAE_NXZ 10033490 f   unitstrategy.obj
 0001:000325c0       ?NeedPitStop@TSimpleStrategy@@UAE_NXZ 100335c0 f   unitstrategy.obj
 0001:00032ac0       ?PitRefuel@TSimpleStrategy@@UAEMXZ 10033ac0 f   unitstrategy.obj
 0001:00032d30       ?PitRelease@TAbstractStrategy@@QAEXXZ 10033d30 f   unitstrategy.obj
 0001:00032dc0       ?PitRepair@TSimpleStrategy@@UAEHXZ 10033dc0 f   unitstrategy.obj
 0001:00032e40       ?RepairWanted@TSimpleStrategy@@UAEHH@Z 10033e40 f   unitstrategy.obj
 0001:000330d0       ?SetFuelAtRaceStart@TSimpleStrategy@@UAENPAUtTrack@@PAPAXPAUSituation@@M@Z 100340d0 f   unitstrategy.obj
 0001:00033510       ?StartPitEntry@TSimpleStrategy@@UAE_NAAM@Z 10034510 f   unitstrategy.obj
 0001:00033740       ?StopPitEntry@TSimpleStrategy@@UAE_NM@Z 10034740 f   unitstrategy.obj
 0001:00033840       ?Update@TSimpleStrategy@@UAEXPAUCarElt@@@Z 10034840 f   unitstrategy.obj
 0001:00033ae0       ??0TSysFoo@@QAE@II@Z       10034ae0 f   unitsysfoo.obj
 0001:00033c70       ?Faltung@TSysFoo@@QAEMM@Z  10034c70 f   unitsysfoo.obj
 0001:00033d80       ?Get@TSysFoo@@AAEMH@Z      10034d80 f   unitsysfoo.obj
 0001:00033dd0       ?Normalize@TSysFoo@@QAEXXZ 10034dd0 f   unitsysfoo.obj
 0001:00033ed0       ?Put@TSysFoo@@AAEXHM@Z     10034ed0 f   unitsysfoo.obj
 0001:00033f50       ?Reset@TSysFoo@@QAEXXZ     10034f50 f   unitsysfoo.obj
 0001:00033fd0       ??0TTeam@TTeamManager@@QAE@XZ 10034fd0 f i unitteammanager.obj
 0001:00034080       ??0TTeamManager@@QAE@XZ    10035080 f   unitteammanager.obj
 0001:000340d0       ??1TTeamManager@@QAE@XZ    100350d0 f   unitteammanager.obj
 0001:00034120       ?Add@TTeamManager@@QAEPAVTTeam@1@PAUCarElt@@@Z 10035120 f   unitteammanager.obj
 0001:00034490       ?Clear@TTeamManager@@QAEXXZ 10035490 f   unitteammanager.obj
 0001:000345b0       ?IsTeamMate@TTeamManager@@QBE_NPBUCarElt@@0@Z 100355b0 f   unitteammanager.obj
 0001:00034640       ?Team@TTeamManager@@QAEPAVTTeam@1@H@Z 10035640 f   unitteammanager.obj
 0001:00034690       ??0TTmpCarParam@@QAE@XZ    10035690 f   unittmpcarparam.obj
 0001:00034720       ??1TTmpCarParam@@QAE@XZ    10035720 f   unittmpcarparam.obj
 0001:00034760       ?Initialize@TTmpCarParam@@QAEXPAUCarElt@@@Z 10035760 f   unittmpcarparam.obj
 0001:000347b0       ?Needed@TTmpCarParam@@QAE_NXZ 100357b0 f   unittmpcarparam.obj
 0001:000348b0       ?Update@TTmpCarParam@@QAEXXZ 100358b0 f   unittmpcarparam.obj
 0001:00034990       ?floor@@YAMM@Z             10035990 f i unittmpcarparam.obj
 0001:000349f0       _floorf                    100359f0 f i unittmpcarparam.obj
 0001:00034a70       ??0TTrackDescription@@QAE@XZ 10035a70 f   unittrack.obj
 0001:00034b10       ??0TVec3d@@QAE@ABUt3Dd@@@Z 10035b10 f i unittrack.obj
 0001:00034ba0       ??1TTrackDescription@@QAE@XZ 10035ba0 f   unittrack.obj
 0001:00034c40       ??ATTrackDescription@@QBEABVTSection@@H@Z 10035c40 f   unittrack.obj
 0001:00034c90       ??G?$v3t@N@@QBE?AV0@XZ     10035c90 f i unittrack.obj
 0001:00034d40       ??K?$v3t@N@@QBE?AV0@N@Z    10035d40 f i unittrack.obj
 0001:00034df0       ??_ETSection@@QAEPAXI@Z    10035df0 f i unittrack.obj
 0001:00034eb0       ?BuildPos2SecIndex@TTrackDescription@@AAEXXZ 10035eb0 f   unittrack.obj
 0001:00035020       ?CalcPos@TTrackDescription@@QBENAAUtTrkLocPos@@N@Z 10036020 f   unittrack.obj
 0001:000350c0       ?CalcPos@TTrackDescription@@QBENMMPBVTSection@@_N@Z 100360c0 f   unittrack.obj
 0001:000351b0       ?CalcPos@TTrackDescription@@QBENPAUCarElt@@N@Z 100361b0 f   unittrack.obj
 0001:00035250       ?Count@TTrackDescription@@QBEHXZ 10036250 f   unittrack.obj
 0001:00035290       ?Execute@TTrackDescription@@QAEXXZ 10036290 f   unittrack.obj
 0001:00035980       ?ForwardAngle@TTrackDescription@@QBENN@Z 10036980 f   unittrack.obj
 0001:00035b10       ?Friction@TTrackDescription@@QBENH@Z 10036b10 f   unittrack.obj
 0001:00035b60       ?IndexFromPos@TTrackDescription@@QBEHN@Z 10036b60 f   unittrack.obj
 0001:00035cf0       ?InitTrack@TTrackDescription@@QAEXPAUtTrack@@AAVTCarParam@@MPAUPitSideMod@1@@Z 10036cf0 f   unittrack.obj
 0001:00037270       ?LearnFriction@TTrackDescription@@QBENHNN@Z 10038270 f   unittrack.obj
 0001:000373a0       ?Length@TTrackDescription@@QBENXZ 100383a0 f   unittrack.obj
 0001:000373e0       ?MeanSectionLen@TTrackDescription@@QBENXZ 100383e0 f   unittrack.obj
 0001:00037420       ?NbrOfSections@TTrackDescription@@AAEHN_N@Z 10038420 f   unittrack.obj
 0001:000374d0       ?Normale@TTrackDescription@@QBE?AVTVec2d@@N@Z 100384d0 f   unittrack.obj
 0001:00037620       ?NormalizeDir@TTrackDescription@@ABEXPBUtrackSeg@@NAANAAVTVec3d@@2@Z 10038620 f   unittrack.obj
 0001:00037b80       ?NormalizePos@TTrackDescription@@QBENN@Z 10038b80 f   unittrack.obj
 0001:00037c30       ?Section@TTrackDescription@@QBEABVTSection@@H@Z 10038c30 f   unittrack.obj
 0001:00037c80       ?SmoothSides@TTrackDescription@@QAEXN@Z 10038c80 f   unittrack.obj
 0001:00038020       ?Track@TTrackDescription@@QAEPAUtTrack@@XZ 10039020 f   unittrack.obj
 0001:00038060       ?Track@TTrackDescription@@QBEPBUtTrack@@XZ 10039060 f   unittrack.obj
 0001:000380a0       ?Width@TTrackDescription@@QBENXZ 100390a0 f   unittrack.obj
 0001:000380e0       ?GfParmGetNum@@YAMPAXPBD11M@Z 100390e0 f   tgf:tgf.dll
 0001:000380e6       ?GfParmReadFile@@YAPAXPBDH@Z 100390e6 f   tgf:tgf.dll
 0001:000380ec       ?GfParmMergeHandles@@YAPAXPAX0H@Z 100390ec f   tgf:tgf.dll
 0001:000380f2       ?_tgf_win_malloc@@YAPAXI@Z 100390f2 f   tgf:tgf.dll
 0001:000380f8       ?_tgf_win_free@@YAXPAX@Z   100390f8 f   tgf:tgf.dll
 0001:000380fe       ?_tgf_win_strdup@@YAPADPBD@Z 100390fe f   tgf:tgf.dll
 0001:00038104       ?GfParmGetStr@@YAPBDPAXPBD11@Z 10039104 f   tgf:tgf.dll
 0001:0003810a       ?GfParmGetEltNb@@YAHPAXPBD@Z 1003910a f   tgf:tgf.dll
 0001:00038110       ?GetLocalDir@@YAPADXZ      10039110 f   tgf:tgf.dll
 0001:00038116       ?GfCreateDir@@YAHPAD@Z     10039116 f   tgf:tgf.dll
 0001:0003811c       ?GfParmSetNum@@YAHPAXPBD11M@Z 1003911c f   tgf:tgf.dll
 0001:00038122       ?RtTrackGlobal2Local@@YAXPAUtrackSeg@@MMPAUtTrkLocPos@@H@Z 10039122 f   robottools:robottools.dll
 0001:00038128       ?RtTrackHeightL@@YAMPAUtTrkLocPos@@@Z 10039128 f   robottools:robottools.dll
 0001:0003812e       ?RtTrackSideTgAngleL@@YAMPAUtTrkLocPos@@@Z 1003912e f   robottools:robottools.dll
 0001:00038134       ?RtGetDistFromStart@@YAMPAUCarElt@@@Z 10039134 f   robottools:robottools.dll
 0001:0003813a       ?RtDistToPit@@YAHPAUCarElt@@PAUtTrack@@PAM2@Z 1003913a f   robottools:robottools.dll
 0001:00038140       ?RtGetDistFromStart2@@YAMPAUtTrkLocPos@@@Z 10039140 f   robottools:robottools.dll
 0001:00038150       ?sgdSqrt@@YANN@Z           10039150 f i sg_vs2008_32:sgd.obj
 0001:00038160       ?sgdSquare@@YANN@Z         10039160 f i sg_vs2008_32:sgd.obj
 0001:00038170       ?sgdAbs@@YANN@Z            10039170 f i sg_vs2008_32:sgd.obj
 0001:00038190       ?sgdASin@@YANN@Z           10039190 f i sg_vs2008_32:sgd.obj
 0001:000381a0       ?sgdACos@@YANN@Z           100391a0 f i sg_vs2008_32:sgd.obj
 0001:000381b0       ?sgdATan2@@YANNN@Z         100391b0 f i sg_vs2008_32:sgd.obj
 0001:000381d0       ?sgdSin@@YANN@Z            100391d0 f i sg_vs2008_32:sgd.obj
 0001:000381e0       ?sgdCos@@YANN@Z            100391e0 f i sg_vs2008_32:sgd.obj
 0001:000381f0       ?sgdZeroVec3@@YAXQAN@Z     100391f0 f i sg_vs2008_32:sgd.obj
 0001:00038200       ?sgdSetVec3@@YAXQANNNN@Z   10039200 f i sg_vs2008_32:sgd.obj
 0001:00038220       ?sgdSetVec4@@YAXQANNNNN@Z  10039220 f i sg_vs2008_32:sgd.obj
 0001:00038240       ?sgdCopyVec3@@YAXQANQBN@Z  10039240 f i sg_vs2008_32:sgd.obj
 0001:00038260       ?sgdCopyVec4@@YAXQANQBN@Z  10039260 f i sg_vs2008_32:sgd.obj
 0001:00038280       ?sgdAddVec3@@YAXQANQBN1@Z  10039280 f i sg_vs2008_32:sgd.obj
 0001:000382b0       ?sgdSubVec2@@YAXQANQBN1@Z  100392b0 f i sg_vs2008_32:sgd.obj
 0001:000382d0       ?sgdSubVec3@@YAXQANQBN1@Z  100392d0 f i sg_vs2008_32:sgd.obj
 0001:00038300       ?sgdNegateVec3@@YAXQAN@Z   10039300 f i sg_vs2008_32:sgd.obj
 0001:00038320       ?sgdScaleVec2@@YAXQANN@Z   10039320 f i sg_vs2008_32:sgd.obj
 0001:00038340       ?sgdScaleVec3@@YAXQANN@Z   10039340 f i sg_vs2008_32:sgd.obj
 0001:00038360       ?sgdScaleVec3@@YAXQANQBNN@Z 10039360 f i sg_vs2008_32:sgd.obj
 0001:00038390       ?sgdScaleVec4@@YAXQANQBNN@Z 10039390 f i sg_vs2008_32:sgd.obj
 0001:000383c0       ?sgdAddScaledVec3@@YAXQANQBN1N@Z 100393c0 f i sg_vs2008_32:sgd.obj
 0001:000383f0       ?sgdScalarProductVec2@@YANQBN0@Z 100393f0 f i sg_vs2008_32:sgd.obj
 0001:00038410       ?sgdScalarProductVec3@@YANQBN0@Z 10039410 f i sg_vs2008_32:sgd.obj
 0001:00038430       ?sgdScalarProductVec4@@YANQBN0@Z 10039430 f i sg_vs2008_32:sgd.obj
 0001:00038460       ?sgdDistanceSquaredVec3@@YANQBN0@Z 10039460 f i sg_vs2008_32:sgd.obj
 0001:00038490       ?sgdDistanceVec3@@YANQBN0@Z 10039490 f i sg_vs2008_32:sgd.obj
 0001:000384c0       ?sgdLengthVec2@@YANQBN@Z   100394c0 f i sg_vs2008_32:sgd.obj
 0001:000384e0       ?sgdLengthVec3@@YANQBN@Z   100394e0 f i sg_vs2008_32:sgd.obj
 0001:00038510       ?sgdNormaliseVec2@@YAXQAN@Z 10039510 f i sg_vs2008_32:sgd.obj
 0001:00038540       ?sgdNormaliseVec3@@YAXQAN@Z 10039540 f i sg_vs2008_32:sgd.obj
 0001:00038580       ?sgdNormaliseVec3@@YAXQANQBN@Z 10039580 f i sg_vs2008_32:sgd.obj
 0001:000385c0       ?sgdCopyMat4@@YAXQAY03NQAY03$$CBN@Z 100395c0 f i sg_vs2008_32:sgd.obj
 0001:00038630       ?sgdScaleMat4@@YAXQAY03NQAY03$$CBNN@Z 10039630 f i sg_vs2008_32:sgd.obj
 0001:000386c0       ?sgdMakeIdentMat4@@YAXQAY03N@Z 100396c0 f i sg_vs2008_32:sgd.obj
 0001:00038700       ?sgdLineSegment3ToLine3@@YAXPAUsgdLine3@@UsgdLineSegment3@@@Z 10039700 f i sg_vs2008_32:sgd.obj
 0001:00038770       ?sgdAngleBetweenNormalizedVec3@@YANQAN0@Z 10039770 f i sg_vs2008_32:sgd.obj
 0001:000387e0       ?getCenter@sgdSphere@@QBEPBNXZ 100397e0 f i sg_vs2008_32:sgd.obj
 0001:000387f0       ?getRadius@sgdSphere@@QBENXZ 100397f0 f i sg_vs2008_32:sgd.obj
 0001:00038800       ?isEmpty@sgdSphere@@QBEHXZ 10039800 f i sg_vs2008_32:sgd.obj
 0001:00038820       ?getMin@sgdBox@@QBEPBNXZ   10039820 f i sg_vs2008_32:sgd.obj
 0001:00038830       ?getMax@sgdBox@@QBEPBNXZ   10039830 f i sg_vs2008_32:sgd.obj
 0001:00038840       ?isEmpty@sgdBox@@QBEHXZ    10039840 f i sg_vs2008_32:sgd.obj
 0001:00038870       ?sgdVectorProductVec3@@YAXQANQBN1@Z 10039870 f   sg_vs2008_32:sgd.obj
 0001:000388b0       ?_sgdClampToUnity@@YANN@Z  100398b0 f i sg_vs2008_32:sgd.obj
 0001:000388e0       ?sgdCompare3DSqdDist@@YAHQBN0N@Z 100398e0 f   sg_vs2008_32:sgd.obj
 0001:00038940       ?sgdMakeRotMat4@@YAXQAY03NNQBN@Z 10039940 f   sg_vs2008_32:sgd.obj
 0001:00038a70       ?sgdMakePickMatrix@@YAXQAY03NNNNNQAN@Z 10039a70 f   sg_vs2008_32:sgd.obj
 0001:00038af0       ?sgdMakeLookAtMat4@@YAXQAY03NQBN11@Z 10039af0 f   sg_vs2008_32:sgd.obj
 0001:00038c70       ?sgdAngleBetweenVec3@@YANQAN0@Z 10039c70 f   sg_vs2008_32:sgd.obj
 0001:00038d10       ?sgdAngleBetweenNormalizedVec3@@YANQAN00@Z 10039d10 f   sg_vs2008_32:sgd.obj
 0001:00038ea0       ?sgdAngleBetweenVec3@@YANQAN00@Z 10039ea0 f   sg_vs2008_32:sgd.obj
 0001:00038f40       ?extend@sgdBox@@QAEXQBN@Z  10039f40 f   sg_vs2008_32:sgd.obj
 0001:00039010       ?extend@sgdBox@@QAEXPBV1@@Z 1003a010 f   sg_vs2008_32:sgd.obj
 0001:000390a0       ?extend@sgdBox@@QAEXPBVsgdSphere@@@Z 1003a0a0 f   sg_vs2008_32:sgd.obj
 0001:00039110       ?intersects@sgdBox@@QBEHQBN@Z 1003a110 f   sg_vs2008_32:sgd.obj
 0001:00039250       ?extend@sgdSphere@@QAEXQBN@Z 1003a250 f   sg_vs2008_32:sgd.obj
 0001:00039300       ?extend@sgdSphere@@QAEXPBVsgdBox@@@Z 1003a300 f   sg_vs2008_32:sgd.obj
 0001:00039490       ?extend@sgdSphere@@QAEXPBV1@@Z 1003a490 f   sg_vs2008_32:sgd.obj
 0001:00039560       ?intersects@sgdSphere@@QBEHPBVsgdBox@@@Z 1003a560 f   sg_vs2008_32:sgd.obj
 0001:00039610       ?update@sgdFrustum@@AAEXXZ 1003a610 f   sg_vs2008_32:sgd.obj
 0001:00039a10       ?contains@sgdFrustum@@QBEHPBVsgdSphere@@@Z 1003aa10 f   sg_vs2008_32:sgd.obj
 0001:00039b80       ?sgdDistSquaredToLineVec3@@YANUsgdLine3@@QBN@Z 1003ab80 f   sg_vs2008_32:sgd.obj
 0001:00039bc0       ?sgdDistSquaredToLineSegmentVec3@@YANUsgdLineSegment3@@QBN@Z 1003abc0 f   sg_vs2008_32:sgd.obj
 0001:00039cd0       ?sgdMakeCoordMat4@@YAXQAY03NNNNNNN@Z 1003acd0 f   sg_vs2008_32:sgd.obj
 0001:00039e90       ?sgdMakeTransMat4@@YAXQAY03NQBN@Z 1003ae90 f   sg_vs2008_32:sgd.obj
 0001:00039ee0       ?sgdMakeTransMat4@@YAXQAY03NNNN@Z 1003aee0 f   sg_vs2008_32:sgd.obj
 0001:00039f30       ?sgdSetCoord@@YAXPAUsgdCoord@@QAY03$$CBN@Z 1003af30 f   sg_vs2008_32:sgd.obj
 0001:0003a230       ?sgdMakeNormal@@YAXQANQBN1@Z 1003b230 f   sg_vs2008_32:sgd.obj
 0001:0003a280       ?sgdMakeNormal@@YAXQANQBN11@Z 1003b280 f   sg_vs2008_32:sgd.obj
 0001:0003a320       ?sgdMultMat4@@YAXQAY03NQAY03$$CBN1@Z 1003b320 f   sg_vs2008_32:sgd.obj
 0001:0003a3d0       ?sgdTransposeNegateMat4@@YAXQAY03NQAY03$$CBN@Z 1003b3d0 f   sg_vs2008_32:sgd.obj
 0001:0003a470       ?sgdTransposeNegateMat4@@YAXQAY03N@Z 1003b470 f   sg_vs2008_32:sgd.obj
 0001:0003a4a0       ?sgdInvertMat4@@YAXQAY03NQAY03$$CBN@Z 1003b4a0 f   sg_vs2008_32:sgd.obj
 0001:0003a6c0       ?sgdXformVec3@@YAXQANQBNQAY03$$CBN@Z 1003b6c0 f   sg_vs2008_32:sgd.obj
 0001:0003a720       ?sgdXformPnt3@@YAXQANQBNQAY03$$CBN@Z 1003b720 f   sg_vs2008_32:sgd.obj
 0001:0003a780       ?sgdXformPnt4@@YAXQANQBNQAY03$$CBN@Z 1003b780 f   sg_vs2008_32:sgd.obj
 0001:0003a810       ?sgdFullXformPnt3@@YAXQANQBNQAY03$$CBN@Z 1003b810 f   sg_vs2008_32:sgd.obj
 0001:0003a870       ?sgdHPRfromVec3@@YAXQAN0@Z 1003b870 f   sg_vs2008_32:sgd.obj
 0001:0003a910       ?sgdQuatToAngleAxis@@YAXPANQANQBN@Z 1003b910 f   sg_vs2008_32:sgd.obj
 0001:0003a990       ?sgdAngleAxisToQuat@@YAXQANNQBN@Z 1003b990 f   sg_vs2008_32:sgd.obj
 0001:0003aa30       ?sgdMatrixToQuat@@YAXQANQAY03$$CBN@Z 1003ba30 f   sg_vs2008_32:sgd.obj
 0001:0003ab90       ?sgdMultQuat@@YAXQANQBN1@Z 1003bb90 f   sg_vs2008_32:sgd.obj
 0001:0003ac60       ?sgdMultQuat2@@YAXQANQBN1@Z 1003bc60 f   sg_vs2008_32:sgd.obj
 0001:0003ad30       ?sgdEulerToQuat@@YAXQANQBN@Z 1003bd30 f   sg_vs2008_32:sgd.obj
 0001:0003ae20       ?sgdQuatToEuler@@YAXQANQBN@Z 1003be20 f   sg_vs2008_32:sgd.obj
 0001:0003af80       ?sgdQuatToMatrix@@YAXQAY03NQBN@Z 1003bf80 f   sg_vs2008_32:sgd.obj
 0001:0003b050       ?sgdMakeRotMat42@@YAXQAY03NQAN@Z 1003c050 f   sg_vs2008_32:sgd.obj
 0001:0003b120       ?sgdSlerpQuat2@@YAXQANQBN1N@Z 1003c120 f   sg_vs2008_32:sgd.obj
 0001:0003b240       ?sgdSlerpQuat@@YAXQANQBN1N@Z 1003c240 f   sg_vs2008_32:sgd.obj
 0001:0003b330       ?sgdRotateVecQuat@@YAXQAN0@Z 1003c330 f   sg_vs2008_32:sgd.obj
 0001:0003b420       ?sgdRotateCoordQuat@@YAXQAN0@Z 1003c420 f   sg_vs2008_32:sgd.obj
 0001:0003b510       ?sgdDistSquaredToLineLineSegment@@YANUsgdLineSegment3@@UsgdLine3@@@Z 1003c510 f   sg_vs2008_32:sgd.obj
 0001:0003b720       ?sgdReflectInPlaneVec3@@YAXQANQBN1@Z 1003c720 f   sg_vs2008_32:sgd.obj
 0001:0003b770       ?sgdClassifyMat4@@YAHQAY03$$CBN@Z 1003c770 f   sg_vs2008_32:sgd.obj
 0001:0003ba30       ?sgdTriangleSolver_SAStoArea@@YANNNN@Z 1003ca30 f   sg_vs2008_32:sgd.obj
 0001:0003ba50       ?sgdTriangleSolver_SSStoArea@@YANNNN@Z 1003ca50 f   sg_vs2008_32:sgd.obj
 0001:0003baa0       ?sgdTriangleSolver_SSStoAAA@@YAXNNNPAN00@Z 1003caa0 f   sg_vs2008_32:sgd.obj
 0001:0003bc40       ?sgdTriangleSolver_SAStoASA@@YAXNNNPAN00@Z 1003cc40 f   sg_vs2008_32:sgd.obj
 0001:0003bcc0       ?sgdTriangleSolver_ASAtoSAS@@YAXNNNPAN00@Z 1003ccc0 f   sg_vs2008_32:sgd.obj
 0001:0003bd70       ?sgdTriangleSolver_ASStoSAA@@YAXNNNHPAN00@Z 1003cd70 f   sg_vs2008_32:sgd.obj
 0001:0003be00       ?sgdTriangleSolver_SAAtoASS@@YAXNNNPAN00@Z 1003ce00 f   sg_vs2008_32:sgd.obj
 0001:0003be50       ?sgdTriArea@@YANQAN00@Z    1003ce50 f   sg_vs2008_32:sgd.obj
 0001:0003bf30       ?getOutcode@sgdFrustum@@ABEHQBN@Z 1003cf30 f   sg_vs2008_32:sgd.obj
 0001:0003c010       ?contains@sgdFrustum@@QBEHQBN@Z 1003d010 f   sg_vs2008_32:sgd.obj
 0001:0003c030       ?contains@sgdFrustum@@QBEHPBVsgdBox@@@Z 1003d030 f   sg_vs2008_32:sgd.obj
 0001:0003c150       ?sgdPreMultMat4@@YAXQAY03NQAY03$$CBN@Z 1003d150 f   sg_vs2008_32:sgd.obj
 0001:0003c190       ?sgdPostMultMat4@@YAXQAY03NQAY03$$CBN@Z 1003d190 f   sg_vs2008_32:sgd.obj
 0001:0003c1d0       ?sgdQuatToAngleAxis@@YAXPAN000QBN@Z 1003d1d0 f   sg_vs2008_32:sgd.obj
 0001:0003c210       ?sgdAngleAxisToQuat@@YAXQANNNNN@Z 1003d210 f   sg_vs2008_32:sgd.obj
 0001:0003c250       ?sgdTriangleSolver_ASAtoArea@@YANNNN@Z 1003d250 f   sg_vs2008_32:sgd.obj
 0001:0003c2c0       ?sgdTriangleSolver_ASStoArea@@YANNNNH@Z 1003d2c0 f   sg_vs2008_32:sgd.obj
 0001:0003c320       ?sgdTriangleSolver_SAAtoArea@@YANNNN@Z 1003d320 f   sg_vs2008_32:sgd.obj
 0001:0003c380       ?ulSetError@@YAXW4ulSeverity@@PBDZZ 1003d380 f   ul_vs2008_32:ulError.obj
 0001:0003c3f0       ?ulGetError@@YAPADXZ       1003d3f0 f   ul_vs2008_32:ulError.obj
 0001:0003c400       ?ulClearError@@YAXXZ       1003d400 f   ul_vs2008_32:ulError.obj
 0001:0003c410       ?ulGetErrorCallback@@YAP6AXW4ulSeverity@@PAD@ZXZ 1003d410 f   ul_vs2008_32:ulError.obj
 0001:0003c420       ?ulSetErrorCallback@@YAXP6AXW4ulSeverity@@PAD@Z@Z 1003d420 f   ul_vs2008_32:ulError.obj
 0001:0003c42a       _QueryPerformanceCounter@4 1003d42a f   kernel32:KERNEL32.dll
 0001:0003c430       _QueryPerformanceFrequency@4 1003d430 f   kernel32:KERNEL32.dll
 0001:0003c440       __CIsqrt                   1003d440 f   LIBCMTD:sqrt.obj
 0001:0003c454       _sqrt                      1003d454     LIBCMTD:sqrt.obj
 0001:0003c500       @_RTC_AllocaHelper@12      1003d500 f   LIBCMTD:stack.obj
 0001:0003c540       @_RTC_CheckStackVars2@12   1003d540 f   LIBCMTD:stack.obj
 0001:0003c620       @_RTC_CheckStackVars@8     1003d620 f   LIBCMTD:stack.obj
 0001:0003c680       __RTC_CheckEsp             1003d680 f   LIBCMTD:stack.obj
 0001:0003c6b0       __RTC_InitBase             1003d6b0 f   LIBCMTD:init.obj
 0001:0003c6e0       __RTC_Shutdown             1003d6e0 f   LIBCMTD:init.obj
 0001:0003c700       ??0type_info@@AAE@ABV0@@Z  1003d700 f   LIBCMTD:typinfo.obj
 0001:0003c720       ??1type_info@@UAE@XZ       1003d720 f   LIBCMTD:typinfo.obj
 0001:0003c740       ??4type_info@@AAEAAV0@ABV0@@Z 1003d740 f   LIBCMTD:typinfo.obj
 0001:0003c750       ??8type_info@@QBE_NABV0@@Z 1003d750 f   LIBCMTD:typinfo.obj
 0001:0003c790       ??9type_info@@QBE_NABV0@@Z 1003d790 f   LIBCMTD:typinfo.obj
 0001:0003c7d0       ??_Etype_info@@UAEPAXI@Z   1003d7d0 f i LIBCMTD:typinfo.obj
 0001:0003c7d0       ??_Gtype_info@@UAEPAXI@Z   1003d7d0 f i LIBCMTD:typinfo.obj
 0001:0003c800       ?_name_internal_method@type_info@@QBEPBDPAU__type_info_node@@@Z 1003d800 f   LIBCMTD:typinfo.obj
 0001:0003c820       ?_type_info_dtor_internal_method@type_info@@QAEXXZ 1003d820 f   LIBCMTD:typinfo.obj
 0001:0003c840       ?before@type_info@@QBE_NABV1@@Z 1003d840 f   LIBCMTD:typinfo.obj
 0001:0003c880       ?name@type_info@@QBEPBDPAU__type_info_node@@@Z 1003d880 f   LIBCMTD:typinfo.obj
 0001:0003c8a0       ?raw_name@type_info@@QBEPBDXZ 1003d8a0 f   LIBCMTD:typinfo.obj
 0001:0003c8c0       __fpmath                   1003d8c0 f   LIBCMTD:fpinit.obj
 0001:0003c8e0       ___setfflag                1003d8e0 f   LIBCMTD:fpinit.obj
 0001:0003c900       __cfltcvt_init             1003d900 f   LIBCMTD:fpinit.obj
 0001:0003c9c0       ??0bad_alloc@std@@QAE@ABV01@@Z 1003d9c0 f i LIBCMTD:new.obj
 0001:0003c9f0       ??0bad_alloc@std@@QAE@XZ   1003d9f0 f i LIBCMTD:new.obj
 0001:0003ca20       ??1bad_alloc@std@@UAE@XZ   1003da20 f i LIBCMTD:new.obj
 0001:0003ca40       ??2@YAPAXI@Z               1003da40 f   LIBCMTD:new.obj
 0001:0003ca90       ??_Gbad_alloc@std@@UAEPAXI@Z 1003da90 f i LIBCMTD:new.obj
 0001:0003ca90       ??_Ebad_alloc@std@@UAEPAXI@Z 1003da90 f i LIBCMTD:new.obj
 0001:0003cac0       ??3@YAXPAX@Z               1003dac0 f   LIBCMTD:dbgdel.obj
 0001:0003cbb0       _floor                     1003dbb0 f   LIBCMTD:floor_pentium4.obj
 0001:0003cbf0       __floor_pentium4           1003dbf0 f   LIBCMTD:floor_pentium4.obj
 0001:0003cce0       _memset                    1003dce0 f   LIBCMTD:memset.obj
 0001:0003cd70       __fclose_nolock            1003dd70 f   LIBCMTD:fclose.obj
 0001:0003ce80       _fclose                    1003de80 f   LIBCMTD:fclose.obj
 0001:0003cfa0       __fsopen                   1003dfa0 f   LIBCMTD:fopen.obj
 0001:0003d1f0       _fopen                     1003e1f0 f   LIBCMTD:fopen.obj
 0001:0003d210       _fopen_s                   1003e210 f   LIBCMTD:fopen.obj
 0001:0003d2d0       __fprintf_l                1003e2d0 f   LIBCMTD:fprintf.obj
 0001:0003d300       __fprintf_p                1003e300 f   LIBCMTD:fprintf.obj
 0001:0003d330       __fprintf_p_l              1003e330 f   LIBCMTD:fprintf.obj
 0001:0003d360       __fprintf_s_l              1003e360 f   LIBCMTD:fprintf.obj
 0001:0003d390       _fprintf                   1003e390 f   LIBCMTD:fprintf.obj
 0001:0003d660       _fprintf_s                 1003e660 f   LIBCMTD:fprintf.obj
 0001:0003d690       __fread_nolock             1003e690 f   LIBCMTD:fread.obj
 0001:0003d6b0       __fread_nolock_s           1003e6b0 f   LIBCMTD:fread.obj
 0001:0003dce0       _fread                     1003ece0 f   LIBCMTD:fread.obj
 0001:0003dd00       _fread_s                   1003ed00 f   LIBCMTD:fread.obj
 0001:0003de50       __fwrite_nolock            1003ee50 f   LIBCMTD:fwrite.obj
 0001:0003e260       _fwrite                    1003f260 f   LIBCMTD:fwrite.obj
 0001:0003e380       __get_printf_count_output  1003f380 f   LIBCMTD:printf.obj
 0001:0003e3b0       __printf_l                 1003f3b0 f   LIBCMTD:printf.obj
 0001:0003e3e0       __printf_p                 1003f3e0 f   LIBCMTD:printf.obj
 0001:0003e400       __printf_p_l               1003f400 f   LIBCMTD:printf.obj
 0001:0003e430       __printf_s_l               1003f430 f   LIBCMTD:printf.obj
 0001:0003e460       __set_printf_count_output  1003f460 f   LIBCMTD:printf.obj
 0001:0003e4c0       _printf                    1003f4c0 f   LIBCMTD:printf.obj
 0001:0003e630       _printf_s                  1003f630 f   LIBCMTD:printf.obj
 0001:0003e650       __scprintf                 1003f650 f   LIBCMTD:sprintf.obj
 0001:0003e670       __scprintf_l               1003f670 f   LIBCMTD:sprintf.obj
 0001:0003e6a0       __scprintf_p               1003f6a0 f   LIBCMTD:sprintf.obj
 0001:0003e6c0       __scprintf_p_l             1003f6c0 f   LIBCMTD:sprintf.obj
 0001:0003e6f0       __snprintf_s               1003f6f0 f   LIBCMTD:sprintf.obj
 0001:0003e720       __snprintf_s_l             1003f720 f   LIBCMTD:sprintf.obj
 0001:0003e750       __sprintf_l                1003f750 f   LIBCMTD:sprintf.obj
 0001:0003e780       __sprintf_p                1003f780 f   LIBCMTD:sprintf.obj
 0001:0003e7b0       __sprintf_p_l              1003f7b0 f   LIBCMTD:sprintf.obj
 0001:0003e7e0       __sprintf_s_l              1003f7e0 f   LIBCMTD:sprintf.obj
 0001:0003e810       _sprintf                   1003f810 f   LIBCMTD:sprintf.obj
 0001:0003e9d0       _sprintf_s                 1003f9d0 f   LIBCMTD:sprintf.obj
 0001:0003ea00       _fabs                      1003fa00 f   LIBCMTD:fabs.obj
 0001:0003eb00       __cabs                     1003fb00 f   LIBCMTD:hypot.obj
 0001:0003eb30       __hypot                    1003fb30 f   LIBCMTD:hypot.obj
 0001:0003ee90       @__security_check_cookie@4 1003fe90 f   LIBCMTD:secchk.obj
 0001:0003efa0       ?_CallCatchBlock2@@YAPAXPAUEHRegistrationNode@@PBU_s_FuncInfo@@PAXHK@Z 1003ffa0 f   LIBCMTD:_trnsctrl_.obj
 0001:0003f010       ?_CallMemberFunction0@@YGXPAX0@Z 10040010 f   LIBCMTD:_trnsctrl_.obj
 0001:0003f020       ?_CallMemberFunction1@@YGXPAX00@Z 10040020 f   LIBCMTD:_trnsctrl_.obj
 0001:0003f030       ?_CallMemberFunction2@@YGXPAX00H@Z 10040030 f   LIBCMTD:_trnsctrl_.obj
 0001:0003f040       ?_CallSETranslator@@YAHPAUEHExceptionRecord@@PAUEHRegistrationNode@@PAX2PBU_s_FuncInfo@@H1@Z 10040040 f   LIBCMTD:_trnsctrl_.obj
 0001:0003f130       ?_GetRangeOfTrysToCheck@@YAPBU_s_TryBlockMapEntry@@PBU_s_FuncInfo@@HHPAI1@Z 10040130 f   LIBCMTD:_trnsctrl_.obj
 0001:0003f1c0       ?_JumpToContinuation@@YGXPAXPAUEHRegistrationNode@@@Z 100401c0 f   LIBCMTD:_trnsctrl_.obj
 0001:0003f200       ?_UnwindNestedFrames@@YGXPAUEHRegistrationNode@@PAUEHExceptionRecord@@@Z 10040200 f   LIBCMTD:_trnsctrl_.obj
 0001:0003f260       __CreateFrameInfo          10040260 f   LIBCMTD:_trnsctrl_.obj
 0001:0003f290       __FindAndUnlinkFrame       10040290 f   LIBCMTD:_trnsctrl_.obj
 0001:0003f2f0       __IsExceptionObjectToBeDestroyed 100402f0 f   LIBCMTD:_trnsctrl_.obj
 0001:0003f320       ___CxxFrameHandler         10040320 f   LIBCMTD:_trnsctrl_.obj
 0001:0003f360       ___CxxFrameHandler2        10040360 f   LIBCMTD:_trnsctrl_.obj
 0001:0003f3a0       ___CxxFrameHandler3        100403a0 f   LIBCMTD:_trnsctrl_.obj
 0001:0003f3e0       ___CxxLongjmpUnwind@4      100403e0 f   LIBCMTD:_trnsctrl_.obj
 0001:0003f410       __ftol2_sse                10040410 f   LIBCMTD:ftol2.obj
 0001:0003f419       __ftol2_pentium4           10040419 f   LIBCMTD:ftol2.obj
 0001:0003f42c       __ftol2_sse_excpt          1004042c f   LIBCMTD:ftol2.obj
 0001:0003f446       __ftol2                    10040446 f   LIBCMTD:ftol2.obj
 0001:0003f4c0       _atan2                     100404c0 f   LIBCMTD:87ctriga.obj
 0001:0003f4ca       __CIatan2                  100404ca f   LIBCMTD:87ctriga.obj
 0001:0003f4e0       ??_L@YGXPAXIHP6EX0@Z1@Z    100404e0 f   LIBCMTD:ehvecctr.obj
 0001:0003f590       ??_M@YGXPAXIHP6EX0@Z@Z     10040590 f   LIBCMTD:ehvecdtr.obj
 0001:0003f670       ?__ArrayUnwind@@YGXPAXIHP6EX0@Z@Z 10040670 f   LIBCMTD:ehvecdtr.obj
 0001:0003f700       _atan                      10040700 f   LIBCMTD:atan.obj
 0001:0003f740       __CIatan                   10040740 f   LIBCMTD:atan.obj
 0001:0003f77b       __CIatan_default           1004077b f   LIBCMTD:atan.obj
 0001:0003f78f       __atan_default             1004078f     LIBCMTD:atan.obj
 0001:0003f820       _cos                       10040820 f   LIBCMTD:cos.obj
 0001:0003f860       __CIcos                    10040860 f   LIBCMTD:cos.obj
 0001:0003f89b       __CIcos_default            1004089b f   LIBCMTD:cos.obj
 0001:0003f8af       __cos_default              100408af     LIBCMTD:cos.obj
 0001:0003f950       _exp                       10040950 f   LIBCMTD:87ctran.obj
 0001:0003f98c       __CIexp                    1004098c f   LIBCMTD:87ctran.obj
 0001:0003f9c7       __exp_default              100409c7 f   LIBCMTD:87ctran.obj
 0001:0003f9d1       __CIexp_default            100409d1 f   LIBCMTD:87ctran.obj
 0001:0003f9e0       _sin                       100409e0 f   LIBCMTD:sin.obj
 0001:0003fa20       __CIsin                    10040a20 f   LIBCMTD:sin.obj
 0001:0003fa5b       __CIsin_default            10040a5b f   LIBCMTD:sin.obj
 0001:0003fa6f       __sin_default              10040a6f     LIBCMTD:sin.obj
 0001:0003fb10       __snprintf                 10040b10 f   LIBCMTD:snprintf.obj
 0001:0003fcf0       __snprintf_l               10040cf0 f   LIBCMTD:snprintf.obj
 0001:0003fd20       _strcmp                    10040d20 f   LIBCMTD:strcmp.obj
 0001:0003fdb0       _strncpy                   10040db0 f   LIBCMTD:strncpy.obj
 0001:0003fee0       _strrchr                   10040ee0 f   LIBCMTD:strrchr.obj
 0001:00040020       _memcpy                    10041020 f   LIBCMTD:memcpy.obj
 0001:00040670       _asin                      10041670 f   LIBCMTD:asin.obj
 0001:000406b0       __CIasin                   100416b0 f   LIBCMTD:asin.obj
 0001:000406eb       __CIasin_default           100416eb f   LIBCMTD:asin.obj
 0001:000406ff       __asin_default             100416ff     LIBCMTD:asin.obj
 0001:000407c0       ___onexitinit              100417c0 f   LIBCMTD:onexit.obj
 0001:00040820       __onexit                   10041820 f   LIBCMTD:onexit.obj
 0001:000409e0       _atexit                    100419e0 f   LIBCMTD:onexit.obj
 0001:00040a10       ___inittime                10041a10 f   LIBCMTD:clock.obj
 0001:00040a50       _clock                     10041a50 f   LIBCMTD:clock.obj
 0001:00040ab0       _ceil                      10041ab0 f   LIBCMTD:ceil_pentium4.obj
 0001:00040af0       __ceil_pentium4            10041af0 f   LIBCMTD:ceil_pentium4.obj
 0001:00040bd0       _strlen                    10041bd0 f   LIBCMTD:strlen.obj
 0001:00040c60       _tan                       10041c60 f   LIBCMTD:tan.obj
 0001:00040ca0       __CItan                    10041ca0 f   LIBCMTD:tan.obj
 0001:00040cdb       __CItan_default            10041cdb f   LIBCMTD:tan.obj
 0001:00040cef       __tan_default              10041cef     LIBCMTD:tan.obj
 0001:00040d90       __get_purecall_handler     10041d90 f   LIBCMTD:purevirt.obj
 0001:00040db0       __purecall                 10041db0 f   LIBCMTD:purevirt.obj
 0001:00040df0       __set_purecall_handler     10041df0 f   LIBCMTD:purevirt.obj
 0001:00040e20       __CRT_INIT@12              10041e20 f   LIBCMTD:dllcrt0.obj
 0001:00041050       __DllMainCRTStartup@12     10042050 f   LIBCMTD:dllcrt0.obj
 0001:00041240       ___DllXcptFilter           10042240 f   LIBCMTD:dllcrt0.obj
 0001:00041270       _acos                      10042270 f   LIBCMTD:acos.obj
 0001:000412b0       __CIacos                   100422b0 f   LIBCMTD:acos.obj
 0001:000412eb       __CIacos_default           100422eb f   LIBCMTD:acos.obj
 0001:000412ff       __acos_default             100422ff     LIBCMTD:acos.obj
 0001:000413c0       ___copy_path_to_wide_string 100423c0 f   LIBCMTD:crt0dat.obj
 0001:000415b0       ___crtCorExitProcess       100425b0 f   LIBCMTD:crt0dat.obj
 0001:000415f0       ___crtExitProcess          100425f0 f   LIBCMTD:crt0dat.obj
 0001:00041610       ___freeCrtMemory           10042610 f   LIBCMTD:crt0dat.obj
 0001:000417e0       __amsg_exit                100427e0 f   LIBCMTD:crt0dat.obj
 0001:00041800       __c_exit                   10042800 f   LIBCMTD:crt0dat.obj
 0001:00041820       __cexit                    10042820 f   LIBCMTD:crt0dat.obj
 0001:00041840       __cinit                    10042840 f   LIBCMTD:crt0dat.obj
 0001:000418e0       __exit                     100428e0 f   LIBCMTD:crt0dat.obj
 0001:00041900       __get_pgmptr               10042900 f   LIBCMTD:crt0dat.obj
 0001:00041a20       __get_wpgmptr              10042a20 f   LIBCMTD:crt0dat.obj
 0001:00041b40       __init_pointers            10042b40 f   LIBCMTD:crt0dat.obj
 0001:00041bd0       __initterm_e               10042bd0 f   LIBCMTD:crt0dat.obj
 0001:00041c10       __lockexit                 10042c10 f   LIBCMTD:crt0dat.obj
 0001:00041c20       __unlockexit               10042c20 f   LIBCMTD:crt0dat.obj
 0001:00041e30       _exit                      10042e30 f   LIBCMTD:crt0dat.obj
 0001:00041e50       ___initstdio               10042e50 f   LIBCMTD:_file.obj
 0001:00041f20       ___endstdio                10042f20 f   LIBCMTD:_file.obj
 0001:00041f60       ___iob_func                10042f60 f   LIBCMTD:_file.obj
 0001:00041f70       __lock_file                10042f70 f   LIBCMTD:_file.obj
 0001:00041fd0       __lock_file2               10042fd0 f   LIBCMTD:_file.obj
 0001:00042010       __unlock_file              10043010 f   LIBCMTD:_file.obj
 0001:00042070       __unlock_file2             10043070 f   LIBCMTD:_file.obj
 0001:000420b0       __vscprintf                100430b0 f   LIBCMTD:vsprintf.obj
 0001:000420d0       __vscprintf_helper         100430d0 f   LIBCMTD:vsprintf.obj
 0001:000421c0       __vscprintf_l              100431c0 f   LIBCMTD:vsprintf.obj
 0001:000421e0       __vscprintf_p              100431e0 f   LIBCMTD:vsprintf.obj
 0001:00042200       __vscprintf_p_l            10043200 f   LIBCMTD:vsprintf.obj
 0001:00042220       __vsprintf_l               10043220 f   LIBCMTD:vsprintf.obj
 0001:000423e0       _vsprintf                  100433e0 f   LIBCMTD:vsprintf.obj
 0001:00042400       __trandisp1                10043400 f   LIBCMTD:87disp.obj
 0001:00042467       __trandisp2                10043467 f   LIBCMTD:87disp.obj
 0001:000424f3       __rttospopde               100434f3     LIBCMTD:87disp.obj
 0001:000424f8       __rttospop                 100434f8     LIBCMTD:87disp.obj
 0001:000424fa       __rtnospop                 100434fa     LIBCMTD:87disp.obj
 0001:000424fc       __rttosnpop                100434fc     LIBCMTD:87disp.obj
 0001:000424fd       __rtnospopde               100434fd     LIBCMTD:87disp.obj
 0001:00042504       __rtzeropop                10043504     LIBCMTD:87disp.obj
 0001:00042506       __rtzeronpop               10043506     LIBCMTD:87disp.obj
 0001:0004250b       __rtonepop                 1004350b     LIBCMTD:87disp.obj
 0001:0004250d       __rtonenpop                1004350d     LIBCMTD:87disp.obj
 0001:00042512       __tosnan1                  10043512     LIBCMTD:87disp.obj
 0001:0004253d       __nosnan2                  1004353d     LIBCMTD:87disp.obj
 0001:0004253f       __tosnan2                  1004353f     LIBCMTD:87disp.obj
 0001:00042567       __nan2                     10043567     LIBCMTD:87disp.obj
 0001:000425a6       __rtindfpop                100435a6     LIBCMTD:87disp.obj
 0001:000425a8       __rtindfnpop               100435a8     LIBCMTD:87disp.obj
 0001:000425b9       __rttosnpopde              100435b9     LIBCMTD:87disp.obj
 0001:000425c3       __rtchsifneg               100435c3     LIBCMTD:87disp.obj
 0001:000425d0       __startTwoArgErrorHandling 100435d0 f   LIBCMTD:genexcep.obj
 0001:000425e7       __startOneArgErrorHandling 100435e7 f   LIBCMTD:genexcep.obj
 0001:00042630       __twoToTOS                 10043630 f   LIBCMTD:common.obj
 0001:00042645       __load_CW                  10043645 f   LIBCMTD:common.obj
 0001:0004265c       __convertTOStoQNaN         1004365c f   LIBCMTD:common.obj
 0001:00042675       __fload_withFB             10043675 f   LIBCMTD:common.obj
 0001:000426b8       __checkTOS_withFB          100436b8 f   LIBCMTD:common.obj
 0001:000426ce       __fast_exit                100436ce f   LIBCMTD:common.obj
 0001:000426db       __math_exit                100436db f   LIBCMTD:common.obj
 0001:00042705       __check_overflow_exit      10043705 f   LIBCMTD:common.obj
 0001:00042719       __check_range_exit         10043719 f   LIBCMTD:common.obj
 0001:00042910       ?_RTC_AllocaFailure@@YAXPAXPAU_RTC_ALLOCA_NODE@@H@Z 10043910 f   LIBCMTD:error.obj
 0001:00042a80       ?_RTC_Failure@@YAXPAXH@Z   10043a80 f   LIBCMTD:error.obj
 0001:00042ad0       ?_RTC_StackFailure@@YAXPAXPBD@Z 10043ad0 f   LIBCMTD:error.obj
 0001:00042e30       __RTC_UninitUse            10043e30 f   LIBCMTD:error.obj
 0001:00042f30       ?_RTC_GetErrorFunc@@YAP6AHHPBDH00ZZPBX@Z 10043f30 f   LIBCMTD:userapi.obj
 0001:00042f40       ?_RTC_GetErrorFuncW@@YAP6AHHPB_WH00ZZPBX@Z 10043f40 f   LIBCMTD:userapi.obj
 0001:00042f50       __RTC_GetErrDesc           10043f50 f   LIBCMTD:userapi.obj
 0001:00042f70       __RTC_NumErrors            10043f70 f   LIBCMTD:userapi.obj
 0001:00042f80       __RTC_SetErrorFunc         10043f80 f   LIBCMTD:userapi.obj
 0001:00042fa0       __RTC_SetErrorFuncW        10043fa0 f   LIBCMTD:userapi.obj
 0001:00042fc0       __RTC_SetErrorType         10043fc0 f   LIBCMTD:userapi.obj
 0001:00042ff0       __CRT_RTC_INIT             10043ff0 f   LIBCMTD:chkesp.obj
 0001:00043000       __CRT_RTC_INITW            10044000 f   LIBCMTD:chkesp.obj
 0001:00043010       __chkesp                   10044010 f   LIBCMTD:chkesp.obj
 0001:00043050       ?_Name_base@type_info@@CAPBDPBV1@PAU__type_info_node@@@Z 10044050 f   LIBCMTD:typname.obj
 0001:00043200       ?_Name_base_internal@type_info@@CAPBDPBV1@PAU__type_info_node@@@Z 10044200 f   LIBCMTD:typname.obj
 0001:000433c0       ?_Type_info_dtor@type_info@@CAXPAV1@@Z 100443c0 f   LIBCMTD:typname.obj
 0001:000434d0       ?_Type_info_dtor_internal@type_info@@CAXPAV1@@Z 100444d0 f   LIBCMTD:typname.obj
 0001:000435e0       ___clean_type_info_names_internal 100445e0 f   LIBCMTD:typname.obj
 0001:00043690       ___unDNameHelper           10044690 f   LIBCMTD:typname.obj
 0001:000436d0       __invoke_watson_if_error   100446d0 f i LIBCMTD:typname.obj
 0001:00043700       ??0_LocaleUpdate@@QAE@PAUlocaleinfo_struct@@@Z 10044700 f i LIBCMTD:cvt.obj
 0001:000437e0       ??1_LocaleUpdate@@QAE@XZ   100447e0 f i LIBCMTD:cvt.obj
 0001:00043810       ?GetLocaleT@_LocaleUpdate@@QAEPAUlocaleinfo_struct@@XZ 10044810 f i LIBCMTD:cvt.obj
 0001:00043820       __cfltcvt                  10044820 f   LIBCMTD:cvt.obj
 0001:00043850       __cfltcvt_l                10044850 f   LIBCMTD:cvt.obj
 0001:00043910       __cftoa                    10044910 f   LIBCMTD:cvt.obj
 0001:00043940       __cftoa_l                  10044940 f   LIBCMTD:cvt.obj
 0001:000441b0       __cftoe                    100451b0 f   LIBCMTD:cvt.obj
 0001:000445f0       __cftoe_l                  100455f0 f   LIBCMTD:cvt.obj
 0001:00044820       __cftof                    10045820 f   LIBCMTD:cvt.obj
 0001:00044ad0       __cftof_l                  10045ad0 f   LIBCMTD:cvt.obj
 0001:00044cd0       __cftog                    10045cd0 f   LIBCMTD:cvt.obj
 0001:00044d00       __cftog_l                  10045d00 f   LIBCMTD:cvt.obj
 0001:00044f90       __cropzeros                10045f90 f   LIBCMTD:cvt.obj
 0001:00044fb0       __cropzeros_l              10045fb0 f   LIBCMTD:cvt.obj
 0001:000450d0       __fassign                  100460d0 f   LIBCMTD:cvt.obj
 0001:000450f0       __fassign_l                100460f0 f   LIBCMTD:cvt.obj
 0001:00045140       __forcdecpt                10046140 f   LIBCMTD:cvt.obj
 0001:00045160       __forcdecpt_l              10046160 f   LIBCMTD:cvt.obj
 0001:00045230       __positive                 10046230 f   LIBCMTD:cvt.obj
 0001:00045290       __setdefaultprecision      10046290 f   LIBCMTD:fp8.obj
 0001:000452d0       __initp_misc_cfltcvt_tab   100462d0 f   LIBCMTD:cmiscdat.obj
 0001:00045310       _malloc                    10046310 f   LIBCMTD:dbgmalloc.obj
 0001:00045340       ??0__non_rtti_object@std@@QAE@ABV01@@Z 10046340 f   LIBCMTD:stdexcpt.obj
 0001:00045370       ??0__non_rtti_object@std@@QAE@PBD@Z 10046370 f   LIBCMTD:stdexcpt.obj
 0001:000453a0       ??0bad_cast@std@@QAE@ABV01@@Z 100463a0 f   LIBCMTD:stdexcpt.obj
 0001:000453d0       ??0bad_cast@std@@QAE@PBD@Z 100463d0 f   LIBCMTD:stdexcpt.obj
 0001:00045400       ??0bad_typeid@std@@QAE@ABV01@@Z 10046400 f   LIBCMTD:stdexcpt.obj
 0001:00045430       ??0bad_typeid@std@@QAE@PBD@Z 10046430 f   LIBCMTD:stdexcpt.obj
 0001:00045460       ??0exception@std@@QAE@ABQBD@Z 10046460 f   LIBCMTD:stdexcpt.obj
 0001:000454a0       ??0exception@std@@QAE@ABQBDH@Z 100464a0 f   LIBCMTD:stdexcpt.obj
 0001:000454d0       ??0exception@std@@QAE@ABV01@@Z 100464d0 f   LIBCMTD:stdexcpt.obj
 0001:00045510       ??0exception@std@@QAE@XZ   10046510 f   LIBCMTD:stdexcpt.obj
 0001:00045540       ??1__non_rtti_object@std@@UAE@XZ 10046540 f   LIBCMTD:stdexcpt.obj
 0001:00045560       ??1bad_cast@std@@UAE@XZ    10046560 f   LIBCMTD:stdexcpt.obj
 0001:00045580       ??1bad_typeid@std@@UAE@XZ  10046580 f   LIBCMTD:stdexcpt.obj
 0001:000455a0       ??1exception@std@@UAE@XZ   100465a0 f   LIBCMTD:stdexcpt.obj
 0001:000455c0       ??4exception@std@@QAEAAV01@ABV01@@Z 100465c0 f   LIBCMTD:stdexcpt.obj
 0001:00045610       ??_E__non_rtti_object@std@@UAEPAXI@Z 10046610 f i LIBCMTD:stdexcpt.obj
 0001:00045610       ??_G__non_rtti_object@std@@UAEPAXI@Z 10046610 f i LIBCMTD:stdexcpt.obj
 0001:00045640       ??_Gbad_cast@std@@UAEPAXI@Z 10046640 f i LIBCMTD:stdexcpt.obj
 0001:00045640       ??_Ebad_cast@std@@UAEPAXI@Z 10046640 f i LIBCMTD:stdexcpt.obj
 0001:00045670       ??_Ebad_typeid@std@@UAEPAXI@Z 10046670 f i LIBCMTD:stdexcpt.obj
 0001:00045670       ??_Gbad_typeid@std@@UAEPAXI@Z 10046670 f i LIBCMTD:stdexcpt.obj
 0001:000456a0       ??_Eexception@std@@UAEPAXI@Z 100466a0 f i LIBCMTD:stdexcpt.obj
 0001:000456a0       ??_Gexception@std@@UAEPAXI@Z 100466a0 f i LIBCMTD:stdexcpt.obj
 0001:000456d0       ?_Copy_str@exception@std@@AAEXPBD@Z 100466d0 f   LIBCMTD:stdexcpt.obj
 0001:00045730       ?_Tidy@exception@std@@AAEXXZ 10046730 f   LIBCMTD:stdexcpt.obj
 0001:00045770       ?what@exception@std@@UBEPBDXZ 10046770 f   LIBCMTD:stdexcpt.obj
 0001:000457a0       ?_query_new_handler@@YAP6AHI@ZXZ 100467a0 f   LIBCMTD:handler.obj
 0001:000457c0       ?_set_new_handler@@YAP6AHI@ZH@Z 100467c0 f   LIBCMTD:handler.obj
 0001:00045800       ?_set_new_handler@@YAP6AHI@ZP6AHI@Z@Z 10046800 f   LIBCMTD:handler.obj
 0001:00045840       __callnewh                 10046840 f   LIBCMTD:handler.obj
 0001:00045880       __initp_heap_handler       10046880 f   LIBCMTD:handler.obj
 0001:00045890       __CxxThrowException@8      10046890 f   LIBCMTD:throw.obj
 0001:00045920       __lock                     10046920 f   LIBCMTD:mlock.obj
 0001:00045960       __lockerr_exit             10046960 f   LIBCMTD:mlock.obj
 0001:00045990       __mtdeletelocks            10046990 f   LIBCMTD:mlock.obj
 0001:00045a50       __mtinitlocknum            10046a50 f   LIBCMTD:mlock.obj
 0001:00045b70       __mtinitlocks              10046b70 f   LIBCMTD:mlock.obj
 0001:00045bf0       __unlock                   10046bf0 f   LIBCMTD:mlock.obj
 0001:00045c10       ?_CrtDbgReportW@@YAHHPBGH00ZZ 10046c10 f   LIBCMTD:dbgrptw.obj
 0001:00045c60       __CrtDbgReportW            10046c60 f   LIBCMTD:dbgrptw.obj
 0001:00045cb0       __CrtDbgReportWV           10046cb0 f i LIBCMTD:dbgrptw.obj
 0001:00045ce0       __CrtSetReportHookW2       10046ce0 f   LIBCMTD:dbgrptw.obj
 0001:00046030       ___crtMessageWindowW       10047030 f   LIBCMTD:dbgrptw.obj
 0001:000464e0       __invoke_watson_if_oneof   100474e0 f i LIBCMTD:dbgrptw.obj
 0001:000469b0       __CrtCheckMemory           100479b0 f   LIBCMTD:dbgheap.obj
 0001:00046e10       __CrtDoForAllClientObjects 10047e10 f   LIBCMTD:dbgheap.obj
 0001:00046f40       __CrtDumpMemoryLeaks       10047f40 f   LIBCMTD:dbgheap.obj
 0001:00046fe0       __CrtGetAllocHook          10047fe0 f   LIBCMTD:dbgheap.obj
 0001:00046ff0       __CrtGetCheckCount         10047ff0 f   LIBCMTD:dbgheap.obj
 0001:00047000       __CrtGetDumpClient         10048000 f   LIBCMTD:dbgheap.obj
 0001:00047010       __CrtIsMemoryBlock         10048010 f   LIBCMTD:dbgheap.obj
 0001:00047180       __CrtIsValidHeapPointer    10048180 f   LIBCMTD:dbgheap.obj
 0001:000471c0       __CrtIsValidPointer        100481c0 f   LIBCMTD:dbgheap.obj
 0001:000471f0       __CrtMemCheckpoint         100481f0 f   LIBCMTD:dbgheap.obj
 0001:00047420       __CrtMemDifference         10048420 f   LIBCMTD:dbgheap.obj
 0001:00047680       __CrtMemDumpAllObjectsSince 10048680 f   LIBCMTD:dbgheap.obj
 0001:000476c0       __CrtMemDumpStatistics     100486c0 f   LIBCMTD:dbgheap.obj
 0001:000477e0       __CrtReportBlockType       100487e0 f   LIBCMTD:dbgheap.obj
 0001:00047810       __CrtSetAllocHook          10048810 f   LIBCMTD:dbgheap.obj
 0001:00047830       __CrtSetBreakAlloc         10048830 f   LIBCMTD:dbgheap.obj
 0001:00047850       __CrtSetCheckCount         10048850 f   LIBCMTD:dbgheap.obj
 0001:00047870       __CrtSetDbgBlockType       10048870 f   LIBCMTD:dbgheap.obj
 0001:00047960       __CrtSetDbgFlag            10048960 f   LIBCMTD:dbgheap.obj
 0001:00047ab0       __CrtSetDebugFillThreshold 10048ab0 f   LIBCMTD:dbgheap.obj
 0001:00047ad0       __CrtSetDumpClient         10048ad0 f   LIBCMTD:dbgheap.obj
 0001:00047af0       __aligned_free             10048af0 f   LIBCMTD:dbgheap.obj
 0001:00047b10       __aligned_free_dbg         10048b10 f   LIBCMTD:dbgheap.obj
 0001:00047bc0       __aligned_malloc           10048bc0 f   LIBCMTD:dbgheap.obj
[...]
 0003:00000860       ___nullstring              100d1860     LIBCMTD:output.obj
 0003:00000864       ___wnullstring             100d1864     LIBCMTD:output.obj
 0003:00000868       ___badioinfo               100d1868     LIBCMTD:ioinit.obj
 0003:000008a8       __lookuptrailbytes         100d18a8     LIBCMTD:read.obj
 0003:00000a90       __d_inf                    100d1a90     LIBCMTD:util.obj
 0003:00000a98       __d_ind                    100d1a98     LIBCMTD:util.obj
 0003:00000aa0       __d_max                    100d1aa0     LIBCMTD:util.obj
 0003:00000aa8       __d_min                    100d1aa8     LIBCMTD:util.obj
 0003:00000ab0       __d_mzero                  100d1ab0     LIBCMTD:util.obj
 0003:00000ad4       ___flsindex                100d1ad4     LIBCMTD:tidtable.obj
 0003:00000ae0       ??_R0?AVbad_exception@std@@@8 100d1ae0     LIBCMTD:frame.obj
 0003:00000b10       ___abort_behavior          100d1b10     LIBCMTD:abort.obj
 0003:00000b24       ___ptmbcinfo               100d1b24     LIBCMTD:mbctype.obj
 0003:00000c18       __mbctype                  100d1c18     LIBCMTD:mbctype.obj
 0003:00000d20       __mbcasemap                100d1d20     LIBCMTD:mbctype.obj
 0003:00000e20       ___initialmbcinfo          100d1e20     LIBCMTD:mbctype.obj
 0003:00001044       ??_R0?AVDNameNode@@@8      100d2044     LIBCMTD:undname.obj
 0003:0000105c       ??_R0?AVcharNode@@@8       100d205c     LIBCMTD:undname.obj
 0003:00001074       ??_R0?AVpcharNode@@@8      100d2074     LIBCMTD:undname.obj
 0003:0000108c       ??_R0?AVpDNameNode@@@8     100d208c     LIBCMTD:undname.obj
 0003:000010a8       ??_R0?AVDNameStatusNode@@@8 100d20a8     LIBCMTD:undname.obj
 0003:000010c8       ??_R0?AVpairNode@@@8       100d20c8     LIBCMTD:undname.obj
 0003:000010e0       ___wclocalestr             100d20e0     LIBCMTD:nlsdata.obj
 0003:000010e8       ___lc_time_c               100d20e8     LIBCMTD:nlsdata.obj
 0003:0000124c       ___ptlocinfo               100d224c     LIBCMTD:nlsdata.obj
 0003:00001250       ___initiallocinfo          100d2250     LIBCMTD:nlsdata.obj
 0003:00001308       ___initiallocalestructinfo 100d2308     LIBCMTD:nlsdata.obj
 0003:00001310       ___mb_cur_max              100d2310     LIBCMTD:nlsdata.obj
 0003:00001314       ___globallocalestatus      100d2314     LIBCMTD:glstatus.obj
 0003:00001318       __CrtDbgMode               100d2318     LIBCMTD:dbgrptt.obj
 0003:00001324       __CrtDbgFile               100d2324     LIBCMTD:dbgrptt.obj
 0003:00001330       __crtAssertBusy            100d2330     LIBCMTD:dbgrptt.obj
 0003:00001340       __pfnAllocHook             100d2340     LIBCMTD:dbghook.obj
 0003:00001344       __matherr_flag             100d2344     LIBCMTD:matherr.obj
 0003:00001350       __NLG_Destination          100d2350     LIBCMTD:exsup.obj
 0003:00001360       ___lconv                   100d2360     LIBCMTD:lconv.obj
 0003:00001364       ___lconv_static_decimal    100d2364     LIBCMTD:lconv.obj
 0003:00001368       ___lconv_c                 100d2368     LIBCMTD:lconv.obj
 0003:000013b8       ___lconv_static_W_decimal  100d23b8     LIBCMTD:lconv.obj
 0003:000013f0       __pctype                   100d23f0     LIBCMTD:ctype.obj
 0003:000013f4       __pwctype                  100d23f4     LIBCMTD:ctype.obj
 0003:00001400       __confh                    100d2400     LIBCMTD:initcon.obj
 0003:00001408       __pow10pos                 100d2408     LIBCMTD:constpow.obj
 0003:00001568       __pow10neg                 100d2568     LIBCMTD:constpow.obj
 0003:00001c40       ?BasicLengthMargin@@3NA    100d2c40     unitdriver.obj
 0003:00001c48       ?DistLong@@3PAMA           100d2c48     unitdriver.obj
 0003:00001d10       ?FlyLevel@TDriver@@2MA     100d2d10     unitdriver.obj
 0003:00001d14       ?FlySection@TDriver@@2MA   100d2d14     unitdriver.obj
 0003:00001d18       ?RLFactor@TDriver@@2MA     100d2d18     unitdriver.obj
 0003:00001d1c       ?MaxCrvAngle@TDriver@@2MA  100d2d1c     unitdriver.obj
 0003:00001d20       ?Apex@TDriver@@2NA         100d2d20     unitdriver.obj
 0003:00001d28       ?LengthMargin@TDriver@@2NA 100d2d28     unitdriver.obj
 0003:00001d30       ?Qualifying@TDriver@@2_NA  100d2d30     unitdriver.obj
 0003:00001d31       ?AdvancedParameters@TDriver@@2_NA 100d2d31     unitdriver.obj
 0003:00003538       ___fastflag                100d4538     LIBCMTD:fpinit.obj
 0003:00003548       __aenvptr                  100d4548     LIBCMTD:dllcrt0.obj
 0003:0000354c       __wenvptr                  100d454c     LIBCMTD:dllcrt0.obj
 0003:00003554       __umaskval                 100d4554     LIBCMTD:crt0dat.obj
 0003:00003558       __exitflag                 100d4558     LIBCMTD:crt0dat.obj
 0003:0000355c       __C_Termination_Done       100d455c     LIBCMTD:crt0dat.obj
 0003:00003560       ___winitenv                100d4560     LIBCMTD:crt0dat.obj
 0003:00003564       ___initenv                 100d4564     LIBCMTD:crt0dat.obj
 0003:00003568       __C_Exit_Done              100d4568     LIBCMTD:crt0dat.obj
 0003:00003570       ___argc                    100d4570     LIBCMTD:crt0dat.obj
 0003:00003574       ___argv                    100d4574     LIBCMTD:crt0dat.obj
 0003:00003578       ___wargv                   100d4578     LIBCMTD:crt0dat.obj
 0003:0000357c       __environ                  100d457c     LIBCMTD:crt0dat.obj
 0003:00003580       __wenviron                 100d4580     LIBCMTD:crt0dat.obj
 0003:00003584       __pgmptr                   100d4584     LIBCMTD:crt0dat.obj
 0003:00003588       __wpgmptr                  100d4588     LIBCMTD:crt0dat.obj
 0003:0000358c       __cflush                   100d458c     LIBCMTD:_file.obj
 0003:00003590       ?wsprintffp@@3P6AHPADPBDZZA 100d4590     LIBCMTD:error.obj
 0003:000035a4       ?_pnhHeap@@3P6AHI@ZA       100d45a4     LIBCMTD:handler.obj
 0003:00003710       ___crtDebugCheckCount      100d4710     LIBCMTD:dbgheap.obj
 0003:00003718       ?_pfnDumpClient@@3P6AXPAXI@ZA 100d4718     LIBCMTD:dbgheap.obj
 0003:00003738       ___isa_available           100d4738     LIBCMTD:cpu_disp.obj
 0003:0000373c       ___favor                   100d473c     LIBCMTD:cpu_disp.obj
 0003:00003740       ___pInvalidArgHandler      100d4740     LIBCMTD:invarg.obj
 0003:00003744       __stdbuf                   100d4744     LIBCMTD:_sftbuf.obj
 0003:00003750       ___pioinfo                 100d4750     LIBCMTD:ioinit.obj
 0003:00003b70       ?__pInconsistency@@3P6AXXZA 100d4b70     LIBCMTD:hooks.obj
 0003:00003b78       ___app_type                100d4b78     LIBCMTD:crt0msg.obj
 0003:000041a8       ___pPurecall               100d51a8     LIBCMTD:inithelp.obj
 0003:000041ac       __crtheap                  100d51ac     LIBCMTD:heapinit.obj
 0003:000042d0       ___mblocalename            100d52d0     LIBCMTD:mbctype.obj
 0003:000042d4       ___mbcodepage              100d52d4     LIBCMTD:mbctype.obj
 0003:000042d8       ___ismbcodepage            100d52d8     LIBCMTD:mbctype.obj
 0003:000042dc       ___mbulinfo                100d52dc     LIBCMTD:mbctype.obj
 0003:000042f4       ?pArgList@UnDecorator@@0PAVReplicator@@A 100d52f4     LIBCMTD:undname.obj
 0003:000042f8       ?pZNameList@UnDecorator@@0PAVReplicator@@A 100d52f8     LIBCMTD:undname.obj
 0003:000042fc       ?pTemplateArgList@UnDecorator@@0PAVReplicator@@A 100d52fc     LIBCMTD:undname.obj
 0003:00004300       ?gName@UnDecorator@@0PBDB  100d5300     LIBCMTD:undname.obj
 0003:00004304       ?name@UnDecorator@@0PBDB   100d5304     LIBCMTD:undname.obj
 0003:00004308       ?outputString@UnDecorator@@0PADA 100d5308     LIBCMTD:undname.obj
 0003:0000430c       ?maxStringLength@UnDecorator@@0HA 100d530c     LIBCMTD:undname.obj
 0003:00004310       ?disableFlags@UnDecorator@@0KA 100d5310     LIBCMTD:undname.obj
 0003:00004314       ?fExplicitTemplateParams@UnDecorator@@0_NA 100d5314     LIBCMTD:undname.obj
 0003:00004315       ?fGetTemplateArgumentList@UnDecorator@@0_NA 100d5315     LIBCMTD:undname.obj
 0003:00004318       ?m_pGetParameter@UnDecorator@@0P6APADJ@ZA 100d5318     LIBCMTD:undname.obj
 0003:00004380       ?nodes@?1??make@DNameStatusNode@@SAPAV2@W4DNameStatus@@@Z@4PAV2@A 100d5380     LIBCMTD:undname.obj
 0003:000043b0       ??_B?1??make@DNameStatusNode@@SAPAV1@W4DNameStatus@@@Z@51 100d53b0     LIBCMTD:undname.obj
 0003:000043b4       __outputformat             100d53b4     LIBCMTD:outputformat.obj
 0003:000043b8       __newmode                  100d53b8     LIBCMTD:_newmode.obj
 0003:000043d0       __commode                  100d53d0     LIBCMTD:ncommode.obj
 0003:000043d4       ___error_mode              100d53d4     LIBCMTD:errmode.obj
 0003:000043dc       ___lconv_static_null       100d53dc     LIBCMTD:lconv.obj
 0003:000043e0       ___lconv_static_W_null     100d53e0     LIBCMTD:lconv.obj
 0003:000043e4       ___locale_changed          100d53e4     LIBCMTD:wsetloca.obj
 0003:000043e8       __fmode                    100d53e8     LIBCMTD:txtmode.obj
 0003:000043ec       ___unguarded_readlc_active 100d53ec     <common>
 0003:000043fc       ___setlc_active            100d53fc     <common>
 0003:00004400       __debugger_hook_dummy      100d5400     <common>
 0003:0000440c       __pReportHookListW         100d540c     <common>
 0003:0000441c       __pReportHookList          100d541c     <common>
 0003:00004420       __pfnReportHook            100d5420     <common>
 0003:00004440       _encodedKERNEL32Functions  100d5440     <common>
 0003:000044d4       __nhandle                  100d54d4     <common>
 0003:000044e0       ___use_sse2_mathfcns       100d54e0     <common>
 0003:000044ec       __pmatherr                 100d54ec     <common>
 0003:000044f8       ___piob                    100d54f8     <common>
 0003:00004838       __nstream                  100d5838     <common>
 0003:00004840       __bufin                    100d5840     <common>
 0003:00005840       ___dyn_tls_init_callback   100d6840     <common>
 0003:00005850       ___onexitend               100d6850     <common>
 0003:00005854       ___onexitbegin             100d6854     <common>
 0003:00005858       ___mbctype_initialized     100d6858     <common>
 0003:0000585c       ___env_initialized         100d685c     <common>
 0003:00005860       __acmdln                   100d6860     <common>
 0004:00000000       __IMPORT_DESCRIPTOR_tgf    100d7000     tgf:tgf.dll
 0004:00000014       __IMPORT_DESCRIPTOR_robottools 100d7014     robottools:robottools.dll
 0004:00000028       __IMPORT_DESCRIPTOR_KERNEL32 100d7028     kernel32:KERNEL32.dll
 0004:0000003c       __NULL_IMPORT_DESCRIPTOR   100d703c     tgf:tgf.dll
 0004:000002cc       __imp__ReadFile@20         100d72cc     kernel32:KERNEL32.dll
 0004:000002d0       __imp__CreateFileW@28      100d72d0     kernel32:KERNEL32.dll
 0004:000002d4       __imp__GetStringTypeW@16   100d72d4     kernel32:KERNEL32.dll
 0004:000002d8       __imp__EnumSystemLocalesW@8 100d72d8     kernel32:KERNEL32.dll
 0004:000002dc       __imp__GetUserDefaultLCID@0 100d72dc     kernel32:KERNEL32.dll
 0004:000002e0       __imp__IsValidLocale@8     100d72e0     kernel32:KERNEL32.dll
 0004:000002e4       __imp__GetLocaleInfoW@16   100d72e4     kernel32:KERNEL32.dll
 0004:000002e8       __imp__LCMapStringW@24     100d72e8     kernel32:KERNEL32.dll
 0004:000002ec       __imp__CompareStringW@24   100d72ec     kernel32:KERNEL32.dll
 0004:000002f0       __imp__GetTimeFormatW@24   100d72f0     kernel32:KERNEL32.dll
 0004:000002f4       __imp__GetDateFormatW@24   100d72f4     kernel32:KERNEL32.dll
 0004:000002f8       __imp__SetFilePointerEx@20 100d72f8     kernel32:KERNEL32.dll
 0004:000002fc       __imp__FlushFileBuffers@4  100d72fc     kernel32:KERNEL32.dll
 0004:00000300       __imp__SetStdHandle@8      100d7300     kernel32:KERNEL32.dll
 0004:00000304       __imp__HeapQueryInformation@20 100d7304     kernel32:KERNEL32.dll
 0004:00000308       __imp__HeapSize@12         100d7308     kernel32:KERNEL32.dll
 0004:0000030c       __imp__HeapReAlloc@16      100d730c     kernel32:KERNEL32.dll
 0004:00000310       __imp__WriteConsoleW@20    100d7310     kernel32:KERNEL32.dll
 0004:00000314       __imp__OutputDebugStringA@4 100d7314     kernel32:KERNEL32.dll
 0004:00000318       __imp__QueryPerformanceCounter@4 100d7318     kernel32:KERNEL32.dll
 0004:0000031c       __imp__QueryPerformanceFrequency@4 100d731c     kernel32:KERNEL32.dll
 0004:00000320       __imp__RtlUnwind@16        100d7320     kernel32:KERNEL32.dll
 0004:00000324       __imp__EncodePointer@4     100d7324     kernel32:KERNEL32.dll
 0004:00000328       __imp__DecodePointer@4     100d7328     kernel32:KERNEL32.dll
 0004:0000032c       __imp__GetSystemTimeAsFileTime@4 100d732c     kernel32:KERNEL32.dll
 0004:00000330       __imp__GetCommandLineA@0   100d7330     kernel32:KERNEL32.dll
 0004:00000334       __imp__GetCurrentThreadId@0 100d7334     kernel32:KERNEL32.dll
 0004:00000338       __imp__GetLastError@0      100d7338     kernel32:KERNEL32.dll
 0004:0000033c       __imp__InterlockedDecrement@4 100d733c     kernel32:KERNEL32.dll
 0004:00000340       __imp__ExitProcess@4       100d7340     kernel32:KERNEL32.dll
 0004:00000344       __imp__GetModuleHandleExW@12 100d7344     kernel32:KERNEL32.dll
 0004:00000348       __imp__GetProcAddress@8    100d7348     kernel32:KERNEL32.dll
 0004:0000034c       __imp__AreFileApisANSI@0   100d734c     kernel32:KERNEL32.dll
 0004:00000350       __imp__MultiByteToWideChar@24 100d7350     kernel32:KERNEL32.dll
 0004:00000354       __imp__EnterCriticalSection@4 100d7354     kernel32:KERNEL32.dll
 0004:00000358       __imp__LeaveCriticalSection@4 100d7358     kernel32:KERNEL32.dll
 0004:0000035c       __imp__IsDebuggerPresent@0 100d735c     kernel32:KERNEL32.dll
 0004:00000360       __imp__RaiseException@16   100d7360     kernel32:KERNEL32.dll
 0004:00000364       __imp__LoadLibraryExW@12   100d7364     kernel32:KERNEL32.dll
 0004:00000368       __imp__lstrlenA@4          100d7368     kernel32:KERNEL32.dll
 0004:0000036c       __imp__LoadLibraryW@4      100d736c     kernel32:KERNEL32.dll
 0004:00000370       __imp__WideCharToMultiByte@32 100d7370     kernel32:KERNEL32.dll
 0004:00000374       __imp__InitializeCriticalSectionAndSpinCount@8 100d7374     kernel32:KERNEL32.dll
 0004:00000378       __imp__DeleteCriticalSection@4 100d7378     kernel32:KERNEL32.dll
 0004:0000037c       __imp__FatalAppExitA@8     100d737c     kernel32:KERNEL32.dll
 0004:00000380       __imp__GetModuleFileNameW@12 100d7380     kernel32:KERNEL32.dll
 0004:00000384       __imp__HeapValidate@12     100d7384     kernel32:KERNEL32.dll
 0004:00000388       __imp__GetSystemInfo@4     100d7388     kernel32:KERNEL32.dll
 0004:0000038c       __imp__IsProcessorFeaturePresent@4 100d738c     kernel32:KERNEL32.dll
 0004:00000390       __imp__CloseHandle@4       100d7390     kernel32:KERNEL32.dll
 0004:00000394       __imp__GetStdHandle@4      100d7394     kernel32:KERNEL32.dll
 0004:00000398       __imp__GetFileType@4       100d7398     kernel32:KERNEL32.dll
 0004:0000039c       __imp__GetStartupInfoW@4   100d739c     kernel32:KERNEL32.dll
 0004:000003a0       __imp__SetEndOfFile@4      100d73a0     kernel32:KERNEL32.dll
 0004:000003a4       __imp__GetConsoleMode@8    100d73a4     kernel32:KERNEL32.dll
 0004:000003a8       __imp__ReadConsoleW@20     100d73a8     kernel32:KERNEL32.dll
 0004:000003ac       __imp__WriteFile@20        100d73ac     kernel32:KERNEL32.dll
 0004:000003b0       __imp__GetConsoleCP@0      100d73b0     kernel32:KERNEL32.dll
 0004:000003b4       __imp__SetLastError@4      100d73b4     kernel32:KERNEL32.dll
 0004:000003b8       __imp__InterlockedIncrement@4 100d73b8     kernel32:KERNEL32.dll
 0004:000003bc       __imp__GetCurrentThread@0  100d73bc     kernel32:KERNEL32.dll
 0004:000003c0       __imp__GetProcessHeap@0    100d73c0     kernel32:KERNEL32.dll
 0004:000003c4       __imp__GetModuleFileNameA@12 100d73c4     kernel32:KERNEL32.dll
 0004:000003c8       __imp__GetCurrentProcessId@0 100d73c8     kernel32:KERNEL32.dll
 0004:000003cc       __imp__GetEnvironmentStringsW@0 100d73cc     kernel32:KERNEL32.dll
 0004:000003d0       __imp__FreeEnvironmentStringsW@4 100d73d0     kernel32:KERNEL32.dll
 0004:000003d4       __imp__UnhandledExceptionFilter@4 100d73d4     kernel32:KERNEL32.dll
 0004:000003d8       __imp__SetUnhandledExceptionFilter@4 100d73d8     kernel32:KERNEL32.dll
 0004:000003dc       __imp__GetCurrentProcess@0 100d73dc     kernel32:KERNEL32.dll
 0004:000003e0       __imp__TerminateProcess@8  100d73e0     kernel32:KERNEL32.dll
 0004:000003e4       __imp__TlsAlloc@0          100d73e4     kernel32:KERNEL32.dll
 0004:000003e8       __imp__TlsGetValue@4       100d73e8     kernel32:KERNEL32.dll
 0004:000003ec       __imp__TlsSetValue@8       100d73ec     kernel32:KERNEL32.dll
 0004:000003f0       __imp__TlsFree@4           100d73f0     kernel32:KERNEL32.dll
 0004:000003f4       __imp__GetModuleHandleW@4  100d73f4     kernel32:KERNEL32.dll
 0004:000003f8       __imp__CreateSemaphoreW@16 100d73f8     kernel32:KERNEL32.dll
 0004:000003fc       __imp__InterlockedExchange@8 100d73fc     kernel32:KERNEL32.dll
 0004:00000400       __imp__FreeLibrary@4       100d7400     kernel32:KERNEL32.dll
 0004:00000404       __imp__SetConsoleCtrlHandler@8 100d7404     kernel32:KERNEL32.dll
 0004:00000408       __imp__IsValidCodePage@4   100d7408     kernel32:KERNEL32.dll
 0004:0000040c       __imp__GetACP@0            100d740c     kernel32:KERNEL32.dll
 0004:00000410       __imp__GetOEMCP@0          100d7410     kernel32:KERNEL32.dll
 0004:00000414       __imp__GetCPInfo@8         100d7414     kernel32:KERNEL32.dll
 0004:00000418       __imp__HeapAlloc@12        100d7418     kernel32:KERNEL32.dll
 0004:0000041c       __imp__HeapFree@12         100d741c     kernel32:KERNEL32.dll
 0004:00000420       __imp__VirtualQuery@12     100d7420     kernel32:KERNEL32.dll
 0004:00000424       __imp__OutputDebugStringW@4 100d7424     kernel32:KERNEL32.dll
 0004:00000428       __imp__WaitForSingleObjectEx@12 100d7428     kernel32:KERNEL32.dll
 0004:0000042c       __imp__CreateThread@24     100d742c     kernel32:KERNEL32.dll
 0004:00000430       \177KERNEL32_NULL_THUNK_DATA 100d7430     kernel32:KERNEL32.dll
 0004:000004a0       __imp_?RtGetDistFromStart2@@YAMPAUtTrkLocPos@@@Z 100d74a0     robottools:robottools.dll
 0004:000004a4       __imp_?RtDistToPit@@YAHPAUCarElt@@PAUtTrack@@PAM2@Z 100d74a4     robottools:robottools.dll
 0004:000004a8       __imp_?RtGetDistFromStart@@YAMPAUCarElt@@@Z 100d74a8     robottools:robottools.dll
 0004:000004ac       __imp_?RtTrackSideTgAngleL@@YAMPAUtTrkLocPos@@@Z 100d74ac     robottools:robottools.dll
 0004:000004b0       __imp_?RtTrackHeightL@@YAMPAUtTrkLocPos@@@Z 100d74b0     robottools:robottools.dll
 0004:000004b4       __imp_?RtTrackGlobal2Local@@YAXPAUtrackSeg@@MMPAUtTrkLocPos@@H@Z 100d74b4     robottools:robottools.dll
 0004:000004b8       \177robottools_NULL_THUNK_DATA 100d74b8     robottools:robottools.dll
 0004:000004e8       __imp_?GfParmSetNum@@YAHPAXPBD11M@Z 100d74e8     tgf:tgf.dll
 0004:000004ec       __imp_?GfCreateDir@@YAHPAD@Z 100d74ec     tgf:tgf.dll
 0004:000004f0       __imp_?GetLocalDir@@YAPADXZ 100d74f0     tgf:tgf.dll
 0004:000004f4       __imp_?GfParmGetEltNb@@YAHPAXPBD@Z 100d74f4     tgf:tgf.dll
 0004:000004f8       __imp_?GfParmGetStr@@YAPBDPAXPBD11@Z 100d74f8     tgf:tgf.dll
 0004:000004fc       __imp_?_tgf_win_strdup@@YAPADPBD@Z 100d74fc     tgf:tgf.dll
 0004:00000500       __imp_?_tgf_win_free@@YAXPAX@Z 100d7500     tgf:tgf.dll
 0004:00000504       __imp_?_tgf_win_malloc@@YAPAXI@Z 100d7504     tgf:tgf.dll
 0004:00000508       __imp_?GfParmMergeHandles@@YAPAXPAX0H@Z 100d7508     tgf:tgf.dll
 0004:0000050c       __imp_?GfParmReadFile@@YAPAXPBDH@Z 100d750c     tgf:tgf.dll
 0004:00000510       __imp_?GfParmGetNum@@YAMPAXPBD11M@Z 100d7510     tgf:tgf.dll
 0004:00000514       \177tgf_NULL_THUNK_DATA    100d7514     tgf:tgf.dll

 entry point at        0001:00041050

